ok: hopper_velocity seed1
ok: hopper_velocity seed3
ok: hopper_velocity seed0
ok: hopper_velocity seed4
ok: walker2d_velocity seed2
ok: walker2d_velocity seed4
ok: walker2d_velocity seed3
ok: ant_velocity seed3
ok: walker2d_velocity seed1
ok: swimmer_velocity seed0
ok: swimmer_velocity seed1
ok: hopper_velocity seed2
ok: swimmer_velocity seed2
ok: swimmer_velocity seed3
ok: ant_velocity seed1
ok: walker2d_velocity seed0
ok: ant_velocity seed2
ok: halfcheetah_velocity seed4
ok: halfcheetah_velocity seed2
ok: halfcheetah_velocity seed0
ok: ant_velocity seed4
ok: halfcheetah_velocity seed1
ok: halfcheetah_velocity seed3
ok: ant_velocity seed0
ok: swimmer_velocity seed4
ok: cargoal1_dsrl seed0
ok: cargoal1_dsrl seed1
ok: pointgoal1_dsrl seed3
ok: pointgoal1_dsrl seed0
ok: pointgoal1_dsrl seed4
ok: pointgoal1_dsrl seed2
ok: pointgoal1_dsrl seed1
ok: cargoal1_dsrl seed2
ok: cargoal1_dsrl seed3
ok: cargoal1_dsrl seed4
ok: pointbutton1 seed1
ok: pointbutton1 seed0
ok: pointgoal2 seed3
ok: pointgoal2 seed2
ok: pointgoal2 seed0
ok: pointbutton1 seed3
ok: pointgoal2 seed4
ok: pointbutton1 seed2
ok: pointgoal2 seed1
ok: cargoal2 seed1
ok: cargoal2 seed3
ok: cargoal2 seed4
ok: cargoal2 seed0
ok: cargoal2 seed2
ok: pointbutton1 seed4
ok: pointcircle1 seed0
ok: pointcircle1 seed1
ok: pointcircle1 seed2
ok: pointcircle1 seed3
ok: pointcircle1 seed4
ok: pointcircle2 seed0
ok: pointcircle2 seed1
ok: pointbutton2 seed0
ok: pointcircle2 seed2
ok: pointbutton2 seed4
ok: pointbutton2 seed1
ok: carbutton1_t3 seed0
ok: carbutton1_t3 seed1
ok: pointcircle2 seed3
ok: carbutton1_t3 seed2
ok: pointbutton2 seed3
ok: pointbutton2 seed2
ok: carbutton1_t3 seed3
ok: pointcircle2 seed4
ok: carbutton1_t3 seed4
ok: carbutton2 seed0
ok: carbutton2 seed1
ok: carbutton2 seed2
ok: carbutton2 seed3
ok: carbutton2 seed4
