AdroitHandRelocateDense-v1, AdroitHandHammerDense-v1, AdroitHandDoorDense-v1 environment's reward functions were updated in v1.2.1 without an environment version update. Therefore, use gymnasium-robotics==1.2.0 for v1 reproducibility or use v2 in gymnasium-robotics>=1.4.3. See https://github.com/Farama-Foundation/Gymnasium-Robotics/pull/220 for more details
AdroitHandRelocateDense-v1, AdroitHandHammerDense-v1, AdroitHandDoorDense-v1 environment's reward functions were updated in v1.2.1 without an environment version update. Therefore, use gymnasium-robotics==1.2.0 for v1 reproducibility or use v2 in gymnasium-robotics>=1.4.3. See https://github.com/Farama-Foundation/Gymnasium-Robotics/pull/220 for more details
Gym has been unmaintained since 2022 and does not support NumPy 2.0 amongst other critical functionality.
Please upgrade to Gymnasium, the maintained drop-in replacement of Gym, or contact the authors of your software and request that they upgrade.
Users of this version of Gym should be able to simply replace 'import gym' with 'import gymnasium as gym' in the vast majority of cases.
See the migration guide at https://gymnasium.farama.org/introduction/migration_guide/ for additional information.
[config] task=hopper_velocity
Loaded policy: ${CSC_WORKSPACE}/datasets/outputs/hopper_velocity/bc_calfilt_csf_seed3_policy.pt
Ep 00: R=411.22  C= 21.00  len=271
Ep 01: R=385.10  C= 11.00  len=260
Ep 02: R=444.72  C= 49.00  len=290
Ep 03: R=397.28  C= 18.00  len=263
Ep 04: R=412.59  C= 30.00  len=272
Ep 05: R=413.21  C= 47.00  len=274
Ep 06: R=393.55  C= 21.00  len=261
Ep 07: R=408.79  C= 57.00  len=270
Ep 08: R=381.30  C= 10.00  len=258
Ep 09: R=418.90  C= 22.00  len=275
Ep 10: R=396.58  C= 19.00  len=262
Ep 11: R=414.08  C= 41.00  len=275
Ep 12: R=385.28  C= 10.00  len=260
Ep 13: R=404.68  C= 52.00  len=268
Ep 14: R=413.45  C= 48.00  len=274
Ep 15: R=407.35  C= 12.00  len=271
Ep 16: R=427.63  C= 23.00  len=280
Ep 17: R=407.26  C= 56.00  len=268
Ep 18: R=398.55  C= 28.00  len=264
Ep 19: R=413.80  C= 21.00  len=274
Ep 20: R=392.14  C= 12.00  len=263
Ep 21: R=413.99  C= 60.00  len=272
Ep 22: R=392.00  C= 14.00  len=262
Ep 23: R=421.60  C= 21.00  len=277
Ep 24: R=424.76  C= 27.00  len=279
Ep 25: R=410.54  C= 20.00  len=270
Ep 26: R=394.03  C= 13.00  len=263
Ep 27: R=404.49  C= 55.00  len=266
Ep 28: R=406.70  C= 53.00  len=269
Ep 29: R=423.77  C= 21.00  len=278
Ep 30: R=386.99  C= 11.00  len=260
Ep 31: R=401.82  C= 17.00  len=266
Ep 32: R=419.49  C= 23.00  len=275
Ep 33: R=409.88  C= 57.00  len=269
Ep 34: R=398.50  C= 14.00  len=271
Ep 35: R=399.07  C= 35.00  len=264
Ep 36: R=409.86  C= 54.00  len=271
Ep 37: R=386.40  C= 10.00  len=260
Ep 38: R=375.53  C= 11.00  len=252
Ep 39: R=413.14  C= 22.00  len=273
Ep 40: R=410.03  C= 52.00  len=271
Ep 41: R=379.14  C= 10.00  len=257
Ep 42: R=409.77  C= 58.00  len=270
Ep 43: R=419.34  C= 22.00  len=275
Ep 44: R=424.21  C= 27.00  len=278
Ep 45: R=423.89  C= 23.00  len=278
Ep 46: R=399.67  C= 46.00  len=264
Ep 47: R=410.86  C= 59.00  len=269
Ep 48: R=385.40  C= 10.00  len=260
Ep 49: R=410.88  C= 18.00  len=272
Ep 50: R=416.76  C= 28.00  len=273
Ep 51: R=398.29  C= 25.00  len=264
Ep 52: R=434.11  C= 31.00  len=284
Ep 53: R=412.04  C= 20.00  len=272
Ep 54: R=413.79  C= 21.00  len=273
Ep 55: R=388.86  C= 11.00  len=263
Ep 56: R=409.47  C= 58.00  len=269
Ep 57: R=413.41  C= 59.00  len=272
Ep 58: R=418.01  C= 21.00  len=275
Ep 59: R=383.91  C= 10.00  len=259
Ep 60: R=386.53  C= 12.00  len=258
Ep 61: R=384.82  C= 11.00  len=260
Ep 62: R=411.52  C= 49.00  len=273
Ep 63: R=388.92  C= 12.00  len=261
Ep 64: R=417.77  C= 20.00  len=274
Ep 65: R=424.25  C= 20.00  len=278
Ep 66: R=386.41  C= 10.00  len=262
Ep 67: R=409.01  C= 57.00  len=269
Ep 68: R=390.51  C= 14.00  len=261
Ep 69: R=422.21  C= 29.00  len=277
Ep 70: R=388.47  C= 14.00  len=260
Ep 71: R=415.10  C= 19.00  len=274
Ep 72: R=410.20  C= 22.00  len=269
Ep 73: R=407.28  C= 21.00  len=267
Ep 74: R=389.56  C= 12.00  len=262
Ep 75: R=406.83  C= 54.00  len=267
Ep 76: R=421.75  C= 21.00  len=277
Ep 77: R=390.63  C= 12.00  len=262
Ep 78: R=388.39  C= 12.00  len=261
Ep 79: R=413.85  C= 19.00  len=272
Ep 80: R=418.06  C= 22.00  len=275
Ep 81: R=410.55  C= 57.00  len=270
Ep 82: R=388.83  C= 12.00  len=262
Ep 83: R=422.30  C= 21.00  len=277
Ep 84: R=416.91  C= 21.00  len=275
Ep 85: R=412.54  C= 21.00  len=273
Ep 86: R=410.29  C= 57.00  len=271
Ep 87: R=386.79  C= 10.00  len=261
Ep 88: R=416.27  C= 26.00  len=273
Ep 89: R=409.26  C= 58.00  len=268
Ep 90: R=394.20  C= 13.00  len=263
Ep 91: R=409.88  C= 57.00  len=270
Ep 92: R=408.12  C= 56.00  len=268
Ep 93: R=392.39  C= 18.00  len=261
Ep 94: R=417.12  C= 22.00  len=274
Ep 95: R=380.94  C=  7.00  len=261
Ep 96: R=402.53  C= 14.00  len=271
Ep 97: R=412.09  C= 59.00  len=270
Ep 98: R=417.77  C= 26.00  len=274
Ep 99: R=409.71  C= 19.00  len=271
Ep 100: R=407.94  C= 24.00  len=268
Ep 101: R=444.41  C= 40.00  len=291
Ep 102: R=407.15  C= 53.00  len=269
Ep 103: R=415.66  C= 21.00  len=273
Ep 104: R=413.02  C= 20.00  len=273
Ep 105: R=384.16  C= 10.00  len=261
Ep 106: R=408.26  C= 56.00  len=267
Ep 107: R=386.75  C= 11.00  len=260
Ep 108: R=413.83  C= 18.00  len=274
Ep 109: R=403.35  C= 35.00  len=268
Ep 110: R=411.55  C= 55.00  len=272
Ep 111: R=407.84  C= 20.00  len=269
Ep 112: R=405.31  C= 56.00  len=267
Ep 113: R=389.63  C= 12.00  len=262
Ep 114: R=415.57  C= 24.00  len=275
Ep 115: R=406.97  C= 56.00  len=267
Ep 116: R=410.39  C= 18.00  len=272
Ep 117: R=407.29  C= 43.00  len=269
Ep 118: R=394.73  C= 13.00  len=264
Ep 119: R=406.89  C= 37.00  len=269
Ep 120: R=400.93  C= 12.00  len=267
Ep 121: R=428.61  C= 23.00  len=281
Ep 122: R=398.26  C= 20.00  len=263
Ep 123: R=388.95  C= 12.00  len=260
Ep 124: R=397.80  C= 14.00  len=265
Ep 125: R=402.13  C= 43.00  len=266
Ep 126: R=414.74  C= 23.00  len=273
Ep 127: R=406.65  C= 57.00  len=266
Ep 128: R=408.29  C= 54.00  len=269
Ep 129: R=406.34  C= 56.00  len=266
Ep 130: R=417.60  C= 21.00  len=274
Ep 131: R=412.28  C= 57.00  len=273
Ep 132: R=387.41  C= 12.00  len=260
Ep 133: R=386.24  C= 11.00  len=260
Ep 134: R=406.55  C= 56.00  len=267
Ep 135: R=415.68  C= 21.00  len=273
Ep 136: R=408.46  C= 20.00  len=269
Ep 137: R=395.91  C= 13.00  len=265
Ep 138: R=391.08  C= 12.00  len=262
Ep 139: R=424.85  C= 24.00  len=278
Ep 140: R=413.74  C= 60.00  len=271
Ep 141: R=386.82  C= 11.00  len=261
Ep 142: R=428.92  C= 22.00  len=281
Ep 143: R=385.83  C= 10.00  len=262
Ep 144: R=403.74  C= 55.00  len=265
Ep 145: R=403.89  C= 19.00  len=266
Ep 146: R=407.37  C= 18.00  len=269
Ep 147: R=389.22  C= 12.00  len=261
Ep 148: R=391.94  C= 22.00  len=261
Ep 149: R=419.14  C= 21.00  len=275
Ep 150: R=396.17  C= 13.00  len=265
Ep 151: R=397.83  C= 13.00  len=266
Ep 152: R=385.74  C= 10.00  len=260
Ep 153: R=389.87  C= 13.00  len=261
Ep 154: R=418.19  C= 22.00  len=275
Ep 155: R=410.68  C= 20.00  len=272
Ep 156: R=403.45  C= 50.00  len=266
Ep 157: R=381.18  C=  8.00  len=260
Ep 158: R=386.26  C= 12.00  len=261
Ep 159: R=406.47  C= 20.00  len=267
Ep 160: R=388.50  C= 12.00  len=261
Ep 161: R=406.27  C= 54.00  len=268
Ep 162: R=407.71  C= 14.00  len=270
Ep 163: R=420.34  C= 20.00  len=275
Ep 164: R=411.19  C= 59.00  len=270
Ep 165: R=407.14  C= 38.00  len=269
Ep 166: R=407.76  C= 58.00  len=266
Ep 167: R=430.07  C= 23.00  len=281
Ep 168: R=402.89  C= 28.00  len=267
Ep 169: R=418.65  C= 22.00  len=275
Ep 170: R=407.57  C= 54.00  len=269
Ep 171: R=417.49  C= 18.00  len=275
Ep 172: R=389.40  C= 12.00  len=262
Ep 173: R=388.90  C= 12.00  len=261
Ep 174: R=410.49  C= 55.00  len=272
Ep 175: R=414.68  C= 41.00  len=273
Ep 176: R=436.79  C= 38.00  len=284
Ep 177: R=416.68  C= 20.00  len=274
Ep 178: R=388.58  C= 12.00  len=260
Ep 179: R=406.98  C= 54.00  len=268
Ep 180: R=402.89  C= 49.00  len=267
Ep 181: R=420.09  C= 24.00  len=276
Ep 182: R=417.84  C= 21.00  len=275
Ep 183: R=408.32  C= 55.00  len=269
Ep 184: R=413.51  C= 20.00  len=273
Ep 185: R=417.27  C= 22.00  len=275
Ep 186: R=419.84  C= 21.00  len=276
Ep 187: R=407.03  C= 57.00  len=266
Ep 188: R=420.38  C= 19.00  len=277
Ep 189: R=407.88  C= 21.00  len=268
Ep 190: R=410.24  C= 41.00  len=273
Ep 191: R=381.96  C=  8.00  len=260
Ep 192: R=415.05  C= 19.00  len=274
Ep 193: R=409.65  C= 58.00  len=268
Ep 194: R=377.13  C=  7.00  len=259
Ep 195: R=408.53  C= 20.00  len=269
Ep 196: R=407.03  C= 19.00  len=268
Ep 197: R=419.65  C= 32.00  len=275
Ep 198: R=384.93  C= 10.00  len=261
Ep 199: R=393.44  C= 13.00  len=263
Ep 200: R=418.62  C= 23.00  len=275
Ep 201: R=385.42  C= 11.00  len=260
Ep 202: R=404.22  C= 49.00  len=267
Ep 203: R=392.96  C= 13.00  len=263
Ep 204: R=408.12  C= 46.00  len=270
Ep 205: R=412.10  C= 60.00  len=270
Ep 206: R=409.87  C= 58.00  len=269
Ep 207: R=404.83  C= 56.00  len=266
Ep 208: R=416.02  C= 22.00  len=274
Ep 209: R=423.98  C= 22.00  len=278
Ep 210: R=426.91  C= 27.00  len=279
Ep 211: R=396.42  C= 13.00  len=265
Ep 212: R=376.53  C= 11.00  len=251
Ep 213: R=417.60  C= 28.00  len=274
Ep 214: R=386.11  C= 10.00  len=260
Ep 215: R=416.09  C= 18.00  len=274
Ep 216: R=385.20  C=  8.00  len=262
Ep 217: R=416.76  C= 22.00  len=275
Ep 218: R=410.18  C= 16.00  len=272
Ep 219: R=399.52  C= 23.00  len=265
Ep 220: R=415.23  C= 39.00  len=273
Ep 221: R=415.75  C= 22.00  len=274
Ep 222: R=419.34  C= 20.00  len=276
Ep 223: R=412.99  C= 59.00  len=270
Ep 224: R=407.46  C= 51.00  len=269
Ep 225: R=410.29  C= 37.00  len=272
Ep 226: R=444.28  C= 38.00  len=291
Ep 227: R=403.44  C= 14.00  len=269
Ep 228: R=433.37  C= 34.00  len=282
Ep 229: R=386.58  C= 12.00  len=260
Ep 230: R=413.16  C= 58.00  len=270
Ep 231: R=384.22  C= 11.00  len=260
Ep 232: R=393.09  C= 26.00  len=262
Ep 233: R=389.59  C= 12.00  len=261
Ep 234: R=407.75  C= 44.00  len=270
Ep 235: R=399.99  C= 22.00  len=264
Ep 236: R=399.08  C= 40.00  len=264
Ep 237: R=430.18  C= 25.00  len=281
Ep 238: R=405.98  C= 56.00  len=267
Ep 239: R=409.80  C= 21.00  len=270
Ep 240: R=413.00  C= 19.00  len=272
Ep 241: R=410.22  C= 57.00  len=271
Ep 242: R=416.35  C= 60.00  len=274
Ep 243: R=417.30  C= 20.00  len=275
Ep 244: R=413.34  C= 21.00  len=272
Ep 245: R=412.72  C= 21.00  len=272
Ep 246: R=412.21  C= 58.00  len=269
Ep 247: R=418.44  C= 31.00  len=274
Ep 248: R=388.79  C= 12.00  len=261
Ep 249: R=411.80  C= 59.00  len=270
Ep 250: R=401.68  C= 13.00  len=268
Ep 251: R=413.46  C= 21.00  len=274
Ep 252: R=397.66  C= 28.00  len=264
Ep 253: R=423.30  C= 26.00  len=277
Ep 254: R=412.67  C= 59.00  len=271
Ep 255: R=388.85  C= 12.00  len=261
Ep 256: R=417.37  C= 26.00  len=277
Ep 257: R=389.85  C= 11.00  len=262
Ep 258: R=409.28  C= 54.00  len=271
Ep 259: R=401.79  C= 49.00  len=266
Ep 260: R=428.31  C= 33.00  len=280
Ep 261: R=406.82  C= 52.00  len=268
Ep 262: R=409.46  C= 23.00  len=270
Ep 263: R=410.99  C= 43.00  len=272
Ep 264: R=409.51  C= 55.00  len=270
Ep 265: R=410.97  C= 59.00  len=269
Ep 266: R=408.04  C= 33.00  len=273
Ep 267: R=442.67  C= 21.00  len=290
Ep 268: R=399.79  C= 30.00  len=265
Ep 269: R=407.40  C= 48.00  len=269
Ep 270: R=413.42  C= 31.00  len=273
Ep 271: R=408.28  C= 52.00  len=270
Ep 272: R=405.05  C= 36.00  len=268
Ep 273: R=388.05  C= 13.00  len=260
Ep 274: R=386.35  C= 11.00  len=260
Ep 275: R=419.91  C= 22.00  len=276
Ep 276: R=409.15  C= 20.00  len=270
Ep 277: R=410.88  C= 59.00  len=269
Ep 278: R=415.21  C= 21.00  len=273
Ep 279: R=389.12  C= 12.00  len=261
Ep 280: R=419.20  C= 20.00  len=276
Ep 281: R=374.13  C=  7.00  len=257
Ep 282: R=415.32  C= 20.00  len=273
Ep 283: R=406.56  C= 58.00  len=266
Ep 284: R=396.23  C= 18.00  len=262
Ep 285: R=408.60  C= 57.00  len=268
Ep 286: R=384.71  C= 11.00  len=260
Ep 287: R=380.31  C=  8.00  len=259
Ep 288: R=408.05  C= 47.00  len=269
Ep 289: R=404.15  C= 20.00  len=267
Ep 290: R=406.77  C= 18.00  len=269
Ep 291: R=406.93  C= 53.00  len=268
Ep 292: R=408.37  C= 20.00  len=269
Ep 293: R=391.74  C= 13.00  len=262
Ep 294: R=418.64  C= 24.00  len=279
Ep 295: R=399.58  C= 20.00  len=263
Ep 296: R=396.33  C= 22.00  len=264
Ep 297: R=409.85  C= 56.00  len=269
Ep 298: R=386.49  C= 10.00  len=260
Ep 299: R=389.84  C= 12.00  len=261
Ep 300: R=394.80  C= 12.00  len=264
Ep 301: R=412.21  C= 21.00  len=272
Ep 302: R=407.46  C= 57.00  len=268
Ep 303: R=401.08  C= 19.00  len=264
Ep 304: R=391.85  C= 25.00  len=261
Ep 305: R=419.86  C= 20.00  len=277
Ep 306: R=412.07  C= 18.00  len=272
Ep 307: R=418.60  C= 19.00  len=276
Ep 308: R=412.74  C= 48.00  len=273
Ep 309: R=400.37  C= 19.00  len=264
Ep 310: R=402.36  C= 13.00  len=268
Ep 311: R=412.83  C= 19.00  len=273
Ep 312: R=409.47  C= 18.00  len=271
Ep 313: R=447.03  C= 34.00  len=293
Ep 314: R=414.28  C= 21.00  len=272
Ep 315: R=382.55  C= 11.00  len=258
Ep 316: R=405.93  C= 20.00  len=267
Ep 317: R=407.59  C= 58.00  len=267
Ep 318: R=410.65  C= 52.00  len=272
Ep 319: R=383.66  C= 10.00  len=260
Ep 320: R=414.40  C= 22.00  len=273
Ep 321: R=375.89  C=  6.00  len=257
Ep 322: R=408.99  C= 48.00  len=270
Ep 323: R=391.43  C= 17.00  len=261
Ep 324: R=403.79  C= 40.00  len=268
Ep 325: R=407.22  C= 51.00  len=269
Ep 326: R=406.55  C= 44.00  len=268
Ep 327: R=403.77  C= 18.00  len=267
Ep 328: R=411.77  C= 58.00  len=269
Ep 329: R=393.80  C= 13.00  len=263
Ep 330: R=410.99  C= 58.00  len=268
Ep 331: R=416.37  C= 19.00  len=274
Ep 332: R=412.72  C= 22.00  len=272
Ep 333: R=388.00  C= 12.00  len=260
Ep 334: R=389.39  C= 13.00  len=261
Ep 335: R=400.35  C= 13.00  len=267
Ep 336: R=402.41  C= 53.00  len=265
Ep 337: R=409.05  C= 57.00  len=267
Ep 338: R=413.27  C= 20.00  len=273
Ep 339: R=417.22  C= 20.00  len=274
Ep 340: R=395.07  C= 23.00  len=262
Ep 341: R=376.17  C= 12.00  len=252
Ep 342: R=411.29  C= 19.00  len=271
Ep 343: R=413.53  C= 20.00  len=273
Ep 344: R=405.01  C= 56.00  len=266
Ep 345: R=412.53  C= 46.00  len=273
Ep 346: R=387.54  C= 18.00  len=259
Ep 347: R=409.59  C= 58.00  len=268
Ep 348: R=409.57  C= 18.00  len=271
Ep 349: R=431.66  C= 28.00  len=282
Ep 350: R=411.66  C= 18.00  len=272
Ep 351: R=392.38  C= 14.00  len=262
Ep 352: R=410.47  C= 21.00  len=271
Ep 353: R=409.56  C= 20.00  len=271
Ep 354: R=412.30  C= 19.00  len=272
Ep 355: R=431.27  C= 30.00  len=282
Ep 356: R=391.77  C= 29.00  len=261
Ep 357: R=419.40  C= 21.00  len=276
Ep 358: R=393.08  C= 24.00  len=262
Ep 359: R=412.37  C= 18.00  len=273
Ep 360: R=402.94  C= 40.00  len=267
Ep 361: R=417.60  C= 22.00  len=275
Ep 362: R=394.57  C= 13.00  len=263
Ep 363: R=410.15  C= 19.00  len=271
Ep 364: R=389.13  C= 12.00  len=261
Ep 365: R=401.23  C= 48.00  len=265
Ep 366: R=388.89  C= 13.00  len=260
Ep 367: R=415.40  C= 21.00  len=273
Ep 368: R=392.16  C= 13.00  len=263
Ep 369: R=394.67  C= 14.00  len=263
Ep 370: R=417.53  C= 24.00  len=274
Ep 371: R=403.58  C= 51.00  len=267
Ep 372: R=411.26  C= 21.00  len=271
Ep 373: R=408.02  C= 55.00  len=270
Ep 374: R=381.26  C=  9.00  len=258
Ep 375: R=391.91  C= 14.00  len=262
Ep 376: R=433.39  C= 25.00  len=284
Ep 377: R=412.20  C= 57.00  len=272
Ep 378: R=404.39  C= 54.00  len=267
Ep 379: R=408.31  C= 19.00  len=269
Ep 380: R=429.16  C= 27.00  len=280
Ep 381: R=420.02  C= 22.00  len=276
Ep 382: R=429.33  C= 20.00  len=282
Ep 383: R=399.63  C= 51.00  len=264
Ep 384: R=385.59  C= 10.00  len=261
Ep 385: R=387.56  C= 13.00  len=259
Ep 386: R=408.97  C= 20.00  len=270
Ep 387: R=412.49  C= 19.00  len=273
Ep 388: R=409.13  C= 54.00  len=271
Ep 389: R=410.64  C= 53.00  len=272
Ep 390: R=416.84  C= 35.00  len=276
Ep 391: R=386.64  C= 10.00  len=261
Ep 392: R=404.42  C= 21.00  len=267
Ep 393: R=398.31  C= 18.00  len=263
Ep 394: R=423.53  C= 22.00  len=278
Ep 395: R=401.37  C= 40.00  len=266
Ep 396: R=409.14  C= 60.00  len=267
Ep 397: R=418.04  C= 21.00  len=275
Ep 398: R=395.78  C= 14.00  len=264
Ep 399: R=393.01  C= 13.00  len=263
Ep 400: R=407.94  C= 54.00  len=270
Ep 401: R=410.96  C= 19.00  len=271
Ep 402: R=391.30  C= 13.00  len=262
Ep 403: R=386.72  C= 11.00  len=261
Ep 404: R=387.42  C= 12.00  len=260
Ep 405: R=413.17  C= 42.00  len=274
Ep 406: R=400.62  C= 49.00  len=264
Ep 407: R=400.19  C= 17.00  len=263
Ep 408: R=409.69  C= 55.00  len=270
Ep 409: R=413.76  C= 21.00  len=272
Ep 410: R=390.04  C= 12.00  len=262
Ep 411: R=422.06  C= 22.00  len=277
Ep 412: R=434.62  C= 35.00  len=283
Ep 413: R=411.37  C= 57.00  len=270
Ep 414: R=413.75  C= 18.00  len=274
Ep 415: R=399.75  C= 14.00  len=266
Ep 416: R=419.53  C= 22.00  len=276
Ep 417: R=407.80  C= 54.00  len=269
Ep 418: R=388.74  C= 12.00  len=261
Ep 419: R=415.51  C= 22.00  len=273
Ep 420: R=419.29  C= 21.00  len=276
Ep 421: R=377.68  C= 10.00  len=254
Ep 422: R=388.94  C= 31.00  len=259
Ep 423: R=421.61  C= 21.00  len=278
Ep 424: R=395.76  C= 12.00  len=265
Ep 425: R=387.29  C= 18.00  len=258
Ep 426: R=391.57  C= 13.00  len=261
Ep 427: R=389.77  C= 13.00  len=261
Ep 428: R=422.24  C= 26.00  len=277
Ep 429: R=411.76  C= 19.00  len=271
Ep 430: R=404.30  C= 40.00  len=267
Ep 431: R=390.55  C= 13.00  len=261
Ep 432: R=431.23  C= 22.00  len=283
Ep 433: R=414.64  C= 18.00  len=274
Ep 434: R=416.10  C= 37.00  len=275
Ep 435: R=389.25  C= 14.00  len=260
Ep 436: R=390.18  C= 12.00  len=261
Ep 437: R=410.75  C= 20.00  len=271
Ep 438: R=394.89  C= 13.00  len=264
Ep 439: R=422.90  C= 34.00  len=277
Ep 440: R=408.88  C= 55.00  len=269
Ep 441: R=408.80  C= 19.00  len=270
Ep 442: R=389.27  C= 12.00  len=261
Ep 443: R=411.48  C= 39.00  len=273
Ep 444: R=409.89  C= 42.00  len=271
Ep 445: R=411.88  C= 35.00  len=274
Ep 446: R=404.86  C= 18.00  len=268
Ep 447: R=387.68  C= 10.00  len=262
Ep 448: R=405.70  C= 13.00  len=269
Ep 449: R=483.56  C= 16.00  len=334
Ep 450: R=368.65  C=  9.00  len=250
Ep 451: R=410.04  C= 13.00  len=272
Ep 452: R=378.90  C=  9.00  len=255
Ep 453: R=411.11  C= 19.00  len=272
Ep 454: R=408.64  C= 54.00  len=270
Ep 455: R=406.16  C= 14.00  len=273
Ep 456: R=387.19  C= 12.00  len=259
Ep 457: R=383.97  C= 10.00  len=259
Ep 458: R=373.38  C=  9.00  len=251
Ep 459: R=409.77  C= 40.00  len=271
Ep 460: R=385.43  C= 11.00  len=262
Ep 461: R=393.75  C= 13.00  len=263
Ep 462: R=424.66  C= 20.00  len=278
Ep 463: R=409.04  C= 14.00  len=271
Ep 464: R=409.30  C= 59.00  len=267
Ep 465: R=431.20  C= 24.00  len=281
Ep 466: R=407.80  C= 22.00  len=268
Ep 467: R=406.83  C= 51.00  len=270
Ep 468: R=416.76  C= 23.00  len=274
Ep 469: R=387.37  C= 11.00  len=260
Ep 470: R=416.34  C= 20.00  len=273
Ep 471: R=419.09  C= 20.00  len=275
Ep 472: R=407.21  C= 57.00  len=266
Ep 473: R=413.16  C= 60.00  len=269
Ep 474: R=410.94  C= 58.00  len=270
Ep 475: R=390.73  C= 12.00  len=262
Ep 476: R=400.55  C= 21.00  len=264
Ep 477: R=389.82  C= 10.00  len=262
Ep 478: R=393.30  C= 24.00  len=261
Ep 479: R=411.34  C= 19.00  len=272
Ep 480: R=391.85  C= 11.00  len=263
Ep 481: R=417.87  C= 25.00  len=274
Ep 482: R=408.44  C= 20.00  len=270
Ep 483: R=415.27  C= 19.00  len=274
Ep 484: R=408.21  C= 58.00  len=269
Ep 485: R=387.34  C= 12.00  len=259
Ep 486: R=399.79  C= 14.00  len=271
Ep 487: R=413.85  C= 19.00  len=272
Ep 488: R=404.86  C= 18.00  len=267
Ep 489: R=409.20  C= 57.00  len=268
Ep 490: R=412.35  C= 30.00  len=272
Ep 491: R=421.96  C= 21.00  len=278
Ep 492: R=401.03  C= 32.00  len=266
Ep 493: R=412.77  C= 19.00  len=273
Ep 494: R=409.38  C= 53.00  len=271
Ep 495: R=387.42  C= 10.00  len=262
Ep 496: R=396.56  C= 13.00  len=265
Ep 497: R=404.44  C= 22.00  len=269
Ep 498: R=388.96  C= 11.00  len=261
Ep 499: R=409.43  C= 56.00  len=271
Ep 500: R=387.52  C= 10.00  len=262
Ep 501: R=389.17  C= 13.00  len=261
Ep 502: R=418.23  C= 36.00  len=276
Ep 503: R=415.87  C= 19.00  len=273
Ep 504: R=402.72  C= 31.00  len=266
Ep 505: R=383.02  C= 11.00  len=259
Ep 506: R=418.59  C= 20.00  len=276
Ep 507: R=400.54  C= 30.00  len=265
Ep 508: R=408.79  C= 59.00  len=267
Ep 509: R=417.71  C= 22.00  len=274
Ep 510: R=406.60  C= 53.00  len=268
Ep 511: R=388.65  C= 12.00  len=261
Ep 512: R=419.32  C= 22.00  len=275
Ep 513: R=428.03  C= 22.00  len=280
Ep 514: R=391.59  C= 13.00  len=262
Ep 515: R=432.20  C= 29.00  len=282
Ep 516: R=420.02  C= 32.00  len=275
Ep 517: R=404.32  C= 19.00  len=268
Ep 518: R=416.03  C= 21.00  len=274
Ep 519: R=395.85  C= 22.00  len=263
Ep 520: R=403.79  C= 51.00  len=266
Ep 521: R=398.29  C= 19.00  len=263
Ep 522: R=408.73  C= 42.00  len=270
Ep 523: R=384.77  C= 10.00  len=261
Ep 524: R=402.96  C= 52.00  len=265
Ep 525: R=412.36  C= 19.00  len=272
Ep 526: R=391.64  C= 12.00  len=262
Ep 527: R=433.97  C= 29.00  len=284
Ep 528: R=408.40  C= 58.00  len=267
Ep 529: R=408.05  C= 18.00  len=270
Ep 530: R=446.06  C= 41.00  len=291
Ep 531: R=382.51  C= 10.00  len=258
Ep 532: R=411.53  C= 18.00  len=272
Ep 533: R=409.50  C= 24.00  len=274
Ep 534: R=391.61  C= 14.00  len=261
Ep 535: R=412.84  C= 58.00  len=271
Ep 536: R=395.44  C= 14.00  len=263
Ep 537: R=381.89  C= 11.00  len=259
Ep 538: R=392.58  C= 13.00  len=263
Ep 539: R=407.73  C= 23.00  len=269
Ep 540: R=425.85  C= 26.00  len=279
Ep 541: R=412.88  C= 23.00  len=272
Ep 542: R=385.73  C= 12.00  len=261
Ep 543: R=387.82  C= 30.00  len=258
Ep 544: R=384.68  C= 10.00  len=260
Ep 545: R=411.35  C= 19.00  len=272
Ep 546: R=387.36  C= 11.00  len=261
Ep 547: R=409.89  C= 58.00  len=267
Ep 548: R=401.59  C= 20.00  len=267
Ep 549: R=421.47  C= 32.00  len=276
Ep 550: R=425.77  C= 34.00  len=279
Ep 551: R=372.18  C=  9.00  len=251
Ep 552: R=411.37  C= 20.00  len=271
Ep 553: R=384.52  C= 10.00  len=258
Ep 554: R=390.87  C= 14.00  len=261
Ep 555: R=413.51  C= 55.00  len=272
Ep 556: R=397.10  C= 19.00  len=262
Ep 557: R=388.03  C= 12.00  len=260
Ep 558: R=409.65  C= 46.00  len=272
Ep 559: R=394.23  C= 13.00  len=264
Ep 560: R=401.43  C= 43.00  len=265
Ep 561: R=387.05  C= 12.00  len=259
Ep 562: R=504.61  C= 42.00  len=333
Ep 563: R=405.65  C= 12.00  len=269
Ep 564: R=416.94  C= 20.00  len=275
Ep 565: R=416.32  C= 23.00  len=274
Ep 566: R=415.27  C= 22.00  len=274
Ep 567: R=381.81  C=  9.00  len=259
Ep 568: R=391.07  C= 12.00  len=268
Ep 569: R=369.62  C=  8.00  len=250
Ep 570: R=445.47  C= 44.00  len=291
Ep 571: R=415.72  C= 18.00  len=274
Ep 572: R=408.86  C= 19.00  len=270
Ep 573: R=421.98  C= 36.00  len=280
Ep 574: R=383.35  C= 10.00  len=260
Ep 575: R=409.92  C= 36.00  len=273
Ep 576: R=424.47  C= 32.00  len=278
Ep 577: R=484.92  C= 14.00  len=334
Ep 578: R=403.24  C= 20.00  len=266
Ep 579: R=378.74  C=  7.00  len=261
Ep 580: R=391.43  C= 13.00  len=261
Ep 581: R=414.97  C= 29.00  len=274
Ep 582: R=412.48  C= 18.00  len=271
Ep 583: R=416.75  C= 21.00  len=273
Ep 584: R=443.83  C= 34.00  len=291
Ep 585: R=383.56  C= 10.00  len=259
Ep 586: R=411.07  C= 19.00  len=272
Ep 587: R=467.10  C=  7.00  len=324
Ep 588: R=424.53  C= 25.00  len=278
Ep 589: R=398.24  C= 20.00  len=263
Ep 590: R=418.38  C= 18.00  len=275
Ep 591: R=420.34  C= 20.00  len=276
Ep 592: R=398.14  C= 13.00  len=266
Ep 593: R=420.30  C= 27.00  len=280
Ep 594: R=426.34  C= 22.00  len=279
Ep 595: R=411.08  C= 56.00  len=272
Ep 596: R=410.19  C= 43.00  len=270
Ep 597: R=413.94  C= 20.00  len=273
Ep 598: R=412.11  C= 19.00  len=273
Ep 599: R=385.30  C= 10.00  len=260
Ep 600: R=407.20  C= 56.00  len=267
Ep 601: R=410.71  C= 20.00  len=271
Ep 602: R=407.96  C= 56.00  len=270
Ep 603: R=404.43  C= 43.00  len=267
Ep 604: R=400.74  C= 19.00  len=264
Ep 605: R=424.71  C= 32.00  len=278
Ep 606: R=396.63  C= 14.00  len=264
Ep 607: R=409.98  C= 58.00  len=270
Ep 608: R=413.93  C= 22.00  len=273
Ep 609: R=396.55  C= 24.00  len=263
Ep 610: R=409.09  C= 53.00  len=271
Ep 611: R=386.34  C= 11.00  len=260
Ep 612: R=408.13  C= 56.00  len=267
Ep 613: R=420.78  C= 30.00  len=276
Ep 614: R=467.55  C= 10.00  len=322
Ep 615: R=394.20  C= 14.00  len=263
Ep 616: R=390.74  C= 30.00  len=260
Ep 617: R=411.87  C= 58.00  len=271
Ep 618: R=390.28  C= 12.00  len=262
Ep 619: R=410.35  C= 58.00  len=268
Ep 620: R=408.36  C= 19.00  len=270
Ep 621: R=427.12  C= 30.00  len=279
Ep 622: R=411.16  C= 18.00  len=271
Ep 623: R=412.81  C= 21.00  len=272
Ep 624: R=388.54  C= 12.00  len=260
Ep 625: R=412.55  C= 19.00  len=272
Ep 626: R=418.20  C= 25.00  len=274
Ep 627: R=401.89  C= 30.00  len=266
Ep 628: R=387.04  C= 12.00  len=261
Ep 629: R=426.71  C= 32.00  len=280
Ep 630: R=395.45  C= 13.00  len=264
Ep 631: R=404.61  C= 12.00  len=269
Ep 632: R=386.31  C= 11.00  len=259
Ep 633: R=409.30  C= 24.00  len=271
Ep 634: R=383.24  C= 11.00  len=259
Ep 635: R=411.88  C= 56.00  len=273
Ep 636: R=389.32  C= 12.00  len=261
Ep 637: R=408.61  C= 58.00  len=268
Ep 638: R=411.55  C= 57.00  len=272
Ep 639: R=417.04  C= 21.00  len=274
Ep 640: R=444.03  C= 32.00  len=292
Ep 641: R=385.73  C= 13.00  len=258
Ep 642: R=388.73  C= 22.00  len=259
Ep 643: R=405.42  C= 13.00  len=269
Ep 644: R=443.33  C= 35.00  len=290
Ep 645: R=445.51  C= 43.00  len=291
Ep 646: R=404.23  C= 18.00  len=267
Ep 647: R=401.95  C= 17.00  len=264
Ep 648: R=408.52  C= 58.00  len=267
Ep 649: R=423.81  C= 22.00  len=278
Ep 650: R=412.95  C= 18.00  len=273
Ep 651: R=386.95  C= 12.00  len=260
Ep 652: R=419.22  C= 21.00  len=275
Ep 653: R=404.97  C= 53.00  len=267
Ep 654: R=423.09  C= 33.00  len=277
Ep 655: R=414.06  C= 21.00  len=273
Ep 656: R=426.36  C= 21.00  len=279
Ep 657: R=419.11  C= 26.00  len=275
Ep 658: R=408.65  C= 18.00  len=270
Ep 659: R=411.05  C= 17.00  len=272
Ep 660: R=390.39  C= 14.00  len=262
Ep 661: R=412.28  C= 19.00  len=272
Ep 662: R=406.57  C= 19.00  len=268
Ep 663: R=409.53  C= 57.00  len=270
Ep 664: R=387.54  C= 11.00  len=260
Ep 665: R=409.06  C= 59.00  len=268
Ep 666: R=419.59  C= 20.00  len=277
Ep 667: R=410.97  C= 20.00  len=272
Ep 668: R=415.56  C= 21.00  len=273
Ep 669: R=459.51  C=  6.00  len=322
Ep 670: R=412.31  C= 20.00  len=271
Ep 671: R=385.17  C= 11.00  len=260
Ep 672: R=379.95  C= 10.00  len=257
Ep 673: R=395.30  C= 20.00  len=263
Ep 674: R=410.58  C= 58.00  len=272
Ep 675: R=382.62  C= 10.00  len=260
Ep 676: R=388.01  C= 12.00  len=260
Ep 677: R=398.93  C= 17.00  len=265
Ep 678: R=386.07  C= 10.00  len=260
Ep 679: R=406.97  C= 53.00  len=269
Ep 680: R=414.01  C= 20.00  len=272
Ep 681: R=410.78  C= 24.00  len=270
Ep 682: R=417.05  C= 28.00  len=273
Ep 683: R=384.00  C= 11.00  len=260
Ep 684: R=408.21  C= 49.00  len=269
Ep 685: R=385.89  C= 10.00  len=259
Ep 686: R=410.68  C= 32.00  len=274
Ep 687: R=385.56  C= 12.00  len=261
Ep 688: R=414.41  C= 21.00  len=273
Ep 689: R=395.47  C= 22.00  len=263
Ep 690: R=419.11  C= 21.00  len=277
Ep 691: R=419.78  C= 24.00  len=275
Ep 692: R=428.30  C= 22.00  len=281
Ep 693: R=414.53  C= 57.00  len=274
Ep 694: R=390.46  C= 14.00  len=262
Ep 695: R=416.91  C= 22.00  len=275
Ep 696: R=406.88  C= 43.00  len=269
Ep 697: R=410.01  C= 58.00  len=270
Ep 698: R=384.48  C= 11.00  len=260
Ep 699: R=415.84  C= 20.00  len=273
Ep 700: R=405.14  C= 58.00  len=265
Ep 701: R=390.18  C= 13.00  len=261
Ep 702: R=417.48  C= 20.00  len=276
Ep 703: R=393.99  C= 13.00  len=264
Ep 704: R=389.39  C= 11.00  len=262
Ep 705: R=410.47  C= 58.00  len=270
Ep 706: R=405.08  C= 16.00  len=268
Ep 707: R=409.17  C= 57.00  len=269
Ep 708: R=409.11  C= 57.00  len=270
Ep 709: R=428.16  C= 22.00  len=281
Ep 710: R=394.62  C= 14.00  len=266
Ep 711: R=403.10  C= 20.00  len=265
Ep 712: R=426.90  C= 32.00  len=279
Ep 713: R=406.75  C= 43.00  len=268
Ep 714: R=417.91  C= 20.00  len=274
Ep 715: R=397.00  C= 18.00  len=263
Ep 716: R=385.33  C= 12.00  len=260
Ep 717: R=386.43  C= 12.00  len=261
Ep 718: R=416.44  C= 22.00  len=273
Ep 719: R=402.43  C= 56.00  len=264
Ep 720: R=401.37  C= 49.00  len=265
Ep 721: R=403.32  C= 48.00  len=266
Ep 722: R=380.41  C=  7.00  len=260
Ep 723: R=418.22  C= 30.00  len=274
Ep 724: R=418.14  C= 21.00  len=275
Ep 725: R=398.11  C= 13.00  len=270
Ep 726: R=419.14  C= 24.00  len=275
Ep 727: R=418.32  C= 20.00  len=275
Ep 728: R=426.47  C= 23.00  len=280
Ep 729: R=445.84  C= 44.00  len=292
Ep 730: R=387.17  C= 12.00  len=260
Ep 731: R=408.06  C= 57.00  len=268
Ep 732: R=404.45  C= 19.00  len=268
Ep 733: R=398.04  C= 50.00  len=263
Ep 734: R=410.08  C= 58.00  len=269
Ep 735: R=408.44  C= 54.00  len=270
Ep 736: R=416.88  C= 20.00  len=274
Ep 737: R=399.53  C= 13.00  len=267
Ep 738: R=370.44  C=  8.00  len=250
Ep 739: R=415.05  C= 19.00  len=274
Ep 740: R=386.29  C= 10.00  len=262
Ep 741: R=402.89  C= 52.00  len=266
Ep 742: R=400.88  C= 31.00  len=266
Ep 743: R=409.30  C= 13.00  len=271
Ep 744: R=409.27  C= 56.00  len=270
Ep 745: R=417.13  C= 22.00  len=274
Ep 746: R=408.90  C= 57.00  len=269
Ep 747: R=404.40  C= 54.00  len=266
Ep 748: R=395.75  C= 14.00  len=264
Ep 749: R=409.87  C= 58.00  len=269
Ep 750: R=428.24  C= 22.00  len=281
Ep 751: R=412.73  C= 58.00  len=271
Ep 752: R=386.14  C= 11.00  len=259
Ep 753: R=420.51  C= 23.00  len=276
Ep 754: R=410.26  C= 57.00  len=270
Ep 755: R=391.50  C= 11.00  len=263
Ep 756: R=409.51  C= 54.00  len=271
Ep 757: R=385.64  C= 12.00  len=260
Ep 758: R=408.82  C= 53.00  len=270
Ep 759: R=400.35  C= 29.00  len=265
Ep 760: R=422.44  C= 21.00  len=278
Ep 761: R=409.50  C= 19.00  len=272
Ep 762: R=401.10  C= 23.00  len=266
Ep 763: R=422.24  C= 33.00  len=276
Ep 764: R=444.90  C= 29.00  len=293
Ep 765: R=425.68  C= 20.00  len=280
Ep 766: R=420.79  C= 26.00  len=276
Ep 767: R=412.23  C= 20.00  len=272
Ep 768: R=409.20  C= 53.00  len=270
Ep 769: R=389.89  C= 12.00  len=262
Ep 770: R=418.62  C= 16.00  len=278
Ep 771: R=419.01  C= 20.00  len=276
Ep 772: R=389.22  C= 12.00  len=261
Ep 773: R=387.06  C= 12.00  len=260
Ep 774: R=408.70  C= 18.00  len=271
Ep 775: R=381.97  C= 10.00  len=259
Ep 776: R=410.04  C= 57.00  len=270
Ep 777: R=370.43  C=  9.00  len=250
Ep 778: R=410.10  C= 58.00  len=269
Ep 779: R=463.65  C=  9.00  len=323
Ep 780: R=420.07  C= 21.00  len=276
Ep 781: R=433.09  C= 33.00  len=282
Ep 782: R=425.20  C= 29.00  len=278
Ep 783: R=415.12  C= 19.00  len=274
Ep 784: R=437.13  C= 18.00  len=289
Ep 785: R=392.64  C= 13.00  len=264
Ep 786: R=409.21  C= 58.00  len=268
Ep 787: R=414.00  C= 20.00  len=273
Ep 788: R=377.14  C=  7.00  len=259
Ep 789: R=412.37  C= 43.00  len=273
Ep 790: R=386.65  C= 12.00  len=259
Ep 791: R=402.49  C= 39.00  len=266
Ep 792: R=411.94  C= 53.00  len=273
Ep 793: R=393.08  C= 12.00  len=263
Ep 794: R=387.16  C= 25.00  len=258
Ep 795: R=411.05  C= 19.00  len=271
Ep 796: R=406.30  C= 40.00  len=268
Ep 797: R=409.70  C= 20.00  len=270
Ep 798: R=421.30  C= 23.00  len=276
Ep 799: R=409.25  C= 50.00  len=270
Ep 800: R=425.58  C= 21.00  len=278
Ep 801: R=405.55  C= 47.00  len=268
Ep 802: R=407.46  C= 20.00  len=268
Ep 803: R=412.29  C= 20.00  len=273
Ep 804: R=445.70  C= 47.00  len=292
Ep 805: R=383.43  C= 12.00  len=256
Ep 806: R=402.80  C= 35.00  len=266
Ep 807: R=375.48  C=  7.00  len=258
Ep 808: R=431.56  C= 33.00  len=282
Ep 809: R=422.95  C= 31.00  len=277
Ep 810: R=402.20  C= 34.00  len=266
Ep 811: R=392.48  C= 14.00  len=262
Ep 812: R=412.47  C= 20.00  len=272
Ep 813: R=388.05  C= 13.00  len=259
Ep 814: R=414.59  C= 25.00  len=272
Ep 815: R=386.03  C= 12.00  len=260
Ep 816: R=389.54  C= 14.00  len=261
Ep 817: R=409.42  C= 37.00  len=271
Ep 818: R=414.27  C= 18.00  len=274
Ep 819: R=393.45  C= 13.00  len=263
Ep 820: R=406.24  C= 50.00  len=269
Ep 821: R=426.97  C= 21.00  len=280
Ep 822: R=410.23  C= 57.00  len=270
Ep 823: R=402.15  C= 13.00  len=269
Ep 824: R=411.48  C= 58.00  len=269
Ep 825: R=403.59  C= 55.00  len=265
Ep 826: R=389.39  C= 12.00  len=261
Ep 827: R=407.20  C= 56.00  len=269
Ep 828: R=389.47  C= 14.00  len=260
Ep 829: R=408.36  C= 20.00  len=270
Ep 830: R=410.16  C= 57.00  len=270
Ep 831: R=390.72  C= 11.00  len=262
Ep 832: R=408.30  C= 56.00  len=270
Ep 833: R=409.91  C= 57.00  len=270
Ep 834: R=419.40  C= 19.00  len=277
Ep 835: R=405.64  C= 55.00  len=268
Ep 836: R=428.58  C= 21.00  len=281
Ep 837: R=409.75  C= 13.00  len=271
Ep 838: R=404.38  C= 19.00  len=266
Ep 839: R=411.15  C= 22.00  len=270
Ep 840: R=406.49  C= 40.00  len=268
Ep 841: R=398.69  C= 24.00  len=265
Ep 842: R=409.97  C= 57.00  len=272
Ep 843: R=414.02  C= 20.00  len=273
Ep 844: R=395.71  C= 15.00  len=263
Ep 845: R=444.37  C= 24.00  len=291
Ep 846: R=403.18  C= 53.00  len=265
Ep 847: R=420.35  C= 23.00  len=276
Ep 848: R=389.92  C= 22.00  len=260
Ep 849: R=404.06  C= 18.00  len=266
Ep 850: R=388.69  C= 11.00  len=261
Ep 851: R=382.67  C= 10.00  len=258
Ep 852: R=418.65  C= 22.00  len=276
Ep 853: R=398.19  C= 25.00  len=264
Ep 854: R=389.09  C= 11.00  len=263
Ep 855: R=403.06  C= 51.00  len=266
Ep 856: R=389.81  C= 12.00  len=261
Ep 857: R=427.32  C= 24.00  len=280
Ep 858: R=385.19  C= 10.00  len=259
Ep 859: R=381.80  C= 12.00  len=258
Ep 860: R=416.29  C= 39.00  len=275
Ep 861: R=390.49  C= 14.00  len=261
Ep 862: R=407.86  C= 19.00  len=270
Ep 863: R=410.40  C= 56.00  len=271
Ep 864: R=417.82  C= 23.00  len=274
Ep 865: R=411.70  C= 58.00  len=272
Ep 866: R=409.64  C= 21.00  len=270
Ep 867: R=385.52  C= 12.00  len=258
Ep 868: R=410.54  C= 57.00  len=271
Ep 869: R=417.89  C= 23.00  len=275
Ep 870: R=409.44  C= 19.00  len=271
Ep 871: R=409.04  C= 19.00  len=270
Ep 872: R=407.98  C= 20.00  len=270
Ep 873: R=410.43  C= 54.00  len=271
Ep 874: R=406.63  C= 56.00  len=268
Ep 875: R=400.76  C= 14.00  len=271
Ep 876: R=394.43  C= 27.00  len=262
Ep 877: R=419.55  C= 22.00  len=275
Ep 878: R=412.75  C= 22.00  len=272
Ep 879: R=403.20  C= 50.00  len=266
Ep 880: R=393.85  C= 13.00  len=263
Ep 881: R=392.54  C= 13.00  len=263
Ep 882: R=411.57  C= 59.00  len=270
Ep 883: R=406.84  C= 25.00  len=273
Ep 884: R=410.57  C= 58.00  len=271
Ep 885: R=386.00  C= 12.00  len=259
Ep 886: R=411.07  C= 54.00  len=271
Ep 887: R=406.58  C= 57.00  len=267
Ep 888: R=422.13  C= 20.00  len=277
Ep 889: R=388.68  C= 12.00  len=261
Ep 890: R=427.14  C= 24.00  len=280
Ep 891: R=424.67  C= 25.00  len=278
Ep 892: R=389.10  C= 12.00  len=261
Ep 893: R=390.35  C= 13.00  len=261
Ep 894: R=403.14  C= 47.00  len=266
Ep 895: R=411.19  C= 19.00  len=272
Ep 896: R=400.80  C= 27.00  len=266
Ep 897: R=425.21  C= 28.00  len=278
Ep 898: R=410.20  C= 56.00  len=270
Ep 899: R=406.93  C= 19.00  len=269
Ep 900: R=491.59  C= 15.00  len=334
Ep 901: R=383.66  C= 12.00  len=260
Ep 902: R=409.90  C= 57.00  len=270
Ep 903: R=387.43  C= 23.00  len=258
Ep 904: R=411.09  C= 58.00  len=272
Ep 905: R=417.05  C= 23.00  len=274
Ep 906: R=495.39  C= 17.00  len=336
Ep 907: R=408.85  C= 20.00  len=270
Ep 908: R=414.23  C= 20.00  len=272
Ep 909: R=420.22  C= 29.00  len=275
Ep 910: R=392.93  C= 12.00  len=264
Ep 911: R=407.79  C= 55.00  len=269
Ep 912: R=416.43  C= 23.00  len=274
Ep 913: R=413.19  C= 18.00  len=273
Ep 914: R=399.92  C= 37.00  len=265
Ep 915: R=373.10  C=  8.00  len=251
Ep 916: R=418.07  C= 21.00  len=274
Ep 917: R=409.21  C= 19.00  len=271
Ep 918: R=397.42  C= 22.00  len=264
Ep 919: R=387.45  C= 19.00  len=259
Ep 920: R=419.02  C= 29.00  len=275
Ep 921: R=408.36  C= 50.00  len=269
Ep 922: R=410.54  C= 57.00  len=269
Ep 923: R=392.97  C= 13.00  len=263
Ep 924: R=390.08  C= 12.00  len=261
Ep 925: R=404.44  C= 58.00  len=265
Ep 926: R=391.23  C= 22.00  len=261
Ep 927: R=443.06  C= 22.00  len=291
Ep 928: R=418.37  C= 22.00  len=274
Ep 929: R=411.52  C= 59.00  len=270
Ep 930: R=397.17  C= 13.00  len=269
Ep 931: R=410.67  C= 20.00  len=271
Ep 932: R=417.43  C= 22.00  len=274
Ep 933: R=393.58  C= 14.00  len=262
Ep 934: R=386.48  C= 12.00  len=260
Ep 935: R=396.66  C= 43.00  len=263
Ep 936: R=418.99  C= 22.00  len=279
Ep 937: R=392.83  C= 20.00  len=261
Ep 938: R=401.58  C= 18.00  len=264
Ep 939: R=420.41  C= 26.00  len=276
Ep 940: R=410.31  C= 19.00  len=272
Ep 941: R=411.00  C= 57.00  len=272
Ep 942: R=412.52  C= 21.00  len=272
Ep 943: R=370.90  C=  9.00  len=250
Ep 944: R=414.68  C= 19.00  len=274
Ep 945: R=395.17  C= 13.00  len=264
Ep 946: R=384.29  C= 10.00  len=260
Ep 947: R=408.34  C= 57.00  len=269
Ep 948: R=410.55  C= 57.00  len=270
Ep 949: R=403.73  C= 36.00  len=267
Ep 950: R=409.51  C= 19.00  len=271
Ep 951: R=406.91  C= 56.00  len=267
Ep 952: R=399.56  C= 20.00  len=263
Ep 953: R=409.60  C= 21.00  len=270
Ep 954: R=404.08  C= 43.00  len=267
Ep 955: R=401.70  C= 32.00  len=267
Ep 956: R=387.86  C= 12.00  len=266
Ep 957: R=402.23  C= 53.00  len=265
Ep 958: R=397.23  C= 13.00  len=265
Ep 959: R=422.19  C= 23.00  len=277
Ep 960: R=407.96  C= 57.00  len=270
Ep 961: R=410.13  C= 57.00  len=269
Ep 962: R=388.33  C= 12.00  len=260
Ep 963: R=395.47  C= 13.00  len=265
Ep 964: R=417.50  C= 22.00  len=274
Ep 965: R=425.34  C= 33.00  len=278
Ep 966: R=382.77  C=  9.00  len=260
Ep 967: R=397.88  C= 13.00  len=266
Ep 968: R=393.98  C= 14.00  len=263
Ep 969: R=400.39  C= 44.00  len=264
Ep 970: R=388.38  C= 12.00  len=260
Ep 971: R=415.63  C= 21.00  len=273
Ep 972: R=405.44  C= 12.00  len=270
Ep 973: R=403.04  C= 19.00  len=264
Ep 974: R=417.24  C= 23.00  len=274
Ep 975: R=397.02  C= 14.00  len=265
Ep 976: R=412.82  C= 59.00  len=272
Ep 977: R=390.04  C= 12.00  len=261
Ep 978: R=396.72  C= 42.00  len=263
Ep 979: R=416.83  C= 21.00  len=275
Ep 980: R=419.84  C= 27.00  len=275
Ep 981: R=408.13  C= 53.00  len=270
Ep 982: R=401.02  C= 50.00  len=264
Ep 983: R=385.21  C= 12.00  len=260
Ep 984: R=409.92  C= 49.00  len=272
Ep 985: R=406.10  C= 56.00  len=266
Ep 986: R=410.04  C= 57.00  len=270
Ep 987: R=391.95  C= 25.00  len=261
Ep 988: R=404.76  C= 54.00  len=267
Ep 989: R=412.55  C= 18.00  len=273
Ep 990: R=383.90  C= 10.00  len=260
Ep 991: R=390.75  C= 14.00  len=261
Ep 992: R=404.75  C= 13.00  len=270
Ep 993: R=424.78  C= 21.00  len=279
Ep 994: R=403.05  C= 14.00  len=268
Ep 995: R=389.36  C= 12.00  len=261
Ep 996: R=407.65  C= 20.00  len=269
Ep 997: R=410.33  C= 58.00  len=270
Ep 998: R=412.16  C= 22.00  len=271
Ep 999: R=408.16  C= 20.00  len=269
Ep 1000: R=403.86  C= 44.00  len=267
Ep 1001: R=496.66  C= 16.00  len=337
Ep 1002: R=419.99  C= 38.00  len=278
Ep 1003: R=423.66  C= 24.00  len=278
Ep 1004: R=419.88  C= 22.00  len=276
Ep 1005: R=383.07  C= 10.00  len=260
Ep 1006: R=417.38  C= 20.00  len=274
Ep 1007: R=418.56  C= 21.00  len=275
Ep 1008: R=382.73  C= 10.00  len=258
Ep 1009: R=396.39  C= 13.00  len=265
Ep 1010: R=404.04  C= 50.00  len=267
Ep 1011: R=400.60  C= 13.00  len=267
Ep 1012: R=386.33  C= 12.00  len=262
Ep 1013: R=408.87  C= 46.00  len=269
Ep 1014: R=414.16  C= 21.00  len=273
Ep 1015: R=408.23  C= 57.00  len=269
Ep 1016: R=405.82  C= 56.00  len=266
Ep 1017: R=410.15  C= 44.00  len=272
Ep 1018: R=428.49  C= 20.00  len=281
Ep 1019: R=416.72  C= 37.00  len=274
Ep 1020: R=422.75  C= 21.00  len=278
Ep 1021: R=408.37  C= 59.00  len=269
Ep 1022: R=383.45  C= 11.00  len=260
Ep 1023: R=424.95  C= 23.00  len=279
Ep 1024: R=396.84  C= 13.00  len=265
Ep 1025: R=416.10  C= 23.00  len=273
Ep 1026: R=412.66  C= 59.00  len=270
Ep 1027: R=413.66  C= 20.00  len=272
Ep 1028: R=405.98  C= 57.00  len=266
Ep 1029: R=384.65  C= 10.00  len=260
Ep 1030: R=401.05  C= 19.00  len=264
Ep 1031: R=389.17  C= 12.00  len=261
Ep 1032: R=418.55  C= 19.00  len=275
Ep 1033: R=384.75  C= 11.00  len=260
Ep 1034: R=411.39  C= 19.00  len=271
Ep 1035: R=404.63  C= 46.00  len=267
Ep 1036: R=418.40  C= 20.00  len=277
Ep 1037: R=407.34  C= 57.00  len=267
Ep 1038: R=386.53  C= 11.00  len=259
Ep 1039: R=394.48  C= 14.00  len=263
Ep 1040: R=398.73  C= 41.00  len=264
Ep 1041: R=408.19  C= 50.00  len=270
Ep 1042: R=407.84  C= 19.00  len=269
Ep 1043: R=406.89  C= 55.00  len=267
Ep 1044: R=381.11  C=  9.00  len=258
Ep 1045: R=421.81  C= 21.00  len=277
Ep 1046: R=389.98  C= 12.00  len=262
Ep 1047: R=392.82  C= 13.00  len=263
Ep 1048: R=463.16  C=  9.00  len=323
Ep 1049: R=421.80  C= 26.00  len=280
Ep 1050: R=411.14  C= 21.00  len=271
Ep 1051: R=418.42  C= 22.00  len=275
Ep 1052: R=406.33  C= 56.00  len=267
Ep 1053: R=401.02  C= 20.00  len=265
Ep 1054: R=419.27  C= 22.00  len=275
Ep 1055: R=408.20  C= 58.00  len=266
Ep 1056: R=410.02  C= 57.00  len=271
Ep 1057: R=410.33  C= 57.00  len=270
Ep 1058: R=425.29  C= 23.00  len=279
Ep 1059: R=417.76  C= 20.00  len=275
Ep 1060: R=409.78  C= 58.00  len=268
Ep 1061: R=408.51  C= 42.00  len=270
Ep 1062: R=398.86  C= 19.00  len=264
Ep 1063: R=382.88  C= 10.00  len=258
Ep 1064: R=400.29  C= 39.00  len=265
Ep 1065: R=400.08  C= 34.00  len=265
Ep 1066: R=389.25  C= 12.00  len=261
Ep 1067: R=375.22  C=  7.00  len=260
Ep 1068: R=389.02  C= 16.00  len=260
Ep 1069: R=394.66  C= 12.00  len=264
Ep 1070: R=377.92  C=  7.00  len=259
Ep 1071: R=409.57  C= 18.00  len=271
Ep 1072: R=416.50  C= 21.00  len=275
Ep 1073: R=390.04  C= 14.00  len=261
Ep 1074: R=419.07  C= 34.00  len=276
Ep 1075: R=391.67  C= 14.00  len=262
Ep 1076: R=409.51  C= 57.00  len=270
Ep 1077: R=405.27  C= 54.00  len=267
Ep 1078: R=417.65  C= 21.00  len=274
Ep 1079: R=408.56  C= 52.00  len=272
Ep 1080: R=418.54  C= 23.00  len=276
Ep 1081: R=421.55  C= 45.00  len=278
Ep 1082: R=414.43  C= 18.00  len=274
Ep 1083: R=419.43  C= 21.00  len=276
Ep 1084: R=403.82  C= 22.00  len=267
Ep 1085: R=409.20  C= 56.00  len=270
Ep 1086: R=392.69  C= 30.00  len=261
Ep 1087: R=407.80  C= 45.00  len=269
Ep 1088: R=426.57  C= 21.00  len=279
Ep 1089: R=408.96  C= 57.00  len=268
Ep 1090: R=400.08  C= 26.00  len=265
Ep 1091: R=409.17  C= 41.00  len=270
Ep 1092: R=426.55  C= 23.00  len=279
Ep 1093: R=413.87  C= 58.00  len=274
Ep 1094: R=376.81  C= 10.00  len=253
Ep 1095: R=408.75  C= 56.00  len=269
Ep 1096: R=389.04  C= 11.00  len=263
Ep 1097: R=415.81  C= 32.00  len=274
Ep 1098: R=411.52  C= 59.00  len=272
Ep 1099: R=416.31  C= 29.00  len=273
Ep 1100: R=431.84  C= 23.00  len=283
Ep 1101: R=411.41  C= 59.00  len=270
Ep 1102: R=409.28  C= 58.00  len=267
Ep 1103: R=414.87  C= 31.00  len=274
Ep 1104: R=407.76  C= 43.00  len=269
Ep 1105: R=434.13  C= 30.00  len=283
Ep 1106: R=380.21  C=  7.00  len=260
Ep 1107: R=412.07  C= 20.00  len=272
Ep 1108: R=397.05  C= 14.00  len=265
Ep 1109: R=418.14  C= 21.00  len=274
Ep 1110: R=402.03  C= 51.00  len=265
Ep 1111: R=384.57  C= 11.00  len=260
Ep 1112: R=411.24  C= 59.00  len=270
Ep 1113: R=411.83  C= 23.00  len=272
Ep 1114: R=392.42  C= 12.00  len=263
Ep 1115: R=409.61  C= 18.00  len=271
Ep 1116: R=385.80  C= 11.00  len=260
Ep 1117: R=411.76  C= 58.00  len=271
Ep 1118: R=395.21  C= 14.00  len=264
Ep 1119: R=404.57  C= 57.00  len=265
Ep 1120: R=410.48  C= 20.00  len=271
Ep 1121: R=420.76  C= 29.00  len=276
Ep 1122: R=399.74  C= 19.00  len=266
Ep 1123: R=408.23  C= 18.00  len=270
Ep 1124: R=410.39  C= 18.00  len=271
Ep 1125: R=407.08  C= 20.00  len=268
Ep 1126: R=399.60  C= 14.00  len=266
Ep 1127: R=386.04  C= 12.00  len=261
Ep 1128: R=401.28  C= 51.00  len=264
Ep 1129: R=389.87  C= 12.00  len=261
Ep 1130: R=395.14  C= 26.00  len=262
Ep 1131: R=404.65  C= 22.00  len=267
Ep 1132: R=634.31  C= 33.00  len=412
Ep 1133: R=409.66  C= 57.00  len=271
Ep 1134: R=415.55  C= 22.00  len=274
Ep 1135: R=390.05  C= 12.00  len=262
Ep 1136: R=417.82  C= 19.00  len=275
Ep 1137: R=423.90  C= 25.00  len=278
Ep 1138: R=411.84  C= 59.00  len=270
Ep 1139: R=400.11  C= 18.00  len=263
Ep 1140: R=424.53  C= 29.00  len=278
Ep 1141: R=401.11  C= 20.00  len=264
Ep 1142: R=424.10  C= 20.00  len=278
Ep 1143: R=395.65  C= 20.00  len=263
Ep 1144: R=409.83  C= 43.00  len=270
Ep 1145: R=403.02  C= 42.00  len=266
Ep 1146: R=410.81  C= 22.00  len=271
Ep 1147: R=414.58  C= 27.00  len=272
Ep 1148: R=387.73  C= 23.00  len=258
Ep 1149: R=429.38  C= 32.00  len=281
Ep 1150: R=411.15  C= 57.00  len=272
Ep 1151: R=404.75  C= 20.00  len=266
Ep 1152: R=375.61  C= 10.00  len=253
Ep 1153: R=421.87  C= 29.00  len=277
Ep 1154: R=404.59  C= 20.00  len=266
Ep 1155: R=390.29  C= 12.00  len=262
Ep 1156: R=414.27  C= 20.00  len=272
Ep 1157: R=418.27  C= 22.00  len=274
Ep 1158: R=440.72  C= 21.00  len=292
Ep 1159: R=389.30  C= 12.00  len=262
Ep 1160: R=409.80  C= 52.00  len=271
Ep 1161: R=409.38  C= 56.00  len=271
Ep 1162: R=484.93  C= 13.00  len=335
Ep 1163: R=388.96  C= 14.00  len=261
Ep 1164: R=407.95  C= 30.00  len=273
Ep 1165: R=405.34  C= 57.00  len=266
Ep 1166: R=392.36  C= 12.00  len=263
Ep 1167: R=409.86  C= 55.00  len=272
Ep 1168: R=410.73  C= 57.00  len=272
Ep 1169: R=408.58  C= 56.00  len=270
Ep 1170: R=372.83  C=  8.00  len=251
Ep 1171: R=388.10  C= 11.00  len=262
Ep 1172: R=417.99  C= 19.00  len=275
Ep 1173: R=425.26  C= 28.00  len=279
Ep 1174: R=408.22  C= 56.00  len=267
Ep 1175: R=417.96  C= 22.00  len=274
Ep 1176: R=413.40  C= 19.00  len=272
Ep 1177: R=403.28  C= 51.00  len=267
Ep 1178: R=445.76  C= 30.00  len=292
Ep 1179: R=411.21  C= 21.00  len=271
Ep 1180: R=392.51  C= 14.00  len=262
Ep 1181: R=400.48  C= 14.00  len=271
Ep 1182: R=408.72  C= 52.00  len=271
Ep 1183: R=421.60  C= 19.00  len=277
Ep 1184: R=379.34  C=  6.00  len=259
Ep 1185: R=418.59  C= 21.00  len=275
Ep 1186: R=464.52  C=  7.00  len=322
Ep 1187: R=418.48  C= 21.00  len=275
Ep 1188: R=386.19  C= 10.00  len=260
Ep 1189: R=417.56  C= 23.00  len=274
Ep 1190: R=431.08  C= 26.00  len=282
Ep 1191: R=389.32  C= 13.00  len=260
Ep 1192: R=408.66  C= 20.00  len=271
Ep 1193: R=412.25  C= 58.00  len=271
Ep 1194: R=417.25  C= 42.00  len=275
Ep 1195: R=408.61  C= 59.00  len=267
Ep 1196: R=396.15  C= 17.00  len=262
Ep 1197: R=418.97  C= 20.00  len=276
Ep 1198: R=384.02  C= 12.00  len=260
Ep 1199: R=384.96  C= 19.00  len=257
Ep 1200: R=405.39  C= 12.00  len=269
Ep 1201: R=418.88  C= 27.00  len=275
Ep 1202: R=418.34  C= 22.00  len=274
Ep 1203: R=390.42  C= 12.00  len=261
Ep 1204: R=414.81  C= 22.00  len=273
Ep 1205: R=404.06  C= 20.00  len=266
Ep 1206: R=412.45  C= 20.00  len=272
Ep 1207: R=406.78  C= 55.00  len=267
Ep 1208: R=386.31  C= 20.00  len=258
Ep 1209: R=407.64  C= 58.00  len=268
Ep 1210: R=402.82  C= 51.00  len=265
Ep 1211: R=418.23  C= 22.00  len=274
Ep 1212: R=411.19  C= 18.00  len=272
Ep 1213: R=414.21  C= 19.00  len=272
Ep 1214: R=417.11  C= 21.00  len=275
Ep 1215: R=410.81  C= 21.00  len=271
Ep 1216: R=413.57  C= 20.00  len=274
Ep 1217: R=388.29  C= 11.00  len=262
Ep 1218: R=409.70  C= 43.00  len=271
Ep 1219: R=404.14  C= 35.00  len=268
Ep 1220: R=387.42  C= 12.00  len=262
Ep 1221: R=387.76  C= 12.00  len=259
Ep 1222: R=396.02  C= 13.00  len=264
Ep 1223: R=389.66  C= 12.00  len=261
Ep 1224: R=408.99  C= 42.00  len=272
Ep 1225: R=381.21  C=  8.00  len=261
Ep 1226: R=424.87  C= 35.00  len=278
Ep 1227: R=411.45  C= 58.00  len=271
Ep 1228: R=414.51  C= 19.00  len=273
Ep 1229: R=404.70  C= 54.00  len=267
Ep 1230: R=446.83  C= 34.00  len=294
Ep 1231: R=400.17  C= 36.00  len=264
Ep 1232: R=427.54  C= 32.00  len=280
Ep 1233: R=389.25  C= 11.00  len=261
Ep 1234: R=410.40  C= 58.00  len=270
Ep 1235: R=416.99  C= 21.00  len=274
Ep 1236: R=388.04  C= 11.00  len=261
Ep 1237: R=384.19  C= 22.00  len=257
Ep 1238: R=408.54  C= 53.00  len=269
Ep 1239: R=401.48  C= 22.00  len=264
Ep 1240: R=386.96  C= 28.00  len=258
Ep 1241: R=386.22  C= 11.00  len=260
Ep 1242: R=401.90  C= 37.00  len=266
Ep 1243: R=386.37  C= 10.00  len=261
Ep 1244: R=411.93  C= 20.00  len=272
Ep 1245: R=384.56  C= 12.00  len=259
Ep 1246: R=407.62  C= 54.00  len=269
Ep 1247: R=427.59  C= 20.00  len=280
Ep 1248: R=389.75  C= 12.00  len=262
Ep 1249: R=372.48  C=  9.00  len=251
Ep 1250: R=399.96  C= 14.00  len=270
Ep 1251: R=408.90  C= 44.00  len=271
Ep 1252: R=399.87  C= 13.00  len=266
Ep 1253: R=407.50  C= 56.00  len=268
Ep 1254: R=410.78  C= 19.00  len=272
Ep 1255: R=402.07  C= 36.00  len=266
Ep 1256: R=409.39  C= 21.00  len=270
Ep 1257: R=417.69  C= 22.00  len=274
Ep 1258: R=402.95  C= 47.00  len=266
Ep 1259: R=409.86  C= 56.00  len=269
Ep 1260: R=384.30  C= 11.00  len=261
Ep 1261: R=411.65  C= 44.00  len=272
Ep 1262: R=396.72  C= 15.00  len=264
Ep 1263: R=406.33  C= 19.00  len=267
Ep 1264: R=421.67  C= 21.00  len=277
Ep 1265: R=413.90  C= 19.00  len=274
Ep 1266: R=406.35  C= 57.00  len=266
Ep 1267: R=403.44  C= 14.00  len=272
Ep 1268: R=412.64  C= 58.00  len=272
Ep 1269: R=382.21  C=  9.00  len=260
Ep 1270: R=390.64  C= 11.00  len=262
Ep 1271: R=415.03  C= 22.00  len=273
Ep 1272: R=419.03  C= 23.00  len=276
Ep 1273: R=409.43  C= 20.00  len=270
Ep 1274: R=396.81  C= 29.00  len=263
Ep 1275: R=413.04  C= 19.00  len=273
Ep 1276: R=402.58  C= 53.00  len=266
Ep 1277: R=408.46  C= 52.00  len=270
Ep 1278: R=399.57  C= 21.00  len=265
Ep 1279: R=406.86  C= 55.00  len=268
Ep 1280: R=411.80  C= 58.00  len=271
Ep 1281: R=424.67  C= 32.00  len=278
Ep 1282: R=414.51  C= 20.00  len=274
Ep 1283: R=417.90  C= 20.00  len=276
Ep 1284: R=410.39  C= 58.00  len=270
Ep 1285: R=408.02  C= 20.00  len=269
Ep 1286: R=412.15  C= 24.00  len=271
Ep 1287: R=399.96  C= 19.00  len=264
Ep 1288: R=414.28  C= 20.00  len=272
Ep 1289: R=415.74  C= 24.00  len=273
Ep 1290: R=408.04  C= 56.00  len=269
Ep 1291: R=405.24  C= 53.00  len=268
Ep 1292: R=403.42  C= 50.00  len=266
Ep 1293: R=395.75  C= 17.00  len=262
Ep 1294: R=420.90  C= 22.00  len=276
Ep 1295: R=413.45  C= 20.00  len=273
Ep 1296: R=387.73  C= 12.00  len=260
Ep 1297: R=389.86  C= 12.00  len=262
Ep 1298: R=410.95  C= 58.00  len=268
Ep 1299: R=383.91  C= 12.00  len=260
Ep 1300: R=462.38  C=  8.00  len=322
Ep 1301: R=387.57  C= 13.00  len=260
Ep 1302: R=384.22  C= 10.00  len=259
Ep 1303: R=410.03  C= 58.00  len=269
Ep 1304: R=406.15  C= 55.00  len=268
Ep 1305: R=398.59  C= 13.00  len=271
Ep 1306: R=409.37  C= 47.00  len=270
Ep 1307: R=385.12  C= 10.00  len=260
Ep 1308: R=419.53  C= 22.00  len=279
Ep 1309: R=412.50  C= 18.00  len=273
Ep 1310: R=406.94  C= 38.00  len=269
Ep 1311: R=413.06  C= 30.00  len=273
Ep 1312: R=418.66  C= 19.00  len=276
Ep 1313: R=422.75  C= 30.00  len=277
Ep 1314: R=409.31  C= 58.00  len=271
Ep 1315: R=425.75  C= 21.00  len=280
Ep 1316: R=414.56  C= 21.00  len=273
Ep 1317: R=494.36  C= 18.00  len=334
Ep 1318: R=424.10  C= 22.00  len=278
Ep 1319: R=414.95  C= 24.00  len=272
Ep 1320: R=408.28  C= 57.00  len=268
Ep 1321: R=387.68  C= 18.00  len=259
Ep 1322: R=410.35  C= 55.00  len=271
Ep 1323: R=407.03  C= 56.00  len=269
Ep 1324: R=396.74  C= 13.00  len=265
Ep 1325: R=420.75  C= 25.00  len=276
Ep 1326: R=388.34  C= 12.00  len=261
Ep 1327: R=411.94  C= 20.00  len=273
Ep 1328: R=391.64  C= 13.00  len=262
Ep 1329: R=394.49  C= 13.00  len=264
Ep 1330: R=405.57  C= 21.00  len=266
Ep 1331: R=399.23  C= 16.00  len=265
Ep 1332: R=407.76  C= 18.00  len=269
Ep 1333: R=426.42  C= 34.00  len=279
Ep 1334: R=412.76  C= 56.00  len=273
Ep 1335: R=408.10  C= 57.00  len=269
Ep 1336: R=421.76  C= 27.00  len=277
Ep 1337: R=400.54  C= 20.00  len=264
Ep 1338: R=380.27  C= 11.00  len=255
Ep 1339: R=403.25  C= 18.00  len=266
Ep 1340: R=415.51  C= 20.00  len=273
Ep 1341: R=412.60  C= 19.00  len=271
Ep 1342: R=409.72  C= 18.00  len=271
Ep 1343: R=410.67  C= 58.00  len=269
Ep 1344: R=388.27  C= 26.00  len=258
Ep 1345: R=386.30  C= 12.00  len=261
Ep 1346: R=405.76  C= 52.00  len=267
Ep 1347: R=415.18  C= 20.00  len=274
Ep 1348: R=411.46  C= 57.00  len=272
Ep 1349: R=407.47  C= 18.00  len=271
Ep 1350: R=402.14  C= 13.00  len=268
Ep 1351: R=388.61  C= 12.00  len=261
Ep 1352: R=410.88  C= 57.00  len=271
Ep 1353: R=419.61  C= 19.00  len=277
Ep 1354: R=396.30  C= 13.00  len=265
Ep 1355: R=412.60  C= 51.00  len=273
Ep 1356: R=407.51  C= 19.00  len=269
Ep 1357: R=417.07  C= 22.00  len=274
Ep 1358: R=405.29  C= 18.00  len=269
Ep 1359: R=409.14  C= 51.00  len=270
Ep 1360: R=377.59  C=  6.00  len=258
Ep 1361: R=417.50  C= 21.00  len=275
Ep 1362: R=318.54  C=  9.00  len=218
Ep 1363: R=402.50  C= 52.00  len=265
Ep 1364: R=420.09  C= 27.00  len=276
Ep 1365: R=413.18  C= 30.00  len=272
Ep 1366: R=416.62  C= 21.00  len=273
Ep 1367: R=400.14  C= 40.00  len=265
Ep 1368: R=405.62  C= 43.00  len=268
Ep 1369: R=396.38  C= 25.00  len=263
Ep 1370: R=401.72  C= 33.00  len=266
Ep 1371: R=412.34  C= 20.00  len=272
Ep 1372: R=384.74  C= 19.00  len=257
Ep 1373: R=389.96  C= 14.00  len=261
Ep 1374: R=412.80  C= 19.00  len=273
Ep 1375: R=408.38  C= 54.00  len=271
Ep 1376: R=409.71  C= 20.00  len=271
Ep 1377: R=413.84  C= 18.00  len=274
Ep 1378: R=385.77  C= 11.00  len=261
Ep 1379: R=411.65  C= 21.00  len=271
Ep 1380: R=425.39  C= 23.00  len=279
Ep 1381: R=401.84  C= 42.00  len=266
Ep 1382: R=409.30  C= 44.00  len=270
Ep 1383: R=390.53  C= 13.00  len=261
Ep 1384: R=412.67  C= 17.00  len=273
Ep 1385: R=426.71  C= 23.00  len=279
Ep 1386: R=426.92  C= 20.00  len=280
Ep 1387: R=390.15  C= 13.00  len=260
Ep 1388: R=411.44  C= 58.00  len=271
Ep 1389: R=410.12  C= 58.00  len=271
Ep 1390: R=417.84  C= 28.00  len=274
Ep 1391: R=395.20  C= 13.00  len=264
Ep 1392: R=406.95  C= 20.00  len=268
Ep 1393: R=411.81  C= 19.00  len=272
Ep 1394: R=409.11  C= 25.00  len=270
Ep 1395: R=386.12  C= 11.00  len=262
Ep 1396: R=412.38  C= 56.00  len=273
Ep 1397: R=420.42  C= 21.00  len=277
Ep 1398: R=389.23  C= 12.00  len=260
Ep 1399: R=422.60  C= 21.00  len=277
Ep 1400: R=388.87  C= 11.00  len=261
Ep 1401: R=412.79  C= 21.00  len=273
Ep 1402: R=409.91  C= 59.00  len=267
Ep 1403: R=428.29  C= 29.00  len=280
Ep 1404: R=419.93  C= 23.00  len=275
Ep 1405: R=410.12  C= 61.00  len=268
Ep 1406: R=415.35  C= 21.00  len=274
Ep 1407: R=400.47  C= 31.00  len=266
Ep 1408: R=420.48  C= 26.00  len=276
Ep 1409: R=384.17  C= 10.00  len=261
Ep 1410: R=412.15  C= 20.00  len=273
Ep 1411: R=427.76  C= 29.00  len=280
Ep 1412: R=386.93  C= 12.00  len=259
Ep 1413: R=395.26  C= 29.00  len=263
Ep 1414: R=427.48  C= 25.00  len=279
Ep 1415: R=412.88  C= 22.00  len=273
Ep 1416: R=407.56  C= 58.00  len=266
Ep 1417: R=415.79  C= 27.00  len=273
Ep 1418: R=390.32  C= 12.00  len=261
Ep 1419: R=418.43  C= 25.00  len=275
Ep 1420: R=417.72  C= 27.00  len=273
Ep 1421: R=388.06  C= 11.00  len=263
Ep 1422: R=419.24  C= 22.00  len=275
Ep 1423: R=416.25  C= 38.00  len=274
Ep 1424: R=407.58  C= 21.00  len=268
Ep 1425: R=384.31  C= 10.00  len=261
Ep 1426: R=408.75  C= 19.00  len=270
Ep 1427: R=416.89  C= 23.00  len=274
Ep 1428: R=391.54  C= 14.00  len=263
Ep 1429: R=402.58  C= 22.00  len=267
Ep 1430: R=419.87  C= 20.00  len=276
Ep 1431: R=408.69  C= 43.00  len=270
Ep 1432: R=408.88  C= 44.00  len=270
Ep 1433: R=421.50  C= 20.00  len=277
Ep 1434: R=390.55  C= 11.00  len=262
Ep 1435: R=420.12  C= 21.00  len=276
Ep 1436: R=385.03  C= 13.00  len=257
Ep 1437: R=384.78  C= 11.00  len=260
Ep 1438: R=384.06  C= 10.00  len=259
Ep 1439: R=382.05  C=  9.00  len=261
Ep 1440: R=419.73  C= 28.00  len=275
Ep 1441: R=398.46  C= 12.00  len=266
Ep 1442: R=409.01  C= 14.00  len=271
Ep 1443: R=429.91  C= 21.00  len=281
Ep 1444: R=378.95  C=  9.00  len=255
Ep 1445: R=384.74  C= 11.00  len=260
Ep 1446: R=387.96  C= 12.00  len=260
Ep 1447: R=419.01  C= 22.00  len=275
Ep 1448: R=392.15  C= 13.00  len=262
Ep 1449: R=386.58  C= 10.00  len=261
Ep 1450: R=394.44  C= 13.00  len=264
Ep 1451: R=419.57  C= 22.00  len=276
Ep 1452: R=381.86  C= 11.00  len=258
Ep 1453: R=407.32  C= 50.00  len=270
Ep 1454: R=402.16  C= 35.00  len=266
Ep 1455: R=390.64  C= 25.00  len=260
Ep 1456: R=381.32  C= 11.00  len=257
Ep 1457: R=389.44  C= 12.00  len=261
Ep 1458: R=406.96  C= 38.00  len=269
Ep 1459: R=410.77  C= 19.00  len=272
Ep 1460: R=410.92  C= 49.00  len=273
Ep 1461: R=411.21  C= 22.00  len=271
Ep 1462: R=420.72  C= 23.00  len=276
Ep 1463: R=397.04  C= 34.00  len=264
Ep 1464: R=405.00  C= 18.00  len=269
Ep 1465: R=418.58  C= 22.00  len=275
Ep 1466: R=398.24  C= 28.00  len=264
Ep 1467: R=379.72  C=  9.00  len=257
Ep 1468: R=424.37  C= 25.00  len=278
Ep 1469: R=378.37  C=  6.00  len=258
Ep 1470: R=389.53  C= 13.00  len=261
Ep 1471: R=405.00  C= 21.00  len=266
Ep 1472: R=406.96  C= 13.00  len=270
Ep 1473: R=402.06  C= 20.00  len=264
Ep 1474: R=391.28  C= 14.00  len=261
Ep 1475: R=405.50  C= 19.00  len=268
Ep 1476: R=383.37  C= 10.00  len=259
Ep 1477: R=407.22  C= 30.00  len=271
Ep 1478: R=411.62  C= 22.00  len=271
Ep 1479: R=395.56  C= 13.00  len=265
Ep 1480: R=412.03  C= 21.00  len=272
Ep 1481: R=411.57  C= 58.00  len=270
Ep 1482: R=385.78  C= 12.00  len=259
Ep 1483: R=406.08  C= 20.00  len=268
Ep 1484: R=400.24  C= 12.00  len=266
Ep 1485: R=396.20  C= 32.00  len=264
Ep 1486: R=465.85  C=  7.00  len=324
Ep 1487: R=386.57  C= 12.00  len=260
Ep 1488: R=390.24  C= 13.00  len=261
Ep 1489: R=401.26  C= 25.00  len=266
Ep 1490: R=427.55  C= 21.00  len=281
Ep 1491: R=387.01  C= 12.00  len=261
Ep 1492: R=412.02  C= 23.00  len=271
Ep 1493: R=388.76  C= 11.00  len=262
Ep 1494: R=422.92  C= 32.00  len=277
Ep 1495: R=393.17  C= 25.00  len=262
Ep 1496: R=417.96  C= 20.00  len=274
Ep 1497: R=419.64  C= 21.00  len=275
Ep 1498: R=407.95  C= 57.00  len=269
Ep 1499: R=418.24  C= 22.00  len=274
Ep 1500: R=423.79  C= 40.00  len=279
Ep 1501: R=388.08  C= 12.00  len=260
Ep 1502: R=409.98  C= 53.00  len=271
Ep 1503: R=392.45  C= 12.00  len=263
Ep 1504: R=421.63  C= 28.00  len=276
Ep 1505: R=415.92  C= 18.00  len=275
Ep 1506: R=416.57  C= 20.00  len=275
Ep 1507: R=412.17  C= 55.00  len=272
Ep 1508: R=388.48  C= 12.00  len=260
Ep 1509: R=408.05  C= 57.00  len=267
Ep 1510: R=392.12  C= 12.00  len=263
Ep 1511: R=421.34  C= 21.00  len=277
Ep 1512: R=420.23  C= 22.00  len=276
Ep 1513: R=409.16  C= 20.00  len=269
Ep 1514: R=408.13  C= 57.00  len=267
Ep 1515: R=389.91  C= 12.00  len=262
Ep 1516: R=415.71  C= 20.00  len=273
Ep 1517: R=415.83  C= 20.00  len=274
Ep 1518: R=409.93  C= 47.00  len=272
Ep 1519: R=399.78  C= 19.00  len=263
Ep 1520: R=408.21  C= 57.00  len=269
Ep 1521: R=406.98  C= 56.00  len=267
Ep 1522: R=408.33  C= 56.00  len=270
Ep 1523: R=396.53  C= 14.00  len=264
Ep 1524: R=414.71  C= 21.00  len=273
Ep 1525: R=406.92  C= 46.00  len=268
Ep 1526: R=388.25  C= 12.00  len=263
Ep 1527: R=418.43  C= 23.00  len=274
Ep 1528: R=389.87  C= 12.00  len=262
Ep 1529: R=401.28  C= 46.00  len=266
Ep 1530: R=409.78  C= 41.00  len=270
Ep 1531: R=405.54  C= 57.00  len=266
Ep 1532: R=409.20  C= 24.00  len=269
Ep 1533: R=410.70  C= 20.00  len=272
Ep 1534: R=385.92  C= 11.00  len=260
Ep 1535: R=389.31  C= 19.00  len=260
Ep 1536: R=412.84  C= 18.00  len=273
Ep 1537: R=421.51  C= 20.00  len=277
Ep 1538: R=384.59  C= 11.00  len=260
Ep 1539: R=408.81  C= 54.00  len=270
Ep 1540: R=420.22  C= 23.00  len=275
Ep 1541: R=418.36  C= 20.00  len=275
Ep 1542: R=387.09  C= 12.00  len=262
Ep 1543: R=409.74  C= 58.00  len=268
Ep 1544: R=390.36  C= 22.00  len=260
Ep 1545: R=446.08  C= 40.00  len=292
Ep 1546: R=407.61  C= 19.00  len=269
Ep 1547: R=384.86  C= 11.00  len=260
Ep 1548: R=409.42  C= 54.00  len=270
Ep 1549: R=410.68  C= 58.00  len=270
Ep 1550: R=430.39  C= 20.00  len=282
Ep 1551: R=427.60  C= 22.00  len=280
Ep 1552: R=386.25  C= 10.00  len=260
Ep 1553: R=403.35  C= 52.00  len=267
Ep 1554: R=420.64  C= 24.00  len=276
Ep 1555: R=395.39  C= 12.00  len=265
Ep 1556: R=381.96  C= 10.00  len=259
Ep 1557: R=405.08  C= 49.00  len=268
Ep 1558: R=415.53  C= 21.00  len=273
Ep 1559: R=391.00  C= 12.00  len=262
Ep 1560: R=382.03  C= 10.00  len=259
Ep 1561: R=412.84  C= 58.00  len=271
Ep 1562: R=389.48  C= 12.00  len=261
Ep 1563: R=390.86  C= 35.00  len=260
Ep 1564: R=390.19  C= 23.00  len=260
Ep 1565: R=384.20  C= 11.00  len=260
Ep 1566: R=420.34  C= 20.00  len=276
Ep 1567: R=416.90  C= 44.00  len=274
Ep 1568: R=425.31  C= 23.00  len=278
Ep 1569: R=409.26  C= 57.00  len=270
Ep 1570: R=403.76  C= 55.00  len=265
Ep 1571: R=406.72  C= 19.00  len=269
Ep 1572: R=423.27  C= 21.00  len=278
Ep 1573: R=415.56  C= 20.00  len=272
Ep 1574: R=402.34  C= 39.00  len=266
Ep 1575: R=411.12  C= 41.00  len=273
Ep 1576: R=385.73  C= 10.00  len=259
Ep 1577: R=424.13  C= 23.00  len=278
Ep 1578: R=414.27  C= 21.00  len=273
Ep 1579: R=418.88  C= 23.00  len=275
Ep 1580: R=401.97  C= 14.00  len=272
Ep 1581: R=402.32  C= 20.00  len=265
Ep 1582: R=419.13  C= 22.00  len=275
Ep 1583: R=427.47  C= 27.00  len=280
Ep 1584: R=421.50  C= 25.00  len=276
Ep 1585: R=409.88  C= 57.00  len=270
Ep 1586: R=423.49  C= 33.00  len=277
Ep 1587: R=421.78  C= 21.00  len=277
Ep 1588: R=387.10  C= 11.00  len=261
Ep 1589: R=493.72  C= 19.00  len=331
Ep 1590: R=405.56  C= 22.00  len=267
Ep 1591: R=408.53  C= 51.00  len=272
Ep 1592: R=418.85  C= 19.00  len=276
Ep 1593: R=383.11  C= 11.00  len=259
Ep 1594: R=439.28  C= 21.00  len=292
Ep 1595: R=421.52  C= 20.00  len=277
Ep 1596: R=389.53  C= 14.00  len=261
Ep 1597: R=412.25  C= 19.00  len=272
Ep 1598: R=411.60  C= 27.00  len=272
Ep 1599: R=405.98  C= 55.00  len=267
Ep 1600: R=388.57  C= 13.00  len=267
Ep 1601: R=421.75  C= 20.00  len=278
Ep 1602: R=409.70  C= 58.00  len=270
Ep 1603: R=429.79  C= 29.00  len=280
Ep 1604: R=421.74  C= 23.00  len=277
Ep 1605: R=411.67  C= 21.00  len=272
Ep 1606: R=386.41  C= 10.00  len=261
Ep 1607: R=419.02  C= 20.00  len=276
Ep 1608: R=419.51  C= 22.00  len=277
Ep 1609: R=388.61  C= 13.00  len=261
Ep 1610: R=392.10  C= 12.00  len=263
Ep 1611: R=408.11  C= 55.00  len=270
Ep 1612: R=411.55  C= 18.00  len=272
Ep 1613: R=381.01  C= 10.00  len=259
Ep 1614: R=389.04  C= 12.00  len=261
Ep 1615: R=418.36  C= 23.00  len=274
Ep 1616: R=398.58  C= 12.00  len=265
Ep 1617: R=410.80  C= 58.00  len=270
Ep 1618: R=387.41  C= 23.00  len=258
Ep 1619: R=410.41  C= 43.00  len=272
Ep 1620: R=394.80  C= 12.00  len=263
Ep 1621: R=392.69  C= 22.00  len=262
Ep 1622: R=413.79  C= 19.00  len=274
Ep 1623: R=413.50  C= 20.00  len=273
Ep 1624: R=423.23  C= 23.00  len=278
Ep 1625: R=421.18  C= 23.00  len=277
Ep 1626: R=392.67  C= 29.00  len=260
Ep 1627: R=417.39  C= 22.00  len=274
Ep 1628: R=408.48  C= 53.00  len=270
Ep 1629: R=417.65  C= 23.00  len=274
Ep 1630: R=408.43  C= 55.00  len=269
Ep 1631: R=429.58  C= 20.00  len=281
Ep 1632: R=401.51  C= 41.00  len=265
Ep 1633: R=416.44  C= 23.00  len=273
Ep 1634: R=414.11  C= 19.00  len=274
Ep 1635: R=408.72  C= 17.00  len=270
Ep 1636: R=421.26  C= 22.00  len=277
Ep 1637: R=422.09  C= 29.00  len=276
Ep 1638: R=409.22  C= 57.00  len=269
Ep 1639: R=411.65  C= 22.00  len=271
Ep 1640: R=426.05  C= 25.00  len=279
Ep 1641: R=374.77  C=  9.00  len=253
Ep 1642: R=407.01  C= 41.00  len=270
Ep 1643: R=394.45  C= 14.00  len=264
Ep 1644: R=403.12  C= 35.00  len=267
Ep 1645: R=390.59  C= 14.00  len=261
Ep 1646: R=408.14  C= 47.00  len=272
Ep 1647: R=422.85  C= 24.00  len=277
Ep 1648: R=381.54  C= 11.00  len=258
Ep 1649: R=418.00  C= 22.00  len=274
Ep 1650: R=411.45  C= 58.00  len=271
Ep 1651: R=406.11  C= 57.00  len=266
Ep 1652: R=388.31  C= 13.00  len=260
Ep 1653: R=421.16  C= 21.00  len=276
Ep 1654: R=404.89  C= 48.00  len=267
Ep 1655: R=528.11  C= 80.00  len=342
Ep 1656: R=419.50  C= 21.00  len=275
Ep 1657: R=390.25  C= 12.00  len=262
Ep 1658: R=405.49  C= 18.00  len=268
Ep 1659: R=404.87  C= 50.00  len=267
Ep 1660: R=412.33  C= 19.00  len=273
Ep 1661: R=412.47  C= 22.00  len=272
Ep 1662: R=413.17  C= 19.00  len=273
Ep 1663: R=414.65  C= 19.00  len=274
Ep 1664: R=417.12  C= 35.00  len=275
Ep 1665: R=387.86  C= 12.00  len=260
Ep 1666: R=408.39  C= 59.00  len=266
Ep 1667: R=386.48  C= 10.00  len=261
Ep 1668: R=417.21  C= 20.00  len=274
Ep 1669: R=388.13  C= 12.00  len=266
Ep 1670: R=398.07  C= 30.00  len=264
Ep 1671: R=418.08  C= 20.00  len=274
Ep 1672: R=389.19  C= 14.00  len=261
Ep 1673: R=410.47  C= 39.00  len=274
Ep 1674: R=404.52  C= 53.00  len=267
Ep 1675: R=401.69  C= 13.00  len=267
Ep 1676: R=417.34  C= 22.00  len=275
Ep 1677: R=407.97  C= 23.00  len=268
Ep 1678: R=384.69  C= 10.00  len=259
Ep 1679: R=384.65  C= 10.00  len=259
Ep 1680: R=420.44  C= 27.00  len=275
Ep 1681: R=420.93  C= 35.00  len=279
Ep 1682: R=425.03  C= 21.00  len=278
Ep 1683: R=403.87  C= 50.00  len=266
Ep 1684: R=419.79  C= 22.00  len=276
Ep 1685: R=410.61  C= 57.00  len=270
Ep 1686: R=405.08  C= 21.00  len=266
Ep 1687: R=408.72  C= 57.00  len=268
Ep 1688: R=410.58  C= 57.00  len=270
Ep 1689: R=409.79  C= 18.00  len=272
Ep 1690: R=384.77  C= 19.00  len=257
Ep 1691: R=409.86  C= 56.00  len=272
Ep 1692: R=411.36  C= 55.00  len=272
Ep 1693: R=401.96  C= 20.00  len=264
Ep 1694: R=373.87  C= 10.00  len=251
Ep 1695: R=411.69  C= 17.00  len=273
Ep 1696: R=411.44  C= 19.00  len=273
Ep 1697: R=411.00  C= 58.00  len=270
Ep 1698: R=417.27  C= 20.00  len=274
Ep 1699: R=425.27  C= 22.00  len=279
Ep 1700: R=418.01  C= 21.00  len=276
Ep 1701: R=406.81  C= 56.00  len=267
Ep 1702: R=410.95  C= 60.00  len=267
Ep 1703: R=423.03  C= 20.00  len=278
Ep 1704: R=409.32  C= 59.00  len=268
Ep 1705: R=377.87  C=  7.00  len=258
Ep 1706: R=414.57  C= 21.00  len=273
Ep 1707: R=397.87  C= 23.00  len=264
Ep 1708: R=390.71  C= 12.00  len=262
Ep 1709: R=407.52  C= 54.00  len=268
Ep 1710: R=410.67  C= 22.00  len=270
Ep 1711: R=410.08  C= 59.00  len=270
Ep 1712: R=410.91  C= 59.00  len=270
Ep 1713: R=407.54  C= 20.00  len=269
Ep 1714: R=508.23  C= 44.00  len=337
Ep 1715: R=424.08  C= 25.00  len=278
Ep 1716: R=404.02  C= 13.00  len=268
Ep 1717: R=413.99  C= 22.00  len=273
Ep 1718: R=430.94  C= 23.00  len=283
Ep 1719: R=395.09  C= 13.00  len=264
Ep 1720: R=409.31  C= 50.00  len=271
Ep 1721: R=422.30  C= 27.00  len=277
Ep 1722: R=401.74  C= 19.00  len=265
Ep 1723: R=400.07  C= 21.00  len=266
Ep 1724: R=390.92  C= 12.00  len=262
Ep 1725: R=392.31  C= 13.00  len=262
Ep 1726: R=384.08  C= 13.00  len=256
Ep 1727: R=424.06  C= 21.00  len=278
Ep 1728: R=388.76  C= 13.00  len=260
Ep 1729: R=423.86  C= 35.00  len=277
Ep 1730: R=409.39  C= 57.00  len=268
Ep 1731: R=418.61  C= 34.00  len=278
Ep 1732: R=414.60  C= 18.00  len=274
Ep 1733: R=398.07  C= 11.00  len=266
Ep 1734: R=394.28  C= 13.00  len=264
Ep 1735: R=415.23  C= 21.00  len=274
Ep 1736: R=402.28  C= 54.00  len=264
Ep 1737: R=415.74  C= 20.00  len=273
Ep 1738: R=468.49  C=  9.00  len=324
Ep 1739: R=396.04  C= 14.00  len=265
Ep 1740: R=405.67  C= 55.00  len=268
Ep 1741: R=405.12  C= 19.00  len=267
Ep 1742: R=397.35  C= 12.00  len=265
Ep 1743: R=414.19  C= 53.00  len=274
Ep 1744: R=419.40  C= 19.00  len=276
Ep 1745: R=409.29  C= 19.00  len=270
Ep 1746: R=406.10  C= 18.00  len=269
Ep 1747: R=388.50  C= 10.00  len=263
Ep 1748: R=413.50  C= 19.00  len=273
Ep 1749: R=402.87  C= 53.00  len=266
Ep 1750: R=393.62  C= 19.00  len=262
Ep 1751: R=402.87  C= 40.00  len=266
Ep 1752: R=395.91  C= 12.00  len=264
Ep 1753: R=415.55  C= 21.00  len=273
Ep 1754: R=419.24  C= 26.00  len=275
Ep 1755: R=417.13  C= 23.00  len=274
Ep 1756: R=415.57  C= 22.00  len=273
Ep 1757: R=387.60  C= 13.00  len=259
Ep 1758: R=391.86  C= 13.00  len=262
Ep 1759: R=404.55  C= 21.00  len=267
Ep 1760: R=442.84  C= 32.00  len=290
Ep 1761: R=395.21  C= 13.00  len=265
Ep 1762: R=385.37  C= 12.00  len=257
Ep 1763: R=391.29  C= 14.00  len=261
Ep 1764: R=406.86  C= 56.00  len=267
Ep 1765: R=420.67  C= 33.00  len=279
Ep 1766: R=426.09  C= 20.00  len=279
Ep 1767: R=388.83  C= 10.00  len=261
Ep 1768: R=414.34  C= 21.00  len=273
Ep 1769: R=386.81  C= 12.00  len=260
Ep 1770: R=406.91  C= 55.00  len=268
Ep 1771: R=412.97  C= 18.00  len=273
Ep 1772: R=418.99  C= 26.00  len=275
Ep 1773: R=419.10  C= 22.00  len=275
Ep 1774: R=401.24  C= 40.00  len=265
Ep 1775: R=398.89  C= 29.00  len=264
Ep 1776: R=408.24  C= 55.00  len=270
Ep 1777: R=426.54  C= 26.00  len=279
Ep 1778: R=408.75  C= 20.00  len=270
Ep 1779: R=419.61  C= 21.00  len=276
Ep 1780: R=417.58  C= 22.00  len=274
Ep 1781: R=407.65  C= 57.00  len=267
Ep 1782: R=410.50  C= 58.00  len=271
Ep 1783: R=418.60  C= 23.00  len=275
Ep 1784: R=416.88  C= 22.00  len=274
Ep 1785: R=395.61  C= 13.00  len=264
Ep 1786: R=415.37  C= 60.00  len=273
Ep 1787: R=422.48  C= 20.00  len=278
Ep 1788: R=418.57  C= 20.00  len=276
Ep 1789: R=405.74  C= 33.00  len=268
Ep 1790: R=412.90  C= 59.00  len=270
Ep 1791: R=400.34  C= 17.00  len=265
Ep 1792: R=414.89  C= 23.00  len=272
Ep 1793: R=388.88  C= 11.00  len=261
Ep 1794: R=392.20  C= 12.00  len=263
Ep 1795: R=407.09  C= 54.00  len=268
Ep 1796: R=413.50  C= 19.00  len=272
Ep 1797: R=388.39  C= 14.00  len=260
Ep 1798: R=411.66  C= 19.00  len=272
Ep 1799: R=422.66  C= 21.00  len=277
Ep 1800: R=395.60  C= 34.00  len=263
Ep 1801: R=406.37  C= 56.00  len=266
Ep 1802: R=419.18  C= 20.00  len=276
Ep 1803: R=386.28  C= 10.00  len=261
Ep 1804: R=404.90  C= 56.00  len=266
Ep 1805: R=388.84  C= 12.00  len=260
Ep 1806: R=407.18  C= 56.00  len=268
Ep 1807: R=410.60  C= 58.00  len=269
Ep 1808: R=425.21  C= 19.00  len=279
Ep 1809: R=407.32  C= 42.00  len=270
Ep 1810: R=409.33  C= 53.00  len=271
Ep 1811: R=393.00  C= 39.00  len=261
Ep 1812: R=411.57  C= 19.00  len=272
Ep 1813: R=406.93  C= 54.00  len=268
Ep 1814: R=417.28  C= 22.00  len=274
Ep 1815: R=425.47  C= 24.00  len=278
Ep 1816: R=406.97  C= 53.00  len=269
Ep 1817: R=401.65  C= 14.00  len=270
Ep 1818: R=400.27  C= 20.00  len=263
Ep 1819: R=402.93  C= 20.00  len=265
Ep 1820: R=432.48  C= 34.00  len=282
Ep 1821: R=411.18  C= 56.00  len=272
Ep 1822: R=401.78  C= 13.00  len=268
Ep 1823: R=430.52  C= 21.00  len=282
Ep 1824: R=400.38  C= 21.00  len=267
Ep 1825: R=389.41  C= 12.00  len=261
Ep 1826: R=416.96  C= 34.00  len=275
Ep 1827: R=397.26  C= 18.00  len=263
Ep 1828: R=428.87  C= 23.00  len=281
Ep 1829: R=407.71  C= 57.00  len=265
Ep 1830: R=410.81  C= 58.00  len=269
Ep 1831: R=412.24  C= 21.00  len=272
Ep 1832: R=416.44  C= 22.00  len=274
Ep 1833: R=410.09  C= 58.00  len=270
Ep 1834: R=408.55  C= 51.00  len=271
Ep 1835: R=392.41  C= 12.00  len=263
Ep 1836: R=409.26  C= 38.00  len=271
Ep 1837: R=392.41  C= 12.00  len=264
Ep 1838: R=384.42  C= 12.00  len=260
Ep 1839: R=428.82  C= 21.00  len=280
Ep 1840: R=409.02  C= 19.00  len=270
Ep 1841: R=428.69  C= 30.00  len=281
Ep 1842: R=390.72  C= 12.00  len=262
Ep 1843: R=387.52  C= 12.00  len=260
Ep 1844: R=420.32  C= 20.00  len=277
Ep 1845: R=416.54  C= 28.00  len=276
Ep 1846: R=384.82  C= 12.00  len=259
Ep 1847: R=394.87  C= 13.00  len=264
Ep 1848: R=407.87  C= 49.00  len=270
Ep 1849: R=416.22  C= 24.00  len=274
Ep 1850: R=407.00  C= 48.00  len=271
Ep 1851: R=407.30  C= 21.00  len=268
Ep 1852: R=389.88  C= 13.00  len=261
Ep 1853: R=414.01  C= 61.00  len=269
Ep 1854: R=387.53  C= 10.00  len=261
Ep 1855: R=390.65  C= 21.00  len=261
Ep 1856: R=400.11  C= 20.00  len=264
Ep 1857: R=408.18  C= 57.00  len=267
Ep 1858: R=411.26  C= 58.00  len=272
Ep 1859: R=429.47  C= 33.00  len=281
Ep 1860: R=390.70  C= 13.00  len=264
Ep 1861: R=416.89  C= 37.00  len=275
Ep 1862: R=407.71  C= 52.00  len=270
Ep 1863: R=406.00  C= 19.00  len=267
Ep 1864: R=412.83  C= 20.00  len=273
Ep 1865: R=421.26  C= 22.00  len=277
Ep 1866: R=412.98  C= 19.00  len=273
Ep 1867: R=410.32  C= 57.00  len=270
Ep 1868: R=408.54  C= 41.00  len=272
Ep 1869: R=393.13  C= 23.00  len=262
Ep 1870: R=408.22  C= 57.00  len=266
Ep 1871: R=419.83  C= 27.00  len=275
Ep 1872: R=388.19  C= 22.00  len=259
Ep 1873: R=390.75  C= 12.00  len=262
Ep 1874: R=404.73  C= 51.00  len=267
Ep 1875: R=419.97  C= 20.00  len=277
Ep 1876: R=407.77  C= 44.00  len=269
Ep 1877: R=416.59  C= 23.00  len=274
Ep 1878: R=404.90  C= 12.00  len=269
Ep 1879: R=411.60  C= 18.00  len=272
Ep 1880: R=408.44  C= 57.00  len=268
Ep 1881: R=407.24  C= 54.00  len=268
Ep 1882: R=374.56  C=  9.00  len=252
Ep 1883: R=436.56  C= 35.00  len=284
Ep 1884: R=401.42  C= 20.00  len=264
Ep 1885: R=411.33  C= 27.00  len=272
Ep 1886: R=405.07  C= 55.00  len=266
Ep 1887: R=407.26  C= 12.00  len=271
Ep 1888: R=398.05  C= 13.00  len=270
Ep 1889: R=419.45  C= 20.00  len=277
Ep 1890: R=428.09  C= 22.00  len=281
Ep 1891: R=509.47  C= 64.00  len=334
Ep 1892: R=400.06  C= 14.00  len=271
Ep 1893: R=405.06  C= 13.00  len=269
Ep 1894: R=391.36  C= 21.00  len=261
Ep 1895: R=389.23  C= 12.00  len=261
Ep 1896: R=390.06  C= 12.00  len=262
Ep 1897: R=388.03  C= 14.00  len=259
Ep 1898: R=411.93  C= 56.00  len=272
Ep 1899: R=381.73  C=  8.00  len=260
Ep 1900: R=416.72  C= 39.00  len=275
Ep 1901: R=401.78  C= 48.00  len=265
Ep 1902: R=399.27  C= 22.00  len=265
Ep 1903: R=409.96  C= 58.00  len=267
Ep 1904: R=387.68  C= 10.00  len=261
Ep 1905: R=416.85  C= 25.00  len=273
Ep 1906: R=407.91  C= 57.00  len=267
Ep 1907: R=378.56  C=  8.00  len=259
Ep 1908: R=417.79  C= 20.00  len=275
Ep 1909: R=379.31  C=  7.00  len=259
Ep 1910: R=419.96  C= 21.00  len=276
Ep 1911: R=405.57  C= 18.00  len=268
Ep 1912: R=405.07  C= 52.00  len=267
Ep 1913: R=446.62  C= 51.00  len=291
Ep 1914: R=389.22  C= 12.00  len=261
Ep 1915: R=387.56  C= 12.00  len=261
Ep 1916: R=406.94  C= 20.00  len=269
Ep 1917: R=408.50  C= 58.00  len=268
Ep 1918: R=410.62  C= 19.00  len=270
Ep 1919: R=395.56  C= 14.00  len=264
Ep 1920: R=404.36  C= 41.00  len=268
Ep 1921: R=384.88  C= 12.00  len=260
Ep 1922: R=403.59  C= 12.00  len=268
Ep 1923: R=407.02  C= 57.00  len=267
Ep 1924: R=414.06  C= 59.00  len=271
Ep 1925: R=380.52  C=  8.00  len=259
Ep 1926: R=420.24  C= 21.00  len=276
Ep 1927: R=412.45  C= 59.00  len=271
Ep 1928: R=414.61  C= 20.00  len=274
Ep 1929: R=418.74  C= 16.00  len=279
Ep 1930: R=406.23  C= 56.00  len=267
Ep 1931: R=402.94  C= 42.00  len=266
Ep 1932: R=407.35  C= 59.00  len=267
Ep 1933: R=409.85  C= 57.00  len=269
Ep 1934: R=420.42  C= 24.00  len=276
Ep 1935: R=400.83  C= 39.00  len=266
Ep 1936: R=409.71  C= 21.00  len=270
Ep 1937: R=443.21  C= 36.00  len=290
Ep 1938: R=409.04  C= 44.00  len=271
Ep 1939: R=424.65  C= 29.00  len=278
Ep 1940: R=382.73  C= 11.00  len=259
Ep 1941: R=507.22  C= 45.00  len=336
Ep 1942: R=391.64  C= 13.00  len=265
Ep 1943: R=426.90  C= 28.00  len=280
Ep 1944: R=406.66  C= 57.00  len=267
Ep 1945: R=395.95  C= 14.00  len=264
Ep 1946: R=394.25  C= 14.00  len=263
Ep 1947: R=391.32  C= 13.00  len=262
Ep 1948: R=414.27  C= 19.00  len=273
Ep 1949: R=386.41  C= 10.00  len=259
Ep 1950: R=389.99  C= 31.00  len=260
Ep 1951: R=417.43  C= 23.00  len=274
Ep 1952: R=386.08  C= 11.00  len=262
Ep 1953: R=381.63  C=  9.00  len=259
Ep 1954: R=394.78  C= 17.00  len=263
Ep 1955: R=392.11  C= 13.00  len=262
Ep 1956: R=384.33  C= 10.00  len=259
Ep 1957: R=390.34  C= 14.00  len=261
Ep 1958: R=396.27  C= 14.00  len=270
Ep 1959: R=407.49  C= 55.00  len=269
Ep 1960: R=401.79  C= 19.00  len=265
Ep 1961: R=413.19  C= 19.00  len=273
Ep 1962: R=406.92  C= 56.00  len=266
Ep 1963: R=411.95  C= 58.00  len=272
Ep 1964: R=407.05  C= 19.00  len=269
Ep 1965: R=399.03  C= 40.00  len=264
Ep 1966: R=388.12  C= 11.00  len=263
Ep 1967: R=410.07  C= 20.00  len=271
Ep 1968: R=417.27  C= 33.00  len=276
Ep 1969: R=382.85  C= 10.00  len=260
Ep 1970: R=386.60  C= 11.00  len=260
Ep 1971: R=410.70  C= 38.00  len=271
Ep 1972: R=443.88  C= 24.00  len=293
Ep 1973: R=410.08  C= 57.00  len=268
Ep 1974: R=396.11  C= 26.00  len=263
Ep 1975: R=443.41  C= 21.00  len=293
Ep 1976: R=389.46  C= 11.00  len=262
Ep 1977: R=485.30  C= 17.00  len=336
Ep 1978: R=380.70  C=  8.00  len=259
Ep 1979: R=417.57  C= 22.00  len=274
Ep 1980: R=407.18  C= 52.00  len=268
Ep 1981: R=466.05  C=  7.00  len=324
Ep 1982: R=389.45  C= 12.00  len=261
Ep 1983: R=404.90  C= 13.00  len=268
Ep 1984: R=405.60  C= 19.00  len=269
Ep 1985: R=445.39  C= 23.00  len=293
Ep 1986: R=391.04  C= 14.00  len=261
Ep 1987: R=412.91  C= 19.00  len=273
Ep 1988: R=408.40  C= 58.00  len=268
Ep 1989: R=390.76  C= 14.00  len=261
Ep 1990: R=382.41  C=  9.00  len=260
Ep 1991: R=384.64  C= 10.00  len=259
Ep 1992: R=423.08  C= 21.00  len=278
Ep 1993: R=413.97  C= 42.00  len=274
Ep 1994: R=398.56  C= 19.00  len=263
Ep 1995: R=388.01  C= 12.00  len=260
Ep 1996: R=407.56  C= 56.00  len=269
Ep 1997: R=447.98  C= 49.00  len=293
Ep 1998: R=411.09  C= 26.00  len=271
Ep 1999: R=419.45  C= 29.00  len=275

Avg Reward: 406.85 | Avg Cost: 27.40 | Normalized Cost: 1.370 | Violation > 20: 53.90%
