AdroitHandRelocateDense-v1, AdroitHandHammerDense-v1, AdroitHandDoorDense-v1 environment's reward functions were updated in v1.2.1 without an environment version update. Therefore, use gymnasium-robotics==1.2.0 for v1 reproducibility or use v2 in gymnasium-robotics>=1.4.3. See https://github.com/Farama-Foundation/Gymnasium-Robotics/pull/220 for more details
AdroitHandRelocateDense-v1, AdroitHandHammerDense-v1, AdroitHandDoorDense-v1 environment's reward functions were updated in v1.2.1 without an environment version update. Therefore, use gymnasium-robotics==1.2.0 for v1 reproducibility or use v2 in gymnasium-robotics>=1.4.3. See https://github.com/Farama-Foundation/Gymnasium-Robotics/pull/220 for more details
Gym has been unmaintained since 2022 and does not support NumPy 2.0 amongst other critical functionality.
Please upgrade to Gymnasium, the maintained drop-in replacement of Gym, or contact the authors of your software and request that they upgrade.
Users of this version of Gym should be able to simply replace 'import gym' with 'import gymnasium as gym' in the vast majority of cases.
See the migration guide at https://gymnasium.farama.org/introduction/migration_guide/ for additional information.
[config] task=hopper_velocity
Loaded policy: ${CSC_WORKSPACE}/vlm-with-cpl/new_data/outputs/hopper_velocity/bc_calfilt_csf_seed0_policy.pt
Ep 00: R=650.52  C= 19.00  len=483
Ep 01: R=582.48  C= 10.00  len=453
Ep 02: R=534.71  C= 11.00  len=413
Ep 03: R=634.17  C= 18.00  len=469
Ep 04: R=646.64  C= 18.00  len=481
Ep 05: R=640.61  C= 18.00  len=477
Ep 06: R=659.48  C= 19.00  len=490
Ep 07: R=544.09  C= 11.00  len=421
Ep 08: R=1279.14  C=  0.00  len=1000
Ep 09: R=562.29  C= 11.00  len=436
Ep 10: R=644.73  C= 19.00  len=479
Ep 11: R=647.08  C= 19.00  len=478
Ep 12: R=669.73  C= 19.00  len=497
Ep 13: R=639.52  C= 18.00  len=474
Ep 14: R=556.57  C= 11.00  len=431
Ep 15: R=542.53  C= 10.00  len=419
Ep 16: R=560.68  C= 10.00  len=435
Ep 17: R=533.46  C= 10.00  len=411
Ep 18: R=652.15  C= 19.00  len=483
Ep 19: R=542.34  C= 11.00  len=419
Ep 20: R=670.84  C= 19.00  len=501
Ep 21: R=882.61  C= 42.00  len=577
Ep 22: R=707.17  C= 19.00  len=531
Ep 23: R=677.29  C= 25.00  len=497
Ep 24: R=554.60  C= 11.00  len=429
Ep 25: R=634.15  C= 19.00  len=471
Ep 26: R=566.69  C= 10.00  len=440
Ep 27: R=550.99  C= 12.00  len=426
Ep 28: R=527.00  C= 10.00  len=406
Ep 29: R=642.69  C= 19.00  len=476
Ep 30: R=607.13  C= 11.00  len=475
Ep 31: R=648.64  C= 18.00  len=484
Ep 32: R=671.70  C= 18.00  len=500
Ep 33: R=651.45  C= 18.00  len=484
Ep 34: R=725.37  C= 19.00  len=548
Ep 35: R=643.87  C= 19.00  len=478
Ep 36: R=675.45  C= 26.00  len=494
Ep 37: R=562.34  C= 10.00  len=435
Ep 38: R=651.98  C= 18.00  len=485
Ep 39: R=561.91  C= 10.00  len=435
Ep 40: R=538.33  C= 10.00  len=416
Ep 41: R=616.25  C= 11.00  len=483
Ep 42: R=533.79  C= 11.00  len=411
Ep 43: R=568.20  C= 10.00  len=440
Ep 44: R=539.50  C= 12.00  len=416
Ep 45: R=564.96  C= 10.00  len=438
Ep 46: R=554.67  C= 10.00  len=429
Ep 47: R=537.76  C= 10.00  len=414
Ep 48: R=572.67  C= 11.00  len=446
Ep 49: R=561.06  C= 10.00  len=435
Ep 50: R=664.00  C= 19.00  len=493
Ep 51: R=554.55  C= 10.00  len=428
Ep 52: R=544.52  C= 11.00  len=421
Ep 53: R=546.66  C= 10.00  len=422
Ep 54: R=660.25  C= 18.00  len=490
Ep 55: R=568.00  C= 11.00  len=442
Ep 56: R=646.12  C= 18.00  len=480
Ep 57: R=539.43  C= 11.00  len=416
Ep 58: R=667.27  C= 18.00  len=500
Ep 59: R=654.82  C= 18.00  len=488
Ep 60: R=683.36  C= 19.00  len=512
Ep 61: R=572.29  C= 11.00  len=446
Ep 62: R=663.91  C= 18.00  len=496
Ep 63: R=664.75  C= 19.00  len=493
Ep 64: R=565.84  C= 10.00  len=438
Ep 65: R=542.51  C= 12.00  len=419
Ep 66: R=621.77  C= 11.00  len=489
Ep 67: R=542.36  C= 10.00  len=419
Ep 68: R=569.47  C= 10.00  len=442
Ep 69: R=557.24  C= 10.00  len=432
Ep 70: R=723.30  C= 18.00  len=548
Ep 71: R=644.88  C= 19.00  len=478
Ep 72: R=647.99  C= 18.00  len=482
Ep 73: R=647.51  C= 19.00  len=482
Ep 74: R=562.18  C= 11.00  len=436
Ep 75: R=551.84  C= 11.00  len=427
Ep 76: R=648.49  C= 18.00  len=482
Ep 77: R=650.29  C= 18.00  len=484
Ep 78: R=687.60  C= 19.00  len=517
Ep 79: R=520.51  C= 11.00  len=399
Ep 80: R=564.41  C= 11.00  len=438
Ep 81: R=545.21  C= 12.00  len=421
Ep 82: R=623.79  C= 11.00  len=490
Ep 83: R=532.21  C= 12.00  len=410
Ep 84: R=654.25  C= 18.00  len=487
Ep 85: R=559.75  C= 11.00  len=434
Ep 86: R=643.73  C= 20.00  len=478
Ep 87: R=582.03  C= 10.00  len=454
Ep 88: R=665.89  C= 19.00  len=497
Ep 89: R=654.29  C= 18.00  len=489
Ep 90: R=555.11  C= 12.00  len=430
Ep 91: R=1288.82  C=128.00  len=804
Ep 92: R=535.20  C= 10.00  len=412
Ep 93: R=552.27  C= 11.00  len=427
Ep 94: R=535.00  C= 10.00  len=413
Ep 95: R=689.02  C= 20.00  len=516
Ep 96: R=676.37  C= 19.00  len=507
Ep 97: R=536.99  C= 10.00  len=414
Ep 98: R=534.70  C= 10.00  len=412
Ep 99: R=613.89  C= 10.00  len=481
Ep 100: R=540.13  C= 12.00  len=417
Ep 101: R=536.62  C= 11.00  len=414
Ep 102: R=636.82  C= 23.00  len=436
Ep 103: R=670.76  C= 18.00  len=502
Ep 104: R=547.04  C= 11.00  len=423
Ep 105: R=694.08  C= 19.00  len=521
Ep 106: R=554.50  C= 10.00  len=428
Ep 107: R=670.29  C= 18.00  len=500
Ep 108: R=645.59  C= 19.00  len=479
Ep 109: R=661.57  C= 19.00  len=493
Ep 110: R=540.98  C= 10.00  len=417
Ep 111: R=548.60  C= 11.00  len=424
Ep 112: R=526.92  C= 11.00  len=405
Ep 113: R=562.70  C= 10.00  len=435
Ep 114: R=556.53  C= 12.00  len=431
Ep 115: R=645.41  C= 18.00  len=480
Ep 116: R=571.33  C= 10.00  len=445
Ep 117: R=650.83  C= 18.00  len=485
Ep 118: R=665.96  C= 18.00  len=499
Ep 119: R=537.70  C= 10.00  len=415
Ep 120: R=671.96  C= 20.00  len=499
Ep 121: R=555.42  C= 11.00  len=430
Ep 122: R=649.79  C= 20.00  len=484
Ep 123: R=639.81  C= 19.00  len=475
Ep 124: R=572.92  C= 11.00  len=447
Ep 125: R=640.92  C= 18.00  len=475
Ep 126: R=672.78  C= 19.00  len=501
Ep 127: R=550.16  C= 11.00  len=425
Ep 128: R=640.73  C= 18.00  len=475
Ep 129: R=659.63  C= 18.00  len=494
Ep 130: R=547.65  C= 11.00  len=423
Ep 131: R=638.99  C= 18.00  len=474
Ep 132: R=594.20  C= 11.00  len=465
Ep 133: R=675.91  C= 19.00  len=507
Ep 134: R=550.96  C= 10.00  len=426
Ep 135: R=532.49  C= 10.00  len=410
Ep 136: R=660.06  C= 19.00  len=491
Ep 137: R=552.41  C= 10.00  len=427
Ep 138: R=608.85  C= 11.00  len=477
Ep 139: R=649.09  C= 19.00  len=482
Ep 140: R=545.74  C= 11.00  len=422
Ep 141: R=563.30  C= 11.00  len=437
Ep 142: R=565.04  C= 11.00  len=438
Ep 143: R=717.73  C= 19.00  len=542
Ep 144: R=529.73  C= 10.00  len=407
Ep 145: R=535.96  C= 11.00  len=413
Ep 146: R=548.50  C= 10.00  len=424
Ep 147: R=569.88  C= 11.00  len=444
Ep 148: R=557.10  C= 11.00  len=432
Ep 149: R=563.34  C= 11.00  len=437
Ep 150: R=663.21  C= 18.00  len=497
Ep 151: R=664.11  C= 18.00  len=496
Ep 152: R=568.10  C= 11.00  len=441
Ep 153: R=695.44  C= 19.00  len=523
Ep 154: R=655.50  C= 18.00  len=488
Ep 155: R=563.10  C= 10.00  len=437
Ep 156: R=644.56  C= 19.00  len=477
Ep 157: R=659.29  C= 18.00  len=490
Ep 158: R=574.53  C= 12.00  len=448
Ep 159: R=551.39  C= 11.00  len=426
Ep 160: R=559.69  C= 12.00  len=434
Ep 161: R=883.23  C= 42.00  len=579
Ep 162: R=649.80  C= 20.00  len=480
Ep 163: R=650.56  C= 18.00  len=482
Ep 164: R=532.31  C= 10.00  len=410
Ep 165: R=560.90  C= 10.00  len=435
Ep 166: R=543.63  C= 11.00  len=420
Ep 167: R=542.48  C= 10.00  len=419
Ep 168: R=652.39  C= 19.00  len=486
Ep 169: R=644.46  C= 19.00  len=479
Ep 170: R=651.96  C= 18.00  len=487
Ep 171: R=880.53  C= 40.00  len=578
Ep 172: R=560.46  C= 10.00  len=434
Ep 173: R=755.14  C= 29.00  len=507
Ep 174: R=534.89  C= 11.00  len=413
Ep 175: R=539.29  C= 11.00  len=416
Ep 176: R=657.40  C= 19.00  len=489
Ep 177: R=658.44  C= 18.00  len=491
Ep 178: R=662.92  C= 19.00  len=493
Ep 179: R=654.56  C= 20.00  len=489
Ep 180: R=534.24  C= 10.00  len=412
Ep 181: R=561.94  C= 11.00  len=436
Ep 182: R=540.39  C= 11.00  len=417
Ep 183: R=658.41  C= 19.00  len=490
Ep 184: R=730.86  C= 37.00  len=483
Ep 185: R=540.15  C= 10.00  len=417
Ep 186: R=677.78  C= 19.00  len=508
Ep 187: R=543.88  C= 11.00  len=420
Ep 188: R=558.50  C= 11.00  len=433
Ep 189: R=642.05  C= 18.00  len=478
Ep 190: R=876.39  C= 41.00  len=575
Ep 191: R=722.08  C= 18.00  len=546
Ep 192: R=658.20  C= 18.00  len=490
Ep 193: R=523.30  C= 12.00  len=402
Ep 194: R=719.71  C= 20.00  len=542
Ep 195: R=644.37  C= 19.00  len=479
Ep 196: R=644.61  C= 18.00  len=479
Ep 197: R=550.54  C= 11.00  len=425
Ep 198: R=621.51  C= 12.00  len=488
Ep 199: R=749.37  C= 27.00  len=505
Ep 200: R=563.97  C= 12.00  len=438
Ep 201: R=667.62  C= 18.00  len=499
Ep 202: R=543.83  C= 10.00  len=420
Ep 203: R=550.97  C= 11.00  len=426
Ep 204: R=528.44  C= 10.00  len=407
Ep 205: R=532.82  C= 10.00  len=411
Ep 206: R=646.93  C= 19.00  len=479
Ep 207: R=665.88  C= 20.00  len=497
Ep 208: R=610.39  C= 11.00  len=478
Ep 209: R=527.53  C= 11.00  len=406
Ep 210: R=647.96  C= 19.00  len=481
Ep 211: R=553.72  C= 11.00  len=427
Ep 212: R=543.34  C= 11.00  len=419
Ep 213: R=675.14  C= 20.00  len=499
Ep 214: R=719.89  C= 18.00  len=544
Ep 215: R=539.50  C= 11.00  len=416
Ep 216: R=614.47  C= 11.00  len=482
Ep 217: R=550.16  C= 11.00  len=425
Ep 218: R=644.28  C= 19.00  len=479
Ep 219: R=646.22  C= 20.00  len=481
Ep 220: R=543.81  C= 10.00  len=420
Ep 221: R=654.04  C= 18.00  len=487
Ep 222: R=561.64  C= 11.00  len=436
Ep 223: R=653.49  C= 19.00  len=487
Ep 224: R=659.40  C= 19.00  len=488
Ep 225: R=730.75  C= 24.00  len=499
Ep 226: R=865.37  C= 37.00  len=574
Ep 227: R=558.80  C= 10.00  len=433
Ep 228: R=554.16  C= 11.00  len=429
Ep 229: R=696.02  C= 19.00  len=525
Ep 230: R=556.43  C= 10.00  len=430
Ep 231: R=718.53  C= 19.00  len=544
Ep 232: R=656.65  C= 20.00  len=487
Ep 233: R=546.33  C= 10.00  len=422
Ep 234: R=664.73  C= 18.00  len=496
Ep 235: R=643.73  C= 18.00  len=479
Ep 236: R=545.42  C= 10.00  len=421
Ep 237: R=558.63  C= 11.00  len=433
Ep 238: R=668.43  C= 18.00  len=500
Ep 239: R=539.98  C= 12.00  len=417
Ep 240: R=548.57  C= 10.00  len=424
Ep 241: R=645.75  C= 20.00  len=478
Ep 242: R=551.61  C= 10.00  len=427
Ep 243: R=652.69  C= 19.00  len=486
Ep 244: R=647.75  C= 18.00  len=481
Ep 245: R=657.22  C= 18.00  len=489
Ep 246: R=880.58  C= 40.00  len=577
Ep 247: R=675.09  C= 21.00  len=505
Ep 248: R=628.79  C= 10.00  len=494
Ep 249: R=544.14  C= 10.00  len=421
Ep 250: R=537.33  C= 11.00  len=414
Ep 251: R=602.52  C= 10.00  len=472
Ep 252: R=750.04  C= 30.00  len=504
Ep 253: R=548.96  C= 10.00  len=424
Ep 254: R=543.77  C= 10.00  len=419
Ep 255: R=667.94  C= 18.00  len=497
Ep 256: R=537.95  C= 11.00  len=415
Ep 257: R=603.85  C= 10.00  len=473
Ep 258: R=768.59  C= 53.00  len=509
Ep 259: R=556.06  C= 10.00  len=430
Ep 260: R=539.82  C= 11.00  len=416
Ep 261: R=544.28  C= 11.00  len=421
Ep 262: R=755.95  C= 30.00  len=506
Ep 263: R=653.35  C= 18.00  len=486
Ep 264: R=650.71  C= 19.00  len=484
Ep 265: R=550.48  C= 10.00  len=426
Ep 266: R=644.85  C= 19.00  len=478
Ep 267: R=643.24  C= 18.00  len=478
Ep 268: R=663.75  C= 19.00  len=496
Ep 269: R=653.85  C= 19.00  len=486
Ep 270: R=544.84  C= 10.00  len=421
Ep 271: R=651.76  C= 19.00  len=485
Ep 272: R=648.99  C= 19.00  len=482
Ep 273: R=578.02  C= 11.00  len=451
Ep 274: R=566.48  C= 12.00  len=440
Ep 275: R=553.15  C= 11.00  len=428
Ep 276: R=637.37  C= 19.00  len=474
Ep 277: R=543.69  C= 10.00  len=419
Ep 278: R=543.21  C= 11.00  len=419
Ep 279: R=540.36  C= 10.00  len=417
Ep 280: R=568.73  C= 11.00  len=443
Ep 281: R=575.03  C= 12.00  len=449
Ep 282: R=647.35  C= 19.00  len=479
Ep 283: R=539.25  C= 10.00  len=415
Ep 284: R=649.87  C= 18.00  len=483
Ep 285: R=637.59  C= 18.00  len=473
Ep 286: R=713.77  C= 20.00  len=537
Ep 287: R=1198.05  C=  0.00  len=1000
Ep 288: R=642.52  C= 18.00  len=477
Ep 289: R=643.50  C= 19.00  len=479
Ep 290: R=651.67  C= 19.00  len=484
Ep 291: R=535.17  C= 12.00  len=413
Ep 292: R=542.86  C= 10.00  len=419
Ep 293: R=563.18  C= 11.00  len=437
Ep 294: R=545.95  C= 10.00  len=422
Ep 295: R=642.98  C= 19.00  len=475
Ep 296: R=649.22  C= 18.00  len=484
Ep 297: R=636.46  C= 18.00  len=473
Ep 298: R=601.64  C= 11.00  len=471
Ep 299: R=588.63  C= 11.00  len=459
Ep 300: R=560.84  C= 12.00  len=435
Ep 301: R=667.31  C= 19.00  len=497
Ep 302: R=638.68  C= 19.00  len=474
Ep 303: R=548.28  C= 11.00  len=423
Ep 304: R=552.28  C= 12.00  len=427
Ep 305: R=542.49  C= 12.00  len=419
Ep 306: R=677.22  C= 18.00  len=507
Ep 307: R=650.82  C= 20.00  len=483
Ep 308: R=647.86  C= 20.00  len=480
Ep 309: R=635.42  C= 18.00  len=470
Ep 310: R=553.53  C= 12.00  len=429
Ep 311: R=657.04  C= 19.00  len=488
Ep 312: R=649.71  C= 19.00  len=484
Ep 313: R=548.69  C= 10.00  len=424
Ep 314: R=535.34  C= 11.00  len=413
Ep 315: R=617.20  C= 10.00  len=483
Ep 316: R=633.59  C= 19.00  len=468
Ep 317: R=528.90  C= 12.00  len=407
Ep 318: R=647.23  C= 20.00  len=481
Ep 319: R=556.22  C= 10.00  len=430
Ep 320: R=670.77  C= 19.00  len=502
Ep 321: R=723.79  C= 19.00  len=548
Ep 322: R=658.66  C= 18.00  len=491
Ep 323: R=540.96  C= 11.00  len=418
Ep 324: R=672.20  C= 19.00  len=505
Ep 325: R=644.02  C= 19.00  len=479
Ep 326: R=687.98  C= 27.00  len=503
Ep 327: R=643.84  C= 18.00  len=478
Ep 328: R=879.07  C= 39.00  len=578
Ep 329: R=711.97  C= 19.00  len=537
Ep 330: R=546.64  C= 11.00  len=422
Ep 331: R=664.88  C= 18.00  len=495
Ep 332: R=665.81  C= 19.00  len=497
Ep 333: R=577.70  C= 12.00  len=450
Ep 334: R=653.79  C= 19.00  len=487
Ep 335: R=668.91  C= 18.00  len=500
Ep 336: R=532.84  C= 10.00  len=411
Ep 337: R=668.09  C= 18.00  len=499
Ep 338: R=675.64  C= 20.00  len=504
Ep 339: R=538.69  C= 12.00  len=416
Ep 340: R=664.08  C= 19.00  len=494
Ep 341: R=641.66  C= 18.00  len=476
Ep 342: R=744.39  C= 27.00  len=503
Ep 343: R=643.41  C= 20.00  len=477
Ep 344: R=544.99  C= 11.00  len=421
Ep 345: R=543.10  C= 11.00  len=420
Ep 346: R=651.82  C= 20.00  len=484
Ep 347: R=649.94  C= 18.00  len=485
Ep 348: R=674.01  C= 19.00  len=503
Ep 349: R=1016.52  C= 64.00  len=654
Ep 350: R=676.86  C= 19.00  len=506
Ep 351: R=683.17  C= 19.00  len=513
Ep 352: R=745.19  C= 29.00  len=507
Ep 353: R=540.06  C= 11.00  len=416
Ep 354: R=562.78  C= 11.00  len=436
Ep 355: R=536.29  C= 11.00  len=414
Ep 356: R=538.86  C= 12.00  len=416
Ep 357: R=656.52  C= 19.00  len=487
Ep 358: R=560.71  C= 11.00  len=435
Ep 359: R=680.48  C= 19.00  len=512
Ep 360: R=554.84  C= 11.00  len=430
Ep 361: R=939.04  C= 33.00  len=636
Ep 362: R=660.04  C= 19.00  len=491
Ep 363: R=647.56  C= 18.00  len=482
Ep 364: R=647.49  C= 19.00  len=480
Ep 365: R=542.13  C= 10.00  len=419
Ep 366: R=721.55  C= 19.00  len=546
Ep 367: R=674.71  C= 19.00  len=505
Ep 368: R=669.81  C= 19.00  len=500
Ep 369: R=542.69  C= 10.00  len=419
Ep 370: R=658.56  C= 20.00  len=489
Ep 371: R=551.72  C= 12.00  len=427
Ep 372: R=548.08  C= 12.00  len=424
Ep 373: R=536.20  C= 11.00  len=414
Ep 374: R=665.95  C= 11.00  len=526
Ep 375: R=566.08  C= 12.00  len=440
Ep 376: R=676.83  C= 25.00  len=497
Ep 377: R=543.45  C= 11.00  len=419
Ep 378: R=532.32  C= 10.00  len=410
Ep 379: R=643.48  C= 19.00  len=478
Ep 380: R=660.29  C= 18.00  len=492
Ep 381: R=676.74  C= 18.00  len=508
Ep 382: R=553.72  C= 11.00  len=428
Ep 383: R=653.76  C= 19.00  len=487
Ep 384: R=695.37  C= 19.00  len=523
Ep 385: R=723.21  C= 18.00  len=547
Ep 386: R=551.62  C= 10.00  len=426
Ep 387: R=566.87  C= 10.00  len=439
Ep 388: R=545.59  C= 11.00  len=422
Ep 389: R=647.58  C= 18.00  len=482
Ep 390: R=657.05  C= 19.00  len=489
Ep 391: R=607.65  C= 10.00  len=476
Ep 392: R=535.42  C= 12.00  len=413
Ep 393: R=635.37  C= 19.00  len=472
Ep 394: R=551.33  C= 10.00  len=426
Ep 395: R=893.95  C= 50.00  len=583
Ep 396: R=640.65  C= 19.00  len=476
Ep 397: R=554.18  C= 11.00  len=429
Ep 398: R=563.10  C= 10.00  len=437
Ep 399: R=667.32  C= 17.00  len=501
Ep 400: R=534.94  C= 11.00  len=413
Ep 401: R=617.35  C= 12.00  len=484
Ep 402: R=554.15  C= 10.00  len=429
Ep 403: R=1192.09  C= 49.00  len=857
Ep 404: R=670.25  C= 19.00  len=501
Ep 405: R=658.10  C= 18.00  len=491
Ep 406: R=648.73  C= 19.00  len=481
Ep 407: R=633.38  C= 19.00  len=468
Ep 408: R=543.92  C= 10.00  len=420
Ep 409: R=656.60  C= 19.00  len=489
Ep 410: R=662.28  C= 19.00  len=496
Ep 411: R=665.05  C= 19.00  len=496
Ep 412: R=551.52  C= 11.00  len=427
Ep 413: R=546.38  C= 10.00  len=422
Ep 414: R=568.61  C= 10.00  len=441
Ep 415: R=669.22  C= 20.00  len=500
Ep 416: R=541.01  C= 10.00  len=416
Ep 417: R=654.97  C= 18.00  len=489
Ep 418: R=574.29  C= 10.00  len=448
Ep 419: R=548.26  C= 11.00  len=424
Ep 420: R=556.64  C= 12.00  len=432
Ep 421: R=639.41  C= 18.00  len=474
Ep 422: R=649.70  C= 19.00  len=483
Ep 423: R=550.66  C= 11.00  len=426
Ep 424: R=672.45  C= 19.00  len=504
Ep 425: R=564.22  C= 10.00  len=436
Ep 426: R=558.75  C= 10.00  len=432
Ep 427: R=553.82  C= 12.00  len=429
Ep 428: R=663.82  C= 19.00  len=497
Ep 429: R=651.54  C= 18.00  len=485
Ep 430: R=536.68  C= 10.00  len=414
Ep 431: R=538.27  C= 11.00  len=415
Ep 432: R=556.88  C= 11.00  len=430
Ep 433: R=678.08  C= 19.00  len=507
Ep 434: R=644.94  C= 18.00  len=478
Ep 435: R=673.98  C= 18.00  len=506
Ep 436: R=729.83  C= 18.00  len=550
Ep 437: R=547.86  C= 11.00  len=423
Ep 438: R=566.78  C= 10.00  len=439
Ep 439: R=668.69  C= 19.00  len=499
Ep 440: R=535.46  C= 10.00  len=413
Ep 441: R=674.12  C= 18.00  len=505
Ep 442: R=671.23  C= 20.00  len=501
Ep 443: R=660.35  C= 18.00  len=490
Ep 444: R=662.30  C= 18.00  len=494
Ep 445: R=547.98  C= 11.00  len=424
Ep 446: R=647.87  C= 18.00  len=481
Ep 447: R=606.73  C= 12.00  len=475
Ep 448: R=647.68  C= 19.00  len=481
Ep 449: R=526.75  C= 11.00  len=406
Ep 450: R=643.34  C= 19.00  len=476
Ep 451: R=547.70  C= 11.00  len=424
Ep 452: R=651.28  C= 19.00  len=485
Ep 453: R=536.96  C= 10.00  len=414
Ep 454: R=637.37  C= 18.00  len=474
Ep 455: R=1284.52  C=  0.00  len=1000
Ep 456: R=681.01  C= 19.00  len=510
Ep 457: R=554.98  C= 11.00  len=429
Ep 458: R=646.47  C= 19.00  len=480
Ep 459: R=540.15  C= 12.00  len=417
Ep 460: R=682.26  C= 19.00  len=512
Ep 461: R=604.05  C= 11.00  len=473
Ep 462: R=646.45  C= 18.00  len=480
Ep 463: R=575.07  C= 10.00  len=448
Ep 464: R=527.52  C= 11.00  len=406
Ep 465: R=639.26  C= 19.00  len=473
Ep 466: R=645.96  C= 19.00  len=481
Ep 467: R=666.40  C= 19.00  len=499
Ep 468: R=667.19  C= 19.00  len=497
Ep 469: R=675.35  C= 18.00  len=506
Ep 470: R=535.56  C= 10.00  len=412
Ep 471: R=668.41  C= 18.00  len=499
Ep 472: R=645.00  C= 18.00  len=480
Ep 473: R=537.69  C= 11.00  len=414
Ep 474: R=643.52  C= 18.00  len=478
Ep 475: R=569.48  C= 10.00  len=441
Ep 476: R=538.56  C= 10.00  len=416
Ep 477: R=561.89  C= 10.00  len=436
Ep 478: R=667.20  C= 20.00  len=497
Ep 479: R=676.99  C= 19.00  len=505
Ep 480: R=604.33  C= 10.00  len=473
Ep 481: R=566.30  C= 12.00  len=440
Ep 482: R=644.40  C= 18.00  len=478
Ep 483: R=659.52  C= 18.00  len=491
Ep 484: R=651.16  C= 29.00  len=440
Ep 485: R=553.29  C= 12.00  len=428
Ep 486: R=1275.32  C=  0.00  len=1000
Ep 487: R=527.96  C= 10.00  len=407
Ep 488: R=526.09  C= 11.00  len=405
Ep 489: R=646.21  C= 18.00  len=482
Ep 490: R=641.37  C= 19.00  len=476
Ep 491: R=646.20  C= 19.00  len=481
Ep 492: R=569.86  C= 12.00  len=444
Ep 493: R=538.88  C= 12.00  len=416
Ep 494: R=665.40  C= 18.00  len=497
Ep 495: R=569.99  C= 11.00  len=444
Ep 496: R=568.26  C= 11.00  len=442
Ep 497: R=663.73  C= 18.00  len=495
Ep 498: R=658.81  C= 18.00  len=490
Ep 499: R=653.36  C= 18.00  len=486
Ep 500: R=572.07  C= 10.00  len=446
Ep 501: R=712.19  C= 19.00  len=537
Ep 502: R=545.47  C= 10.00  len=421
Ep 503: R=546.10  C= 10.00  len=422
Ep 504: R=552.77  C= 12.00  len=427
Ep 505: R=1301.36  C=  0.00  len=1000
Ep 506: R=665.25  C= 18.00  len=497
Ep 507: R=630.02  C= 18.00  len=467
Ep 508: R=640.57  C= 18.00  len=475
Ep 509: R=675.61  C= 18.00  len=508
Ep 510: R=531.81  C= 11.00  len=410
Ep 511: R=693.61  C= 19.00  len=520
Ep 512: R=547.11  C= 12.00  len=423
Ep 513: R=647.79  C= 19.00  len=481
Ep 514: R=613.45  C= 11.00  len=481
Ep 515: R=553.40  C= 10.00  len=428
Ep 516: R=583.45  C= 11.00  len=455
Ep 517: R=538.31  C= 10.00  len=415
Ep 518: R=758.08  C= 30.00  len=507
Ep 519: R=653.06  C= 18.00  len=486
Ep 520: R=556.83  C= 10.00  len=431
Ep 521: R=651.26  C= 19.00  len=484
Ep 522: R=644.46  C= 18.00  len=479
Ep 523: R=612.69  C= 11.00  len=480
Ep 524: R=747.24  C= 27.00  len=505
Ep 525: R=540.24  C= 12.00  len=417
Ep 526: R=677.13  C= 19.00  len=506
Ep 527: R=664.10  C= 18.00  len=496
Ep 528: R=544.79  C= 10.00  len=421
Ep 529: R=645.74  C= 18.00  len=479
Ep 530: R=648.25  C= 18.00  len=481
Ep 531: R=674.63  C= 18.00  len=507
Ep 532: R=581.97  C= 11.00  len=453
Ep 533: R=525.14  C= 11.00  len=404
Ep 534: R=613.92  C= 10.00  len=481
Ep 535: R=547.40  C= 11.00  len=423
Ep 536: R=542.98  C= 11.00  len=419
Ep 537: R=727.91  C= 19.00  len=548
Ep 538: R=534.71  C= 11.00  len=413
Ep 539: R=545.72  C= 12.00  len=422
Ep 540: R=605.69  C= 11.00  len=474
Ep 541: R=672.52  C= 20.00  len=503
Ep 542: R=557.49  C= 11.00  len=432
Ep 543: R=668.82  C= 18.00  len=500
Ep 544: R=676.92  C= 18.00  len=509
Ep 545: R=571.68  C= 11.00  len=444
Ep 546: R=675.41  C= 18.00  len=506
Ep 547: R=649.78  C= 18.00  len=485
Ep 548: R=882.90  C= 40.00  len=577
Ep 549: R=670.31  C= 18.00  len=501
Ep 550: R=667.24  C= 19.00  len=499
Ep 551: R=534.07  C= 11.00  len=412
Ep 552: R=552.57  C= 11.00  len=426
Ep 553: R=550.28  C= 10.00  len=425
Ep 554: R=679.38  C= 18.00  len=510
Ep 555: R=643.20  C= 18.00  len=478
Ep 556: R=538.74  C= 10.00  len=415
Ep 557: R=688.00  C= 18.00  len=516
Ep 558: R=537.38  C= 11.00  len=414
Ep 559: R=664.39  C= 18.00  len=496
Ep 560: R=522.07  C= 11.00  len=401
Ep 561: R=720.94  C= 18.00  len=546
Ep 562: R=519.96  C= 11.00  len=400
Ep 563: R=650.46  C= 18.00  len=484
Ep 564: R=652.13  C= 18.00  len=485
Ep 565: R=655.19  C= 18.00  len=488
Ep 566: R=676.24  C= 22.00  len=499
Ep 567: R=670.16  C= 19.00  len=501
Ep 568: R=606.26  C= 11.00  len=475
Ep 569: R=549.75  C= 11.00  len=425
Ep 570: R=628.80  C= 19.00  len=466
Ep 571: R=555.22  C= 11.00  len=430
Ep 572: R=881.35  C= 39.00  len=578
Ep 573: R=635.23  C= 19.00  len=471
Ep 574: R=612.30  C= 10.00  len=480
Ep 575: R=556.50  C= 11.00  len=431
Ep 576: R=651.36  C= 19.00  len=483
Ep 577: R=647.10  C= 20.00  len=480
Ep 578: R=641.58  C= 18.00  len=476
Ep 579: R=557.69  C= 10.00  len=432
Ep 580: R=556.78  C= 10.00  len=431
Ep 581: R=553.72  C= 11.00  len=429
Ep 582: R=648.69  C= 18.00  len=483
Ep 583: R=644.93  C= 18.00  len=479
Ep 584: R=556.62  C= 12.00  len=431
Ep 585: R=676.66  C= 18.00  len=507
Ep 586: R=550.19  C= 11.00  len=425
Ep 587: R=640.94  C= 19.00  len=475
Ep 588: R=540.03  C= 12.00  len=417
Ep 589: R=536.88  C= 11.00  len=414
Ep 590: R=658.70  C= 18.00  len=491
Ep 591: R=671.15  C= 19.00  len=502
Ep 592: R=748.33  C= 28.00  len=504
Ep 593: R=890.34  C= 64.00  len=580
Ep 594: R=538.89  C= 11.00  len=415
Ep 595: R=558.00  C= 11.00  len=433
Ep 596: R=541.51  C= 11.00  len=418
Ep 597: R=539.08  C= 10.00  len=415
Ep 598: R=648.50  C= 18.00  len=482
Ep 599: R=573.48  C= 10.00  len=446
Ep 600: R=659.45  C= 19.00  len=492
Ep 601: R=660.23  C= 18.00  len=492
Ep 602: R=534.55  C= 10.00  len=411
Ep 603: R=649.31  C= 18.00  len=483
Ep 604: R=650.40  C= 20.00  len=482
Ep 605: R=659.78  C= 19.00  len=490
Ep 606: R=550.21  C= 10.00  len=424
Ep 607: R=531.63  C= 11.00  len=410
Ep 608: R=694.90  C= 18.00  len=522
Ep 609: R=543.97  C= 10.00  len=420
Ep 610: R=648.31  C= 21.00  len=480
Ep 611: R=551.72  C= 11.00  len=427
Ep 612: R=646.83  C= 18.00  len=481
Ep 613: R=580.35  C= 12.00  len=453
Ep 614: R=539.09  C= 12.00  len=416
Ep 615: R=650.42  C= 18.00  len=484
Ep 616: R=660.25  C= 19.00  len=493
Ep 617: R=559.88  C= 11.00  len=434
Ep 618: R=727.14  C= 19.00  len=547
Ep 619: R=545.48  C=  9.00  len=421
Ep 620: R=544.69  C= 11.00  len=421
Ep 621: R=524.80  C= 11.00  len=403
Ep 622: R=654.88  C= 19.00  len=488
Ep 623: R=653.91  C= 19.00  len=485
Ep 624: R=684.05  C= 18.00  len=511
Ep 625: R=618.29  C= 12.00  len=485
Ep 626: R=665.32  C= 20.00  len=493
Ep 627: R=646.94  C= 18.00  len=480
Ep 628: R=682.32  C= 20.00  len=510
Ep 629: R=557.49  C= 10.00  len=432
Ep 630: R=663.95  C= 19.00  len=495
Ep 631: R=564.68  C= 10.00  len=437
Ep 632: R=641.90  C= 18.00  len=478
Ep 633: R=646.93  C= 19.00  len=480
Ep 634: R=617.17  C= 11.00  len=483
Ep 635: R=662.49  C= 19.00  len=496
Ep 636: R=675.83  C= 18.00  len=506
Ep 637: R=516.90  C= 11.00  len=397
Ep 638: R=542.51  C= 11.00  len=419
Ep 639: R=536.83  C= 12.00  len=414
Ep 640: R=645.79  C= 19.00  len=479
Ep 641: R=537.84  C= 12.00  len=415
Ep 642: R=641.77  C= 18.00  len=478
Ep 643: R=642.65  C= 18.00  len=477
Ep 644: R=640.58  C= 19.00  len=475
Ep 645: R=533.60  C= 11.00  len=411
Ep 646: R=550.63  C= 10.00  len=426
Ep 647: R=532.04  C= 10.00  len=410
Ep 648: R=542.29  C= 11.00  len=419
Ep 649: R=655.68  C= 18.00  len=487
Ep 650: R=538.03  C= 11.00  len=415
Ep 651: R=677.65  C= 18.00  len=508
Ep 652: R=540.10  C= 10.00  len=417
Ep 653: R=752.24  C= 29.00  len=506
Ep 654: R=673.68  C= 19.00  len=506
Ep 655: R=550.40  C= 10.00  len=424
Ep 656: R=931.12  C= 67.00  len=642
Ep 657: R=672.56  C= 18.00  len=504
Ep 658: R=544.92  C= 10.00  len=420
Ep 659: R=547.45  C= 10.00  len=423
Ep 660: R=681.00  C= 18.00  len=510
Ep 661: R=651.57  C= 19.00  len=483
Ep 662: R=551.80  C= 11.00  len=427
Ep 663: R=521.92  C= 11.00  len=401
Ep 664: R=655.38  C= 18.00  len=489
Ep 665: R=639.40  C= 18.00  len=476
Ep 666: R=655.47  C= 18.00  len=488
Ep 667: R=607.40  C= 11.00  len=476
Ep 668: R=536.48  C= 10.00  len=414
Ep 669: R=637.64  C= 18.00  len=473
Ep 670: R=690.17  C= 18.00  len=519
Ep 671: R=679.99  C= 18.00  len=510
Ep 672: R=614.27  C= 10.00  len=481
Ep 673: R=531.58  C= 10.00  len=410
Ep 674: R=549.51  C= 10.00  len=424
Ep 675: R=677.49  C= 19.00  len=509
Ep 676: R=711.50  C= 18.00  len=538
Ep 677: R=653.52  C= 19.00  len=487
Ep 678: R=1266.15  C=  0.00  len=1000
Ep 679: R=534.79  C= 10.00  len=412
Ep 680: R=539.67  C= 11.00  len=416
Ep 681: R=554.31  C= 11.00  len=429
Ep 682: R=708.55  C= 19.00  len=535
Ep 683: R=719.00  C= 21.00  len=543
Ep 684: R=643.27  C= 20.00  len=478
Ep 685: R=556.82  C= 11.00  len=432
Ep 686: R=534.75  C= 12.00  len=412
Ep 687: R=604.04  C= 12.00  len=473
Ep 688: R=555.14  C= 11.00  len=430
Ep 689: R=678.60  C= 23.00  len=499
Ep 690: R=541.00  C= 10.00  len=417
Ep 691: R=560.20  C= 11.00  len=434
Ep 692: R=678.42  C= 23.00  len=499
Ep 693: R=655.58  C= 19.00  len=489
Ep 694: R=604.49  C= 10.00  len=473
Ep 695: R=753.89  C= 31.00  len=506
Ep 696: R=643.47  C= 19.00  len=475
Ep 697: R=649.36  C= 18.00  len=485
Ep 698: R=571.46  C= 10.00  len=445
Ep 699: R=547.29  C= 11.00  len=423
Ep 700: R=653.48  C= 19.00  len=486
Ep 701: R=682.83  C= 19.00  len=512
Ep 702: R=548.84  C= 11.00  len=424
Ep 703: R=670.94  C= 19.00  len=503
Ep 704: R=560.63  C= 11.00  len=435
Ep 705: R=645.52  C= 19.00  len=479
Ep 706: R=656.89  C= 19.00  len=491
Ep 707: R=642.76  C= 19.00  len=478
Ep 708: R=532.19  C= 11.00  len=410
Ep 709: R=538.80  C= 12.00  len=416
Ep 710: R=529.85  C= 10.00  len=408
Ep 711: R=645.39  C= 18.00  len=479
Ep 712: R=669.20  C= 19.00  len=499
Ep 713: R=645.08  C= 18.00  len=481
Ep 714: R=537.22  C= 10.00  len=414
Ep 715: R=523.73  C= 11.00  len=403
Ep 716: R=575.97  C= 11.00  len=450
Ep 717: R=616.36  C= 10.00  len=482
Ep 718: R=568.70  C= 11.00  len=442
Ep 719: R=544.80  C= 11.00  len=421
Ep 720: R=652.81  C= 18.00  len=486
Ep 721: R=647.15  C= 18.00  len=483
Ep 722: R=697.12  C= 18.00  len=525
Ep 723: R=561.14  C= 11.00  len=435
Ep 724: R=564.77  C= 12.00  len=439
Ep 725: R=830.31  C= 25.00  len=598
Ep 726: R=717.72  C= 19.00  len=542
Ep 727: R=540.46  C= 12.00  len=417
Ep 728: R=542.22  C= 10.00  len=418
Ep 729: R=653.96  C= 18.00  len=486
Ep 730: R=659.95  C= 19.00  len=491
Ep 731: R=557.05  C= 11.00  len=431
Ep 732: R=537.39  C= 10.00  len=415
Ep 733: R=536.59  C= 11.00  len=414
Ep 734: R=535.40  C= 11.00  len=413
Ep 735: R=754.99  C= 30.00  len=506
Ep 736: R=667.65  C= 19.00  len=497
Ep 737: R=550.16  C= 12.00  len=425
Ep 738: R=541.17  C= 11.00  len=418
Ep 739: R=614.35  C= 11.00  len=481
Ep 740: R=1200.36  C=  0.00  len=1000
Ep 741: R=543.94  C= 10.00  len=419
Ep 742: R=559.29  C= 11.00  len=434
Ep 743: R=642.49  C= 19.00  len=477
Ep 744: R=534.80  C= 11.00  len=412
Ep 745: R=730.13  C= 25.00  len=501
Ep 746: R=527.00  C= 10.00  len=406
Ep 747: R=537.39  C= 11.00  len=415
Ep 748: R=560.60  C= 11.00  len=435
Ep 749: R=643.29  C= 18.00  len=477
Ep 750: R=644.64  C= 19.00  len=478
Ep 751: R=545.29  C= 10.00  len=421
Ep 752: R=538.81  C= 11.00  len=416
Ep 753: R=648.31  C= 19.00  len=481
Ep 754: R=642.41  C= 18.00  len=477
Ep 755: R=566.04  C= 12.00  len=440
Ep 756: R=540.92  C= 11.00  len=417
Ep 757: R=579.63  C= 11.00  len=452
Ep 758: R=528.52  C= 10.00  len=407
Ep 759: R=657.07  C= 19.00  len=491
Ep 760: R=540.37  C= 10.00  len=417
Ep 761: R=553.69  C= 10.00  len=428
Ep 762: R=547.98  C= 12.00  len=423
Ep 763: R=552.80  C= 10.00  len=427
Ep 764: R=747.11  C= 30.00  len=503
Ep 765: R=558.78  C= 10.00  len=432
Ep 766: R=554.16  C= 10.00  len=429
Ep 767: R=566.25  C= 11.00  len=440
Ep 768: R=644.97  C= 18.00  len=479
Ep 769: R=654.68  C= 19.00  len=488
Ep 770: R=537.58  C= 11.00  len=415
Ep 771: R=540.58  C= 10.00  len=416
Ep 772: R=561.29  C= 10.00  len=434
Ep 773: R=672.71  C= 18.00  len=505
Ep 774: R=650.84  C= 19.00  len=483
Ep 775: R=615.21  C= 12.00  len=482
Ep 776: R=665.03  C= 18.00  len=496
Ep 777: R=539.66  C= 10.00  len=415
Ep 778: R=529.61  C= 10.00  len=408
Ep 779: R=661.52  C= 18.00  len=492
Ep 780: R=571.89  C= 12.00  len=445
Ep 781: R=649.27  C= 18.00  len=483
Ep 782: R=525.32  C= 10.00  len=404
Ep 783: R=678.67  C= 19.00  len=509
Ep 784: R=645.66  C= 18.00  len=479
Ep 785: R=661.17  C= 18.00  len=494
Ep 786: R=552.26  C= 10.00  len=427
Ep 787: R=567.92  C= 12.00  len=442
Ep 788: R=724.12  C= 18.00  len=549
Ep 789: R=522.33  C= 11.00  len=401
Ep 790: R=557.74  C= 11.00  len=432
Ep 791: R=643.54  C= 19.00  len=479
Ep 792: R=547.20  C= 11.00  len=423
Ep 793: R=568.62  C= 11.00  len=442
Ep 794: R=570.80  C= 12.00  len=445
Ep 795: R=660.74  C= 19.00  len=492
Ep 796: R=549.97  C= 11.00  len=425
Ep 797: R=551.97  C= 11.00  len=426
Ep 798: R=539.21  C= 11.00  len=416
Ep 799: R=543.27  C= 10.00  len=420
Ep 800: R=533.69  C= 11.00  len=411
Ep 801: R=745.21  C= 27.00  len=504
Ep 802: R=656.06  C= 19.00  len=489
Ep 803: R=576.88  C= 10.00  len=450
Ep 804: R=645.63  C= 18.00  len=479
Ep 805: R=650.92  C= 18.00  len=483
Ep 806: R=549.35  C= 11.00  len=425
Ep 807: R=727.30  C= 19.00  len=550
Ep 808: R=535.60  C= 10.00  len=413
Ep 809: R=647.86  C= 19.00  len=482
Ep 810: R=544.23  C= 12.00  len=421
Ep 811: R=727.26  C= 19.00  len=550
Ep 812: R=548.34  C= 11.00  len=424
Ep 813: R=665.25  C= 18.00  len=499
Ep 814: R=641.37  C= 18.00  len=476
Ep 815: R=574.41  C= 10.00  len=448
Ep 816: R=553.39  C= 11.00  len=428
Ep 817: R=656.44  C= 19.00  len=488
Ep 818: R=562.51  C= 11.00  len=436
Ep 819: R=598.79  C= 11.00  len=468
Ep 820: R=645.03  C= 19.00  len=479
Ep 821: R=658.64  C= 18.00  len=489
Ep 822: R=749.05  C= 29.00  len=503
Ep 823: R=677.05  C= 18.00  len=508
Ep 824: R=527.06  C= 12.00  len=406
Ep 825: R=554.36  C= 12.00  len=429
Ep 826: R=644.23  C= 18.00  len=479
Ep 827: R=754.24  C= 31.00  len=505
Ep 828: R=614.16  C= 10.00  len=481
Ep 829: R=646.18  C= 19.00  len=479
Ep 830: R=527.56  C= 11.00  len=406
Ep 831: R=671.62  C= 19.00  len=502
Ep 832: R=549.42  C= 10.00  len=424
Ep 833: R=643.34  C= 18.00  len=477
Ep 834: R=548.18  C= 10.00  len=424
Ep 835: R=551.02  C= 11.00  len=426
Ep 836: R=543.84  C= 10.00  len=419
Ep 837: R=554.32  C= 11.00  len=428
Ep 838: R=534.05  C= 11.00  len=412
Ep 839: R=644.19  C= 18.00  len=480
Ep 840: R=545.54  C= 10.00  len=420
Ep 841: R=556.20  C= 10.00  len=430
Ep 842: R=528.16  C= 11.00  len=407
Ep 843: R=649.12  C= 19.00  len=482
Ep 844: R=646.00  C= 19.00  len=481
Ep 845: R=537.07  C= 12.00  len=415
Ep 846: R=540.97  C= 11.00  len=418
Ep 847: R=551.12  C= 10.00  len=426
Ep 848: R=539.05  C= 10.00  len=416
Ep 849: R=540.00  C= 11.00  len=416
Ep 850: R=670.59  C= 19.00  len=500
Ep 851: R=612.76  C= 10.00  len=480
Ep 852: R=564.43  C= 11.00  len=439
Ep 853: R=527.86  C= 11.00  len=406
Ep 854: R=727.63  C= 18.00  len=551
Ep 855: R=659.93  C= 19.00  len=490
Ep 856: R=569.46  C= 10.00  len=442
Ep 857: R=653.87  C= 18.00  len=486
Ep 858: R=580.01  C= 11.00  len=452
Ep 859: R=683.59  C= 18.00  len=516
Ep 860: R=553.72  C= 11.00  len=429
Ep 861: R=571.70  C= 11.00  len=445
Ep 862: R=531.33  C= 12.00  len=409
Ep 863: R=650.61  C= 18.00  len=484
Ep 864: R=599.38  C= 12.00  len=469
Ep 865: R=658.62  C= 19.00  len=490
Ep 866: R=533.04  C= 11.00  len=411
Ep 867: R=545.00  C= 10.00  len=420
Ep 868: R=556.94  C= 10.00  len=431
Ep 869: R=658.96  C= 18.00  len=491
Ep 870: R=527.40  C= 11.00  len=406
Ep 871: R=540.72  C= 10.00  len=416
Ep 872: R=631.20  C= 18.00  len=468
Ep 873: R=656.80  C= 19.00  len=488
Ep 874: R=546.25  C= 10.00  len=422
Ep 875: R=611.21  C= 11.00  len=478
Ep 876: R=663.83  C= 19.00  len=496
Ep 877: R=668.47  C= 18.00  len=500
Ep 878: R=645.10  C= 18.00  len=479
Ep 879: R=641.94  C= 19.00  len=477
Ep 880: R=673.58  C= 18.00  len=505
Ep 881: R=567.05  C= 11.00  len=441
Ep 882: R=551.07  C= 10.00  len=426
Ep 883: R=549.38  C= 11.00  len=425
Ep 884: R=557.96  C= 11.00  len=433
Ep 885: R=673.15  C= 20.00  len=504
Ep 886: R=650.64  C= 18.00  len=484
Ep 887: R=644.63  C= 20.00  len=477
Ep 888: R=555.38  C= 12.00  len=430
Ep 889: R=561.08  C= 11.00  len=435
Ep 890: R=651.75  C= 18.00  len=485
Ep 891: R=604.61  C= 10.00  len=473
Ep 892: R=558.82  C= 10.00  len=432
Ep 893: R=577.99  C= 11.00  len=451
Ep 894: R=530.67  C= 10.00  len=409
Ep 895: R=648.50  C= 18.00  len=482
Ep 896: R=824.54  C= 28.00  len=564
Ep 897: R=536.99  C= 10.00  len=414
Ep 898: R=652.46  C= 19.00  len=487
Ep 899: R=641.54  C= 19.00  len=477
Ep 900: R=638.63  C= 18.00  len=473
Ep 901: R=613.85  C= 11.00  len=481
Ep 902: R=539.88  C= 10.00  len=417
Ep 903: R=680.92  C= 18.00  len=511
Ep 904: R=653.73  C= 19.00  len=486
Ep 905: R=652.91  C= 19.00  len=485
Ep 906: R=534.27  C= 12.00  len=411
Ep 907: R=651.42  C= 19.00  len=485
Ep 908: R=542.85  C= 12.00  len=419
Ep 909: R=540.44  C= 10.00  len=417
Ep 910: R=672.72  C= 19.00  len=502
Ep 911: R=1020.51  C= 85.00  len=654
Ep 912: R=529.75  C= 10.00  len=408
Ep 913: R=667.55  C= 18.00  len=498
Ep 914: R=666.19  C= 18.00  len=496
Ep 915: R=655.22  C= 19.00  len=487
Ep 916: R=563.12  C= 12.00  len=437
Ep 917: R=823.63  C= 27.00  len=564
Ep 918: R=527.46  C= 10.00  len=406
Ep 919: R=556.11  C= 10.00  len=431
Ep 920: R=678.29  C= 19.00  len=509
Ep 921: R=647.14  C= 18.00  len=481
Ep 922: R=647.31  C= 18.00  len=483
Ep 923: R=671.51  C= 20.00  len=502
Ep 924: R=681.27  C= 20.00  len=510
Ep 925: R=647.79  C= 19.00  len=480
Ep 926: R=536.35  C= 10.00  len=413
Ep 927: R=529.60  C= 10.00  len=408
Ep 928: R=688.71  C= 20.00  len=517
Ep 929: R=546.53  C= 11.00  len=422
Ep 930: R=886.91  C= 24.00  len=670
Ep 931: R=539.78  C= 11.00  len=417
Ep 932: R=669.49  C= 19.00  len=501
Ep 933: R=582.31  C= 10.00  len=453
Ep 934: R=658.82  C= 20.00  len=489
Ep 935: R=663.30  C= 19.00  len=493
Ep 936: R=644.12  C= 18.00  len=479
Ep 937: R=648.71  C= 19.00  len=480
Ep 938: R=525.41  C= 11.00  len=404
Ep 939: R=534.77  C= 10.00  len=413
Ep 940: R=541.20  C= 12.00  len=418
Ep 941: R=647.91  C= 19.00  len=482
Ep 942: R=648.85  C= 19.00  len=483
Ep 943: R=642.82  C= 19.00  len=476
Ep 944: R=685.29  C= 18.00  len=514
Ep 945: R=545.89  C= 11.00  len=421
Ep 946: R=553.78  C= 11.00  len=428
Ep 947: R=670.01  C= 19.00  len=500
Ep 948: R=648.19  C= 19.00  len=481
Ep 949: R=651.80  C= 18.00  len=485
Ep 950: R=654.18  C= 18.00  len=487
Ep 951: R=533.45  C= 11.00  len=411
Ep 952: R=533.35  C= 10.00  len=411
Ep 953: R=746.90  C= 29.00  len=503
Ep 954: R=543.65  C= 10.00  len=420
Ep 955: R=553.71  C= 11.00  len=428
Ep 956: R=1200.05  C=  0.00  len=1000
Ep 957: R=537.68  C= 10.00  len=414
Ep 958: R=665.21  C= 19.00  len=496
Ep 959: R=572.55  C= 11.00  len=446
Ep 960: R=644.74  C= 19.00  len=477
Ep 961: R=646.61  C= 19.00  len=480
Ep 962: R=669.78  C= 19.00  len=502
Ep 963: R=1027.75  C= 99.00  len=654
Ep 964: R=570.99  C= 10.00  len=444
Ep 965: R=651.39  C= 19.00  len=483
Ep 966: R=589.08  C= 11.00  len=460
Ep 967: R=566.44  C= 11.00  len=440
Ep 968: R=688.72  C= 19.00  len=517
Ep 969: R=548.66  C= 11.00  len=424
Ep 970: R=552.74  C= 11.00  len=427
Ep 971: R=551.69  C= 11.00  len=427
Ep 972: R=584.82  C= 10.00  len=455
Ep 973: R=643.33  C= 20.00  len=477
Ep 974: R=664.65  C= 19.00  len=496
Ep 975: R=678.07  C= 18.00  len=509
Ep 976: R=534.34  C= 10.00  len=412
Ep 977: R=612.26  C= 10.00  len=479
Ep 978: R=636.82  C= 18.00  len=474
Ep 979: R=674.73  C= 18.00  len=505
Ep 980: R=632.93  C= 18.00  len=470
Ep 981: R=641.76  C= 20.00  len=474
Ep 982: R=531.83  C= 10.00  len=410
Ep 983: R=665.01  C= 20.00  len=495
Ep 984: R=538.44  C= 12.00  len=416
Ep 985: R=533.33  C= 12.00  len=411
Ep 986: R=536.76  C= 10.00  len=414
Ep 987: R=647.63  C= 19.00  len=481
Ep 988: R=752.45  C= 31.00  len=505
Ep 989: R=702.52  C= 19.00  len=529
Ep 990: R=691.38  C= 18.00  len=521
Ep 991: R=602.14  C= 11.00  len=471
Ep 992: R=1150.38  C= 94.00  len=727
Ep 993: R=547.44  C= 11.00  len=422
Ep 994: R=562.05  C= 11.00  len=436
Ep 995: R=718.35  C= 20.00  len=540
Ep 996: R=537.29  C= 10.00  len=413
Ep 997: R=546.30  C= 12.00  len=423
Ep 998: R=654.02  C= 19.00  len=486
Ep 999: R=536.19  C= 11.00  len=413
Ep 1000: R=648.88  C= 18.00  len=484
Ep 1001: R=647.47  C= 19.00  len=478
Ep 1002: R=545.87  C= 11.00  len=422
Ep 1003: R=1003.61  C= 28.00  len=695
Ep 1004: R=675.72  C= 18.00  len=506
Ep 1005: R=729.63  C= 18.00  len=553
Ep 1006: R=1005.39  C= 28.00  len=694
Ep 1007: R=656.43  C= 18.00  len=489
Ep 1008: R=1374.64  C= 15.00  len=1000
Ep 1009: R=558.89  C= 11.00  len=433
Ep 1010: R=557.67  C= 10.00  len=432
Ep 1011: R=645.89  C= 18.00  len=479
Ep 1012: R=1283.10  C=  0.00  len=1000
Ep 1013: R=656.41  C= 18.00  len=487
Ep 1014: R=558.93  C= 11.00  len=433
Ep 1015: R=522.88  C= 11.00  len=402
Ep 1016: R=663.95  C= 18.00  len=496
Ep 1017: R=637.06  C= 19.00  len=472
Ep 1018: R=664.07  C= 19.00  len=495
Ep 1019: R=647.03  C= 19.00  len=479
Ep 1020: R=651.78  C= 20.00  len=484
Ep 1021: R=521.52  C= 10.00  len=401
Ep 1022: R=603.26  C= 10.00  len=471
Ep 1023: R=662.00  C= 19.00  len=495
Ep 1024: R=563.62  C= 10.00  len=436
Ep 1025: R=660.12  C= 18.00  len=492
Ep 1026: R=552.96  C= 11.00  len=428
Ep 1027: R=542.48  C= 11.00  len=419
Ep 1028: R=649.43  C= 19.00  len=481
Ep 1029: R=548.79  C= 11.00  len=424
Ep 1030: R=539.15  C= 11.00  len=416
Ep 1031: R=647.21  C= 18.00  len=481
Ep 1032: R=658.76  C= 19.00  len=490
Ep 1033: R=576.22  C= 11.00  len=450
Ep 1034: R=574.26  C= 10.00  len=447
Ep 1035: R=659.25  C= 18.00  len=493
Ep 1036: R=544.60  C= 11.00  len=421
Ep 1037: R=551.86  C= 11.00  len=426
Ep 1038: R=889.25  C= 45.00  len=580
Ep 1039: R=596.51  C= 11.00  len=466
Ep 1040: R=656.30  C= 19.00  len=488
Ep 1041: R=882.60  C= 41.00  len=578
Ep 1042: R=648.58  C= 19.00  len=482
Ep 1043: R=643.99  C= 18.00  len=478
Ep 1044: R=1279.37  C=  0.00  len=1000
Ep 1045: R=549.02  C= 11.00  len=424
Ep 1046: R=542.28  C= 10.00  len=419
Ep 1047: R=667.72  C= 19.00  len=498
Ep 1048: R=642.73  C= 19.00  len=476
Ep 1049: R=552.15  C= 11.00  len=427
Ep 1050: R=532.75  C= 10.00  len=411
Ep 1051: R=653.05  C= 19.00  len=485
Ep 1052: R=669.33  C= 20.00  len=501
Ep 1053: R=533.29  C= 12.00  len=411
Ep 1054: R=679.21  C= 19.00  len=508
Ep 1055: R=521.02  C= 11.00  len=400
Ep 1056: R=681.64  C= 25.00  len=499
Ep 1057: R=654.58  C= 20.00  len=487
Ep 1058: R=571.25  C= 10.00  len=445
Ep 1059: R=553.82  C= 10.00  len=429
Ep 1060: R=632.29  C= 19.00  len=467
Ep 1061: R=651.90  C= 21.00  len=483
Ep 1062: R=535.83  C= 10.00  len=412
Ep 1063: R=715.65  C= 18.00  len=540
Ep 1064: R=537.92  C= 11.00  len=415
Ep 1065: R=546.21  C= 11.00  len=422
Ep 1066: R=724.13  C= 19.00  len=547
Ep 1067: R=1282.45  C=  0.00  len=1000
Ep 1068: R=661.27  C= 19.00  len=492
Ep 1069: R=682.48  C= 19.00  len=509
Ep 1070: R=1279.34  C=  0.00  len=1000
Ep 1071: R=612.71  C= 10.00  len=480
Ep 1072: R=666.33  C= 18.00  len=499
Ep 1073: R=674.28  C= 19.00  len=503
Ep 1074: R=549.20  C= 11.00  len=425
Ep 1075: R=544.30  C= 11.00  len=420
Ep 1076: R=659.16  C= 19.00  len=491
Ep 1077: R=560.98  C= 11.00  len=435
Ep 1078: R=555.61  C= 10.00  len=429
Ep 1079: R=667.07  C= 19.00  len=498
Ep 1080: R=567.43  C= 11.00  len=441
Ep 1081: R=662.68  C= 19.00  len=494
Ep 1082: R=666.79  C= 19.00  len=499
Ep 1083: R=876.02  C= 36.00  len=577
Ep 1084: R=531.41  C= 11.00  len=410
Ep 1085: R=759.75  C= 31.00  len=508
Ep 1086: R=682.85  C= 25.00  len=500
Ep 1087: R=542.10  C= 10.00  len=419
Ep 1088: R=535.22  C= 11.00  len=413
Ep 1089: R=649.69  C= 18.00  len=483
Ep 1090: R=647.04  C= 18.00  len=482
Ep 1091: R=646.95  C= 19.00  len=479
Ep 1092: R=667.56  C= 20.00  len=499
Ep 1093: R=652.35  C= 19.00  len=486
Ep 1094: R=530.53  C= 10.00  len=408
Ep 1095: R=653.17  C= 18.00  len=485
Ep 1096: R=618.67  C= 10.00  len=484
Ep 1097: R=536.96  C= 12.00  len=414
Ep 1098: R=757.93  C= 31.00  len=507
Ep 1099: R=670.31  C= 19.00  len=500
Ep 1100: R=525.03  C= 12.00  len=404
Ep 1101: R=549.66  C= 10.00  len=425
Ep 1102: R=643.52  C= 18.00  len=478
Ep 1103: R=649.39  C= 18.00  len=483
Ep 1104: R=660.09  C= 18.00  len=492
Ep 1105: R=822.77  C= 27.00  len=565
Ep 1106: R=730.53  C= 20.00  len=551
Ep 1107: R=721.31  C= 19.00  len=545
Ep 1108: R=675.73  C= 18.00  len=508
Ep 1109: R=646.60  C= 19.00  len=479
Ep 1110: R=651.36  C= 19.00  len=484
Ep 1111: R=570.32  C= 10.00  len=444
Ep 1112: R=547.28  C= 11.00  len=423
Ep 1113: R=544.73  C= 11.00  len=421
Ep 1114: R=722.22  C= 19.00  len=547
Ep 1115: R=548.61  C= 11.00  len=424
Ep 1116: R=613.67  C= 10.00  len=480
Ep 1117: R=667.43  C= 18.00  len=497
Ep 1118: R=539.09  C= 10.00  len=416
Ep 1119: R=644.55  C= 19.00  len=479
Ep 1120: R=645.69  C= 19.00  len=479
Ep 1121: R=553.43  C= 11.00  len=429
Ep 1122: R=539.01  C= 10.00  len=416
Ep 1123: R=537.15  C= 10.00  len=413
Ep 1124: R=655.56  C= 19.00  len=488
Ep 1125: R=647.40  C= 18.00  len=480
Ep 1126: R=666.44  C= 19.00  len=497
Ep 1127: R=596.58  C= 11.00  len=466
Ep 1128: R=649.34  C= 19.00  len=482
Ep 1129: R=719.13  C= 20.00  len=541
Ep 1130: R=652.08  C= 18.00  len=486
Ep 1131: R=640.30  C= 18.00  len=476
Ep 1132: R=646.33  C= 18.00  len=479
Ep 1133: R=645.62  C= 19.00  len=480
Ep 1134: R=665.97  C= 18.00  len=496
Ep 1135: R=561.05  C= 11.00  len=435
Ep 1136: R=545.72  C= 10.00  len=421
Ep 1137: R=649.69  C= 18.00  len=483
Ep 1138: R=533.66  C= 12.00  len=412
Ep 1139: R=638.99  C= 20.00  len=475
Ep 1140: R=663.49  C= 19.00  len=494
Ep 1141: R=644.02  C= 18.00  len=479
Ep 1142: R=553.24  C= 11.00  len=428
Ep 1143: R=645.62  C= 19.00  len=480
Ep 1144: R=641.31  C= 18.00  len=476
Ep 1145: R=656.91  C= 20.00  len=489
Ep 1146: R=548.24  C= 11.00  len=424
Ep 1147: R=554.94  C= 10.00  len=430
Ep 1148: R=660.54  C= 18.00  len=491
Ep 1149: R=549.21  C= 11.00  len=425
Ep 1150: R=649.15  C= 20.00  len=483
Ep 1151: R=648.71  C= 18.00  len=483
Ep 1152: R=650.61  C= 18.00  len=483
Ep 1153: R=546.52  C= 11.00  len=423
Ep 1154: R=649.20  C= 19.00  len=482
Ep 1155: R=546.30  C= 10.00  len=422
Ep 1156: R=536.36  C= 11.00  len=414
Ep 1157: R=557.33  C= 10.00  len=431
Ep 1158: R=545.74  C= 11.00  len=422
Ep 1159: R=668.19  C= 20.00  len=499
Ep 1160: R=670.35  C= 19.00  len=498
Ep 1161: R=663.58  C= 19.00  len=494
Ep 1162: R=541.79  C= 10.00  len=417
Ep 1163: R=564.40  C= 12.00  len=439
Ep 1164: R=650.66  C= 18.00  len=482
Ep 1165: R=527.51  C= 11.00  len=405
Ep 1166: R=562.07  C= 12.00  len=436
Ep 1167: R=654.19  C= 18.00  len=487
Ep 1168: R=664.61  C= 19.00  len=495
Ep 1169: R=664.02  C= 19.00  len=496
Ep 1170: R=657.74  C= 18.00  len=490
Ep 1171: R=682.21  C= 20.00  len=510
Ep 1172: R=646.10  C= 20.00  len=479
Ep 1173: R=656.38  C= 18.00  len=488
Ep 1174: R=870.04  C= 38.00  len=575
Ep 1175: R=663.52  C= 19.00  len=495
Ep 1176: R=630.43  C= 19.00  len=467
Ep 1177: R=655.36  C= 19.00  len=487
Ep 1178: R=649.61  C= 19.00  len=482
Ep 1179: R=642.03  C= 19.00  len=477
Ep 1180: R=561.59  C= 12.00  len=436
Ep 1181: R=1284.28  C=  0.00  len=1000
Ep 1182: R=654.19  C= 19.00  len=486
Ep 1183: R=545.95  C= 11.00  len=422
Ep 1184: R=1271.18  C=  0.00  len=1000
Ep 1185: R=540.40  C= 10.00  len=417
Ep 1186: R=527.97  C= 11.00  len=407
Ep 1187: R=567.43  C= 11.00  len=441
Ep 1188: R=718.81  C= 20.00  len=541
Ep 1189: R=558.58  C= 10.00  len=432
Ep 1190: R=668.47  C= 20.00  len=499
Ep 1191: R=569.23  C= 10.00  len=441
Ep 1192: R=655.29  C= 18.00  len=488
Ep 1193: R=647.83  C= 19.00  len=482
Ep 1194: R=643.29  C= 20.00  len=479
Ep 1195: R=646.04  C= 18.00  len=479
Ep 1196: R=649.12  C= 20.00  len=482
Ep 1197: R=658.62  C= 18.00  len=490
Ep 1198: R=616.13  C= 12.00  len=483
Ep 1199: R=672.26  C= 19.00  len=502
Ep 1200: R=527.21  C= 12.00  len=406
Ep 1201: R=672.85  C= 19.00  len=502
Ep 1202: R=548.72  C= 12.00  len=424
Ep 1203: R=712.75  C= 20.00  len=536
Ep 1204: R=648.22  C= 18.00  len=482
Ep 1205: R=641.91  C= 19.00  len=476
Ep 1206: R=544.01  C= 10.00  len=419
Ep 1207: R=644.41  C= 21.00  len=473
Ep 1208: R=670.10  C= 20.00  len=501
Ep 1209: R=523.57  C= 11.00  len=403
Ep 1210: R=534.50  C= 12.00  len=412
Ep 1211: R=887.09  C= 41.00  len=579
Ep 1212: R=668.81  C= 18.00  len=501
Ep 1213: R=552.77  C= 12.00  len=428
Ep 1214: R=650.63  C= 18.00  len=485
Ep 1215: R=641.56  C= 18.00  len=478
Ep 1216: R=562.81  C= 11.00  len=437
Ep 1217: R=616.44  C= 11.00  len=483
Ep 1218: R=669.31  C= 20.00  len=498
Ep 1219: R=649.56  C= 19.00  len=484
Ep 1220: R=553.00  C= 11.00  len=427
Ep 1221: R=666.85  C= 20.00  len=499
Ep 1222: R=546.48  C= 11.00  len=422
Ep 1223: R=608.93  C= 10.00  len=477
Ep 1224: R=547.13  C= 10.00  len=422
Ep 1225: R=1280.06  C=  0.00  len=1000
Ep 1226: R=646.00  C= 18.00  len=480
Ep 1227: R=647.68  C= 19.00  len=480
Ep 1228: R=652.96  C= 18.00  len=484
Ep 1229: R=545.67  C= 11.00  len=422
Ep 1230: R=644.70  C= 19.00  len=478
Ep 1231: R=646.73  C= 19.00  len=479
Ep 1232: R=665.79  C= 19.00  len=496
Ep 1233: R=666.64  C= 18.00  len=500
Ep 1234: R=524.74  C= 10.00  len=404
Ep 1235: R=555.54  C= 11.00  len=429
Ep 1236: R=556.13  C= 10.00  len=431
Ep 1237: R=551.41  C= 12.00  len=427
Ep 1238: R=631.05  C= 19.00  len=467
Ep 1239: R=649.39  C= 18.00  len=483
Ep 1240: R=883.86  C= 40.00  len=579
Ep 1241: R=718.43  C= 18.00  len=544
Ep 1242: R=543.30  C= 11.00  len=419
Ep 1243: R=559.43  C= 12.00  len=434
Ep 1244: R=647.55  C= 19.00  len=480
Ep 1245: R=552.93  C= 12.00  len=428
Ep 1246: R=534.99  C= 10.00  len=413
Ep 1247: R=549.45  C= 11.00  len=425
Ep 1248: R=678.22  C= 19.00  len=508
Ep 1249: R=539.83  C= 11.00  len=416
Ep 1250: R=742.84  C= 19.00  len=564
Ep 1251: R=676.17  C= 18.00  len=507
Ep 1252: R=1292.32  C=  0.00  len=1000
Ep 1253: R=656.18  C= 19.00  len=489
Ep 1254: R=644.05  C= 18.00  len=478
Ep 1255: R=662.67  C= 19.00  len=494
Ep 1256: R=645.90  C= 18.00  len=480
Ep 1257: R=556.65  C= 11.00  len=431
Ep 1258: R=661.66  C= 19.00  len=493
Ep 1259: R=645.62  C= 18.00  len=480
Ep 1260: R=840.58  C= 19.00  len=639
Ep 1261: R=634.81  C= 20.00  len=469
Ep 1262: R=577.67  C= 10.00  len=449
Ep 1263: R=550.79  C= 11.00  len=426
Ep 1264: R=550.16  C= 11.00  len=426
Ep 1265: R=676.22  C= 19.00  len=507
Ep 1266: R=533.91  C= 10.00  len=412
Ep 1267: R=771.18  C= 20.00  len=588
Ep 1268: R=640.30  C= 19.00  len=475
Ep 1269: R=548.75  C= 11.00  len=424
Ep 1270: R=669.42  C= 18.00  len=500
Ep 1271: R=650.22  C= 19.00  len=483
Ep 1272: R=535.08  C= 10.00  len=413
Ep 1273: R=550.39  C= 12.00  len=426
Ep 1274: R=648.93  C= 19.00  len=483
Ep 1275: R=725.36  C= 19.00  len=548
Ep 1276: R=653.31  C= 19.00  len=483
Ep 1277: R=566.17  C= 11.00  len=440
Ep 1278: R=531.23  C= 10.00  len=409
Ep 1279: R=650.77  C= 18.00  len=484
Ep 1280: R=665.41  C= 18.00  len=497
Ep 1281: R=666.23  C= 17.00  len=500
Ep 1282: R=567.02  C= 12.00  len=441
Ep 1283: R=669.63  C= 18.00  len=503
Ep 1284: R=545.84  C= 11.00  len=421
Ep 1285: R=648.52  C= 18.00  len=483
Ep 1286: R=675.23  C= 18.00  len=505
Ep 1287: R=527.65  C= 11.00  len=406
Ep 1288: R=642.42  C= 18.00  len=478
Ep 1289: R=548.75  C= 10.00  len=424
Ep 1290: R=557.40  C= 11.00  len=432
Ep 1291: R=558.03  C= 10.00  len=432
Ep 1292: R=642.19  C= 19.00  len=476
Ep 1293: R=631.80  C= 18.00  len=467
Ep 1294: R=546.50  C= 11.00  len=422
Ep 1295: R=552.35  C= 11.00  len=427
Ep 1296: R=558.42  C= 11.00  len=433
Ep 1297: R=689.34  C= 20.00  len=516
Ep 1298: R=537.83  C= 12.00  len=415
Ep 1299: R=602.63  C= 12.00  len=472
Ep 1300: R=645.50  C= 19.00  len=478
Ep 1301: R=546.37  C= 10.00  len=421
Ep 1302: R=608.95  C= 10.00  len=477
Ep 1303: R=659.21  C= 18.00  len=491
Ep 1304: R=543.59  C= 11.00  len=420
Ep 1305: R=672.95  C= 18.00  len=503
Ep 1306: R=554.47  C= 10.00  len=429
Ep 1307: R=713.43  C= 18.00  len=541
Ep 1308: R=532.00  C= 10.00  len=410
Ep 1309: R=665.99  C= 20.00  len=494
Ep 1310: R=658.23  C= 19.00  len=491
Ep 1311: R=656.85  C= 18.00  len=489
Ep 1312: R=657.61  C= 18.00  len=489
Ep 1313: R=665.27  C= 18.00  len=496
Ep 1314: R=556.59  C= 12.00  len=432
Ep 1315: R=548.32  C= 10.00  len=424
Ep 1316: R=596.47  C= 10.00  len=466
Ep 1317: R=640.68  C= 20.00  len=473
Ep 1318: R=649.76  C= 18.00  len=483
Ep 1319: R=535.92  C= 10.00  len=413
Ep 1320: R=646.98  C= 19.00  len=479
Ep 1321: R=738.10  C= 29.00  len=502
Ep 1322: R=636.87  C= 19.00  len=472
Ep 1323: R=675.17  C= 20.00  len=499
Ep 1324: R=671.34  C= 18.00  len=502
Ep 1325: R=652.87  C= 18.00  len=486
Ep 1326: R=687.95  C= 19.00  len=517
Ep 1327: R=666.65  C= 19.00  len=497
Ep 1328: R=554.77  C= 11.00  len=429
Ep 1329: R=549.48  C= 11.00  len=424
Ep 1330: R=544.63  C= 11.00  len=420
Ep 1331: R=654.84  C= 19.00  len=486
Ep 1332: R=648.37  C= 19.00  len=483
Ep 1333: R=553.51  C= 11.00  len=428
Ep 1334: R=665.26  C= 17.00  len=499
Ep 1335: R=533.95  C= 10.00  len=412
Ep 1336: R=670.79  C= 20.00  len=500
Ep 1337: R=648.47  C= 20.00  len=482
Ep 1338: R=662.10  C= 19.00  len=493
Ep 1339: R=526.81  C= 10.00  len=406
Ep 1340: R=649.44  C= 18.00  len=484
Ep 1341: R=519.61  C= 11.00  len=399
Ep 1342: R=587.53  C= 11.00  len=458
Ep 1343: R=558.13  C= 12.00  len=433
Ep 1344: R=642.02  C= 18.00  len=478
Ep 1345: R=574.19  C= 11.00  len=448
Ep 1346: R=651.89  C= 18.00  len=484
Ep 1347: R=522.95  C= 11.00  len=402
Ep 1348: R=666.07  C= 18.00  len=497
Ep 1349: R=672.55  C= 19.00  len=500
Ep 1350: R=663.04  C= 20.00  len=494
Ep 1351: R=672.43  C= 18.00  len=505
Ep 1352: R=558.13  C= 10.00  len=433
Ep 1353: R=646.82  C= 19.00  len=480
Ep 1354: R=561.87  C= 11.00  len=436
Ep 1355: R=641.26  C= 18.00  len=476
Ep 1356: R=656.38  C= 19.00  len=489
Ep 1357: R=553.40  C= 10.00  len=427
Ep 1358: R=634.10  C= 19.00  len=468
Ep 1359: R=645.96  C= 19.00  len=480
Ep 1360: R=1199.30  C=  0.00  len=1000
Ep 1361: R=547.89  C= 10.00  len=423
Ep 1362: R=521.35  C= 11.00  len=400
Ep 1363: R=535.46  C= 10.00  len=412
Ep 1364: R=551.73  C= 11.00  len=427
Ep 1365: R=652.05  C= 20.00  len=485
Ep 1366: R=666.91  C= 19.00  len=497
Ep 1367: R=652.91  C= 19.00  len=486
Ep 1368: R=550.56  C= 11.00  len=426
Ep 1369: R=756.04  C= 31.00  len=507
Ep 1370: R=657.81  C= 19.00  len=489
Ep 1371: R=684.11  C= 18.00  len=513
Ep 1372: R=666.49  C= 18.00  len=498
Ep 1373: R=610.05  C= 12.00  len=478
Ep 1374: R=675.00  C= 19.00  len=503
Ep 1375: R=646.76  C= 18.00  len=481
Ep 1376: R=656.56  C= 19.00  len=488
Ep 1377: R=663.85  C= 19.00  len=493
Ep 1378: R=724.98  C= 19.00  len=549
Ep 1379: R=550.80  C= 12.00  len=426
Ep 1380: R=652.73  C= 18.00  len=486
Ep 1381: R=554.59  C= 10.00  len=430
Ep 1382: R=522.62  C= 11.00  len=402
Ep 1383: R=668.36  C= 18.00  len=501
Ep 1384: R=707.92  C= 18.00  len=530
Ep 1385: R=650.80  C= 18.00  len=483
Ep 1386: R=645.72  C= 18.00  len=480
Ep 1387: R=549.77  C= 10.00  len=425
Ep 1388: R=543.51  C= 10.00  len=420
Ep 1389: R=664.95  C= 18.00  len=496
Ep 1390: R=674.47  C= 19.00  len=504
Ep 1391: R=661.20  C= 18.00  len=495
Ep 1392: R=523.18  C= 11.00  len=402
Ep 1393: R=659.92  C= 18.00  len=492
Ep 1394: R=641.31  C= 18.00  len=478
Ep 1395: R=715.53  C= 19.00  len=542
Ep 1396: R=533.39  C= 10.00  len=411
Ep 1397: R=657.79  C= 19.00  len=490
Ep 1398: R=647.99  C= 18.00  len=481
Ep 1399: R=675.82  C= 19.00  len=506
Ep 1400: R=563.50  C= 11.00  len=437
Ep 1401: R=678.90  C= 19.00  len=507
Ep 1402: R=642.28  C= 19.00  len=476
Ep 1403: R=556.01  C= 11.00  len=431
Ep 1404: R=645.82  C= 19.00  len=481
Ep 1405: R=644.09  C= 19.00  len=479
Ep 1406: R=663.07  C= 19.00  len=494
Ep 1407: R=661.17  C= 20.00  len=491
Ep 1408: R=641.44  C= 19.00  len=476
Ep 1409: R=617.33  C= 10.00  len=484
Ep 1410: R=675.17  C= 18.00  len=506
Ep 1411: R=554.05  C= 11.00  len=429
Ep 1412: R=583.96  C= 12.00  len=455
Ep 1413: R=680.67  C= 19.00  len=510
Ep 1414: R=553.35  C= 11.00  len=428
Ep 1415: R=669.23  C= 18.00  len=499
Ep 1416: R=645.02  C= 19.00  len=479
Ep 1417: R=655.31  C= 18.00  len=488
Ep 1418: R=583.10  C= 12.00  len=454
Ep 1419: R=558.81  C= 11.00  len=434
Ep 1420: R=654.95  C= 18.00  len=489
Ep 1421: R=716.30  C= 18.00  len=543
Ep 1422: R=549.50  C= 11.00  len=425
Ep 1423: R=536.87  C= 10.00  len=413
Ep 1424: R=642.38  C= 18.00  len=478
Ep 1425: R=667.20  C= 18.00  len=500
Ep 1426: R=654.56  C= 19.00  len=487
Ep 1427: R=541.69  C= 10.00  len=417
Ep 1428: R=551.90  C= 11.00  len=427
Ep 1429: R=663.28  C= 18.00  len=494
Ep 1430: R=670.39  C= 19.00  len=500
Ep 1431: R=540.08  C= 12.00  len=417
Ep 1432: R=642.09  C= 20.00  len=477
Ep 1433: R=652.78  C= 18.00  len=487
Ep 1434: R=668.81  C= 19.00  len=501
Ep 1435: R=650.34  C= 19.00  len=485
Ep 1436: R=644.07  C= 20.00  len=478
Ep 1437: R=1235.75  C= 28.00  len=882
Ep 1438: R=608.78  C= 11.00  len=477
Ep 1439: R=552.08  C= 11.00  len=427
Ep 1440: R=563.37  C= 10.00  len=437
Ep 1441: R=663.37  C= 18.00  len=495
Ep 1442: R=662.34  C= 21.00  len=492
Ep 1443: R=650.24  C= 18.00  len=484
Ep 1444: R=530.20  C= 10.00  len=407
Ep 1445: R=538.86  C= 11.00  len=416
Ep 1446: R=546.61  C= 12.00  len=422
Ep 1447: R=661.65  C= 19.00  len=492
Ep 1448: R=577.87  C= 11.00  len=451
Ep 1449: R=1086.90  C= 51.00  len=801
Ep 1450: R=559.63  C= 12.00  len=434
Ep 1451: R=648.41  C= 18.00  len=482
Ep 1452: R=727.96  C= 19.00  len=550
Ep 1453: R=557.94  C= 11.00  len=433
Ep 1454: R=534.44  C= 11.00  len=412
Ep 1455: R=564.41  C= 11.00  len=438
Ep 1456: R=550.03  C= 11.00  len=425
Ep 1457: R=615.64  C= 12.00  len=482
Ep 1458: R=882.70  C= 39.00  len=578
Ep 1459: R=639.93  C= 18.00  len=475
Ep 1460: R=538.06  C= 12.00  len=415
Ep 1461: R=662.25  C= 19.00  len=493
Ep 1462: R=743.38  C= 26.00  len=503
Ep 1463: R=549.70  C= 11.00  len=425
Ep 1464: R=529.98  C= 10.00  len=409
Ep 1465: R=561.69  C= 11.00  len=436
Ep 1466: R=657.37  C= 20.00  len=489
Ep 1467: R=620.49  C= 12.00  len=487
Ep 1468: R=680.38  C= 19.00  len=510
Ep 1469: R=1261.78  C=  0.00  len=1000
Ep 1470: R=652.87  C= 18.00  len=485
Ep 1471: R=542.52  C= 11.00  len=419
Ep 1472: R=534.08  C= 12.00  len=412
Ep 1473: R=542.51  C= 10.00  len=419
Ep 1474: R=665.51  C= 18.00  len=497
Ep 1475: R=520.68  C= 11.00  len=400
Ep 1476: R=676.73  C= 18.00  len=508
Ep 1477: R=652.98  C= 20.00  len=487
Ep 1478: R=539.84  C= 11.00  len=416
Ep 1479: R=543.63  C= 10.00  len=420
Ep 1480: R=543.50  C= 11.00  len=420
Ep 1481: R=650.43  C= 19.00  len=483
Ep 1482: R=686.44  C= 20.00  len=514
Ep 1483: R=539.05  C= 10.00  len=416
Ep 1484: R=652.53  C= 19.00  len=484
Ep 1485: R=656.94  C= 18.00  len=490
Ep 1486: R=539.52  C= 11.00  len=416
Ep 1487: R=722.05  C= 19.00  len=546
Ep 1488: R=655.68  C= 11.00  len=518
Ep 1489: R=674.98  C= 20.00  len=504
Ep 1490: R=643.17  C= 18.00  len=477
Ep 1491: R=602.99  C= 11.00  len=472
Ep 1492: R=655.74  C= 19.00  len=487
Ep 1493: R=677.49  C= 19.00  len=509
Ep 1494: R=661.88  C= 19.00  len=494
Ep 1495: R=890.80  C= 60.00  len=579
Ep 1496: R=570.26  C= 10.00  len=444
Ep 1497: R=538.12  C= 10.00  len=415
Ep 1498: R=645.35  C= 19.00  len=479
Ep 1499: R=536.98  C= 10.00  len=414
Ep 1500: R=543.26  C= 11.00  len=419
Ep 1501: R=1057.45  C= 41.00  len=704
Ep 1502: R=649.41  C= 19.00  len=483
Ep 1503: R=724.23  C= 19.00  len=547
Ep 1504: R=582.38  C= 10.00  len=454
Ep 1505: R=667.08  C= 19.00  len=499
Ep 1506: R=550.65  C= 11.00  len=426
Ep 1507: R=554.06  C= 11.00  len=429
Ep 1508: R=725.77  C= 19.00  len=547
Ep 1509: R=533.92  C= 11.00  len=412
Ep 1510: R=670.32  C= 19.00  len=499
Ep 1511: R=655.61  C= 18.00  len=488
Ep 1512: R=552.60  C= 11.00  len=428
Ep 1513: R=650.37  C= 20.00  len=481
Ep 1514: R=558.69  C= 11.00  len=433
Ep 1515: R=580.16  C= 11.00  len=452
Ep 1516: R=884.83  C= 41.00  len=580
Ep 1517: R=540.60  C= 11.00  len=417
Ep 1518: R=548.74  C= 10.00  len=423
Ep 1519: R=641.10  C= 19.00  len=477
Ep 1520: R=544.85  C= 10.00  len=421
Ep 1521: R=653.90  C= 19.00  len=486
Ep 1522: R=644.41  C= 18.00  len=479
Ep 1523: R=674.29  C= 20.00  len=504
Ep 1524: R=646.52  C= 19.00  len=480
Ep 1525: R=518.22  C= 11.00  len=398
Ep 1526: R=1286.66  C=  0.00  len=1000
Ep 1527: R=672.42  C= 19.00  len=501
Ep 1528: R=542.80  C= 11.00  len=419
Ep 1529: R=561.69  C= 11.00  len=436
Ep 1530: R=647.62  C= 18.00  len=481
Ep 1531: R=634.82  C= 19.00  len=470
Ep 1532: R=638.51  C= 18.00  len=476
Ep 1533: R=644.26  C= 18.00  len=478
Ep 1534: R=593.89  C= 10.00  len=464
Ep 1535: R=669.36  C= 19.00  len=501
Ep 1536: R=548.05  C= 11.00  len=423
Ep 1537: R=649.14  C= 19.00  len=483
Ep 1538: R=894.19  C= 45.00  len=582
Ep 1539: R=659.50  C= 18.00  len=492
Ep 1540: R=540.50  C= 12.00  len=417
Ep 1541: R=664.07  C= 19.00  len=494
Ep 1542: R=619.92  C= 10.00  len=485
Ep 1543: R=546.85  C= 10.00  len=423
Ep 1544: R=553.38  C= 11.00  len=428
Ep 1545: R=794.55  C= 58.00  len=563
Ep 1546: R=532.65  C= 10.00  len=410
Ep 1547: R=667.03  C= 18.00  len=501
Ep 1548: R=528.49  C= 11.00  len=407
Ep 1549: R=526.67  C= 12.00  len=405
Ep 1550: R=668.79  C= 18.00  len=496
Ep 1551: R=646.96  C= 19.00  len=480
Ep 1552: R=628.44  C= 10.00  len=493
Ep 1553: R=545.92  C= 11.00  len=422
Ep 1554: R=565.35  C= 11.00  len=439
Ep 1555: R=666.38  C= 19.00  len=498
Ep 1556: R=613.76  C= 10.00  len=481
Ep 1557: R=664.09  C= 19.00  len=496
Ep 1558: R=650.50  C= 18.00  len=484
Ep 1559: R=679.14  C= 18.00  len=509
Ep 1560: R=567.21  C= 11.00  len=441
Ep 1561: R=528.45  C= 10.00  len=406
Ep 1562: R=677.15  C= 18.00  len=507
Ep 1563: R=646.64  C= 19.00  len=480
Ep 1564: R=670.70  C= 18.00  len=501
Ep 1565: R=611.48  C= 12.00  len=479
Ep 1566: R=668.49  C= 18.00  len=501
Ep 1567: R=545.88  C= 10.00  len=422
Ep 1568: R=647.67  C= 19.00  len=482
Ep 1569: R=543.53  C= 10.00  len=420
Ep 1570: R=546.13  C= 10.00  len=422
Ep 1571: R=637.88  C= 18.00  len=475
Ep 1572: R=679.82  C= 19.00  len=509
Ep 1573: R=531.71  C= 10.00  len=410
Ep 1574: R=657.13  C= 20.00  len=488
Ep 1575: R=533.36  C= 11.00  len=411
Ep 1576: R=575.95  C= 10.00  len=449
Ep 1577: R=659.86  C= 19.00  len=490
Ep 1578: R=669.16  C= 19.00  len=501
Ep 1579: R=554.89  C= 11.00  len=428
Ep 1580: R=1069.17  C= 29.00  len=756
Ep 1581: R=643.66  C= 18.00  len=477
Ep 1582: R=552.86  C= 10.00  len=428
Ep 1583: R=545.30  C= 11.00  len=421
Ep 1584: R=564.52  C= 11.00  len=438
Ep 1585: R=642.28  C= 19.00  len=478
Ep 1586: R=666.52  C= 17.00  len=500
Ep 1587: R=676.38  C= 19.00  len=507
Ep 1588: R=612.79  C= 10.00  len=479
Ep 1589: R=642.41  C= 18.00  len=477
Ep 1590: R=536.52  C= 10.00  len=413
Ep 1591: R=645.60  C= 19.00  len=479
Ep 1592: R=644.19  C= 18.00  len=478
Ep 1593: R=676.31  C= 19.00  len=505
Ep 1594: R=523.60  C= 11.00  len=403
Ep 1595: R=551.38  C= 10.00  len=427
Ep 1596: R=682.07  C= 19.00  len=512
Ep 1597: R=552.17  C= 11.00  len=427
Ep 1598: R=663.96  C= 18.00  len=495
Ep 1599: R=656.15  C= 19.00  len=489
Ep 1600: R=678.08  C= 21.00  len=508
Ep 1601: R=674.45  C= 18.00  len=505
Ep 1602: R=638.45  C= 19.00  len=473
Ep 1603: R=551.80  C= 10.00  len=427
Ep 1604: R=550.14  C= 11.00  len=425
Ep 1605: R=575.01  C= 10.00  len=448
Ep 1606: R=712.83  C= 19.00  len=538
Ep 1607: R=574.86  C= 11.00  len=448
Ep 1608: R=537.60  C= 11.00  len=415
Ep 1609: R=560.61  C= 11.00  len=435
Ep 1610: R=606.68  C= 10.00  len=475
Ep 1611: R=644.18  C= 19.00  len=477
Ep 1612: R=548.24  C= 11.00  len=424
Ep 1613: R=611.36  C= 11.00  len=479
Ep 1614: R=668.35  C= 18.00  len=499
Ep 1615: R=702.08  C= 18.00  len=526
Ep 1616: R=647.80  C= 20.00  len=480
Ep 1617: R=548.15  C= 11.00  len=424
Ep 1618: R=672.07  C= 18.00  len=504
Ep 1619: R=550.68  C= 10.00  len=426
Ep 1620: R=583.19  C= 11.00  len=454
Ep 1621: R=551.51  C= 11.00  len=427
Ep 1622: R=663.21  C= 19.00  len=493
Ep 1623: R=538.26  C= 11.00  len=415
Ep 1624: R=540.33  C= 10.00  len=417
Ep 1625: R=663.32  C= 18.00  len=496
Ep 1626: R=643.48  C= 19.00  len=477
Ep 1627: R=568.21  C= 11.00  len=442
Ep 1628: R=548.36  C= 12.00  len=424
Ep 1629: R=559.98  C= 11.00  len=434
Ep 1630: R=548.48  C= 11.00  len=424
Ep 1631: R=668.28  C= 18.00  len=501
Ep 1632: R=643.37  C= 19.00  len=477
Ep 1633: R=558.52  C= 12.00  len=433
Ep 1634: R=742.13  C= 27.00  len=503
Ep 1635: R=640.71  C= 18.00  len=477
Ep 1636: R=646.74  C= 20.00  len=479
Ep 1637: R=671.18  C= 19.00  len=500
Ep 1638: R=525.06  C= 11.00  len=404
Ep 1639: R=650.74  C= 18.00  len=484
Ep 1640: R=536.80  C= 12.00  len=414
Ep 1641: R=538.24  C= 12.00  len=415
Ep 1642: R=667.21  C= 18.00  len=500
Ep 1643: R=572.76  C= 11.00  len=447
Ep 1644: R=1028.96  C= 87.00  len=658
Ep 1645: R=564.97  C= 10.00  len=437
Ep 1646: R=524.97  C= 11.00  len=404
Ep 1647: R=647.48  C= 19.00  len=481
Ep 1648: R=700.10  C= 19.00  len=528
Ep 1649: R=660.08  C= 20.00  len=489
Ep 1650: R=541.00  C= 12.00  len=418
Ep 1651: R=551.70  C= 12.00  len=427
Ep 1652: R=714.68  C= 18.00  len=541
Ep 1653: R=675.24  C= 18.00  len=503
Ep 1654: R=648.78  C= 19.00  len=480
Ep 1655: R=528.93  C= 11.00  len=407
Ep 1656: R=666.15  C= 19.00  len=496
Ep 1657: R=616.40  C= 10.00  len=483
Ep 1658: R=528.38  C= 10.00  len=407
Ep 1659: R=641.75  C= 18.00  len=478
Ep 1660: R=564.69  C= 11.00  len=438
Ep 1661: R=655.88  C= 18.00  len=488
Ep 1662: R=675.76  C= 18.00  len=506
Ep 1663: R=668.05  C= 19.00  len=500
Ep 1664: R=652.00  C= 20.00  len=484
Ep 1665: R=586.07  C= 10.00  len=456
Ep 1666: R=640.20  C= 18.00  len=475
Ep 1667: R=549.47  C= 11.00  len=425
Ep 1668: R=559.42  C= 11.00  len=434
Ep 1669: R=1450.10  C= 96.00  len=958
Ep 1670: R=664.62  C= 19.00  len=497
Ep 1671: R=668.67  C= 18.00  len=500
Ep 1672: R=563.64  C= 11.00  len=437
Ep 1673: R=647.16  C= 18.00  len=481
Ep 1674: R=651.11  C= 18.00  len=486
Ep 1675: R=649.81  C= 18.00  len=483
Ep 1676: R=554.44  C= 10.00  len=428
Ep 1677: R=645.81  C= 19.00  len=480
Ep 1678: R=609.66  C= 11.00  len=477
Ep 1679: R=715.02  C= 19.00  len=541
Ep 1680: R=646.39  C= 18.00  len=482
Ep 1681: R=554.14  C= 10.00  len=429
Ep 1682: R=646.36  C= 20.00  len=479
Ep 1683: R=645.62  C= 19.00  len=479
Ep 1684: R=538.23  C= 10.00  len=415
Ep 1685: R=551.05  C= 11.00  len=426
Ep 1686: R=524.09  C= 11.00  len=403
Ep 1687: R=536.37  C= 11.00  len=414
Ep 1688: R=554.48  C= 11.00  len=429
Ep 1689: R=649.44  C= 18.00  len=483
Ep 1690: R=670.40  C= 19.00  len=498
Ep 1691: R=539.69  C= 12.00  len=417
Ep 1692: R=537.50  C= 10.00  len=415
Ep 1693: R=537.68  C= 11.00  len=414
Ep 1694: R=640.02  C= 19.00  len=474
Ep 1695: R=542.45  C= 10.00  len=419
Ep 1696: R=759.61  C= 31.00  len=509
Ep 1697: R=668.88  C= 20.00  len=497
Ep 1698: R=651.53  C= 18.00  len=484
Ep 1699: R=646.23  C= 18.00  len=480
Ep 1700: R=648.19  C= 19.00  len=481
Ep 1701: R=641.97  C= 19.00  len=476
Ep 1702: R=642.90  C= 18.00  len=477
Ep 1703: R=526.43  C= 11.00  len=405
Ep 1704: R=639.38  C= 19.00  len=475
Ep 1705: R=1277.65  C=  0.00  len=1000
Ep 1706: R=693.11  C= 19.00  len=521
Ep 1707: R=546.74  C= 11.00  len=422
Ep 1708: R=562.47  C= 12.00  len=437
Ep 1709: R=523.80  C= 11.00  len=403
Ep 1710: R=523.95  C= 10.00  len=402
Ep 1711: R=524.08  C= 10.00  len=402
Ep 1712: R=646.10  C= 19.00  len=479
Ep 1713: R=647.86  C= 19.00  len=482
Ep 1714: R=525.47  C= 10.00  len=403
Ep 1715: R=560.30  C= 10.00  len=434
Ep 1716: R=670.05  C= 20.00  len=498
Ep 1717: R=657.86  C= 18.00  len=490
Ep 1718: R=745.28  C= 26.00  len=504
Ep 1719: R=645.64  C= 19.00  len=480
Ep 1720: R=666.40  C= 18.00  len=498
Ep 1721: R=645.27  C= 18.00  len=481
Ep 1722: R=644.52  C= 20.00  len=476
Ep 1723: R=645.83  C= 19.00  len=479
Ep 1724: R=678.90  C= 19.00  len=508
Ep 1725: R=563.53  C= 11.00  len=437
Ep 1726: R=547.76  C= 10.00  len=423
Ep 1727: R=552.74  C= 11.00  len=427
Ep 1728: R=553.08  C= 11.00  len=427
Ep 1729: R=675.82  C= 18.00  len=505
Ep 1730: R=678.90  C= 39.00  len=495
Ep 1731: R=546.78  C= 11.00  len=423
Ep 1732: R=686.24  C= 19.00  len=516
Ep 1733: R=565.22  C= 10.00  len=439
Ep 1734: R=554.03  C= 11.00  len=429
Ep 1735: R=657.87  C= 19.00  len=490
Ep 1736: R=651.78  C= 19.00  len=485
Ep 1737: R=648.08  C= 20.00  len=481
Ep 1738: R=528.87  C= 11.00  len=407
Ep 1739: R=664.43  C= 19.00  len=495
Ep 1740: R=551.77  C= 11.00  len=428
Ep 1741: R=651.01  C= 18.00  len=484
Ep 1742: R=647.50  C= 18.00  len=481
Ep 1743: R=874.39  C= 37.00  len=576
Ep 1744: R=553.77  C= 12.00  len=429
Ep 1745: R=561.27  C= 10.00  len=434
Ep 1746: R=645.22  C= 19.00  len=478
Ep 1747: R=720.26  C= 19.00  len=545
Ep 1748: R=569.30  C= 11.00  len=442
Ep 1749: R=565.17  C= 10.00  len=439
Ep 1750: R=535.47  C= 10.00  len=413
Ep 1751: R=554.07  C= 10.00  len=429
Ep 1752: R=546.19  C= 11.00  len=422
Ep 1753: R=532.08  C= 11.00  len=410
Ep 1754: R=652.94  C= 19.00  len=486
Ep 1755: R=562.61  C= 10.00  len=436
Ep 1756: R=643.38  C= 18.00  len=478
Ep 1757: R=597.44  C= 11.00  len=467
Ep 1758: R=570.16  C= 10.00  len=444
Ep 1759: R=534.07  C= 10.00  len=412
Ep 1760: R=654.80  C= 19.00  len=486
Ep 1761: R=665.65  C= 20.00  len=498
Ep 1762: R=667.21  C= 18.00  len=499
Ep 1763: R=565.84  C= 11.00  len=439
Ep 1764: R=648.89  C= 20.00  len=481
Ep 1765: R=647.50  C= 19.00  len=480
Ep 1766: R=542.48  C= 10.00  len=419
Ep 1767: R=552.45  C= 12.00  len=427
Ep 1768: R=541.92  C= 11.00  len=418
Ep 1769: R=674.65  C= 20.00  len=506
Ep 1770: R=650.37  C= 19.00  len=484
Ep 1771: R=544.98  C= 11.00  len=421
Ep 1772: R=576.46  C= 11.00  len=450
Ep 1773: R=548.25  C= 11.00  len=424
Ep 1774: R=643.37  C= 19.00  len=477
Ep 1775: R=660.82  C= 18.00  len=491
Ep 1776: R=642.92  C= 20.00  len=476
Ep 1777: R=649.08  C= 20.00  len=480
Ep 1778: R=544.90  C= 10.00  len=420
Ep 1779: R=563.38  C= 11.00  len=437
Ep 1780: R=646.17  C= 18.00  len=480
Ep 1781: R=896.76  C= 53.00  len=582
Ep 1782: R=643.90  C= 18.00  len=479
Ep 1783: R=546.35  C= 11.00  len=422
Ep 1784: R=664.44  C= 19.00  len=498
Ep 1785: R=651.07  C= 19.00  len=483
Ep 1786: R=670.63  C= 18.00  len=501
Ep 1787: R=752.89  C= 29.00  len=507
Ep 1788: R=550.21  C= 12.00  len=425
Ep 1789: R=660.10  C= 19.00  len=491
Ep 1790: R=879.29  C= 39.00  len=578
Ep 1791: R=629.45  C= 19.00  len=467
Ep 1792: R=614.11  C= 10.00  len=481
Ep 1793: R=541.93  C= 11.00  len=418
Ep 1794: R=675.76  C= 18.00  len=508
Ep 1795: R=549.19  C= 11.00  len=425
Ep 1796: R=642.91  C= 19.00  len=479
Ep 1797: R=666.18  C= 18.00  len=498
Ep 1798: R=650.08  C= 19.00  len=483
Ep 1799: R=642.37  C= 18.00  len=478
Ep 1800: R=647.15  C= 19.00  len=482
Ep 1801: R=645.08  C= 18.00  len=478
Ep 1802: R=643.98  C= 18.00  len=479
Ep 1803: R=546.09  C= 10.00  len=422
Ep 1804: R=553.89  C= 11.00  len=428
Ep 1805: R=669.12  C= 18.00  len=499
Ep 1806: R=543.26  C= 11.00  len=420
Ep 1807: R=535.57  C= 12.00  len=413
Ep 1808: R=540.19  C= 11.00  len=417
Ep 1809: R=540.31  C= 10.00  len=417
Ep 1810: R=665.98  C= 18.00  len=498
Ep 1811: R=559.17  C= 12.00  len=434
Ep 1812: R=885.13  C= 43.00  len=578
Ep 1813: R=546.94  C= 11.00  len=423
Ep 1814: R=549.32  C= 10.00  len=425
Ep 1815: R=644.70  C= 18.00  len=479
Ep 1816: R=664.93  C= 20.00  len=497
Ep 1817: R=712.16  C= 20.00  len=537
Ep 1818: R=522.53  C= 11.00  len=402
Ep 1819: R=652.71  C= 18.00  len=485
Ep 1820: R=555.43  C= 10.00  len=430
Ep 1821: R=543.62  C= 10.00  len=419
Ep 1822: R=653.58  C= 19.00  len=486
Ep 1823: R=527.30  C= 11.00  len=406
Ep 1824: R=883.86  C= 43.00  len=579
Ep 1825: R=672.42  C= 18.00  len=505
Ep 1826: R=522.03  C= 10.00  len=401
Ep 1827: R=646.33  C= 19.00  len=481
Ep 1828: R=555.34  C= 11.00  len=430
Ep 1829: R=522.05  C= 11.00  len=401
Ep 1830: R=646.12  C= 18.00  len=480
Ep 1831: R=569.48  C= 11.00  len=443
Ep 1832: R=579.60  C= 10.00  len=452
Ep 1833: R=638.77  C= 18.00  len=476
Ep 1834: R=655.35  C= 18.00  len=488
Ep 1835: R=672.68  C= 19.00  len=503
Ep 1836: R=673.45  C= 19.00  len=502
Ep 1837: R=662.47  C= 19.00  len=495
Ep 1838: R=604.27  C= 10.00  len=473
Ep 1839: R=644.20  C= 18.00  len=479
Ep 1840: R=648.76  C= 18.00  len=481
Ep 1841: R=558.79  C= 10.00  len=432
Ep 1842: R=682.14  C= 18.00  len=512
Ep 1843: R=675.71  C= 18.00  len=506
Ep 1844: R=1094.83  C= 63.00  len=712
Ep 1845: R=524.47  C= 11.00  len=404
Ep 1846: R=727.38  C= 19.00  len=550
Ep 1847: R=557.92  C= 12.00  len=433
Ep 1848: R=548.11  C= 10.00  len=423
Ep 1849: R=680.56  C= 18.00  len=510
Ep 1850: R=544.41  C= 11.00  len=421
Ep 1851: R=538.01  C= 11.00  len=415
Ep 1852: R=591.02  C= 10.00  len=461
Ep 1853: R=653.47  C= 19.00  len=486
Ep 1854: R=600.01  C= 12.00  len=470
Ep 1855: R=534.15  C= 12.00  len=412
Ep 1856: R=645.14  C= 20.00  len=475
Ep 1857: R=556.55  C= 11.00  len=431
Ep 1858: R=666.90  C= 19.00  len=499
Ep 1859: R=544.80  C= 10.00  len=421
Ep 1860: R=524.96  C= 11.00  len=404
Ep 1861: R=523.68  C= 10.00  len=402
Ep 1862: R=549.34  C= 11.00  len=424
Ep 1863: R=537.36  C= 11.00  len=414
Ep 1864: R=535.94  C= 11.00  len=413
Ep 1865: R=664.28  C= 18.00  len=496
Ep 1866: R=604.25  C= 10.00  len=473
Ep 1867: R=544.72  C= 11.00  len=421
Ep 1868: R=643.56  C= 19.00  len=477
Ep 1869: R=673.30  C= 19.00  len=503
Ep 1870: R=661.47  C= 20.00  len=492
Ep 1871: R=590.81  C= 11.00  len=461
Ep 1872: R=564.24  C= 11.00  len=438
Ep 1873: R=653.13  C= 18.00  len=485
Ep 1874: R=634.43  C= 18.00  len=469
Ep 1875: R=668.52  C= 19.00  len=500
Ep 1876: R=648.95  C= 19.00  len=481
Ep 1877: R=547.92  C= 12.00  len=423
Ep 1878: R=648.14  C= 19.00  len=481
Ep 1879: R=583.66  C= 11.00  len=455
Ep 1880: R=550.82  C= 10.00  len=426
Ep 1881: R=537.46  C= 10.00  len=415
Ep 1882: R=647.55  C= 18.00  len=480
Ep 1883: R=653.90  C= 19.00  len=487
Ep 1884: R=646.82  C= 19.00  len=480
Ep 1885: R=656.10  C= 19.00  len=488
Ep 1886: R=534.36  C= 12.00  len=412
Ep 1887: R=541.34  C= 12.00  len=418
Ep 1888: R=566.32  C= 11.00  len=440
Ep 1889: R=651.57  C= 19.00  len=486
Ep 1890: R=632.59  C= 18.00  len=470
Ep 1891: R=531.81  C= 11.00  len=410
Ep 1892: R=585.71  C= 10.00  len=457
Ep 1893: R=539.54  C= 11.00  len=416
Ep 1894: R=676.32  C= 20.00  len=506
Ep 1895: R=549.63  C= 11.00  len=425
Ep 1896: R=890.27  C= 41.00  len=581
Ep 1897: R=544.19  C= 11.00  len=420
Ep 1898: R=537.66  C= 12.00  len=415
Ep 1899: R=599.15  C= 10.00  len=469
Ep 1900: R=646.82  C= 19.00  len=481
Ep 1901: R=642.07  C= 19.00  len=476
Ep 1902: R=648.80  C= 19.00  len=481
Ep 1903: R=660.65  C= 19.00  len=491
Ep 1904: R=582.49  C= 10.00  len=454
Ep 1905: R=590.96  C= 10.00  len=461
Ep 1906: R=560.92  C= 11.00  len=434
Ep 1907: R=1199.61  C=  0.00  len=1000
Ep 1908: R=648.16  C= 18.00  len=482
Ep 1909: R=693.59  C= 18.00  len=520
Ep 1910: R=669.36  C= 18.00  len=499
Ep 1911: R=646.47  C= 19.00  len=479
Ep 1912: R=653.15  C= 20.00  len=487
Ep 1913: R=647.32  C= 19.00  len=481
Ep 1914: R=542.98  C= 11.00  len=419
Ep 1915: R=569.99  C= 10.00  len=442
Ep 1916: R=648.41  C= 18.00  len=481
Ep 1917: R=537.76  C= 10.00  len=414
Ep 1918: R=547.32  C= 10.00  len=423
Ep 1919: R=662.43  C= 18.00  len=496
Ep 1920: R=665.54  C= 20.00  len=496
Ep 1921: R=614.28  C= 11.00  len=481
Ep 1922: R=545.10  C= 11.00  len=421
Ep 1923: R=650.35  C= 19.00  len=483
Ep 1924: R=643.26  C= 19.00  len=479
Ep 1925: R=1277.94  C=  0.00  len=1000
Ep 1926: R=543.69  C= 11.00  len=420
Ep 1927: R=547.17  C= 10.00  len=422
Ep 1928: R=673.64  C= 19.00  len=504
Ep 1929: R=656.13  C= 19.00  len=489
Ep 1930: R=557.96  C= 10.00  len=432
Ep 1931: R=642.04  C= 19.00  len=477
Ep 1932: R=525.82  C= 11.00  len=404
Ep 1933: R=645.48  C= 18.00  len=479
Ep 1934: R=724.21  C= 20.00  len=548
Ep 1935: R=666.54  C= 19.00  len=497
Ep 1936: R=541.85  C= 10.00  len=418
Ep 1937: R=636.57  C= 18.00  len=472
Ep 1938: R=552.09  C= 11.00  len=427
Ep 1939: R=659.09  C= 18.00  len=489
Ep 1940: R=1262.01  C=  0.00  len=1000
Ep 1941: R=638.54  C= 19.00  len=475
Ep 1942: R=522.70  C= 11.00  len=401
Ep 1943: R=536.84  C= 11.00  len=414
Ep 1944: R=639.31  C= 20.00  len=472
Ep 1945: R=567.47  C= 10.00  len=440
Ep 1946: R=686.99  C= 19.00  len=516
Ep 1947: R=562.66  C= 12.00  len=437
Ep 1948: R=648.08  C= 19.00  len=481
Ep 1949: R=649.41  C= 20.00  len=481
Ep 1950: R=544.64  C= 10.00  len=420
Ep 1951: R=696.49  C= 18.00  len=525
Ep 1952: R=706.91  C= 20.00  len=532
Ep 1953: R=576.77  C= 11.00  len=450
Ep 1954: R=529.64  C= 11.00  len=408
Ep 1955: R=557.72  C= 10.00  len=432
Ep 1956: R=727.87  C= 18.00  len=550
Ep 1957: R=668.06  C= 19.00  len=501
Ep 1958: R=624.70  C= 12.00  len=491
Ep 1959: R=539.49  C= 11.00  len=416
Ep 1960: R=521.57  C= 11.00  len=401
Ep 1961: R=569.91  C= 12.00  len=443
Ep 1962: R=528.74  C= 11.00  len=407
Ep 1963: R=643.81  C= 18.00  len=478
Ep 1964: R=645.30  C= 19.00  len=479
Ep 1965: R=661.32  C= 19.00  len=493
Ep 1966: R=696.29  C= 19.00  len=524
Ep 1967: R=538.15  C= 12.00  len=415
Ep 1968: R=542.83  C= 10.00  len=419
Ep 1969: R=551.29  C= 11.00  len=426
Ep 1970: R=555.34  C= 10.00  len=430
Ep 1971: R=658.15  C= 19.00  len=489
Ep 1972: R=537.47  C= 10.00  len=414
Ep 1973: R=651.23  C= 19.00  len=481
Ep 1974: R=644.37  C= 19.00  len=478
Ep 1975: R=531.32  C= 10.00  len=410
Ep 1976: R=558.58  C= 10.00  len=433
Ep 1977: R=651.55  C= 19.00  len=484
Ep 1978: R=1273.10  C=  0.00  len=1000
Ep 1979: R=548.28  C= 10.00  len=424
Ep 1980: R=527.19  C= 10.00  len=406
Ep 1981: R=645.87  C= 20.00  len=480
Ep 1982: R=658.42  C= 18.00  len=489
Ep 1983: R=546.53  C= 10.00  len=422
Ep 1984: R=643.32  C= 18.00  len=478
Ep 1985: R=537.64  C= 11.00  len=415
Ep 1986: R=606.80  C= 10.00  len=475
Ep 1987: R=668.43  C= 18.00  len=501
Ep 1988: R=653.88  C= 19.00  len=486
Ep 1989: R=650.07  C= 18.00  len=482
Ep 1990: R=614.88  C= 10.00  len=481
Ep 1991: R=727.04  C= 19.00  len=549
Ep 1992: R=551.55  C= 11.00  len=426
Ep 1993: R=553.81  C= 11.00  len=429
Ep 1994: R=649.15  C= 19.00  len=482
Ep 1995: R=675.49  C= 19.00  len=505
Ep 1996: R=649.93  C= 19.00  len=483
Ep 1997: R=648.99  C= 18.00  len=484
Ep 1998: R=632.77  C= 18.00  len=468
Ep 1999: R=667.15  C= 19.00  len=498

Avg Reward: 627.64 | Avg Cost: 15.75 | Normalized Cost: 0.787 | Violation > 20: 5.00%
