AdroitHandRelocateDense-v1, AdroitHandHammerDense-v1, AdroitHandDoorDense-v1 environment's reward functions were updated in v1.2.1 without an environment version update. Therefore, use gymnasium-robotics==1.2.0 for v1 reproducibility or use v2 in gymnasium-robotics>=1.4.3. See https://github.com/Farama-Foundation/Gymnasium-Robotics/pull/220 for more details
AdroitHandRelocateDense-v1, AdroitHandHammerDense-v1, AdroitHandDoorDense-v1 environment's reward functions were updated in v1.2.1 without an environment version update. Therefore, use gymnasium-robotics==1.2.0 for v1 reproducibility or use v2 in gymnasium-robotics>=1.4.3. See https://github.com/Farama-Foundation/Gymnasium-Robotics/pull/220 for more details
Gym has been unmaintained since 2022 and does not support NumPy 2.0 amongst other critical functionality.
Please upgrade to Gymnasium, the maintained drop-in replacement of Gym, or contact the authors of your software and request that they upgrade.
Users of this version of Gym should be able to simply replace 'import gym' with 'import gymnasium as gym' in the vast majority of cases.
See the migration guide at https://gymnasium.farama.org/introduction/migration_guide/ for additional information.
[config] task=hopper_velocity
Loaded policy: ${CSC_WORKSPACE}/datasets/outputs/hopper_velocity/bc_calfilt_csf_seed4_policy.pt
Ep 00: R=1059.21  C= 67.00  len=759
Ep 01: R=1179.22  C= 65.00  len=832
Ep 02: R=1044.69  C= 62.00  len=752
Ep 03: R=1047.72  C= 74.00  len=751
Ep 04: R=1382.32  C= 52.00  len=1000
Ep 05: R=1360.74  C= 36.00  len=1000
Ep 06: R=1169.65  C= 79.00  len=826
Ep 07: R=1046.72  C= 70.00  len=754
Ep 08: R=1052.32  C= 73.00  len=757
Ep 09: R=1165.98  C= 73.00  len=827
Ep 10: R=1058.15  C= 67.00  len=756
Ep 11: R=1051.80  C= 68.00  len=754
Ep 12: R=1048.35  C= 66.00  len=756
Ep 13: R=1155.09  C= 77.00  len=819
Ep 14: R=1061.67  C= 68.00  len=760
Ep 15: R=1155.27  C= 75.00  len=820
Ep 16: R=1056.37  C= 73.00  len=759
Ep 17: R=1061.89  C= 64.00  len=759
Ep 18: R=1157.94  C= 71.00  len=822
Ep 19: R=1435.06  C= 83.00  len=1000
Ep 20: R=1352.04  C= 83.00  len=951
Ep 21: R=1056.40  C= 57.00  len=758
Ep 22: R=1140.86  C= 66.00  len=818
Ep 23: R=1140.88  C= 73.00  len=817
Ep 24: R=1158.82  C= 70.00  len=823
Ep 25: R=1050.52  C= 68.00  len=753
Ep 26: R=1152.69  C= 75.00  len=820
Ep 27: R=1048.53  C= 70.00  len=756
Ep 28: R=1382.18  C= 52.00  len=1000
Ep 29: R=1150.53  C= 76.00  len=818
Ep 30: R=1158.73  C= 78.00  len=824
Ep 31: R=1362.98  C= 92.00  len=951
Ep 32: R=1381.54  C= 51.00  len=1000
Ep 33: R=1383.69  C= 51.00  len=1000
Ep 34: R=1439.39  C= 91.00  len=1000
Ep 35: R=1250.36  C= 83.00  len=882
Ep 36: R=1372.47  C= 61.00  len=1000
Ep 37: R=1171.90  C= 84.00  len=826
Ep 38: R=1065.28  C= 57.00  len=761
Ep 39: R=1053.97  C= 69.00  len=757
Ep 40: R=1061.56  C= 66.00  len=758
Ep 41: R=1058.78  C= 63.00  len=762
Ep 42: R=1381.73  C= 49.00  len=1000
Ep 43: R=1289.63  C= 41.00  len=1000
Ep 44: R=1262.76  C= 83.00  len=888
Ep 45: R=1426.38  C= 79.00  len=1000
Ep 46: R=1156.26  C= 78.00  len=823
Ep 47: R=1056.68  C= 64.00  len=758
Ep 48: R=1422.14  C= 82.00  len=1000
Ep 49: R=1060.13  C= 69.00  len=759
Ep 50: R=1383.77  C= 54.00  len=1000
Ep 51: R=1159.53  C= 73.00  len=821
Ep 52: R=1059.03  C= 63.00  len=759
Ep 53: R=1067.20  C= 69.00  len=763
Ep 54: R=1060.34  C= 55.00  len=760
Ep 55: R=1144.31  C= 75.00  len=818
Ep 56: R=1155.92  C= 76.00  len=820
Ep 57: R=1151.64  C= 67.00  len=819
Ep 58: R=1043.31  C= 68.00  len=754
Ep 59: R=1359.49  C= 86.00  len=952
Ep 60: R=1059.31  C= 46.00  len=764
Ep 61: R=1055.86  C= 65.00  len=758
Ep 62: R=1264.91  C= 73.00  len=891
Ep 63: R=1054.20  C= 66.00  len=758
Ep 64: R=1426.32  C= 83.00  len=1000
Ep 65: R=1047.94  C= 70.00  len=754
Ep 66: R=1051.43  C= 66.00  len=758
Ep 67: R=1050.12  C= 66.00  len=755
Ep 68: R=1271.00  C= 65.00  len=895
Ep 69: R=1046.30  C= 65.00  len=753
Ep 70: R=1063.27  C= 60.00  len=762
Ep 71: R=1364.70  C= 36.00  len=1000
Ep 72: R=1056.59  C= 69.00  len=757
Ep 73: R=1066.32  C= 69.00  len=762
Ep 74: R=1429.91  C= 88.00  len=1000
Ep 75: R=1286.51  C= 42.00  len=1000
Ep 76: R=1447.53  C= 89.00  len=1000
Ep 77: R=1143.06  C= 68.00  len=818
Ep 78: R=1158.99  C= 73.00  len=823
Ep 79: R=1048.69  C= 63.00  len=751
Ep 80: R=1069.93  C= 73.00  len=764
Ep 81: R=1423.87  C= 82.00  len=1000
Ep 82: R=1063.12  C= 50.00  len=763
Ep 83: R=1171.18  C= 75.00  len=825
Ep 84: R=1058.53  C= 69.00  len=759
Ep 85: R=1382.76  C= 52.00  len=1000
Ep 86: R=1040.28  C= 71.00  len=750
Ep 87: R=1240.59  C= 80.00  len=882
Ep 88: R=1060.91  C= 63.00  len=761
Ep 89: R=1049.34  C= 67.00  len=754
Ep 90: R=1164.61  C= 77.00  len=824
Ep 91: R=1046.30  C= 64.00  len=753
Ep 92: R=1052.12  C= 49.00  len=756
Ep 93: R=1162.13  C= 56.00  len=825
Ep 94: R=1370.14  C= 38.00  len=1000
Ep 95: R=1375.41  C= 47.00  len=1000
Ep 96: R=1058.01  C= 65.00  len=759
Ep 97: R=1048.17  C= 71.00  len=755
Ep 98: R=1062.39  C= 60.00  len=763
Ep 99: R=1344.94  C= 88.00  len=948
Ep 100: R=1060.55  C= 55.00  len=759
Ep 101: R=1256.47  C= 85.00  len=885
Ep 102: R=1295.07  C= 42.00  len=1000
Ep 103: R=1175.87  C= 73.00  len=829
Ep 104: R=1291.19  C= 41.00  len=1000
Ep 105: R=1419.79  C= 86.00  len=1000
Ep 106: R=1064.01  C= 53.00  len=763
Ep 107: R=1044.82  C= 69.00  len=755
Ep 108: R=1157.97  C= 68.00  len=822
Ep 109: R=1058.64  C= 67.00  len=758
Ep 110: R=1050.32  C= 69.00  len=755
Ep 111: R=1053.12  C= 67.00  len=758
Ep 112: R=1279.46  C= 42.00  len=1000
Ep 113: R=1053.83  C= 47.00  len=761
Ep 114: R=1061.41  C= 69.00  len=761
Ep 115: R=1438.06  C= 84.00  len=1000
Ep 116: R=1402.20  C= 81.00  len=1000
Ep 117: R=1156.30  C= 80.00  len=821
Ep 118: R=1167.50  C= 76.00  len=825
Ep 119: R=1054.98  C= 49.00  len=757
Ep 120: R=1058.22  C= 73.00  len=759
Ep 121: R=1059.31  C= 69.00  len=758
Ep 122: R=1435.32  C= 95.00  len=1000
Ep 123: R=1047.92  C= 68.00  len=753
Ep 124: R=1423.02  C= 86.00  len=1000
Ep 125: R=1385.08  C= 54.00  len=1000
Ep 126: R=1057.82  C= 64.00  len=760
Ep 127: R=1160.02  C= 71.00  len=824
Ep 128: R=1156.16  C= 80.00  len=819
Ep 129: R=1059.27  C= 62.00  len=758
Ep 130: R=1153.38  C= 76.00  len=821
Ep 131: R=1141.28  C= 75.00  len=815
Ep 132: R=1367.56  C= 37.00  len=1000
Ep 133: R=1382.51  C= 52.00  len=1000
Ep 134: R=1253.34  C= 85.00  len=884
Ep 135: R=1268.83  C= 83.00  len=888
Ep 136: R=1058.69  C= 57.00  len=759
Ep 137: R=1161.49  C= 75.00  len=824
Ep 138: R=1057.85  C= 68.00  len=759
Ep 139: R=1364.37  C= 37.00  len=1000
Ep 140: R=1386.28  C= 55.00  len=1000
Ep 141: R=1057.24  C= 68.00  len=760
Ep 142: R=1421.34  C= 88.00  len=1000
Ep 143: R=1154.51  C= 78.00  len=823
Ep 144: R=1291.98  C= 42.00  len=1000
Ep 145: R=1044.96  C= 75.00  len=752
Ep 146: R=1061.31  C= 67.00  len=760
Ep 147: R=1164.40  C= 71.00  len=825
Ep 148: R=1145.30  C= 76.00  len=817
Ep 149: R=1057.84  C= 56.00  len=761
Ep 150: R=1167.89  C= 82.00  len=824
Ep 151: R=1365.52  C= 90.00  len=952
Ep 152: R=1158.09  C= 76.00  len=824
Ep 153: R=1068.80  C= 69.00  len=764
Ep 154: R=1414.84  C= 84.00  len=1000
Ep 155: R=1045.03  C= 70.00  len=753
Ep 156: R=1152.83  C= 77.00  len=819
Ep 157: R=1059.32  C= 69.00  len=760
Ep 158: R=1160.42  C= 76.00  len=825
Ep 159: R=1157.68  C= 77.00  len=822
Ep 160: R=1171.64  C= 75.00  len=829
Ep 161: R=1164.49  C= 71.00  len=825
Ep 162: R=1163.36  C= 70.00  len=823
Ep 163: R=1056.88  C= 61.00  len=760
Ep 164: R=1252.74  C= 75.00  len=885
Ep 165: R=1050.39  C= 66.00  len=758
Ep 166: R=1054.51  C= 49.00  len=757
Ep 167: R=1055.25  C= 59.00  len=757
Ep 168: R=1162.22  C= 79.00  len=822
Ep 169: R=1165.99  C= 74.00  len=825
Ep 170: R=1061.97  C= 73.00  len=760
Ep 171: R=1058.48  C= 68.00  len=759
Ep 172: R=1424.21  C= 83.00  len=1000
Ep 173: R=1055.51  C= 68.00  len=757
Ep 174: R=1052.32  C= 58.00  len=754
Ep 175: R=1276.55  C= 83.00  len=892
Ep 176: R=1056.21  C= 68.00  len=756
Ep 177: R=1249.59  C= 75.00  len=884
Ep 178: R=1369.72  C= 40.00  len=1000
Ep 179: R=1034.22  C= 69.00  len=747
Ep 180: R=1247.48  C= 84.00  len=881
Ep 181: R=1290.72  C= 38.00  len=1000
Ep 182: R=1278.59  C= 42.00  len=1000
Ep 183: R=1166.44  C= 71.00  len=824
Ep 184: R=1058.25  C= 67.00  len=758
Ep 185: R=1415.09  C= 86.00  len=1000
Ep 186: R=1382.72  C= 51.00  len=1000
Ep 187: R=1051.23  C= 61.00  len=756
Ep 188: R=1281.69  C= 42.00  len=1000
Ep 189: R=1058.16  C= 62.00  len=761
Ep 190: R=1160.27  C= 74.00  len=822
Ep 191: R=1058.74  C= 66.00  len=760
Ep 192: R=1058.35  C= 68.00  len=761
Ep 193: R=1249.07  C= 75.00  len=882
Ep 194: R=1282.09  C= 83.00  len=896
Ep 195: R=1053.44  C= 48.00  len=757
Ep 196: R=1295.29  C= 41.00  len=1000
Ep 197: R=1157.23  C= 72.00  len=822
Ep 198: R=1150.70  C= 74.00  len=823
Ep 199: R=1058.73  C= 66.00  len=759
Ep 200: R=1421.19  C= 90.00  len=1000
Ep 201: R=1067.51  C= 73.00  len=762
Ep 202: R=1427.51  C= 88.00  len=1000
Ep 203: R=1157.36  C= 75.00  len=821
Ep 204: R=1435.48  C= 91.00  len=1000
Ep 205: R=1143.84  C= 78.00  len=815
Ep 206: R=1373.08  C= 43.00  len=1000
Ep 207: R=1054.97  C= 66.00  len=757
Ep 208: R=1158.38  C= 77.00  len=824
Ep 209: R=1366.16  C= 90.00  len=950
Ep 210: R=1434.88  C= 90.00  len=1000
Ep 211: R=1064.91  C= 75.00  len=762
Ep 212: R=1427.13  C= 88.00  len=1000
Ep 213: R=1429.69  C= 91.00  len=1000
Ep 214: R=1167.63  C= 74.00  len=828
Ep 215: R=1369.72  C= 89.00  len=953
Ep 216: R=1162.06  C= 73.00  len=825
Ep 217: R=1380.83  C= 50.00  len=1000
Ep 218: R=1040.41  C= 67.00  len=751
Ep 219: R=1410.27  C= 79.00  len=1000
Ep 220: R=1046.35  C= 64.00  len=754
Ep 221: R=1049.91  C= 66.00  len=754
Ep 222: R=1385.14  C= 54.00  len=1000
Ep 223: R=1160.97  C= 76.00  len=822
Ep 224: R=1053.23  C= 68.00  len=756
Ep 225: R=1062.75  C= 71.00  len=759
Ep 226: R=1046.44  C= 74.00  len=754
Ep 227: R=1055.80  C= 67.00  len=759
Ep 228: R=1168.28  C= 75.00  len=825
Ep 229: R=1066.13  C= 64.00  len=763
Ep 230: R=1380.34  C= 49.00  len=1000
Ep 231: R=1419.99  C= 86.00  len=1000
Ep 232: R=1049.22  C= 67.00  len=754
Ep 233: R=1359.21  C= 82.00  len=952
Ep 234: R=1049.04  C= 64.00  len=756
Ep 235: R=1169.55  C= 79.00  len=826
Ep 236: R=1046.12  C= 66.00  len=754
Ep 237: R=1367.60  C= 90.00  len=953
Ep 238: R=1052.03  C= 65.00  len=755
Ep 239: R=1161.07  C= 69.00  len=822
Ep 240: R=1051.26  C= 65.00  len=756
Ep 241: R=1433.04  C= 87.00  len=1000
Ep 242: R=1058.48  C= 74.00  len=758
Ep 243: R=1264.31  C= 83.00  len=889
Ep 244: R=1371.82  C= 41.00  len=1000
Ep 245: R=1426.71  C= 84.00  len=1000
Ep 246: R=1151.60  C= 71.00  len=819
Ep 247: R=1419.79  C= 86.00  len=1000
Ep 248: R=1072.73  C= 71.00  len=766
Ep 249: R=1070.63  C= 70.00  len=763
Ep 250: R=1159.73  C= 70.00  len=824
Ep 251: R=1055.65  C= 67.00  len=759
Ep 252: R=1278.07  C= 42.00  len=1000
Ep 253: R=1422.39  C= 80.00  len=1000
Ep 254: R=1384.99  C= 53.00  len=1000
Ep 255: R=1152.19  C= 79.00  len=821
Ep 256: R=1155.38  C= 64.00  len=820
Ep 257: R=1050.48  C= 74.00  len=756
Ep 258: R=1146.74  C= 74.00  len=817
Ep 259: R=1056.79  C= 51.00  len=758
Ep 260: R=1430.76  C= 85.00  len=1000
Ep 261: R=1439.39  C= 87.00  len=1000
Ep 262: R=1063.02  C= 69.00  len=760
Ep 263: R=1285.56  C= 42.00  len=1000
Ep 264: R=1419.91  C= 91.00  len=1000
Ep 265: R=1267.88  C= 83.00  len=889
Ep 266: R=1053.97  C= 66.00  len=755
Ep 267: R=1152.04  C= 76.00  len=818
Ep 268: R=1054.34  C= 68.00  len=757
Ep 269: R=1296.98  C= 41.00  len=1000
Ep 270: R=1170.59  C= 77.00  len=827
Ep 271: R=1166.33  C= 71.00  len=824
Ep 272: R=1385.38  C= 53.00  len=1000
Ep 273: R=1138.46  C= 66.00  len=818
Ep 274: R=1059.01  C= 66.00  len=760
Ep 275: R=1154.53  C= 79.00  len=822
Ep 276: R=1422.01  C= 85.00  len=1000
Ep 277: R=1258.88  C= 80.00  len=885
Ep 278: R=1059.51  C= 63.00  len=760
Ep 279: R=1050.92  C= 65.00  len=756
Ep 280: R=1055.77  C= 63.00  len=758
Ep 281: R=1146.39  C= 78.00  len=819
Ep 282: R=1269.67  C= 82.00  len=888
Ep 283: R=1053.21  C= 67.00  len=756
Ep 284: R=1052.40  C= 60.00  len=759
Ep 285: R=1143.96  C= 76.00  len=815
Ep 286: R=1268.70  C= 83.00  len=891
Ep 287: R=1171.60  C= 76.00  len=831
Ep 288: R=1286.25  C= 41.00  len=1000
Ep 289: R=1161.45  C= 76.00  len=823
Ep 290: R=1035.84  C= 73.00  len=749
Ep 291: R=1430.76  C= 87.00  len=1000
Ep 292: R=1047.84  C= 68.00  len=755
Ep 293: R=1055.99  C= 68.00  len=758
Ep 294: R=1433.31  C= 79.00  len=1000
Ep 295: R=1363.53  C= 35.00  len=1000
Ep 296: R=1053.24  C= 64.00  len=756
Ep 297: R=1048.26  C= 67.00  len=753
Ep 298: R=1440.51  C= 87.00  len=1000
Ep 299: R=1075.48  C= 66.00  len=767
Ep 300: R=1152.18  C= 74.00  len=821
Ep 301: R=1167.38  C= 78.00  len=826
Ep 302: R=1294.91  C= 41.00  len=1000
Ep 303: R=1056.23  C= 54.00  len=758
Ep 304: R=1162.14  C= 79.00  len=824
Ep 305: R=1286.90  C= 42.00  len=1000
Ep 306: R=1313.89  C= 41.00  len=1000
Ep 307: R=1288.72  C= 42.00  len=1000
Ep 308: R=1432.76  C= 81.00  len=1000
Ep 309: R=1054.61  C= 67.00  len=755
Ep 310: R=1139.49  C= 78.00  len=816
Ep 311: R=1155.35  C= 72.00  len=820
Ep 312: R=1044.42  C= 71.00  len=751
Ep 313: R=1171.17  C= 59.00  len=831
Ep 314: R=1054.32  C= 68.00  len=758
Ep 315: R=1177.74  C= 77.00  len=831
Ep 316: R=1061.54  C= 73.00  len=757
Ep 317: R=1156.06  C= 75.00  len=820
Ep 318: R=1051.13  C= 67.00  len=754
Ep 319: R=1048.88  C= 63.00  len=756
Ep 320: R=1054.94  C= 67.00  len=758
Ep 321: R=1416.58  C= 85.00  len=1000
Ep 322: R=1056.36  C= 54.00  len=761
Ep 323: R=1256.05  C= 82.00  len=885
Ep 324: R=1154.38  C= 67.00  len=821
Ep 325: R=1055.75  C= 62.00  len=757
Ep 326: R=1049.95  C= 46.00  len=758
Ep 327: R=1166.79  C= 82.00  len=823
Ep 328: R=1156.70  C= 74.00  len=821
Ep 329: R=1060.91  C= 67.00  len=762
Ep 330: R=1283.50  C= 38.00  len=1000
Ep 331: R=1163.84  C= 73.00  len=824
Ep 332: R=1057.89  C= 64.00  len=760
Ep 333: R=1269.24  C= 79.00  len=892
Ep 334: R=1271.32  C= 79.00  len=892
Ep 335: R=1412.81  C= 79.00  len=1000
Ep 336: R=1154.01  C= 72.00  len=820
Ep 337: R=1069.11  C= 63.00  len=764
Ep 338: R=1066.93  C= 56.00  len=763
Ep 339: R=1383.21  C= 53.00  len=1000
Ep 340: R=1058.97  C= 50.00  len=761
Ep 341: R=1288.74  C= 43.00  len=1000
Ep 342: R=1377.27  C= 67.00  len=1000
Ep 343: R=1048.13  C= 65.00  len=755
Ep 344: R=1043.24  C= 66.00  len=752
Ep 345: R=1154.31  C= 77.00  len=820
Ep 346: R=1157.01  C= 71.00  len=822
Ep 347: R=1287.58  C= 41.00  len=1000
Ep 348: R=1260.87  C= 83.00  len=889
Ep 349: R=1261.29  C= 43.00  len=1000
Ep 350: R=1422.35  C= 84.00  len=1000
Ep 351: R=1044.75  C= 74.00  len=754
Ep 352: R=1070.42  C= 64.00  len=764
Ep 353: R=1315.68  C= 42.00  len=1000
Ep 354: R=1054.19  C= 62.00  len=759
Ep 355: R=1059.62  C= 65.00  len=758
Ep 356: R=1057.70  C= 55.00  len=759
Ep 357: R=1072.91  C= 67.00  len=765
Ep 358: R=1433.82  C= 87.00  len=1000
Ep 359: R=1297.75  C= 42.00  len=1000
Ep 360: R=1382.05  C= 51.00  len=1000
Ep 361: R=1354.21  C= 82.00  len=950
Ep 362: R=1047.48  C= 62.00  len=754
Ep 363: R=1315.90  C= 42.00  len=1000
Ep 364: R=1415.79  C= 84.00  len=1000
Ep 365: R=1044.31  C= 71.00  len=752
Ep 366: R=1162.04  C= 70.00  len=825
Ep 367: R=1060.61  C= 68.00  len=760
Ep 368: R=1158.29  C= 72.00  len=823
Ep 369: R=1278.84  C= 42.00  len=1000
Ep 370: R=1151.30  C= 74.00  len=819
Ep 371: R=1052.46  C= 69.00  len=757
Ep 372: R=1427.15  C= 84.00  len=1000
Ep 373: R=1057.31  C= 69.00  len=757
Ep 374: R=1161.21  C= 76.00  len=825
Ep 375: R=1263.38  C= 82.00  len=888
Ep 376: R=1431.79  C= 80.00  len=1000
Ep 377: R=1432.47  C= 85.00  len=1000
Ep 378: R=1154.96  C= 68.00  len=819
Ep 379: R=1058.63  C= 66.00  len=759
Ep 380: R=1172.51  C= 65.00  len=826
Ep 381: R=1149.16  C= 75.00  len=819
Ep 382: R=1252.08  C= 81.00  len=885
Ep 383: R=1252.85  C= 82.00  len=884
Ep 384: R=1426.84  C= 83.00  len=1000
Ep 385: R=1056.45  C= 72.00  len=759
Ep 386: R=1419.94  C= 86.00  len=1000
Ep 387: R=1049.73  C= 69.00  len=756
Ep 388: R=1055.94  C= 67.00  len=757
Ep 389: R=1061.16  C= 72.00  len=759
Ep 390: R=1159.32  C= 70.00  len=821
Ep 391: R=1051.86  C= 69.00  len=759
Ep 392: R=1331.10  C= 90.00  len=940
Ep 393: R=1344.31  C= 43.00  len=1000
Ep 394: R=1070.19  C= 62.00  len=765
Ep 395: R=1423.22  C= 81.00  len=1000
Ep 396: R=1151.87  C= 69.00  len=818
Ep 397: R=1058.82  C= 67.00  len=759
Ep 398: R=1161.50  C= 69.00  len=824
Ep 399: R=1060.11  C= 68.00  len=760
Ep 400: R=1053.61  C= 54.00  len=755
Ep 401: R=1056.65  C= 63.00  len=760
Ep 402: R=1439.47  C= 86.00  len=1000
Ep 403: R=1378.05  C= 94.00  len=960
Ep 404: R=1159.52  C= 76.00  len=823
Ep 405: R=1158.94  C= 78.00  len=822
Ep 406: R=1242.79  C= 86.00  len=879
Ep 407: R=1041.11  C= 67.00  len=751
Ep 408: R=1376.99  C= 66.00  len=1000
Ep 409: R=1051.89  C= 66.00  len=757
Ep 410: R=1155.31  C= 76.00  len=821
Ep 411: R=1058.99  C= 74.00  len=758
Ep 412: R=1040.44  C= 70.00  len=751
Ep 413: R=1166.49  C= 79.00  len=826
Ep 414: R=1386.08  C= 55.00  len=1000
Ep 415: R=1062.01  C= 79.00  len=760
Ep 416: R=1065.67  C= 68.00  len=762
Ep 417: R=1055.15  C= 53.00  len=758
Ep 418: R=1057.13  C= 66.00  len=760
Ep 419: R=1051.04  C= 64.00  len=755
Ep 420: R=1416.62  C= 84.00  len=1000
Ep 421: R=1141.53  C= 78.00  len=815
Ep 422: R=1061.55  C= 71.00  len=760
Ep 423: R=1426.33  C= 94.00  len=1000
Ep 424: R=1060.80  C= 64.00  len=761
Ep 425: R=1044.79  C= 74.00  len=754
Ep 426: R=1361.04  C= 86.00  len=951
Ep 427: R=1265.59  C= 66.00  len=894
Ep 428: R=1060.10  C= 61.00  len=759
Ep 429: R=1421.08  C= 84.00  len=1000
Ep 430: R=1169.61  C= 77.00  len=826
Ep 431: R=1052.49  C= 65.00  len=756
Ep 432: R=1427.26  C= 93.00  len=1000
Ep 433: R=1431.65  C= 88.00  len=1000
Ep 434: R=1052.15  C= 68.00  len=756
Ep 435: R=1055.67  C= 66.00  len=758
Ep 436: R=1054.18  C= 72.00  len=761
Ep 437: R=1295.76  C= 37.00  len=1000
Ep 438: R=1437.78  C= 89.00  len=1000
Ep 439: R=1046.95  C= 71.00  len=754
Ep 440: R=1264.78  C= 85.00  len=889
Ep 441: R=1425.98  C= 85.00  len=1000
Ep 442: R=1049.07  C= 66.00  len=756
Ep 443: R=1158.31  C= 73.00  len=821
Ep 444: R=1317.92  C= 43.00  len=1000
Ep 445: R=1050.91  C= 63.00  len=755
Ep 446: R=1365.23  C= 35.00  len=1000
Ep 447: R=1065.89  C= 59.00  len=764
Ep 448: R=1049.25  C= 63.00  len=755
Ep 449: R=1045.00  C= 72.00  len=751
Ep 450: R=1056.96  C= 68.00  len=755
Ep 451: R=1047.46  C= 69.00  len=753
Ep 452: R=1429.24  C= 92.00  len=1000
Ep 453: R=1054.07  C= 69.00  len=757
Ep 454: R=1297.60  C= 43.00  len=1000
Ep 455: R=1414.78  C= 83.00  len=1000
Ep 456: R=1278.86  C= 80.00  len=896
Ep 457: R=1291.36  C= 41.00  len=1000
Ep 458: R=1429.96  C= 82.00  len=1000
Ep 459: R=1060.41  C= 66.00  len=759
Ep 460: R=1423.29  C= 89.00  len=1000
Ep 461: R=1153.03  C= 77.00  len=821
Ep 462: R=1055.10  C= 52.00  len=758
Ep 463: R=1163.40  C= 72.00  len=827
Ep 464: R=1416.43  C= 83.00  len=1000
Ep 465: R=1165.94  C= 67.00  len=827
Ep 466: R=1045.18  C= 66.00  len=753
Ep 467: R=1367.91  C= 35.00  len=1000
Ep 468: R=1377.95  C= 67.00  len=1000
Ep 469: R=1330.28  C= 42.00  len=1000
Ep 470: R=1376.20  C= 65.00  len=1000
Ep 471: R=1287.49  C= 42.00  len=1000
Ep 472: R=1153.26  C= 78.00  len=819
Ep 473: R=1051.61  C= 70.00  len=755
Ep 474: R=1050.89  C= 57.00  len=756
Ep 475: R=1164.29  C= 74.00  len=826
Ep 476: R=1059.39  C= 69.00  len=757
Ep 477: R=1419.02  C= 84.00  len=1000
Ep 478: R=1414.86  C= 82.00  len=1000
Ep 479: R=1168.01  C= 75.00  len=828
Ep 480: R=1174.07  C= 67.00  len=832
Ep 481: R=1066.71  C= 73.00  len=762
Ep 482: R=1140.16  C= 69.00  len=816
Ep 483: R=1285.22  C= 42.00  len=1000
Ep 484: R=1052.28  C= 70.00  len=754
Ep 485: R=1421.19  C= 86.00  len=1000
Ep 486: R=1071.63  C= 64.00  len=767
Ep 487: R=1437.25  C= 98.00  len=1000
Ep 488: R=1066.11  C= 66.00  len=760
Ep 489: R=1441.87  C= 87.00  len=1000
Ep 490: R=1048.66  C= 53.00  len=753
Ep 491: R=1068.65  C= 63.00  len=764
Ep 492: R=1049.15  C= 65.00  len=755
Ep 493: R=1060.77  C= 68.00  len=758
Ep 494: R=1164.46  C= 71.00  len=823
Ep 495: R=1069.66  C= 63.00  len=765
Ep 496: R=1161.25  C= 74.00  len=825
Ep 497: R=1164.86  C= 69.00  len=825
Ep 498: R=1330.91  C= 42.00  len=1000
Ep 499: R=1375.49  C= 61.00  len=1000
Ep 500: R=1069.85  C= 66.00  len=764
Ep 501: R=1163.92  C= 78.00  len=825
Ep 502: R=1419.80  C= 82.00  len=1000
Ep 503: R=1418.45  C= 81.00  len=1000
Ep 504: R=1436.17  C= 88.00  len=1000
Ep 505: R=1165.04  C= 74.00  len=829
Ep 506: R=1433.66  C= 88.00  len=1000
Ep 507: R=1390.62  C= 73.00  len=1000
Ep 508: R=1042.48  C= 72.00  len=751
Ep 509: R=1274.77  C= 85.00  len=893
Ep 510: R=1148.73  C= 75.00  len=818
Ep 511: R=1062.52  C= 68.00  len=761
Ep 512: R=1362.99  C= 33.00  len=1000
Ep 513: R=1168.55  C= 76.00  len=824
Ep 514: R=1176.08  C= 77.00  len=831
Ep 515: R=1440.23  C= 90.00  len=1000
Ep 516: R=1263.70  C= 85.00  len=889
Ep 517: R=1307.95  C= 43.00  len=1000
Ep 518: R=1056.54  C= 59.00  len=758
Ep 519: R=1042.84  C= 65.00  len=752
Ep 520: R=1059.66  C= 51.00  len=760
Ep 521: R=1043.37  C= 65.00  len=753
Ep 522: R=1340.02  C= 43.00  len=1000
Ep 523: R=1430.92  C= 91.00  len=1000
Ep 524: R=1410.84  C= 81.00  len=1000
Ep 525: R=1414.57  C= 84.00  len=1000
Ep 526: R=1049.68  C= 71.00  len=757
Ep 527: R=1057.34  C= 70.00  len=758
Ep 528: R=1045.57  C= 61.00  len=753
Ep 529: R=1440.82  C= 92.00  len=1000
Ep 530: R=1384.13  C= 53.00  len=1000
Ep 531: R=1052.07  C= 70.00  len=758
Ep 532: R=1153.04  C= 74.00  len=823
Ep 533: R=1047.84  C= 63.00  len=753
Ep 534: R=1053.81  C= 64.00  len=757
Ep 535: R=1167.34  C= 70.00  len=827
Ep 536: R=1261.03  C= 83.00  len=887
Ep 537: R=1412.09  C= 78.00  len=1000
Ep 538: R=1051.58  C= 68.00  len=756
Ep 539: R=1423.07  C= 85.00  len=1000
Ep 540: R=1057.12  C= 63.00  len=759
Ep 541: R=1068.36  C= 62.00  len=764
Ep 542: R=1056.69  C= 57.00  len=760
Ep 543: R=1422.49  C= 87.00  len=1000
Ep 544: R=1147.05  C= 73.00  len=820
Ep 545: R=1163.60  C= 75.00  len=825
Ep 546: R=1433.30  C= 90.00  len=1000
Ep 547: R=1286.59  C= 42.00  len=1000
Ep 548: R=1044.90  C= 67.00  len=754
Ep 549: R=1159.16  C= 71.00  len=823
Ep 550: R=1377.80  C= 68.00  len=1000
Ep 551: R=1051.75  C= 55.00  len=759
Ep 552: R=1163.90  C= 74.00  len=825
Ep 553: R=1053.44  C= 72.00  len=757
Ep 554: R=1250.18  C= 76.00  len=886
Ep 555: R=1247.48  C= 73.00  len=885
Ep 556: R=1157.75  C= 73.00  len=821
Ep 557: R=1054.65  C= 56.00  len=760
Ep 558: R=1045.60  C= 58.00  len=753
Ep 559: R=1058.96  C= 68.00  len=759
Ep 560: R=1437.51  C= 96.00  len=1000
Ep 561: R=1287.65  C= 41.00  len=1000
Ep 562: R=1158.02  C= 78.00  len=819
Ep 563: R=1418.01  C= 87.00  len=1000
Ep 564: R=1160.70  C= 60.00  len=823
Ep 565: R=1433.93  C= 89.00  len=1000
Ep 566: R=1287.15  C= 42.00  len=1000
Ep 567: R=1376.91  C= 92.00  len=956
Ep 568: R=1376.11  C= 82.00  len=959
Ep 569: R=1248.07  C= 84.00  len=882
Ep 570: R=1044.51  C= 60.00  len=752
Ep 571: R=1168.84  C= 61.00  len=827
Ep 572: R=1423.81  C= 82.00  len=1000
Ep 573: R=1046.36  C= 62.00  len=753
Ep 574: R=1067.86  C= 81.00  len=763
Ep 575: R=1155.90  C= 76.00  len=821
Ep 576: R=1279.37  C= 42.00  len=1000
Ep 577: R=1418.22  C= 83.00  len=1000
Ep 578: R=1056.54  C= 61.00  len=760
Ep 579: R=1165.49  C= 73.00  len=824
Ep 580: R=1290.88  C= 38.00  len=1000
Ep 581: R=1169.91  C= 83.00  len=825
Ep 582: R=1379.68  C= 48.00  len=1000
Ep 583: R=1060.13  C= 73.00  len=758
Ep 584: R=1045.27  C= 62.00  len=755
Ep 585: R=1307.99  C= 43.00  len=1000
Ep 586: R=1428.71  C= 83.00  len=1000
Ep 587: R=1047.68  C= 59.00  len=754
Ep 588: R=1360.15  C= 90.00  len=950
Ep 589: R=1289.73  C= 41.00  len=1000
Ep 590: R=1054.89  C= 68.00  len=757
Ep 591: R=1066.91  C= 69.00  len=763
Ep 592: R=1159.91  C= 74.00  len=824
Ep 593: R=1048.66  C= 67.00  len=755
Ep 594: R=1434.33  C= 86.00  len=1000
Ep 595: R=1056.50  C= 67.00  len=757
Ep 596: R=1424.11  C= 87.00  len=1000
Ep 597: R=1436.31  C= 87.00  len=1000
Ep 598: R=1261.96  C= 83.00  len=887
Ep 599: R=1155.28  C= 69.00  len=823
Ep 600: R=1054.44  C= 67.00  len=756
Ep 601: R=1054.75  C= 68.00  len=758
Ep 602: R=1377.09  C= 48.00  len=1000
Ep 603: R=1048.07  C= 57.00  len=755
Ep 604: R=1254.97  C= 85.00  len=885
Ep 605: R=1046.50  C= 66.00  len=753
Ep 606: R=1154.67  C= 76.00  len=822
Ep 607: R=1350.14  C= 88.00  len=945
Ep 608: R=1041.65  C= 71.00  len=752
Ep 609: R=1058.75  C= 65.00  len=758
Ep 610: R=1435.22  C= 87.00  len=1000
Ep 611: R=1152.20  C= 67.00  len=820
Ep 612: R=1253.26  C= 86.00  len=884
Ep 613: R=1423.16  C= 85.00  len=1000
Ep 614: R=1429.25  C= 86.00  len=1000
Ep 615: R=1046.31  C= 66.00  len=753
Ep 616: R=1052.07  C= 65.00  len=756
Ep 617: R=1068.10  C= 73.00  len=763
Ep 618: R=1161.31  C= 76.00  len=824
Ep 619: R=1049.59  C= 54.00  len=756
Ep 620: R=1169.69  C= 77.00  len=826
Ep 621: R=1049.67  C= 68.00  len=754
Ep 622: R=1057.84  C= 69.00  len=760
Ep 623: R=1051.23  C= 49.00  len=757
Ep 624: R=1169.18  C= 75.00  len=827
Ep 625: R=1054.62  C= 62.00  len=759
Ep 626: R=1052.31  C= 71.00  len=757
Ep 627: R=1254.55  C= 85.00  len=883
Ep 628: R=1379.49  C= 63.00  len=1000
Ep 629: R=1055.47  C= 67.00  len=758
Ep 630: R=1167.50  C= 71.00  len=827
Ep 631: R=1162.15  C= 74.00  len=826
Ep 632: R=1383.10  C= 50.00  len=1000
Ep 633: R=1414.19  C= 80.00  len=1000
Ep 634: R=1061.49  C= 61.00  len=765
Ep 635: R=1041.91  C= 71.00  len=751
Ep 636: R=1423.46  C= 89.00  len=1000
Ep 637: R=1369.44  C= 36.00  len=1000
Ep 638: R=1060.33  C= 68.00  len=758
Ep 639: R=1063.44  C= 74.00  len=761
Ep 640: R=1141.76  C= 74.00  len=815
Ep 641: R=1049.04  C= 77.00  len=754
Ep 642: R=1296.29  C= 41.00  len=1000
Ep 643: R=1433.56  C= 93.00  len=1000
Ep 644: R=1043.18  C= 68.00  len=751
Ep 645: R=1434.52  C= 89.00  len=1000
Ep 646: R=1370.87  C= 60.00  len=1000
Ep 647: R=1047.19  C= 67.00  len=752
Ep 648: R=1423.43  C= 90.00  len=1000
Ep 649: R=1432.02  C= 91.00  len=1000
Ep 650: R=1047.93  C= 66.00  len=754
Ep 651: R=1159.23  C= 77.00  len=824
Ep 652: R=1231.42  C= 83.00  len=877
Ep 653: R=1286.55  C= 42.00  len=1000
Ep 654: R=1161.85  C= 76.00  len=823
Ep 655: R=1421.46  C= 85.00  len=1000
Ep 656: R=1043.37  C= 68.00  len=753
Ep 657: R=1039.66  C= 72.00  len=752
Ep 658: R=1059.44  C= 69.00  len=758
Ep 659: R=1428.13  C= 94.00  len=1000
Ep 660: R=1052.41  C= 71.00  len=758
Ep 661: R=1043.10  C= 64.00  len=752
Ep 662: R=1162.52  C= 70.00  len=823
Ep 663: R=1385.01  C= 52.00  len=1000
Ep 664: R=1059.23  C= 68.00  len=758
Ep 665: R=1048.71  C= 63.00  len=753
Ep 666: R=1419.03  C= 83.00  len=1000
Ep 667: R=1423.16  C= 85.00  len=1000
Ep 668: R=1275.74  C= 43.00  len=1000
Ep 669: R=1038.70  C= 70.00  len=749
Ep 670: R=1166.42  C= 79.00  len=826
Ep 671: R=1380.55  C= 50.00  len=1000
Ep 672: R=1422.45  C= 80.00  len=1000
Ep 673: R=1046.43  C= 71.00  len=752
Ep 674: R=1437.03  C= 83.00  len=1000
Ep 675: R=1162.50  C= 70.00  len=824
Ep 676: R=1056.81  C= 71.00  len=760
Ep 677: R=1061.14  C= 73.00  len=758
Ep 678: R=1425.76  C= 81.00  len=1000
Ep 679: R=1064.55  C= 66.00  len=760
Ep 680: R=1383.04  C= 51.00  len=1000
Ep 681: R=1054.73  C= 68.00  len=757
Ep 682: R=1049.90  C= 68.00  len=758
Ep 683: R=1369.00  C= 38.00  len=1000
Ep 684: R=1162.42  C= 65.00  len=829
Ep 685: R=1167.33  C= 77.00  len=825
Ep 686: R=1162.34  C= 75.00  len=822
Ep 687: R=1167.33  C= 64.00  len=830
Ep 688: R=1044.16  C= 71.00  len=752
Ep 689: R=1057.48  C= 68.00  len=761
Ep 690: R=1139.17  C= 72.00  len=816
Ep 691: R=1067.26  C= 61.00  len=765
Ep 692: R=1053.63  C= 67.00  len=757
Ep 693: R=1053.24  C= 66.00  len=756
Ep 694: R=1049.36  C= 64.00  len=755
Ep 695: R=1045.26  C= 71.00  len=753
Ep 696: R=1380.47  C= 50.00  len=1000
Ep 697: R=1051.13  C= 57.00  len=758
Ep 698: R=1075.55  C= 75.00  len=767
Ep 699: R=1166.37  C= 74.00  len=824
Ep 700: R=1260.46  C= 83.00  len=885
Ep 701: R=1166.89  C= 74.00  len=825
Ep 702: R=1383.21  C= 54.00  len=1000
Ep 703: R=1429.09  C= 85.00  len=1000
Ep 704: R=1070.86  C= 64.00  len=766
Ep 705: R=1385.72  C= 54.00  len=1000
Ep 706: R=1158.98  C= 70.00  len=823
Ep 707: R=1442.78  C= 91.00  len=1000
Ep 708: R=1269.83  C= 85.00  len=888
Ep 709: R=1162.19  C= 74.00  len=823
Ep 710: R=1046.70  C= 64.00  len=752
Ep 711: R=1286.57  C= 38.00  len=1000
Ep 712: R=1063.82  C= 60.00  len=763
Ep 713: R=1054.83  C= 57.00  len=759
Ep 714: R=1299.33  C= 41.00  len=1000
Ep 715: R=1040.95  C= 68.00  len=750
Ep 716: R=1046.59  C= 70.00  len=755
Ep 717: R=1426.75  C= 85.00  len=1000
Ep 718: R=1063.47  C= 60.00  len=761
Ep 719: R=1142.96  C= 74.00  len=816
Ep 720: R=1158.03  C= 73.00  len=821
Ep 721: R=1150.31  C= 80.00  len=820
Ep 722: R=1422.60  C= 75.00  len=1000
Ep 723: R=1286.14  C= 41.00  len=1000
Ep 724: R=1260.66  C= 84.00  len=888
Ep 725: R=1431.81  C= 86.00  len=1000
Ep 726: R=1293.93  C= 42.00  len=1000
Ep 727: R=1050.60  C= 68.00  len=754
Ep 728: R=1048.66  C= 72.00  len=754
Ep 729: R=1153.49  C= 74.00  len=819
Ep 730: R=1358.90  C= 85.00  len=951
Ep 731: R=1256.24  C= 85.00  len=885
Ep 732: R=1264.17  C= 79.00  len=886
Ep 733: R=1157.74  C= 71.00  len=822
Ep 734: R=1057.16  C= 69.00  len=758
Ep 735: R=1438.95  C= 86.00  len=1000
Ep 736: R=1432.30  C= 93.00  len=1000
Ep 737: R=1416.03  C= 85.00  len=1000
Ep 738: R=1155.87  C= 71.00  len=821
Ep 739: R=1295.34  C= 37.00  len=1000
Ep 740: R=1264.11  C= 85.00  len=892
Ep 741: R=1153.31  C= 73.00  len=820
Ep 742: R=1064.58  C= 73.00  len=760
Ep 743: R=1265.02  C= 68.00  len=896
Ep 744: R=1053.63  C= 65.00  len=757
Ep 745: R=1420.96  C= 88.00  len=1000
Ep 746: R=1148.25  C= 69.00  len=817
Ep 747: R=1363.72  C= 90.00  len=951
Ep 748: R=1419.93  C= 82.00  len=1000
Ep 749: R=1158.58  C= 75.00  len=821
Ep 750: R=1040.57  C= 69.00  len=750
Ep 751: R=1061.00  C= 57.00  len=764
Ep 752: R=1351.07  C= 79.00  len=948
Ep 753: R=1055.17  C= 70.00  len=756
Ep 754: R=1156.01  C= 74.00  len=820
Ep 755: R=1166.92  C= 68.00  len=826
Ep 756: R=1416.35  C= 84.00  len=1000
Ep 757: R=1056.38  C= 67.00  len=760
Ep 758: R=1142.67  C= 76.00  len=815
Ep 759: R=1423.01  C= 86.00  len=1000
Ep 760: R=1043.29  C= 69.00  len=753
Ep 761: R=1436.49  C= 86.00  len=1000
Ep 762: R=1412.04  C= 81.00  len=1000
Ep 763: R=1372.86  C= 62.00  len=1000
Ep 764: R=1432.37  C= 92.00  len=1000
Ep 765: R=1054.37  C= 52.00  len=757
Ep 766: R=1159.72  C= 70.00  len=822
Ep 767: R=1054.59  C= 67.00  len=759
Ep 768: R=1143.89  C= 73.00  len=817
Ep 769: R=1156.35  C= 76.00  len=821
Ep 770: R=1155.57  C= 70.00  len=820
Ep 771: R=1051.44  C= 66.00  len=755
Ep 772: R=1162.87  C= 69.00  len=826
Ep 773: R=1057.61  C= 66.00  len=759
Ep 774: R=1383.93  C= 52.00  len=1000
Ep 775: R=1144.81  C= 69.00  len=820
Ep 776: R=1357.37  C= 93.00  len=950
Ep 777: R=1164.63  C= 70.00  len=824
Ep 778: R=1047.47  C= 57.00  len=755
Ep 779: R=1050.48  C= 61.00  len=756
Ep 780: R=1163.67  C= 67.00  len=826
Ep 781: R=1052.26  C= 71.00  len=756
Ep 782: R=1048.87  C= 44.00  len=757
Ep 783: R=1439.76  C= 91.00  len=1000
Ep 784: R=1061.85  C= 73.00  len=758
Ep 785: R=1158.41  C= 74.00  len=823
Ep 786: R=1369.60  C= 39.00  len=1000
Ep 787: R=1047.27  C= 68.00  len=755
Ep 788: R=1062.49  C= 68.00  len=762
Ep 789: R=1047.91  C= 66.00  len=752
Ep 790: R=1352.86  C= 83.00  len=950
Ep 791: R=1055.82  C= 59.00  len=760
Ep 792: R=1156.76  C= 69.00  len=820
Ep 793: R=1056.57  C= 64.00  len=758
Ep 794: R=1158.50  C= 70.00  len=823
Ep 795: R=1142.62  C= 77.00  len=816
Ep 796: R=1363.53  C= 34.00  len=1000
Ep 797: R=1423.35  C= 83.00  len=1000
Ep 798: R=1056.64  C= 68.00  len=758
Ep 799: R=1046.24  C= 72.00  len=753
Ep 800: R=1049.51  C= 56.00  len=756
Ep 801: R=1062.28  C= 63.00  len=762
Ep 802: R=1177.77  C= 64.00  len=834
Ep 803: R=1160.43  C= 74.00  len=824
Ep 804: R=1049.74  C= 66.00  len=754
Ep 805: R=1432.44  C= 83.00  len=1000
Ep 806: R=1432.33  C= 90.00  len=1000
Ep 807: R=1073.29  C= 64.00  len=767
Ep 808: R=1433.33  C= 92.00  len=1000
Ep 809: R=1050.14  C= 54.00  len=755
Ep 810: R=1280.05  C= 41.00  len=1000
Ep 811: R=1354.79  C= 82.00  len=952
Ep 812: R=1066.97  C= 62.00  len=763
Ep 813: R=1154.85  C= 74.00  len=823
Ep 814: R=1383.42  C= 50.00  len=1000
Ep 815: R=1051.98  C= 66.00  len=757
Ep 816: R=1052.79  C= 67.00  len=757
Ep 817: R=1056.42  C= 68.00  len=757
Ep 818: R=1427.02  C= 83.00  len=1000
Ep 819: R=1375.70  C= 60.00  len=1000
Ep 820: R=1035.70  C= 69.00  len=749
Ep 821: R=1054.60  C= 60.00  len=757
Ep 822: R=1379.70  C= 63.00  len=1000
Ep 823: R=1159.64  C= 73.00  len=822
Ep 824: R=1045.63  C= 58.00  len=753
Ep 825: R=1412.38  C= 80.00  len=1000
Ep 826: R=1286.35  C= 41.00  len=1000
Ep 827: R=1377.04  C= 46.00  len=1000
Ep 828: R=1290.25  C= 42.00  len=1000
Ep 829: R=1053.60  C= 70.00  len=755
Ep 830: R=1149.82  C= 72.00  len=818
Ep 831: R=1247.17  C= 80.00  len=885
Ep 832: R=1052.78  C= 71.00  len=756
Ep 833: R=1384.89  C= 52.00  len=1000
Ep 834: R=1061.30  C= 70.00  len=761
Ep 835: R=1063.49  C= 78.00  len=759
Ep 836: R=1067.51  C= 66.00  len=762
Ep 837: R=1049.28  C= 67.00  len=756
Ep 838: R=1377.37  C= 60.00  len=1000
Ep 839: R=1053.86  C= 46.00  len=759
Ep 840: R=1435.23  C= 92.00  len=1000
Ep 841: R=1144.35  C= 75.00  len=818
Ep 842: R=1153.22  C= 68.00  len=818
Ep 843: R=1253.87  C= 80.00  len=884
Ep 844: R=1442.50  C= 86.00  len=1000
Ep 845: R=1139.20  C= 68.00  len=814
Ep 846: R=1053.32  C= 69.00  len=755
Ep 847: R=1057.68  C= 64.00  len=760
Ep 848: R=1053.13  C= 68.00  len=757
Ep 849: R=1139.56  C= 66.00  len=817
Ep 850: R=1371.62  C= 58.00  len=1000
Ep 851: R=1050.71  C= 64.00  len=756
Ep 852: R=1273.81  C= 84.00  len=892
Ep 853: R=1052.18  C= 54.00  len=754
Ep 854: R=1429.75  C= 81.00  len=1000
Ep 855: R=1051.00  C= 68.00  len=755
Ep 856: R=1047.30  C= 69.00  len=756
Ep 857: R=1266.48  C= 84.00  len=888
Ep 858: R=1237.75  C= 73.00  len=882
Ep 859: R=1300.12  C= 37.00  len=1000
Ep 860: R=1349.89  C= 45.00  len=1000
Ep 861: R=1055.58  C= 64.00  len=760
Ep 862: R=1042.19  C= 66.00  len=751
Ep 863: R=1145.33  C= 79.00  len=816
Ep 864: R=1150.53  C= 76.00  len=820
Ep 865: R=1145.32  C= 77.00  len=817
Ep 866: R=1287.31  C= 42.00  len=1000
Ep 867: R=1048.72  C= 71.00  len=756
Ep 868: R=1054.97  C= 71.00  len=756
Ep 869: R=1173.09  C= 83.00  len=827
Ep 870: R=1444.60  C= 91.00  len=1000
Ep 871: R=1258.08  C= 80.00  len=885
Ep 872: R=1427.16  C= 88.00  len=1000
Ep 873: R=1057.07  C= 63.00  len=759
Ep 874: R=1057.99  C= 70.00  len=757
Ep 875: R=1061.43  C= 65.00  len=762
Ep 876: R=1056.68  C= 59.00  len=758
Ep 877: R=1059.50  C= 67.00  len=761
Ep 878: R=1051.65  C= 70.00  len=757
Ep 879: R=1292.21  C= 41.00  len=1000
Ep 880: R=1063.12  C= 69.00  len=762
Ep 881: R=1410.65  C= 80.00  len=1000
Ep 882: R=1059.77  C= 58.00  len=760
Ep 883: R=1434.53  C= 86.00  len=1000
Ep 884: R=1042.52  C= 70.00  len=751
Ep 885: R=1160.29  C= 76.00  len=824
Ep 886: R=1052.47  C= 68.00  len=755
Ep 887: R=1262.79  C= 76.00  len=887
Ep 888: R=1054.86  C= 70.00  len=757
Ep 889: R=1417.32  C= 70.00  len=1000
Ep 890: R=1429.32  C= 83.00  len=1000
Ep 891: R=1271.77  C= 82.00  len=894
Ep 892: R=1057.30  C= 66.00  len=758
Ep 893: R=1055.52  C= 72.00  len=757
Ep 894: R=1437.22  C= 83.00  len=1000
Ep 895: R=1059.37  C= 70.00  len=758
Ep 896: R=1266.64  C= 85.00  len=888
Ep 897: R=1167.92  C= 71.00  len=825
Ep 898: R=1410.42  C= 85.00  len=1000
Ep 899: R=1048.64  C= 63.00  len=753
Ep 900: R=1042.70  C= 65.00  len=750
Ep 901: R=1167.78  C= 75.00  len=828
Ep 902: R=1430.25  C= 84.00  len=1000
Ep 903: R=1056.85  C= 68.00  len=760
Ep 904: R=1432.33  C= 97.00  len=1000
Ep 905: R=1056.34  C= 57.00  len=758
Ep 906: R=1052.92  C= 64.00  len=756
Ep 907: R=1048.52  C= 60.00  len=755
Ep 908: R=1373.30  C= 42.00  len=1000
Ep 909: R=1054.30  C= 67.00  len=756
Ep 910: R=1159.78  C= 70.00  len=823
Ep 911: R=1383.31  C= 51.00  len=1000
Ep 912: R=1058.48  C= 50.00  len=760
Ep 913: R=1055.94  C= 65.00  len=760
Ep 914: R=1260.58  C= 74.00  len=888
Ep 915: R=1376.88  C= 65.00  len=1000
Ep 916: R=1253.46  C= 86.00  len=886
Ep 917: R=1159.01  C= 81.00  len=823
Ep 918: R=1423.26  C= 82.00  len=1000
Ep 919: R=1428.25  C= 86.00  len=1000
Ep 920: R=1302.18  C= 41.00  len=1000
Ep 921: R=1254.44  C= 85.00  len=884
Ep 922: R=1046.99  C= 69.00  len=755
Ep 923: R=1044.68  C= 68.00  len=754
Ep 924: R=1167.60  C= 77.00  len=826
Ep 925: R=1265.67  C= 71.00  len=891
Ep 926: R=1139.38  C= 77.00  len=815
Ep 927: R=1385.65  C= 53.00  len=1000
Ep 928: R=1287.45  C= 42.00  len=1000
Ep 929: R=1151.97  C= 78.00  len=819
Ep 930: R=1159.22  C= 75.00  len=826
Ep 931: R=1420.43  C= 85.00  len=1000
Ep 932: R=1419.19  C= 83.00  len=1000
Ep 933: R=1055.95  C= 68.00  len=757
Ep 934: R=1158.54  C= 73.00  len=823
Ep 935: R=1280.55  C= 42.00  len=1000
Ep 936: R=1374.52  C= 60.00  len=1000
Ep 937: R=1378.43  C= 77.00  len=957
Ep 938: R=1434.31  C= 87.00  len=1000
Ep 939: R=1249.91  C= 74.00  len=882
Ep 940: R=1056.88  C= 67.00  len=757
Ep 941: R=1054.14  C= 69.00  len=756
Ep 942: R=1051.19  C= 68.00  len=754
Ep 943: R=1053.51  C= 70.00  len=755
Ep 944: R=1427.06  C= 82.00  len=1000
Ep 945: R=1418.37  C= 85.00  len=1000
Ep 946: R=1284.52  C= 42.00  len=1000
Ep 947: R=1051.70  C= 67.00  len=755
Ep 948: R=1377.40  C= 66.00  len=1000
Ep 949: R=1290.08  C= 41.00  len=1000
Ep 950: R=1267.27  C= 77.00  len=888
Ep 951: R=1428.86  C= 82.00  len=1000
Ep 952: R=1050.91  C= 57.00  len=758
Ep 953: R=1148.48  C= 76.00  len=820
Ep 954: R=1280.46  C= 42.00  len=1000
Ep 955: R=1434.15  C= 90.00  len=1000
Ep 956: R=1157.03  C= 78.00  len=823
Ep 957: R=1155.78  C= 80.00  len=819
Ep 958: R=1059.40  C= 69.00  len=758
Ep 959: R=1160.14  C= 75.00  len=823
Ep 960: R=1032.56  C= 70.00  len=747
Ep 961: R=1052.59  C= 68.00  len=755
Ep 962: R=1382.15  C= 50.00  len=1000
Ep 963: R=1164.16  C= 62.00  len=822
Ep 964: R=1255.86  C= 84.00  len=887
Ep 965: R=1050.36  C= 67.00  len=755
Ep 966: R=1173.01  C= 71.00  len=829
Ep 967: R=1423.09  C= 84.00  len=1000
Ep 968: R=1048.90  C= 72.00  len=755
Ep 969: R=1051.38  C= 63.00  len=755
Ep 970: R=1406.00  C= 76.00  len=1000
Ep 971: R=1048.52  C= 76.00  len=754
Ep 972: R=1165.94  C= 76.00  len=826
Ep 973: R=1164.57  C= 71.00  len=824
Ep 974: R=1445.75  C= 86.00  len=1000
Ep 975: R=1328.73  C= 42.00  len=1000
Ep 976: R=1053.23  C= 51.00  len=756
Ep 977: R=1040.18  C= 70.00  len=754
Ep 978: R=1371.80  C= 39.00  len=1000
Ep 979: R=1059.18  C= 70.00  len=760
Ep 980: R=1262.97  C= 75.00  len=887
Ep 981: R=1428.58  C= 86.00  len=1000
Ep 982: R=1287.35  C= 42.00  len=1000
Ep 983: R=1045.90  C= 68.00  len=755
Ep 984: R=1433.00  C= 83.00  len=1000
Ep 985: R=1278.98  C= 42.00  len=1000
Ep 986: R=1154.82  C= 76.00  len=819
Ep 987: R=1047.62  C= 64.00  len=754
Ep 988: R=1382.75  C= 51.00  len=1000
Ep 989: R=1426.27  C= 84.00  len=1000
Ep 990: R=1058.33  C= 67.00  len=761
Ep 991: R=1167.75  C= 63.00  len=828
Ep 992: R=1056.19  C= 59.00  len=759
Ep 993: R=1411.16  C= 78.00  len=1000
Ep 994: R=1165.50  C= 70.00  len=826
Ep 995: R=1422.66  C= 82.00  len=1000
Ep 996: R=1425.87  C= 85.00  len=1000
Ep 997: R=1318.36  C= 42.00  len=1000
Ep 998: R=1052.56  C= 49.00  len=758
Ep 999: R=1341.73  C= 90.00  len=944
Ep 1000: R=1153.33  C= 77.00  len=820
Ep 1001: R=1268.67  C= 86.00  len=888
Ep 1002: R=1147.59  C= 73.00  len=817
Ep 1003: R=1440.31  C= 86.00  len=1000
Ep 1004: R=1409.24  C= 83.00  len=1000
Ep 1005: R=1067.72  C= 69.00  len=763
Ep 1006: R=1045.76  C= 71.00  len=754
Ep 1007: R=1052.15  C= 72.00  len=755
Ep 1008: R=1430.71  C= 88.00  len=1000
Ep 1009: R=1051.96  C= 69.00  len=758
Ep 1010: R=1420.99  C= 89.00  len=1000
Ep 1011: R=1058.91  C= 67.00  len=758
Ep 1012: R=1259.46  C= 79.00  len=888
Ep 1013: R=1058.55  C= 70.00  len=758
Ep 1014: R=1292.62  C= 42.00  len=1000
Ep 1015: R=1042.83  C= 74.00  len=751
Ep 1016: R=1435.51  C= 87.00  len=1000
Ep 1017: R=1047.51  C= 68.00  len=752
Ep 1018: R=1377.20  C= 50.00  len=1000
Ep 1019: R=1068.36  C= 64.00  len=764
Ep 1020: R=1060.34  C= 68.00  len=761
Ep 1021: R=1150.01  C= 73.00  len=816
Ep 1022: R=1428.90  C= 86.00  len=1000
Ep 1023: R=1156.80  C= 77.00  len=822
Ep 1024: R=1282.09  C= 63.00  len=898
Ep 1025: R=1422.08  C= 86.00  len=1000
Ep 1026: R=1058.00  C= 55.00  len=759
Ep 1027: R=1300.77  C= 43.00  len=1000
Ep 1028: R=1382.55  C= 50.00  len=1000
Ep 1029: R=1058.04  C= 67.00  len=758
Ep 1030: R=1299.48  C= 41.00  len=1000
Ep 1031: R=1051.81  C= 64.00  len=757
Ep 1032: R=1435.74  C= 92.00  len=1000
Ep 1033: R=1055.65  C= 58.00  len=758
Ep 1034: R=1436.02  C= 81.00  len=1000
Ep 1035: R=1440.79  C= 87.00  len=1000
Ep 1036: R=1154.60  C= 76.00  len=820
Ep 1037: R=1153.01  C= 76.00  len=820
Ep 1038: R=1160.80  C= 76.00  len=822
Ep 1039: R=1280.00  C= 42.00  len=1000
Ep 1040: R=1143.42  C= 72.00  len=817
Ep 1041: R=1166.22  C= 78.00  len=825
Ep 1042: R=1430.55  C= 83.00  len=1000
Ep 1043: R=1355.16  C= 81.00  len=949
Ep 1044: R=1154.26  C= 73.00  len=827
Ep 1045: R=1059.65  C= 70.00  len=758
Ep 1046: R=1056.19  C= 62.00  len=757
Ep 1047: R=1430.01  C= 86.00  len=1000
Ep 1048: R=1425.02  C= 86.00  len=1000
Ep 1049: R=1289.47  C= 41.00  len=1000
Ep 1050: R=1384.70  C= 52.00  len=1000
Ep 1051: R=1251.36  C= 83.00  len=883
Ep 1052: R=1067.62  C= 69.00  len=763
Ep 1053: R=1152.56  C= 76.00  len=818
Ep 1054: R=1155.49  C= 76.00  len=823
Ep 1055: R=1053.59  C= 57.00  len=755
Ep 1056: R=1272.27  C= 87.00  len=892
Ep 1057: R=1053.47  C= 57.00  len=758
Ep 1058: R=1058.00  C= 48.00  len=760
Ep 1059: R=1165.42  C= 70.00  len=824
Ep 1060: R=1429.40  C= 89.00  len=1000
Ep 1061: R=1056.40  C= 69.00  len=757
Ep 1062: R=1434.77  C= 81.00  len=1000
Ep 1063: R=1066.69  C= 63.00  len=764
Ep 1064: R=1054.19  C= 64.00  len=757
Ep 1065: R=1138.21  C= 69.00  len=815
Ep 1066: R=1063.98  C= 61.00  len=764
Ep 1067: R=1416.90  C= 77.00  len=1000
Ep 1068: R=1172.00  C= 73.00  len=828
Ep 1069: R=1059.52  C= 65.00  len=761
Ep 1070: R=1059.85  C= 59.00  len=766
Ep 1071: R=1066.22  C= 68.00  len=763
Ep 1072: R=1308.53  C= 41.00  len=1000
Ep 1073: R=1057.60  C= 71.00  len=758
Ep 1074: R=1045.62  C= 65.00  len=753
Ep 1075: R=1432.82  C= 82.00  len=1000
Ep 1076: R=1399.48  C= 74.00  len=1000
Ep 1077: R=1247.26  C= 75.00  len=885
Ep 1078: R=1428.19  C= 82.00  len=1000
Ep 1079: R=1052.35  C= 56.00  len=758
Ep 1080: R=1413.29  C= 91.00  len=1000
Ep 1081: R=1141.69  C= 72.00  len=818
Ep 1082: R=1282.31  C= 38.00  len=1000
Ep 1083: R=1157.35  C= 77.00  len=822
Ep 1084: R=1387.83  C= 56.00  len=1000
Ep 1085: R=1061.54  C= 58.00  len=761
Ep 1086: R=1062.98  C= 52.00  len=762
Ep 1087: R=1163.42  C= 74.00  len=824
Ep 1088: R=1408.88  C= 78.00  len=1000
Ep 1089: R=1054.62  C= 66.00  len=756
Ep 1090: R=1441.42  C= 86.00  len=1000
Ep 1091: R=1381.62  C= 51.00  len=1000
Ep 1092: R=1054.40  C= 46.00  len=761
Ep 1093: R=1048.57  C= 68.00  len=754
Ep 1094: R=1053.52  C= 53.00  len=758
Ep 1095: R=1051.99  C= 64.00  len=756
Ep 1096: R=1066.42  C= 67.00  len=764
Ep 1097: R=1378.44  C= 67.00  len=1000
Ep 1098: R=1052.53  C= 68.00  len=755
Ep 1099: R=1426.13  C= 89.00  len=1000
Ep 1100: R=1153.64  C= 77.00  len=818
Ep 1101: R=1291.09  C= 42.00  len=1000
Ep 1102: R=1157.18  C= 73.00  len=820
Ep 1103: R=1037.96  C= 67.00  len=751
Ep 1104: R=1253.10  C= 80.00  len=883
Ep 1105: R=1059.39  C= 69.00  len=759
Ep 1106: R=1063.08  C= 57.00  len=763
Ep 1107: R=1047.69  C= 68.00  len=757
Ep 1108: R=1060.50  C= 52.00  len=762
Ep 1109: R=1062.46  C= 59.00  len=763
Ep 1110: R=1271.81  C= 80.00  len=890
Ep 1111: R=1066.37  C= 69.00  len=762
Ep 1112: R=1366.00  C= 38.00  len=1000
Ep 1113: R=1144.09  C= 79.00  len=815
Ep 1114: R=1054.95  C= 68.00  len=758
Ep 1115: R=1427.06  C= 71.00  len=1000
Ep 1116: R=1064.66  C= 68.00  len=762
Ep 1117: R=1162.55  C= 75.00  len=825
Ep 1118: R=1248.39  C= 83.00  len=882
Ep 1119: R=1041.06  C= 71.00  len=751
Ep 1120: R=1291.08  C= 41.00  len=1000
Ep 1121: R=1057.16  C= 61.00  len=760
Ep 1122: R=1373.04  C= 65.00  len=1000
Ep 1123: R=1431.87  C= 84.00  len=1000
Ep 1124: R=1058.31  C= 60.00  len=762
Ep 1125: R=1349.09  C= 80.00  len=947
Ep 1126: R=1362.99  C= 35.00  len=1000
Ep 1127: R=1148.98  C= 73.00  len=819
Ep 1128: R=1062.17  C= 52.00  len=761
Ep 1129: R=1155.70  C= 71.00  len=822
Ep 1130: R=1142.39  C= 72.00  len=816
Ep 1131: R=1422.98  C= 87.00  len=1000
Ep 1132: R=1315.28  C= 43.00  len=1000
Ep 1133: R=1417.79  C= 84.00  len=1000
Ep 1134: R=1175.66  C= 77.00  len=831
Ep 1135: R=1161.29  C= 72.00  len=825
Ep 1136: R=1042.58  C= 70.00  len=752
Ep 1137: R=1278.45  C= 41.00  len=1000
Ep 1138: R=1152.30  C= 74.00  len=818
Ep 1139: R=1053.09  C= 67.00  len=755
Ep 1140: R=1443.16  C= 86.00  len=1000
Ep 1141: R=1059.44  C= 75.00  len=758
Ep 1142: R=1429.46  C= 82.00  len=1000
Ep 1143: R=1149.04  C= 75.00  len=819
Ep 1144: R=1052.28  C= 59.00  len=759
Ep 1145: R=1062.32  C= 61.00  len=762
Ep 1146: R=1367.07  C= 92.00  len=953
Ep 1147: R=1254.69  C= 81.00  len=884
Ep 1148: R=1048.50  C= 71.00  len=755
Ep 1149: R=1433.90  C= 88.00  len=1000
Ep 1150: R=1361.85  C= 36.00  len=1000
Ep 1151: R=1048.67  C= 66.00  len=754
Ep 1152: R=1064.61  C= 61.00  len=761
Ep 1153: R=1412.47  C= 85.00  len=1000
Ep 1154: R=1053.53  C= 63.00  len=756
Ep 1155: R=1432.77  C= 90.00  len=1000
Ep 1156: R=1421.04  C= 85.00  len=1000
Ep 1157: R=1252.09  C= 84.00  len=883
Ep 1158: R=1149.77  C= 80.00  len=818
Ep 1159: R=1152.91  C= 73.00  len=820
Ep 1160: R=1062.30  C= 72.00  len=759
Ep 1161: R=1161.24  C= 75.00  len=823
Ep 1162: R=1425.72  C= 88.00  len=1000
Ep 1163: R=1043.17  C= 68.00  len=754
Ep 1164: R=1135.16  C= 69.00  len=813
Ep 1165: R=1040.06  C= 66.00  len=750
Ep 1166: R=1061.46  C= 67.00  len=761
Ep 1167: R=1376.36  C= 60.00  len=1000
Ep 1168: R=1054.93  C= 71.00  len=756
Ep 1169: R=1052.12  C= 71.00  len=757
Ep 1170: R=1055.93  C= 65.00  len=759
Ep 1171: R=1259.33  C= 80.00  len=886
Ep 1172: R=1063.73  C= 60.00  len=762
Ep 1173: R=1058.47  C= 58.00  len=759
Ep 1174: R=1049.13  C= 66.00  len=754
Ep 1175: R=1059.78  C= 57.00  len=762
Ep 1176: R=1433.57  C= 86.00  len=1000
Ep 1177: R=1241.19  C= 75.00  len=881
Ep 1178: R=1246.27  C= 82.00  len=880
Ep 1179: R=1379.12  C= 66.00  len=1000
Ep 1180: R=1374.45  C= 63.00  len=1000
Ep 1181: R=1074.72  C= 65.00  len=767
Ep 1182: R=1269.43  C= 88.00  len=888
Ep 1183: R=1052.43  C= 69.00  len=756
Ep 1184: R=1382.13  C= 51.00  len=1000
Ep 1185: R=1049.85  C= 67.00  len=755
Ep 1186: R=1161.79  C= 74.00  len=822
Ep 1187: R=1437.73  C= 84.00  len=1000
Ep 1188: R=1058.32  C= 64.00  len=759
Ep 1189: R=1164.96  C= 70.00  len=828
Ep 1190: R=1060.72  C= 65.00  len=760
Ep 1191: R=1379.64  C= 50.00  len=1000
Ep 1192: R=1284.60  C= 42.00  len=1000
Ep 1193: R=1420.23  C= 93.00  len=1000
Ep 1194: R=1050.15  C= 66.00  len=755
Ep 1195: R=1382.91  C= 51.00  len=1000
Ep 1196: R=1048.86  C= 68.00  len=754
Ep 1197: R=1061.99  C= 60.00  len=761
Ep 1198: R=1061.34  C= 67.00  len=761
Ep 1199: R=1172.17  C= 77.00  len=826
Ep 1200: R=1154.29  C= 76.00  len=818
Ep 1201: R=1426.13  C= 83.00  len=1000
Ep 1202: R=1058.13  C= 59.00  len=763
Ep 1203: R=1420.38  C= 78.00  len=1000
Ep 1204: R=1047.16  C= 69.00  len=753
Ep 1205: R=1376.56  C= 64.00  len=1000
Ep 1206: R=1250.82  C= 75.00  len=885
Ep 1207: R=1063.89  C= 73.00  len=759
Ep 1208: R=1062.11  C= 63.00  len=761
Ep 1209: R=1426.64  C= 87.00  len=1000
Ep 1210: R=1429.66  C= 83.00  len=1000
Ep 1211: R=1162.20  C= 68.00  len=825
Ep 1212: R=1068.89  C= 90.00  len=763
Ep 1213: R=1376.50  C= 65.00  len=1000
Ep 1214: R=1150.70  C= 76.00  len=819
Ep 1215: R=1045.61  C= 69.00  len=753
Ep 1216: R=1060.18  C= 63.00  len=761
Ep 1217: R=1433.18  C= 81.00  len=1000
Ep 1218: R=1143.42  C= 73.00  len=817
Ep 1219: R=1357.69  C= 34.00  len=1000
Ep 1220: R=1060.98  C= 68.00  len=761
Ep 1221: R=1047.65  C= 65.00  len=755
Ep 1222: R=1369.34  C= 38.00  len=1000
Ep 1223: R=1438.55  C= 91.00  len=1000
Ep 1224: R=1149.92  C= 77.00  len=818
Ep 1225: R=1060.81  C= 72.00  len=762
Ep 1226: R=1048.30  C= 63.00  len=754
Ep 1227: R=1292.07  C= 41.00  len=1000
Ep 1228: R=1064.09  C= 63.00  len=761
Ep 1229: R=1064.16  C= 63.00  len=761
Ep 1230: R=1161.80  C= 54.00  len=823
Ep 1231: R=1372.85  C= 41.00  len=1000
Ep 1232: R=1385.46  C= 52.00  len=1000
Ep 1233: R=1053.42  C= 61.00  len=759
Ep 1234: R=1151.20  C= 73.00  len=818
Ep 1235: R=1257.51  C= 76.00  len=888
Ep 1236: R=1383.44  C= 50.00  len=1000
Ep 1237: R=1052.80  C= 73.00  len=755
Ep 1238: R=1293.14  C= 42.00  len=1000
Ep 1239: R=1279.15  C= 42.00  len=1000
Ep 1240: R=1433.42  C= 81.00  len=1000
Ep 1241: R=1053.61  C= 71.00  len=759
Ep 1242: R=1280.40  C= 68.00  len=900
Ep 1243: R=1278.18  C= 75.00  len=895
Ep 1244: R=1051.44  C= 55.00  len=758
Ep 1245: R=1174.38  C= 77.00  len=828
Ep 1246: R=1246.37  C= 81.00  len=881
Ep 1247: R=1051.40  C= 68.00  len=756
Ep 1248: R=1052.50  C= 67.00  len=756
Ep 1249: R=1053.53  C= 68.00  len=757
Ep 1250: R=1063.38  C= 70.00  len=763
Ep 1251: R=1275.10  C= 83.00  len=894
Ep 1252: R=1153.35  C= 70.00  len=821
Ep 1253: R=1430.20  C= 81.00  len=1000
Ep 1254: R=1052.53  C= 49.00  len=758
Ep 1255: R=1410.71  C= 84.00  len=1000
Ep 1256: R=1049.93  C= 67.00  len=755
Ep 1257: R=1140.29  C= 72.00  len=816
Ep 1258: R=1252.52  C= 87.00  len=885
Ep 1259: R=1160.23  C= 80.00  len=822
Ep 1260: R=1052.80  C= 68.00  len=759
Ep 1261: R=1260.65  C= 78.00  len=884
Ep 1262: R=1063.54  C= 50.00  len=764
Ep 1263: R=1430.39  C= 96.00  len=1000
Ep 1264: R=1043.15  C= 65.00  len=752
Ep 1265: R=1430.69  C= 81.00  len=1000
Ep 1266: R=1047.72  C= 63.00  len=753
Ep 1267: R=1062.72  C= 67.00  len=763
Ep 1268: R=1045.58  C= 72.00  len=753
Ep 1269: R=1163.20  C= 74.00  len=824
Ep 1270: R=1164.86  C= 70.00  len=825
Ep 1271: R=1428.19  C= 87.00  len=1000
Ep 1272: R=1148.53  C= 72.00  len=817
Ep 1273: R=1418.19  C= 84.00  len=1000
Ep 1274: R=1058.10  C= 53.00  len=758
Ep 1275: R=1052.40  C= 64.00  len=758
Ep 1276: R=1156.52  C= 71.00  len=821
Ep 1277: R=1157.61  C= 71.00  len=822
Ep 1278: R=1056.40  C= 59.00  len=758
Ep 1279: R=1050.84  C= 66.00  len=755
Ep 1280: R=1057.64  C= 68.00  len=757
Ep 1281: R=1047.15  C= 64.00  len=754
Ep 1282: R=1052.53  C= 60.00  len=758
Ep 1283: R=1292.55  C= 38.00  len=1000
Ep 1284: R=1429.51  C= 92.00  len=1000
Ep 1285: R=1050.99  C= 63.00  len=757
Ep 1286: R=1385.39  C= 53.00  len=1000
Ep 1287: R=1065.89  C= 92.00  len=758
Ep 1288: R=1433.84  C= 83.00  len=1000
Ep 1289: R=1364.25  C= 37.00  len=1000
Ep 1290: R=1061.49  C= 53.00  len=761
Ep 1291: R=1376.84  C= 67.00  len=1000
Ep 1292: R=1059.59  C= 68.00  len=757
Ep 1293: R=1049.71  C= 49.00  len=756
Ep 1294: R=1369.94  C= 40.00  len=1000
Ep 1295: R=1166.53  C= 79.00  len=825
Ep 1296: R=1060.05  C= 58.00  len=764
Ep 1297: R=1041.87  C= 70.00  len=753
Ep 1298: R=1057.22  C= 59.00  len=758
Ep 1299: R=1058.42  C= 68.00  len=761
Ep 1300: R=1152.06  C= 80.00  len=817
Ep 1301: R=1282.03  C= 42.00  len=1000
Ep 1302: R=1063.90  C= 59.00  len=765
Ep 1303: R=1155.75  C= 70.00  len=822
Ep 1304: R=1252.10  C= 81.00  len=884
Ep 1305: R=1071.09  C= 75.00  len=763
Ep 1306: R=1063.58  C= 73.00  len=759
Ep 1307: R=1380.94  C= 50.00  len=1000
Ep 1308: R=1346.53  C= 82.00  len=946
Ep 1309: R=1053.49  C= 63.00  len=757
Ep 1310: R=1423.44  C= 84.00  len=1000
Ep 1311: R=1157.27  C= 78.00  len=823
Ep 1312: R=1405.43  C= 81.00  len=1000
Ep 1313: R=1056.97  C= 66.00  len=758
Ep 1314: R=1163.80  C= 75.00  len=823
Ep 1315: R=1141.09  C= 69.00  len=817
Ep 1316: R=1431.35  C= 82.00  len=1000
Ep 1317: R=1344.54  C= 83.00  len=944
Ep 1318: R=1143.08  C= 74.00  len=816
Ep 1319: R=1295.04  C= 38.00  len=1000
Ep 1320: R=1034.59  C= 72.00  len=748
Ep 1321: R=1264.46  C= 76.00  len=890
Ep 1322: R=1142.57  C= 68.00  len=815
Ep 1323: R=1060.19  C= 68.00  len=758
Ep 1324: R=1074.51  C= 72.00  len=767
Ep 1325: R=1040.75  C= 71.00  len=751
Ep 1326: R=1061.02  C= 72.00  len=759
Ep 1327: R=1169.54  C= 82.00  len=825
Ep 1328: R=1042.47  C= 70.00  len=754
Ep 1329: R=1059.02  C= 69.00  len=761
Ep 1330: R=1435.17  C= 82.00  len=1000
Ep 1331: R=1056.66  C= 68.00  len=757
Ep 1332: R=1157.00  C= 72.00  len=822
Ep 1333: R=1381.07  C= 51.00  len=1000
Ep 1334: R=1064.39  C= 79.00  len=762
Ep 1335: R=1051.56  C= 69.00  len=754
Ep 1336: R=1040.28  C= 71.00  len=752
Ep 1337: R=1437.78  C= 86.00  len=1000
Ep 1338: R=1044.50  C= 71.00  len=753
Ep 1339: R=1143.38  C= 75.00  len=815
Ep 1340: R=1362.28  C= 81.00  len=951
Ep 1341: R=1043.60  C= 61.00  len=751
Ep 1342: R=1287.55  C= 42.00  len=1000
Ep 1343: R=1053.84  C= 68.00  len=757
Ep 1344: R=1427.80  C= 85.00  len=1000
Ep 1345: R=1050.41  C= 69.00  len=759
Ep 1346: R=1037.14  C= 70.00  len=750
Ep 1347: R=1052.34  C= 58.00  len=756
Ep 1348: R=1378.03  C= 68.00  len=1000
Ep 1349: R=1056.08  C= 55.00  len=758
Ep 1350: R=1293.91  C= 41.00  len=1000
Ep 1351: R=1157.12  C= 76.00  len=822
Ep 1352: R=1269.57  C= 85.00  len=888
Ep 1353: R=1368.45  C= 36.00  len=1000
Ep 1354: R=1061.16  C= 69.00  len=761
Ep 1355: R=1422.13  C= 87.00  len=1000
Ep 1356: R=1056.07  C= 64.00  len=758
Ep 1357: R=1051.44  C= 65.00  len=755
Ep 1358: R=1377.54  C= 47.00  len=1000
Ep 1359: R=1056.29  C= 69.00  len=757
Ep 1360: R=1427.10  C= 80.00  len=1000
Ep 1361: R=1051.08  C= 68.00  len=756
Ep 1362: R=1045.51  C= 68.00  len=751
Ep 1363: R=1289.68  C= 41.00  len=1000
Ep 1364: R=1053.42  C= 67.00  len=757
Ep 1365: R=1158.98  C= 75.00  len=822
Ep 1366: R=1260.78  C= 85.00  len=888
Ep 1367: R=1263.73  C= 78.00  len=887
Ep 1368: R=1280.28  C= 42.00  len=1000
Ep 1369: R=1164.36  C= 73.00  len=824
Ep 1370: R=1157.72  C= 75.00  len=822
Ep 1371: R=1438.42  C= 85.00  len=1000
Ep 1372: R=1055.56  C= 68.00  len=759
Ep 1373: R=1273.52  C= 80.00  len=893
Ep 1374: R=1052.55  C= 66.00  len=758
Ep 1375: R=1052.69  C= 70.00  len=755
Ep 1376: R=1265.36  C= 85.00  len=888
Ep 1377: R=1048.97  C= 67.00  len=756
Ep 1378: R=1178.53  C= 77.00  len=833
Ep 1379: R=1158.74  C= 69.00  len=822
Ep 1380: R=1159.68  C= 79.00  len=821
Ep 1381: R=1156.44  C= 74.00  len=821
Ep 1382: R=1059.90  C= 91.00  len=756
Ep 1383: R=1150.59  C= 78.00  len=818
Ep 1384: R=1248.08  C= 75.00  len=886
Ep 1385: R=1437.21  C= 90.00  len=1000
Ep 1386: R=1043.71  C= 64.00  len=752
Ep 1387: R=1053.94  C= 65.00  len=757
Ep 1388: R=1167.06  C= 77.00  len=825
Ep 1389: R=1292.73  C= 43.00  len=1000
Ep 1390: R=1414.56  C= 92.00  len=1000
Ep 1391: R=1040.65  C= 72.00  len=753
Ep 1392: R=1056.09  C= 79.00  len=755
Ep 1393: R=1430.10  C= 84.00  len=1000
Ep 1394: R=1053.28  C= 69.00  len=755
Ep 1395: R=1057.00  C= 67.00  len=760
Ep 1396: R=1052.33  C= 68.00  len=756
Ep 1397: R=1424.80  C= 86.00  len=1000
Ep 1398: R=1048.88  C= 71.00  len=755
Ep 1399: R=1057.17  C= 64.00  len=759
Ep 1400: R=1059.13  C= 76.00  len=762
Ep 1401: R=1068.21  C= 63.00  len=765
Ep 1402: R=1357.66  C= 85.00  len=948
Ep 1403: R=1056.43  C= 66.00  len=760
Ep 1404: R=1050.65  C= 67.00  len=756
Ep 1405: R=1282.80  C= 42.00  len=1000
Ep 1406: R=1288.15  C= 69.00  len=902
Ep 1407: R=1153.03  C= 75.00  len=819
Ep 1408: R=1041.75  C= 66.00  len=751
Ep 1409: R=1159.78  C= 73.00  len=825
Ep 1410: R=1148.07  C= 78.00  len=817
Ep 1411: R=1049.85  C= 68.00  len=755
Ep 1412: R=1280.20  C= 42.00  len=1000
Ep 1413: R=1055.48  C= 64.00  len=758
Ep 1414: R=1058.94  C= 67.00  len=758
Ep 1415: R=1259.08  C= 81.00  len=887
Ep 1416: R=1056.49  C= 50.00  len=758
Ep 1417: R=1437.84  C= 90.00  len=1000
Ep 1418: R=1056.23  C= 70.00  len=760
Ep 1419: R=1057.58  C= 67.00  len=758
Ep 1420: R=1422.28  C= 88.00  len=1000
Ep 1421: R=1053.75  C= 70.00  len=758
Ep 1422: R=1290.65  C= 42.00  len=1000
Ep 1423: R=1168.83  C= 71.00  len=825
Ep 1424: R=1053.07  C= 67.00  len=755
Ep 1425: R=1049.17  C= 47.00  len=757
Ep 1426: R=1365.28  C= 36.00  len=1000
Ep 1427: R=1155.66  C= 70.00  len=820
Ep 1428: R=1157.87  C= 76.00  len=822
Ep 1429: R=1052.23  C= 66.00  len=758
Ep 1430: R=1273.95  C= 75.00  len=891
Ep 1431: R=1046.14  C= 68.00  len=754
Ep 1432: R=1060.12  C= 69.00  len=758
Ep 1433: R=1157.27  C= 67.00  len=821
Ep 1434: R=1433.38  C= 80.00  len=1000
Ep 1435: R=1045.87  C= 72.00  len=753
Ep 1436: R=1155.17  C= 71.00  len=821
Ep 1437: R=1273.19  C= 43.00  len=1000
Ep 1438: R=1144.96  C= 72.00  len=819
Ep 1439: R=1058.35  C= 69.00  len=758
Ep 1440: R=1059.99  C= 48.00  len=764
Ep 1441: R=1420.82  C= 85.00  len=1000
Ep 1442: R=1175.90  C= 61.00  len=833
Ep 1443: R=1052.63  C= 66.00  len=756
Ep 1444: R=1064.18  C= 63.00  len=761
Ep 1445: R=1047.80  C= 67.00  len=754
Ep 1446: R=1163.63  C= 72.00  len=825
Ep 1447: R=1059.59  C= 66.00  len=760
Ep 1448: R=1358.41  C= 34.00  len=1000
Ep 1449: R=1071.12  C= 69.00  len=767
Ep 1450: R=1062.92  C= 68.00  len=762
Ep 1451: R=1051.30  C= 65.00  len=756
Ep 1452: R=1061.41  C= 69.00  len=760
Ep 1453: R=1037.55  C= 68.00  len=750
Ep 1454: R=1325.85  C= 42.00  len=1000
Ep 1455: R=1157.90  C= 72.00  len=823
Ep 1456: R=1063.60  C= 66.00  len=761
Ep 1457: R=1052.98  C= 71.00  len=758
Ep 1458: R=1353.34  C= 87.00  len=949
Ep 1459: R=1263.66  C= 70.00  len=888
Ep 1460: R=1384.10  C= 53.00  len=1000
Ep 1461: R=1051.94  C= 66.00  len=755
Ep 1462: R=1061.74  C= 64.00  len=762
Ep 1463: R=1071.85  C= 64.00  len=765
Ep 1464: R=1439.12  C= 94.00  len=1000
Ep 1465: R=1042.51  C= 68.00  len=753
Ep 1466: R=1052.02  C= 67.00  len=756
Ep 1467: R=1053.93  C= 67.00  len=761
Ep 1468: R=1147.16  C= 73.00  len=821
Ep 1469: R=1167.32  C= 65.00  len=831
Ep 1470: R=1157.58  C= 66.00  len=825
Ep 1471: R=1430.88  C= 81.00  len=1000
Ep 1472: R=1155.07  C= 74.00  len=820
Ep 1473: R=1163.07  C= 71.00  len=823
Ep 1474: R=1050.06  C= 66.00  len=757
Ep 1475: R=1351.80  C= 87.00  len=945
Ep 1476: R=1154.53  C= 79.00  len=821
Ep 1477: R=1423.71  C= 84.00  len=1000
Ep 1478: R=1443.08  C= 86.00  len=1000
Ep 1479: R=1148.68  C= 76.00  len=819
Ep 1480: R=1281.69  C= 38.00  len=1000
Ep 1481: R=1414.45  C= 84.00  len=1000
Ep 1482: R=1050.29  C= 70.00  len=756
Ep 1483: R=1262.64  C= 81.00  len=887
Ep 1484: R=1054.81  C= 70.00  len=756
Ep 1485: R=1171.77  C= 60.00  len=829
Ep 1486: R=1421.55  C= 80.00  len=1000
Ep 1487: R=1319.61  C= 42.00  len=1000
Ep 1488: R=1182.31  C= 60.00  len=833
Ep 1489: R=1166.15  C= 71.00  len=825
Ep 1490: R=1430.73  C= 87.00  len=1000
Ep 1491: R=1063.89  C= 76.00  len=761
Ep 1492: R=1158.06  C= 74.00  len=821
Ep 1493: R=1055.66  C= 66.00  len=758
Ep 1494: R=1145.83  C= 67.00  len=818
Ep 1495: R=1289.02  C= 38.00  len=1000
Ep 1496: R=1059.52  C= 58.00  len=764
Ep 1497: R=1262.29  C= 74.00  len=887
Ep 1498: R=1049.57  C= 67.00  len=755
Ep 1499: R=1060.79  C= 68.00  len=758
Ep 1500: R=1060.51  C= 61.00  len=762
Ep 1501: R=1421.05  C= 81.00  len=1000
Ep 1502: R=1162.52  C= 75.00  len=823
Ep 1503: R=1383.07  C= 51.00  len=1000
Ep 1504: R=1364.80  C= 88.00  len=953
Ep 1505: R=1061.32  C= 70.00  len=761
Ep 1506: R=1169.07  C= 79.00  len=826
Ep 1507: R=1045.21  C= 68.00  len=754
Ep 1508: R=1411.70  C= 84.00  len=1000
Ep 1509: R=1049.70  C= 68.00  len=755
Ep 1510: R=1145.59  C= 69.00  len=818
Ep 1511: R=1054.17  C= 68.00  len=757
Ep 1512: R=1384.41  C= 53.00  len=1000
Ep 1513: R=1295.39  C= 41.00  len=1000
Ep 1514: R=1169.21  C= 80.00  len=826
Ep 1515: R=1163.93  C= 69.00  len=826
Ep 1516: R=1068.90  C= 63.00  len=764
Ep 1517: R=1166.83  C= 70.00  len=826
Ep 1518: R=1050.88  C= 47.00  len=758
Ep 1519: R=1057.10  C= 68.00  len=757
Ep 1520: R=1051.81  C= 54.00  len=755
Ep 1521: R=1361.77  C= 34.00  len=1000
Ep 1522: R=1048.05  C= 65.00  len=753
Ep 1523: R=1065.47  C= 69.00  len=762
Ep 1524: R=1304.80  C= 41.00  len=1000
Ep 1525: R=1266.62  C= 86.00  len=885
Ep 1526: R=1061.91  C= 69.00  len=763
Ep 1527: R=1159.50  C= 77.00  len=824
Ep 1528: R=1050.92  C= 59.00  len=758
Ep 1529: R=1160.10  C= 77.00  len=824
Ep 1530: R=1046.73  C= 65.00  len=754
Ep 1531: R=1422.81  C= 91.00  len=1000
Ep 1532: R=1052.11  C= 63.00  len=754
Ep 1533: R=1047.38  C= 64.00  len=755
Ep 1534: R=1070.83  C= 63.00  len=767
Ep 1535: R=1165.76  C= 80.00  len=825
Ep 1536: R=1156.04  C= 72.00  len=823
Ep 1537: R=1351.72  C= 46.00  len=1000
Ep 1538: R=1311.09  C= 37.00  len=1000
Ep 1539: R=1068.90  C= 63.00  len=765
Ep 1540: R=1048.36  C= 67.00  len=753
Ep 1541: R=1432.41  C= 93.00  len=1000
Ep 1542: R=1353.95  C= 80.00  len=951
Ep 1543: R=1162.57  C= 70.00  len=823
Ep 1544: R=1151.08  C= 76.00  len=820
Ep 1545: R=1415.51  C= 83.00  len=1000
Ep 1546: R=1060.80  C= 52.00  len=761
Ep 1547: R=1376.71  C= 60.00  len=1000
Ep 1548: R=1441.80  C= 90.00  len=1000
Ep 1549: R=1034.42  C= 71.00  len=747
Ep 1550: R=1414.33  C= 83.00  len=1000
Ep 1551: R=1036.22  C= 70.00  len=751
Ep 1552: R=1436.86  C= 85.00  len=1000
Ep 1553: R=1155.84  C= 73.00  len=821
Ep 1554: R=1439.49  C= 87.00  len=1000
Ep 1555: R=1367.11  C= 37.00  len=1000
Ep 1556: R=1259.04  C= 81.00  len=889
Ep 1557: R=1149.02  C= 78.00  len=819
Ep 1558: R=1052.77  C= 69.00  len=756
Ep 1559: R=1256.09  C= 85.00  len=887
Ep 1560: R=1076.23  C= 67.00  len=768
Ep 1561: R=1428.11  C= 89.00  len=1000
Ep 1562: R=1056.26  C= 47.00  len=762
Ep 1563: R=1281.78  C= 41.00  len=1000
Ep 1564: R=1150.50  C= 77.00  len=821
Ep 1565: R=1075.16  C= 65.00  len=768
Ep 1566: R=1378.32  C= 49.00  len=1000
Ep 1567: R=1152.15  C= 71.00  len=820
Ep 1568: R=1160.20  C= 79.00  len=822
Ep 1569: R=1439.11  C= 91.00  len=1000
Ep 1570: R=1263.78  C= 85.00  len=886
Ep 1571: R=1262.59  C= 78.00  len=886
Ep 1572: R=1136.29  C= 66.00  len=817
Ep 1573: R=1432.98  C= 85.00  len=1000
Ep 1574: R=1058.24  C= 73.00  len=757
Ep 1575: R=1376.86  C= 44.00  len=1000
Ep 1576: R=1437.27  C= 87.00  len=1000
Ep 1577: R=1429.99  C= 85.00  len=1000
Ep 1578: R=1436.94  C= 92.00  len=1000
Ep 1579: R=1069.95  C= 62.00  len=766
Ep 1580: R=1063.67  C= 47.00  len=769
Ep 1581: R=1288.75  C= 42.00  len=1000
Ep 1582: R=1434.27  C= 93.00  len=1000
Ep 1583: R=1384.53  C= 54.00  len=1000
Ep 1584: R=1055.09  C= 64.00  len=758
Ep 1585: R=1425.51  C= 95.00  len=1000
Ep 1586: R=1065.52  C= 61.00  len=764
Ep 1587: R=1382.61  C= 52.00  len=1000
Ep 1588: R=1077.12  C= 92.00  len=767
Ep 1589: R=1048.56  C= 63.00  len=753
Ep 1590: R=1424.07  C= 85.00  len=1000
Ep 1591: R=1057.98  C= 75.00  len=757
Ep 1592: R=1369.69  C= 39.00  len=1000
Ep 1593: R=1058.50  C= 65.00  len=760
Ep 1594: R=1050.44  C= 68.00  len=755
Ep 1595: R=1164.64  C= 56.00  len=825
Ep 1596: R=1178.35  C= 66.00  len=834
Ep 1597: R=1047.55  C= 68.00  len=755
Ep 1598: R=1423.62  C= 85.00  len=1000
Ep 1599: R=1153.82  C= 72.00  len=819
Ep 1600: R=1303.11  C= 43.00  len=1000
Ep 1601: R=1051.20  C= 67.00  len=756
Ep 1602: R=1422.33  C= 86.00  len=1000
Ep 1603: R=1162.87  C= 70.00  len=823
Ep 1604: R=1147.47  C= 73.00  len=821
Ep 1605: R=1162.49  C= 73.00  len=826
Ep 1606: R=1361.13  C= 87.00  len=952
Ep 1607: R=1153.17  C= 75.00  len=822
Ep 1608: R=1169.45  C= 83.00  len=824
Ep 1609: R=1060.13  C= 72.00  len=759
Ep 1610: R=1060.31  C= 72.00  len=761
Ep 1611: R=1265.33  C= 80.00  len=886
Ep 1612: R=1429.94  C= 89.00  len=1000
Ep 1613: R=1265.58  C= 88.00  len=890
Ep 1614: R=1381.44  C= 52.00  len=1000
Ep 1615: R=1053.49  C= 67.00  len=758
Ep 1616: R=1385.77  C= 52.00  len=1000
Ep 1617: R=1048.98  C= 63.00  len=755
Ep 1618: R=1281.50  C= 42.00  len=1000
Ep 1619: R=1362.49  C= 34.00  len=1000
Ep 1620: R=1053.12  C= 69.00  len=757
Ep 1621: R=1050.96  C= 67.00  len=756
Ep 1622: R=1047.87  C= 67.00  len=755
Ep 1623: R=1054.96  C= 48.00  len=760
Ep 1624: R=1265.39  C= 70.00  len=890
Ep 1625: R=1377.70  C= 65.00  len=1000
Ep 1626: R=1383.27  C= 50.00  len=1000
Ep 1627: R=1405.88  C= 82.00  len=1000
Ep 1628: R=1136.93  C= 78.00  len=814
Ep 1629: R=1422.15  C= 85.00  len=1000
Ep 1630: R=1054.43  C= 66.00  len=756
Ep 1631: R=1419.25  C= 85.00  len=1000
Ep 1632: R=1436.10  C= 87.00  len=1000
Ep 1633: R=1050.97  C= 68.00  len=757
Ep 1634: R=1160.41  C= 71.00  len=825
Ep 1635: R=1035.61  C= 67.00  len=750
Ep 1636: R=1262.24  C= 83.00  len=887
Ep 1637: R=1148.92  C= 74.00  len=821
Ep 1638: R=1165.87  C= 74.00  len=822
Ep 1639: R=1156.36  C= 68.00  len=820
Ep 1640: R=1160.00  C= 64.00  len=824
Ep 1641: R=1434.04  C= 94.00  len=1000
Ep 1642: R=1276.14  C= 83.00  len=892
Ep 1643: R=1421.88  C= 85.00  len=1000
Ep 1644: R=1382.41  C= 50.00  len=1000
Ep 1645: R=1156.73  C= 71.00  len=823
Ep 1646: R=1050.45  C= 70.00  len=753
Ep 1647: R=1288.63  C= 38.00  len=1000
Ep 1648: R=1167.77  C= 70.00  len=827
Ep 1649: R=1048.61  C= 71.00  len=754
Ep 1650: R=1159.67  C= 73.00  len=822
Ep 1651: R=1378.30  C= 65.00  len=1000
Ep 1652: R=1043.46  C= 67.00  len=755
Ep 1653: R=1168.75  C= 69.00  len=828
Ep 1654: R=1162.19  C= 68.00  len=825
Ep 1655: R=1364.56  C= 36.00  len=1000
Ep 1656: R=1055.72  C= 68.00  len=759
Ep 1657: R=1066.62  C= 51.00  len=766
Ep 1658: R=1383.55  C= 48.00  len=1000
Ep 1659: R=1158.36  C= 74.00  len=822
Ep 1660: R=1064.18  C= 68.00  len=762
Ep 1661: R=1439.21  C= 85.00  len=1000
Ep 1662: R=1381.73  C= 90.00  len=960
Ep 1663: R=1159.75  C= 68.00  len=823
Ep 1664: R=1059.26  C= 67.00  len=758
Ep 1665: R=1167.59  C= 69.00  len=826
Ep 1666: R=1155.85  C= 60.00  len=820
Ep 1667: R=1383.18  C= 52.00  len=1000
Ep 1668: R=1055.23  C= 65.00  len=757
Ep 1669: R=1281.74  C= 38.00  len=1000
Ep 1670: R=1157.57  C= 72.00  len=823
Ep 1671: R=1165.29  C= 78.00  len=827
Ep 1672: R=1063.87  C= 69.00  len=761
Ep 1673: R=1045.27  C= 66.00  len=754
Ep 1674: R=1154.71  C= 73.00  len=820
Ep 1675: R=1417.72  C= 84.00  len=1000
Ep 1676: R=1438.52  C= 85.00  len=1000
Ep 1677: R=1286.81  C= 42.00  len=1000
Ep 1678: R=1163.88  C= 76.00  len=826
Ep 1679: R=1054.02  C= 66.00  len=760
Ep 1680: R=1433.02  C= 92.00  len=1000
Ep 1681: R=1383.12  C= 53.00  len=1000
Ep 1682: R=1422.43  C= 88.00  len=1000
Ep 1683: R=1439.55  C= 83.00  len=1000
Ep 1684: R=1060.11  C= 66.00  len=760
Ep 1685: R=1244.35  C= 75.00  len=883
Ep 1686: R=1056.13  C= 52.00  len=756
Ep 1687: R=1438.22  C= 87.00  len=1000
Ep 1688: R=1389.21  C= 56.00  len=1000
Ep 1689: R=1163.58  C= 73.00  len=823
Ep 1690: R=1053.82  C= 68.00  len=755
Ep 1691: R=1044.87  C= 70.00  len=751
Ep 1692: R=1060.45  C= 68.00  len=758
Ep 1693: R=1253.69  C= 83.00  len=884
Ep 1694: R=1045.32  C= 69.00  len=752
Ep 1695: R=1170.58  C= 59.00  len=826
Ep 1696: R=1057.19  C= 66.00  len=759
Ep 1697: R=1056.77  C= 68.00  len=758
Ep 1698: R=1153.60  C= 81.00  len=819
Ep 1699: R=1377.90  C= 49.00  len=1000
Ep 1700: R=1155.12  C= 74.00  len=821
Ep 1701: R=1042.40  C= 73.00  len=750
Ep 1702: R=1376.91  C= 66.00  len=1000
Ep 1703: R=1153.00  C= 70.00  len=818
Ep 1704: R=1052.10  C= 68.00  len=754
Ep 1705: R=1071.28  C= 67.00  len=768
Ep 1706: R=1169.68  C= 76.00  len=827
Ep 1707: R=1369.74  C= 40.00  len=1000
Ep 1708: R=1058.06  C= 72.00  len=758
Ep 1709: R=1149.90  C= 70.00  len=818
Ep 1710: R=1047.97  C= 68.00  len=752
Ep 1711: R=1264.53  C= 81.00  len=886
Ep 1712: R=1153.30  C= 74.00  len=819
Ep 1713: R=1156.16  C= 72.00  len=821
Ep 1714: R=1049.48  C= 67.00  len=753
Ep 1715: R=1044.86  C= 66.00  len=753
Ep 1716: R=1171.09  C= 60.00  len=832
Ep 1717: R=1292.65  C= 41.00  len=1000
Ep 1718: R=1158.17  C= 73.00  len=822
Ep 1719: R=1421.56  C= 84.00  len=1000
Ep 1720: R=1163.21  C= 69.00  len=825
Ep 1721: R=1052.77  C= 62.00  len=756
Ep 1722: R=1047.46  C= 66.00  len=753
Ep 1723: R=1045.86  C= 55.00  len=753
Ep 1724: R=1166.32  C= 75.00  len=826
Ep 1725: R=1149.24  C= 74.00  len=821
Ep 1726: R=1056.52  C= 65.00  len=759
Ep 1727: R=1417.88  C= 83.00  len=1000
Ep 1728: R=1061.89  C= 68.00  len=759
Ep 1729: R=1057.77  C= 60.00  len=763
Ep 1730: R=1057.10  C= 57.00  len=758
Ep 1731: R=1252.36  C= 79.00  len=883
Ep 1732: R=1051.23  C= 66.00  len=758
Ep 1733: R=1162.80  C= 64.00  len=826
Ep 1734: R=1048.04  C= 66.00  len=756
Ep 1735: R=1162.64  C= 75.00  len=824
Ep 1736: R=1046.09  C= 70.00  len=753
Ep 1737: R=1056.76  C= 68.00  len=758
Ep 1738: R=1048.27  C= 72.00  len=753
Ep 1739: R=1048.78  C= 66.00  len=754
Ep 1740: R=1044.23  C= 70.00  len=752
Ep 1741: R=1420.58  C= 83.00  len=1000
Ep 1742: R=1057.20  C= 57.00  len=760
Ep 1743: R=1052.54  C= 71.00  len=757
Ep 1744: R=1153.29  C= 71.00  len=820
Ep 1745: R=1251.58  C= 87.00  len=884
Ep 1746: R=1439.99  C= 81.00  len=1000
Ep 1747: R=1353.66  C= 79.00  len=952
Ep 1748: R=1382.20  C= 51.00  len=1000
Ep 1749: R=1058.54  C= 68.00  len=761
Ep 1750: R=1051.90  C= 66.00  len=756
Ep 1751: R=1063.51  C= 68.00  len=760
Ep 1752: R=1258.45  C= 79.00  len=886
Ep 1753: R=1051.28  C= 69.00  len=755
Ep 1754: R=1048.12  C= 67.00  len=753
Ep 1755: R=1265.14  C= 81.00  len=890
Ep 1756: R=1053.04  C= 66.00  len=756
Ep 1757: R=1063.17  C= 53.00  len=761
Ep 1758: R=1062.35  C= 68.00  len=761
Ep 1759: R=1164.17  C= 71.00  len=822
Ep 1760: R=1056.50  C= 68.00  len=757
Ep 1761: R=1382.99  C= 53.00  len=1000
Ep 1762: R=1047.77  C= 70.00  len=756
Ep 1763: R=1175.17  C= 57.00  len=831
Ep 1764: R=1055.17  C= 65.00  len=757
Ep 1765: R=1051.44  C= 64.00  len=756
Ep 1766: R=1427.74  C= 87.00  len=1000
Ep 1767: R=1371.33  C= 89.00  len=954
Ep 1768: R=1054.84  C= 50.00  len=757
Ep 1769: R=1253.90  C= 87.00  len=885
Ep 1770: R=1163.94  C= 75.00  len=823
Ep 1771: R=1168.74  C= 77.00  len=824
Ep 1772: R=1418.19  C= 84.00  len=1000
Ep 1773: R=1437.47  C= 88.00  len=1000
Ep 1774: R=1437.09  C= 87.00  len=1000
Ep 1775: R=1057.38  C= 57.00  len=763
Ep 1776: R=1056.34  C= 69.00  len=756
Ep 1777: R=1059.11  C= 52.00  len=759
Ep 1778: R=1159.06  C= 79.00  len=821
Ep 1779: R=1063.10  C= 57.00  len=763
Ep 1780: R=1053.53  C= 63.00  len=756
Ep 1781: R=1045.28  C= 65.00  len=753
Ep 1782: R=1063.98  C= 68.00  len=760
Ep 1783: R=1059.94  C= 67.00  len=758
Ep 1784: R=1037.26  C= 70.00  len=750
Ep 1785: R=1171.15  C= 83.00  len=825
Ep 1786: R=1053.16  C= 69.00  len=757
Ep 1787: R=1048.93  C= 71.00  len=756
Ep 1788: R=1292.55  C= 42.00  len=1000
Ep 1789: R=1314.59  C= 38.00  len=1000
Ep 1790: R=1043.74  C= 69.00  len=753
Ep 1791: R=1423.33  C= 88.00  len=1000
Ep 1792: R=1381.78  C= 52.00  len=1000
Ep 1793: R=1055.10  C= 60.00  len=759
Ep 1794: R=1067.05  C= 60.00  len=764
Ep 1795: R=1061.42  C= 79.00  len=758
Ep 1796: R=1171.08  C= 63.00  len=830
Ep 1797: R=1327.67  C= 43.00  len=1000
Ep 1798: R=1056.68  C= 68.00  len=757
Ep 1799: R=1053.06  C= 67.00  len=755
Ep 1800: R=1376.65  C= 82.00  len=957
Ep 1801: R=1052.47  C= 68.00  len=756
Ep 1802: R=1157.09  C= 73.00  len=821
Ep 1803: R=1285.84  C= 42.00  len=1000
Ep 1804: R=1052.75  C= 67.00  len=758
Ep 1805: R=1430.62  C= 82.00  len=1000
Ep 1806: R=1247.80  C= 85.00  len=881
Ep 1807: R=1429.94  C= 81.00  len=1000
Ep 1808: R=1154.98  C= 67.00  len=820
Ep 1809: R=1058.21  C= 68.00  len=760
Ep 1810: R=1418.06  C= 83.00  len=1000
Ep 1811: R=1420.65  C= 83.00  len=1000
Ep 1812: R=1433.33  C= 90.00  len=1000
Ep 1813: R=1248.11  C= 75.00  len=883
Ep 1814: R=1049.12  C= 66.00  len=755
Ep 1815: R=1055.00  C= 51.00  len=757
Ep 1816: R=1288.92  C= 42.00  len=1000
Ep 1817: R=1361.49  C= 34.00  len=1000
Ep 1818: R=1158.55  C= 70.00  len=820
Ep 1819: R=1247.47  C= 86.00  len=882
Ep 1820: R=1044.28  C= 68.00  len=752
Ep 1821: R=1153.32  C= 72.00  len=820
Ep 1822: R=1424.99  C= 82.00  len=1000
Ep 1823: R=1055.55  C= 68.00  len=756
Ep 1824: R=1411.73  C= 88.00  len=1000
Ep 1825: R=1057.57  C= 66.00  len=759
Ep 1826: R=1050.43  C= 68.00  len=753
Ep 1827: R=1056.13  C= 67.00  len=757
Ep 1828: R=1291.59  C= 41.00  len=1000
Ep 1829: R=1416.76  C= 83.00  len=1000
Ep 1830: R=1412.33  C= 92.00  len=1000
Ep 1831: R=1063.76  C= 68.00  len=760
Ep 1832: R=1264.48  C= 83.00  len=889
Ep 1833: R=1237.40  C= 70.00  len=879
Ep 1834: R=1416.50  C= 83.00  len=1000
Ep 1835: R=1065.48  C= 61.00  len=765
Ep 1836: R=1044.98  C= 66.00  len=754
Ep 1837: R=1169.25  C= 64.00  len=829
Ep 1838: R=1435.92  C= 92.00  len=1000
Ep 1839: R=1052.31  C= 67.00  len=756
Ep 1840: R=1168.21  C= 72.00  len=825
Ep 1841: R=1053.27  C= 64.00  len=758
Ep 1842: R=1273.56  C= 80.00  len=892
Ep 1843: R=1174.99  C= 74.00  len=830
Ep 1844: R=1052.54  C= 60.00  len=759
Ep 1845: R=1057.82  C= 68.00  len=756
Ep 1846: R=1051.91  C= 69.00  len=759
Ep 1847: R=1413.45  C= 83.00  len=1000
Ep 1848: R=1261.71  C= 80.00  len=887
Ep 1849: R=1432.89  C= 80.00  len=1000
Ep 1850: R=1266.49  C= 72.00  len=888
Ep 1851: R=1156.12  C= 76.00  len=821
Ep 1852: R=1385.66  C= 56.00  len=1000
Ep 1853: R=1149.49  C= 72.00  len=818
Ep 1854: R=1063.42  C= 69.00  len=764
Ep 1855: R=1301.85  C= 41.00  len=1000
Ep 1856: R=1170.51  C= 65.00  len=825
Ep 1857: R=1058.87  C= 70.00  len=758
Ep 1858: R=1428.54  C= 83.00  len=1000
Ep 1859: R=1427.84  C= 87.00  len=1000
Ep 1860: R=1439.76  C= 93.00  len=1000
Ep 1861: R=1439.42  C= 91.00  len=1000
Ep 1862: R=1052.95  C= 60.00  len=757
Ep 1863: R=1287.23  C= 42.00  len=1000
Ep 1864: R=1144.54  C= 73.00  len=816
Ep 1865: R=1045.47  C= 69.00  len=753
Ep 1866: R=1160.98  C= 75.00  len=825
Ep 1867: R=1050.43  C= 67.00  len=755
Ep 1868: R=1257.50  C= 77.00  len=884
Ep 1869: R=1064.76  C= 72.00  len=761
Ep 1870: R=1246.09  C= 75.00  len=881
Ep 1871: R=1065.64  C= 69.00  len=762
Ep 1872: R=1160.11  C= 76.00  len=822
Ep 1873: R=1292.79  C= 43.00  len=1000
Ep 1874: R=1404.32  C= 73.00  len=1000
Ep 1875: R=1061.83  C= 54.00  len=763
Ep 1876: R=1423.84  C= 83.00  len=1000
Ep 1877: R=1056.22  C= 68.00  len=757
Ep 1878: R=1145.53  C= 74.00  len=816
Ep 1879: R=1065.53  C= 63.00  len=762
Ep 1880: R=1155.05  C= 75.00  len=820
Ep 1881: R=1049.81  C= 71.00  len=754
Ep 1882: R=1429.02  C= 88.00  len=1000
Ep 1883: R=1053.49  C= 71.00  len=758
Ep 1884: R=1368.73  C= 35.00  len=1000
Ep 1885: R=1293.74  C= 42.00  len=1000
Ep 1886: R=1054.50  C= 60.00  len=759
Ep 1887: R=1155.57  C= 74.00  len=820
Ep 1888: R=1378.54  C= 48.00  len=1000
Ep 1889: R=1054.46  C= 76.00  len=756
Ep 1890: R=1043.51  C= 67.00  len=751
Ep 1891: R=1420.48  C= 83.00  len=1000
Ep 1892: R=1161.32  C= 60.00  len=824
Ep 1893: R=1417.01  C= 83.00  len=1000
Ep 1894: R=1053.11  C= 63.00  len=758
Ep 1895: R=1071.39  C= 63.00  len=766
Ep 1896: R=1152.60  C= 76.00  len=819
Ep 1897: R=1302.16  C= 41.00  len=1000
Ep 1898: R=1052.52  C= 65.00  len=755
Ep 1899: R=1285.81  C= 42.00  len=1000
Ep 1900: R=1291.59  C= 41.00  len=1000
Ep 1901: R=1054.20  C= 57.00  len=757
Ep 1902: R=1378.77  C= 68.00  len=1000
Ep 1903: R=1293.53  C= 42.00  len=1000
Ep 1904: R=1057.12  C= 66.00  len=759
Ep 1905: R=1358.02  C= 86.00  len=952
Ep 1906: R=1147.24  C= 73.00  len=821
Ep 1907: R=1084.84  C= 79.00  len=774
Ep 1908: R=1051.29  C= 70.00  len=755
Ep 1909: R=1070.09  C= 63.00  len=765
Ep 1910: R=1061.54  C= 62.00  len=761
Ep 1911: R=1050.85  C= 56.00  len=757
Ep 1912: R=1425.31  C= 88.00  len=1000
Ep 1913: R=1052.90  C= 66.00  len=755
Ep 1914: R=1047.67  C= 61.00  len=754
Ep 1915: R=1325.85  C= 37.00  len=1000
Ep 1916: R=1166.45  C= 77.00  len=825
Ep 1917: R=1045.36  C= 75.00  len=752
Ep 1918: R=1156.23  C= 72.00  len=821
Ep 1919: R=1047.47  C= 68.00  len=755
Ep 1920: R=1436.49  C= 87.00  len=1000
Ep 1921: R=1055.28  C= 68.00  len=759
Ep 1922: R=1153.41  C= 70.00  len=818
Ep 1923: R=1053.74  C= 66.00  len=756
Ep 1924: R=1245.65  C= 75.00  len=881
Ep 1925: R=1072.21  C= 73.00  len=766
Ep 1926: R=1432.05  C= 82.00  len=1000
Ep 1927: R=1038.19  C= 72.00  len=750
Ep 1928: R=1061.13  C= 50.00  len=762
Ep 1929: R=1045.65  C= 66.00  len=754
Ep 1930: R=1433.91  C= 88.00  len=1000
Ep 1931: R=1034.44  C= 68.00  len=748
Ep 1932: R=1164.12  C= 79.00  len=822
Ep 1933: R=1127.59  C= 65.00  len=815
Ep 1934: R=1381.56  C= 52.00  len=1000
Ep 1935: R=1411.38  C= 92.00  len=1000
Ep 1936: R=1058.13  C= 58.00  len=762
Ep 1937: R=1410.28  C= 82.00  len=1000
Ep 1938: R=1428.13  C= 83.00  len=1000
Ep 1939: R=1049.05  C= 72.00  len=755
Ep 1940: R=1057.83  C= 69.00  len=761
Ep 1941: R=1348.97  C= 43.00  len=1000
Ep 1942: R=1061.16  C= 62.00  len=758
Ep 1943: R=1038.03  C= 67.00  len=751
Ep 1944: R=1042.87  C= 66.00  len=751
Ep 1945: R=1274.19  C= 78.00  len=893
Ep 1946: R=1169.67  C= 65.00  len=829
Ep 1947: R=1059.36  C= 68.00  len=761
Ep 1948: R=1150.73  C= 75.00  len=819
Ep 1949: R=1059.30  C= 68.00  len=758
Ep 1950: R=1246.13  C= 75.00  len=883
Ep 1951: R=1060.40  C= 74.00  len=759
Ep 1952: R=1155.47  C= 72.00  len=822
Ep 1953: R=1164.63  C= 72.00  len=825
Ep 1954: R=1040.39  C= 71.00  len=750
Ep 1955: R=1061.69  C= 67.00  len=761
Ep 1956: R=1384.39  C= 53.00  len=1000
Ep 1957: R=1157.34  C= 75.00  len=823
Ep 1958: R=1425.41  C= 81.00  len=1000
Ep 1959: R=1155.98  C= 68.00  len=822
Ep 1960: R=1149.20  C= 69.00  len=817
Ep 1961: R=1156.15  C= 76.00  len=823
Ep 1962: R=1350.98  C= 81.00  len=947
Ep 1963: R=1047.86  C= 72.00  len=753
Ep 1964: R=1051.59  C= 69.00  len=754
Ep 1965: R=1054.48  C= 61.00  len=761
Ep 1966: R=1057.13  C= 63.00  len=760
Ep 1967: R=1309.04  C= 41.00  len=1000
Ep 1968: R=1431.38  C= 88.00  len=1000
Ep 1969: R=1279.20  C= 38.00  len=1000
Ep 1970: R=1051.14  C= 68.00  len=756
Ep 1971: R=1162.02  C= 54.00  len=827
Ep 1972: R=1152.29  C= 78.00  len=818
Ep 1973: R=1383.92  C= 52.00  len=1000
Ep 1974: R=1044.97  C= 71.00  len=752
Ep 1975: R=1432.82  C= 85.00  len=1000
Ep 1976: R=1040.06  C= 66.00  len=753
Ep 1977: R=1265.04  C= 85.00  len=888
Ep 1978: R=1276.64  C= 83.00  len=896
Ep 1979: R=1270.92  C= 86.00  len=890
Ep 1980: R=1430.61  C= 86.00  len=1000
Ep 1981: R=1429.29  C= 82.00  len=1000
Ep 1982: R=1371.27  C= 39.00  len=1000
Ep 1983: R=1287.28  C= 42.00  len=1000
Ep 1984: R=1159.46  C= 75.00  len=820
Ep 1985: R=1062.24  C= 68.00  len=759
Ep 1986: R=1148.17  C= 75.00  len=821
Ep 1987: R=1056.57  C= 69.00  len=760
Ep 1988: R=1145.32  C= 78.00  len=816
Ep 1989: R=1296.32  C= 41.00  len=1000
Ep 1990: R=1174.53  C= 76.00  len=828
Ep 1991: R=1058.65  C= 62.00  len=760
Ep 1992: R=1424.99  C= 85.00  len=1000
Ep 1993: R=1428.82  C= 82.00  len=1000
Ep 1994: R=1059.83  C= 70.00  len=758
Ep 1995: R=1054.65  C= 63.00  len=759
Ep 1996: R=1061.92  C= 62.00  len=761
Ep 1997: R=1426.95  C= 70.00  len=1000
Ep 1998: R=1034.91  C= 72.00  len=747
Ep 1999: R=1061.20  C= 68.00  len=761

Avg Reward: 1194.57 | Avg Cost: 68.97 | Normalized Cost: 3.449 | Violation > 20: 100.00%
