AdroitHandRelocateDense-v1, AdroitHandHammerDense-v1, AdroitHandDoorDense-v1 environment's reward functions were updated in v1.2.1 without an environment version update. Therefore, use gymnasium-robotics==1.2.0 for v1 reproducibility or use v2 in gymnasium-robotics>=1.4.3. See https://github.com/Farama-Foundation/Gymnasium-Robotics/pull/220 for more details
AdroitHandRelocateDense-v1, AdroitHandHammerDense-v1, AdroitHandDoorDense-v1 environment's reward functions were updated in v1.2.1 without an environment version update. Therefore, use gymnasium-robotics==1.2.0 for v1 reproducibility or use v2 in gymnasium-robotics>=1.4.3. See https://github.com/Farama-Foundation/Gymnasium-Robotics/pull/220 for more details
Gym has been unmaintained since 2022 and does not support NumPy 2.0 amongst other critical functionality.
Please upgrade to Gymnasium, the maintained drop-in replacement of Gym, or contact the authors of your software and request that they upgrade.
Users of this version of Gym should be able to simply replace 'import gym' with 'import gymnasium as gym' in the vast majority of cases.
See the migration guide at https://gymnasium.farama.org/introduction/migration_guide/ for additional information.
[config] task=pointcircle2
Loaded policy: ${CSC_WORKSPACE}/datasets/outputs/pointcircle2/bc_calfilt_csf_seed1_policy.pt
Ep 00: R= 21.22  C=  0.00  len=500
Ep 01: R= 42.06  C=139.00  len=500
Ep 02: R= 35.85  C=101.00  len=500
Ep 03: R= 37.80  C=110.00  len=500
Ep 04: R= 45.05  C=176.00  len=500
Ep 05: R= 33.44  C= 87.00  len=500
Ep 06: R= 34.94  C= 99.00  len=500
Ep 07: R= 43.70  C=155.00  len=500
Ep 08: R= 32.62  C= 91.00  len=500
Ep 09: R= 34.99  C= 89.00  len=500
Ep 10: R= 24.55  C=  0.00  len=500
Ep 11: R= 32.30  C= 84.00  len=500
Ep 12: R= 36.16  C=120.00  len=500
Ep 13: R= 32.15  C=105.00  len=500
Ep 14: R= 33.97  C= 79.00  len=500
Ep 15: R= 43.90  C=135.00  len=500
Ep 16: R= 34.28  C= 93.00  len=500
Ep 17: R= 38.31  C=121.00  len=500
Ep 18: R= 43.87  C=156.00  len=500
Ep 19: R= 28.74  C= 76.00  len=500
Ep 20: R= 36.10  C=118.00  len=500
Ep 21: R= 34.55  C=102.00  len=500
Ep 22: R= 20.19  C=  0.00  len=500
Ep 23: R= 46.35  C=237.00  len=500
Ep 24: R= 32.43  C= 57.00  len=500
Ep 25: R= 37.58  C=127.00  len=500
Ep 26: R= 41.68  C=130.00  len=500
Ep 27: R= 36.50  C=100.00  len=500
Ep 28: R= 33.44  C= 70.00  len=500
Ep 29: R= 28.99  C= 82.00  len=500
Ep 30: R= 36.80  C=106.00  len=500
Ep 31: R= 35.88  C= 90.00  len=500
Ep 32: R= 43.12  C=132.00  len=500
Ep 33: R= 37.50  C=129.00  len=500
Ep 34: R= 34.51  C= 99.00  len=500
Ep 35: R= 34.57  C=103.00  len=500
Ep 36: R= 36.65  C=104.00  len=500
Ep 37: R= 35.91  C=108.00  len=500
Ep 38: R= 30.97  C= 70.00  len=500
Ep 39: R= 44.09  C=145.00  len=500
Ep 40: R= 30.69  C= 92.00  len=500
Ep 41: R= 34.66  C= 92.00  len=500
Ep 42: R= 35.78  C=103.00  len=500
Ep 43: R= 43.04  C=137.00  len=500
Ep 44: R= 34.09  C= 86.00  len=500
Ep 45: R= 42.68  C=127.00  len=500
Ep 46: R= 37.26  C=108.00  len=500
Ep 47: R= 49.12  C=212.00  len=500
Ep 48: R= 41.68  C=133.00  len=500
Ep 49: R= 43.42  C=146.00  len=500
Ep 50: R= 36.31  C= 90.00  len=500
Ep 51: R= 43.52  C=123.00  len=500
Ep 52: R= 44.05  C=132.00  len=500
Ep 53: R= 41.50  C=117.00  len=500
Ep 54: R= 38.11  C=110.00  len=500
Ep 55: R= 30.49  C= 64.00  len=500
Ep 56: R= 44.72  C=160.00  len=500
Ep 57: R= 43.91  C=132.00  len=500
Ep 58: R= 24.67  C= 33.00  len=500
Ep 59: R= 35.78  C=102.00  len=500
Ep 60: R= 46.16  C=215.00  len=500
Ep 61: R= 42.64  C=134.00  len=500
Ep 62: R= 35.80  C= 97.00  len=500
Ep 63: R= 43.21  C=156.00  len=500
Ep 64: R= 35.62  C=114.00  len=500
Ep 65: R= 35.74  C=102.00  len=500
Ep 66: R= 45.98  C=251.00  len=500
Ep 67: R= 41.79  C=109.00  len=500
Ep 68: R= 25.63  C=  0.00  len=500
Ep 69: R= 44.11  C=136.00  len=500
Ep 70: R= 35.06  C= 90.00  len=500
Ep 71: R= 36.32  C=114.00  len=500
Ep 72: R= 41.66  C=119.00  len=500
Ep 73: R= 36.81  C=130.00  len=500
Ep 74: R= 45.35  C=168.00  len=500
Ep 75: R= 30.03  C= 81.00  len=500
Ep 76: R= 21.78  C=  0.00  len=500
Ep 77: R= 46.46  C=193.00  len=500
Ep 78: R= 31.71  C= 52.00  len=500
Ep 79: R= 36.74  C= 89.00  len=500
Ep 80: R= 20.28  C= 23.00  len=500
Ep 81: R= 33.91  C=100.00  len=500
Ep 82: R= 35.98  C=123.00  len=500
Ep 83: R= 42.87  C=138.00  len=500
Ep 84: R= 35.23  C= 75.00  len=500
Ep 85: R= 22.32  C=  0.00  len=500
Ep 86: R= 20.67  C=  0.00  len=500
Ep 87: R= 41.57  C=106.00  len=500
Ep 88: R= 34.00  C= 98.00  len=500
Ep 89: R= 21.10  C=  0.00  len=500
Ep 90: R= 46.11  C=162.00  len=500
Ep 91: R= 44.58  C=161.00  len=500
Ep 92: R= 30.59  C= 83.00  len=500
Ep 93: R= 46.24  C=198.00  len=500
Ep 94: R= 43.35  C=131.00  len=500
Ep 95: R= 43.47  C=146.00  len=500
Ep 96: R= 30.32  C= 75.00  len=500
Ep 97: R= 46.67  C=277.00  len=500
Ep 98: R= 41.84  C=124.00  len=500
Ep 99: R= 25.41  C=  0.00  len=500
Ep 100: R= 38.01  C=109.00  len=500
Ep 101: R= 33.99  C=101.00  len=500
Ep 102: R= 38.48  C=115.00  len=500
Ep 103: R= 43.10  C=147.00  len=500
Ep 104: R= 46.98  C=201.00  len=500
Ep 105: R= 43.41  C=127.00  len=500
Ep 106: R= 34.15  C= 70.00  len=500
Ep 107: R= 23.54  C=  0.00  len=500
Ep 108: R= 31.88  C= 77.00  len=500
Ep 109: R= 32.04  C= 67.00  len=500
Ep 110: R= 43.79  C=124.00  len=500
Ep 111: R= 32.79  C= 58.00  len=500
Ep 112: R= 42.60  C=149.00  len=500
Ep 113: R= 46.20  C=195.00  len=500
Ep 114: R= 32.24  C= 91.00  len=500
Ep 115: R= 44.67  C=152.00  len=500
Ep 116: R= 41.93  C=114.00  len=500
Ep 117: R= 33.64  C=105.00  len=500
Ep 118: R= 43.71  C=121.00  len=500
Ep 119: R= 44.48  C=168.00  len=500
Ep 120: R= 30.05  C= 70.00  len=500
Ep 121: R= 36.23  C= 90.00  len=500
Ep 122: R= 45.83  C=166.00  len=500
Ep 123: R= 36.88  C=116.00  len=500
Ep 124: R= 41.71  C=124.00  len=500
Ep 125: R= 28.96  C= 72.00  len=500
Ep 126: R= 50.55  C=316.00  len=500
Ep 127: R= 35.72  C= 93.00  len=500
Ep 128: R= 48.06  C=315.00  len=500
Ep 129: R= 30.92  C= 49.00  len=500
Ep 130: R= 33.51  C= 96.00  len=500
Ep 131: R= 41.94  C=159.00  len=500
Ep 132: R= 27.95  C= 85.00  len=500
Ep 133: R= 34.28  C= 88.00  len=500
Ep 134: R= 20.42  C=  0.00  len=500
Ep 135: R= 37.58  C=116.00  len=500
Ep 136: R= 42.44  C=165.00  len=500
Ep 137: R= 44.69  C=142.00  len=500
Ep 138: R= 43.09  C=138.00  len=500
Ep 139: R= 34.64  C= 72.00  len=500
Ep 140: R= 35.45  C= 78.00  len=500
Ep 141: R= 44.26  C=157.00  len=500
Ep 142: R= 30.44  C=107.00  len=500
Ep 143: R= 19.94  C=  0.00  len=500
Ep 144: R= 35.43  C= 96.00  len=500
Ep 145: R= 35.72  C= 91.00  len=500
Ep 146: R= 41.43  C=127.00  len=500
Ep 147: R= 35.87  C= 89.00  len=500
Ep 148: R= 41.94  C=130.00  len=500
Ep 149: R= 44.84  C=140.00  len=500
Ep 150: R= 22.92  C=  0.00  len=500
Ep 151: R= 29.61  C= 74.00  len=500
Ep 152: R= 43.04  C=129.00  len=500
Ep 153: R= 33.95  C= 80.00  len=500
Ep 154: R= 33.43  C= 78.00  len=500
Ep 155: R= 34.47  C= 68.00  len=500
Ep 156: R= 13.58  C=  0.00  len=500
Ep 157: R= 42.89  C=142.00  len=500
Ep 158: R= 31.56  C= 74.00  len=500
Ep 159: R= 36.99  C=113.00  len=500
Ep 160: R= 35.44  C= 91.00  len=500
Ep 161: R= 45.84  C=191.00  len=500
Ep 162: R= 35.69  C=108.00  len=500
Ep 163: R= 42.65  C=137.00  len=500
Ep 164: R= 38.02  C=118.00  len=500
Ep 165: R= 30.80  C= 79.00  len=500
Ep 166: R= 44.69  C=153.00  len=500
Ep 167: R= 34.02  C=104.00  len=500
Ep 168: R= 20.49  C= 99.00  len=500
Ep 169: R= 31.51  C= 62.00  len=500
Ep 170: R= 45.38  C=159.00  len=500
Ep 171: R= 43.48  C=147.00  len=500
Ep 172: R= 34.94  C= 98.00  len=500
Ep 173: R= 34.53  C= 80.00  len=500
Ep 174: R= 45.45  C=159.00  len=500
Ep 175: R= 43.57  C=145.00  len=500
Ep 176: R= 42.87  C=308.00  len=500
Ep 177: R= 37.10  C= 94.00  len=500
Ep 178: R= 35.24  C=115.00  len=500
Ep 179: R= 22.26  C=  0.00  len=500
Ep 180: R= 36.19  C=114.00  len=500
Ep 181: R= 32.26  C= 86.00  len=500
Ep 182: R= 27.91  C= 65.00  len=500
Ep 183: R= 46.59  C=310.00  len=500
Ep 184: R= 44.59  C=148.00  len=500
Ep 185: R= 36.99  C=109.00  len=500
Ep 186: R= 42.19  C=134.00  len=500
Ep 187: R= 32.49  C= 91.00  len=500
Ep 188: R= 37.14  C= 98.00  len=500
Ep 189: R= 38.49  C=117.00  len=500
Ep 190: R= 33.36  C= 73.00  len=500
Ep 191: R= 36.15  C=108.00  len=500
Ep 192: R= 41.93  C=132.00  len=500
Ep 193: R= 33.41  C=100.00  len=500
Ep 194: R= 36.21  C=107.00  len=500
Ep 195: R= 34.97  C= 88.00  len=500
Ep 196: R= 42.15  C=137.00  len=500
Ep 197: R= 36.95  C= 88.00  len=500
Ep 198: R= 21.46  C=  0.00  len=500
Ep 199: R= 31.30  C= 82.00  len=500
Ep 200: R= 42.20  C=127.00  len=500
Ep 201: R= 41.59  C=141.00  len=500
Ep 202: R= 43.02  C=131.00  len=500
Ep 203: R= 43.54  C=169.00  len=500
Ep 204: R= 43.98  C=168.00  len=500
Ep 205: R= 42.12  C=123.00  len=500
Ep 206: R= 42.76  C=158.00  len=500
Ep 207: R= -0.35  C=  0.00  len=500
Ep 208: R= 29.49  C= 91.00  len=500
Ep 209: R= 28.36  C= 13.00  len=500
Ep 210: R= 35.61  C=107.00  len=500
Ep 211: R= 30.83  C= 76.00  len=500
Ep 212: R= 46.95  C=189.00  len=500
Ep 213: R= 44.83  C=163.00  len=500
Ep 214: R= 29.38  C= 54.00  len=500
Ep 215: R= 42.83  C=143.00  len=500
Ep 216: R= 40.73  C=131.00  len=500
Ep 217: R= 37.64  C=131.00  len=500
Ep 218: R= 43.98  C=160.00  len=500
Ep 219: R= 31.58  C= 63.00  len=500
Ep 220: R= 32.93  C= 70.00  len=500
Ep 221: R= 37.47  C=125.00  len=500
Ep 222: R= 41.49  C=118.00  len=500
Ep 223: R= 42.33  C=133.00  len=500
Ep 224: R= 27.71  C= 45.00  len=500
Ep 225: R= 37.61  C= 99.00  len=500
Ep 226: R= 34.90  C= 91.00  len=500
Ep 227: R= 33.56  C=106.00  len=500
Ep 228: R= 42.59  C=150.00  len=500
Ep 229: R= 35.02  C= 94.00  len=500
Ep 230: R= 45.56  C=157.00  len=500
Ep 231: R= 43.49  C=155.00  len=500
Ep 232: R= 38.10  C=118.00  len=500
Ep 233: R= 34.97  C= 97.00  len=500
Ep 234: R= 32.17  C= 99.00  len=500
Ep 235: R= 35.66  C= 95.00  len=500
Ep 236: R= 44.09  C=145.00  len=500
Ep 237: R= 44.49  C=158.00  len=500
Ep 238: R= 34.59  C= 95.00  len=500
Ep 239: R= 43.80  C=152.00  len=500
Ep 240: R= 36.40  C=112.00  len=500
Ep 241: R= 43.73  C=165.00  len=500
Ep 242: R= 36.41  C=111.00  len=500
Ep 243: R= 41.05  C=131.00  len=500
Ep 244: R= 47.13  C=216.00  len=500
Ep 245: R= 35.62  C=106.00  len=500
Ep 246: R= 32.56  C=126.00  len=500
Ep 247: R= 41.51  C=133.00  len=500
Ep 248: R= 42.65  C=132.00  len=500
Ep 249: R= 41.82  C=117.00  len=500
Ep 250: R= 44.23  C=214.00  len=500
Ep 251: R= 20.94  C=  0.00  len=500
Ep 252: R= 35.49  C= 95.00  len=500
Ep 253: R=  8.34  C=  0.00  len=500
Ep 254: R= 42.27  C=133.00  len=500
Ep 255: R= 37.82  C=123.00  len=500
Ep 256: R= 42.07  C=163.00  len=500
Ep 257: R= 43.33  C=128.00  len=500
Ep 258: R= 42.47  C=127.00  len=500
Ep 259: R= 31.70  C= 63.00  len=500
Ep 260: R= 26.43  C=  0.00  len=500
Ep 261: R= 34.57  C=113.00  len=500
Ep 262: R= 28.80  C= 55.00  len=500
Ep 263: R= 38.76  C=146.00  len=500
Ep 264: R= 43.21  C=138.00  len=500
Ep 265: R= 32.30  C= 59.00  len=500
Ep 266: R= 45.71  C=157.00  len=500
Ep 267: R= 28.86  C=101.00  len=500
Ep 268: R= 43.95  C=160.00  len=500
Ep 269: R= 43.93  C=155.00  len=500
Ep 270: R= 30.57  C= 64.00  len=500
Ep 271: R= 22.02  C=  0.00  len=500
Ep 272: R= 36.63  C= 90.00  len=500
Ep 273: R= 34.84  C= 79.00  len=500
Ep 274: R= 43.09  C=156.00  len=500
Ep 275: R= 37.00  C= 96.00  len=500
Ep 276: R= 46.74  C=187.00  len=500
Ep 277: R= 37.66  C=107.00  len=500
Ep 278: R= 30.85  C= 77.00  len=500
Ep 279: R= 35.81  C=109.00  len=500
Ep 280: R= 36.24  C=103.00  len=500
Ep 281: R= 35.29  C= 92.00  len=500
Ep 282: R= 34.22  C=108.00  len=500
Ep 283: R= 41.97  C=130.00  len=500
Ep 284: R= 37.30  C= 91.00  len=500
Ep 285: R= 43.66  C=142.00  len=500
Ep 286: R= 21.45  C=  0.00  len=500
Ep 287: R= 44.99  C=137.00  len=500
Ep 288: R= 37.43  C= 92.00  len=500
Ep 289: R= 24.35  C= 46.00  len=500
Ep 290: R= 42.96  C=151.00  len=500
Ep 291: R= 43.24  C=155.00  len=500
Ep 292: R= 37.59  C=144.00  len=500
Ep 293: R= 36.08  C=115.00  len=500
Ep 294: R= 33.62  C= 88.00  len=500
Ep 295: R= 34.87  C=121.00  len=500
Ep 296: R= 42.93  C=162.00  len=500
Ep 297: R= 21.99  C=  0.00  len=500
Ep 298: R= 35.19  C=109.00  len=500
Ep 299: R= 41.27  C=137.00  len=500
Ep 300: R= 31.82  C= 88.00  len=500
Ep 301: R= 42.02  C=124.00  len=500
Ep 302: R= 36.29  C= 90.00  len=500
Ep 303: R= 33.45  C=105.00  len=500
Ep 304: R= 32.95  C=117.00  len=500
Ep 305: R= 49.27  C=265.00  len=500
Ep 306: R= 33.73  C=107.00  len=500
Ep 307: R= 34.01  C= 85.00  len=500
Ep 308: R= 42.79  C=147.00  len=500
Ep 309: R= 30.62  C= 90.00  len=500
Ep 310: R= 36.07  C=104.00  len=500
Ep 311: R= 39.31  C=106.00  len=500
Ep 312: R= 42.77  C=151.00  len=500
Ep 313: R= 30.78  C= 83.00  len=500
Ep 314: R= 36.45  C=124.00  len=500
Ep 315: R= 35.04  C=105.00  len=500
Ep 316: R= 37.60  C=108.00  len=500
Ep 317: R= 42.52  C=150.00  len=500
Ep 318: R= 35.47  C=107.00  len=500
Ep 319: R= 30.21  C= 64.00  len=500
Ep 320: R= 24.02  C= 46.00  len=500
Ep 321: R= 35.44  C=113.00  len=500
Ep 322: R= 32.61  C= 97.00  len=500
Ep 323: R= 30.20  C= 76.00  len=500
Ep 324: R= 42.47  C=131.00  len=500
Ep 325: R= 27.11  C= 54.00  len=500
Ep 326: R= 21.70  C=  0.00  len=500
Ep 327: R= 41.92  C=134.00  len=500
Ep 328: R= 36.30  C=108.00  len=500
Ep 329: R= 38.57  C=121.00  len=500
Ep 330: R= 38.88  C=125.00  len=500
Ep 331: R= 25.62  C=  0.00  len=500
Ep 332: R= 42.83  C=128.00  len=500
Ep 333: R= 43.88  C=180.00  len=500
Ep 334: R= 34.41  C= 99.00  len=500
Ep 335: R= 48.59  C=301.00  len=500
Ep 336: R= 35.28  C= 92.00  len=500
Ep 337: R= 30.90  C=165.00  len=500
Ep 338: R= 33.53  C=112.00  len=500
Ep 339: R= 33.85  C=100.00  len=500
Ep 340: R= 44.72  C=138.00  len=500
Ep 341: R= 45.18  C=159.00  len=500
Ep 342: R= 34.71  C= 86.00  len=500
Ep 343: R= 31.69  C= 81.00  len=500
Ep 344: R= 42.86  C=121.00  len=500
Ep 345: R= 43.00  C=165.00  len=500
Ep 346: R= 35.14  C= 95.00  len=500
Ep 347: R= 34.07  C=101.00  len=500
Ep 348: R= 43.38  C=141.00  len=500
Ep 349: R= 45.94  C=280.00  len=500
Ep 350: R= 42.76  C=138.00  len=500
Ep 351: R= 35.15  C= 97.00  len=500
Ep 352: R= 42.13  C=136.00  len=500
Ep 353: R= 42.77  C=127.00  len=500
Ep 354: R= 36.51  C= 91.00  len=500
Ep 355: R= 42.79  C=129.00  len=500
Ep 356: R= 36.50  C=113.00  len=500
Ep 357: R= 43.70  C=156.00  len=500
Ep 358: R= 42.50  C=138.00  len=500
Ep 359: R= 37.03  C=140.00  len=500
Ep 360: R= 42.05  C= 97.00  len=500
Ep 361: R= 34.83  C= 95.00  len=500
Ep 362: R= 42.80  C=139.00  len=500
Ep 363: R= 45.85  C=160.00  len=500
Ep 364: R= 44.13  C=155.00  len=500
Ep 365: R= 32.33  C= 92.00  len=500
Ep 366: R= 43.89  C=149.00  len=500
Ep 367: R= 42.80  C=126.00  len=500
Ep 368: R= 27.75  C= 78.00  len=500
Ep 369: R= 41.97  C=144.00  len=500
Ep 370: R= 43.53  C=168.00  len=500
Ep 371: R= 38.32  C=122.00  len=500
Ep 372: R= 32.21  C=100.00  len=500
Ep 373: R= 31.43  C= 88.00  len=500
Ep 374: R= 36.43  C= 90.00  len=500
Ep 375: R= 30.35  C= 87.00  len=500
Ep 376: R= 21.55  C=  0.00  len=500
Ep 377: R= 43.55  C=145.00  len=500
Ep 378: R= 42.19  C=125.00  len=500
Ep 379: R= 48.29  C=279.00  len=500
Ep 380: R= 23.60  C= 60.00  len=500
Ep 381: R= 38.17  C=131.00  len=500
Ep 382: R= 33.88  C= 89.00  len=500
Ep 383: R= 40.01  C=246.00  len=500
Ep 384: R= 43.77  C=153.00  len=500
Ep 385: R= 24.55  C=  0.00  len=500
Ep 386: R= 14.04  C= 63.00  len=500
Ep 387: R= 43.83  C=228.00  len=500
Ep 388: R= 38.26  C=110.00  len=500
Ep 389: R= 29.92  C= 76.00  len=500
Ep 390: R= 29.42  C= 57.00  len=500
Ep 391: R= 31.94  C= 71.00  len=500
Ep 392: R= 45.50  C=153.00  len=500
Ep 393: R= 33.40  C=103.00  len=500
Ep 394: R= 28.87  C= 27.00  len=500
Ep 395: R= 36.36  C= 99.00  len=500
Ep 396: R= 18.65  C=  0.00  len=500
Ep 397: R= 44.83  C=139.00  len=500
Ep 398: R= 32.50  C=107.00  len=500
Ep 399: R= 38.02  C=118.00  len=500
Ep 400: R= 25.13  C=  3.00  len=500
Ep 401: R= 32.48  C=103.00  len=500
Ep 402: R= 44.70  C=175.00  len=500
Ep 403: R= 41.50  C=128.00  len=500
Ep 404: R= 37.24  C=113.00  len=500
Ep 405: R= 31.86  C=123.00  len=500
Ep 406: R= 44.49  C=165.00  len=500
Ep 407: R= 42.70  C=121.00  len=500
Ep 408: R= 36.56  C= 96.00  len=500
Ep 409: R= 31.94  C= 98.00  len=500
Ep 410: R= 35.30  C=102.00  len=500
Ep 411: R= 35.75  C=114.00  len=500
Ep 412: R= 47.62  C=258.00  len=500
Ep 413: R= 39.09  C=127.00  len=500
Ep 414: R= 29.58  C= 73.00  len=500
Ep 415: R= 44.48  C=136.00  len=500
Ep 416: R= 44.13  C=170.00  len=500
Ep 417: R= 35.44  C=103.00  len=500
Ep 418: R= 37.54  C=107.00  len=500
Ep 419: R= 43.85  C=125.00  len=500
Ep 420: R= 43.85  C=159.00  len=500
Ep 421: R= 42.54  C=113.00  len=500
Ep 422: R= 31.39  C= 70.00  len=500
Ep 423: R= 21.30  C=  0.00  len=500
Ep 424: R= 41.69  C=106.00  len=500
Ep 425: R= 42.17  C=150.00  len=500
Ep 426: R= 35.99  C=105.00  len=500
Ep 427: R= 44.77  C=179.00  len=500
Ep 428: R= 42.03  C=162.00  len=500
Ep 429: R= 38.55  C=136.00  len=500
Ep 430: R= 36.03  C= 90.00  len=500
Ep 431: R= 36.05  C= 96.00  len=500
Ep 432: R= 31.71  C= 83.00  len=500
Ep 433: R= 36.21  C= 81.00  len=500
Ep 434: R= 37.12  C=109.00  len=500
Ep 435: R= 30.56  C= 90.00  len=500
Ep 436: R= 27.37  C= 59.00  len=500
Ep 437: R= 33.93  C= 80.00  len=500
Ep 438: R= 35.86  C= 95.00  len=500
Ep 439: R= 36.99  C=120.00  len=500
Ep 440: R= 32.91  C= 79.00  len=500
Ep 441: R= 35.94  C=111.00  len=500
Ep 442: R= 20.90  C=  0.00  len=500
Ep 443: R= 36.30  C=109.00  len=500
Ep 444: R= 32.75  C=100.00  len=500
Ep 445: R= 42.28  C=116.00  len=500
Ep 446: R= 37.11  C=114.00  len=500
Ep 447: R= 42.29  C=150.00  len=500
Ep 448: R= 43.29  C=153.00  len=500
Ep 449: R= 37.86  C=124.00  len=500
Ep 450: R= 36.51  C= 98.00  len=500
Ep 451: R= 42.70  C=138.00  len=500
Ep 452: R= 43.71  C=151.00  len=500
Ep 453: R= 20.06  C=  0.00  len=500
Ep 454: R= 37.43  C=134.00  len=500
Ep 455: R= 24.74  C=  0.00  len=500
Ep 456: R= 43.00  C=148.00  len=500
Ep 457: R= 33.80  C= 85.00  len=500
Ep 458: R= 28.00  C= 68.00  len=500
Ep 459: R= 34.37  C= 80.00  len=500
Ep 460: R= 36.17  C=135.00  len=500
Ep 461: R= 36.72  C=119.00  len=500
Ep 462: R= 36.90  C= 83.00  len=500
Ep 463: R= 42.57  C=132.00  len=500
Ep 464: R= 42.45  C=127.00  len=500
Ep 465: R= 35.89  C=104.00  len=500
Ep 466: R= 42.11  C=140.00  len=500
Ep 467: R= 34.64  C=100.00  len=500
Ep 468: R= 29.51  C= 74.00  len=500
Ep 469: R= 33.82  C= 95.00  len=500
Ep 470: R= 31.65  C= 79.00  len=500
Ep 471: R= 41.90  C=132.00  len=500
Ep 472: R= 38.10  C=140.00  len=500
Ep 473: R= 35.24  C=104.00  len=500
Ep 474: R= 42.76  C=138.00  len=500
Ep 475: R= 33.32  C= 95.00  len=500
Ep 476: R= 42.71  C=143.00  len=500
Ep 477: R= 34.17  C= 86.00  len=500
Ep 478: R= 35.79  C= 94.00  len=500
Ep 479: R= 45.76  C=149.00  len=500
Ep 480: R= 35.94  C= 95.00  len=500
Ep 481: R= 45.23  C=167.00  len=500
Ep 482: R= 35.84  C=106.00  len=500
Ep 483: R= 37.71  C=123.00  len=500
Ep 484: R= 34.14  C= 63.00  len=500
Ep 485: R= 43.44  C=146.00  len=500
Ep 486: R= 22.01  C= 47.00  len=500
Ep 487: R= 26.76  C=  0.00  len=500
Ep 488: R= 30.34  C= 61.00  len=500
Ep 489: R= 36.77  C= 92.00  len=500
Ep 490: R= 37.10  C=115.00  len=500
Ep 491: R= 35.99  C=109.00  len=500
Ep 492: R= 21.83  C=  0.00  len=500
Ep 493: R= 47.01  C=185.00  len=500
Ep 494: R= 37.60  C= 88.00  len=500
Ep 495: R= 33.06  C= 89.00  len=500
Ep 496: R= 43.54  C=146.00  len=500
Ep 497: R= 31.62  C= 75.00  len=500
Ep 498: R= 32.90  C= 77.00  len=500
Ep 499: R= 43.32  C=131.00  len=500
Ep 500: R= 35.94  C=103.00  len=500
Ep 501: R= 33.45  C=101.00  len=500
Ep 502: R= 37.26  C=112.00  len=500
Ep 503: R= 35.61  C= 97.00  len=500
Ep 504: R= 33.51  C= 79.00  len=500
Ep 505: R= 43.79  C=161.00  len=500
Ep 506: R= 28.19  C= 72.00  len=500
Ep 507: R= 32.65  C= 70.00  len=500
Ep 508: R= 31.64  C= 89.00  len=500
Ep 509: R= 19.49  C=  0.00  len=500
Ep 510: R= 44.41  C=160.00  len=500
Ep 511: R= 33.98  C= 92.00  len=500
Ep 512: R= 31.58  C= 91.00  len=500
Ep 513: R= 43.56  C=141.00  len=500
Ep 514: R= 43.76  C=141.00  len=500
Ep 515: R= 12.66  C=  0.00  len=500
Ep 516: R= 32.03  C=107.00  len=500
Ep 517: R= 28.63  C= 65.00  len=500
Ep 518: R= 44.47  C=146.00  len=500
Ep 519: R= 38.15  C=125.00  len=500
Ep 520: R= 45.74  C=169.00  len=500
Ep 521: R= 20.77  C=  0.00  len=500
Ep 522: R= 42.16  C=113.00  len=500
Ep 523: R= 32.03  C= 41.00  len=500
Ep 524: R= 26.31  C= 61.00  len=500
Ep 525: R= 36.21  C=139.00  len=500
Ep 526: R= 21.50  C=  0.00  len=500
Ep 527: R= 35.10  C=117.00  len=500
Ep 528: R= 32.66  C= 96.00  len=500
Ep 529: R= 29.92  C= 75.00  len=500
Ep 530: R= 36.70  C=105.00  len=500
Ep 531: R= 35.07  C=126.00  len=500
Ep 532: R= 31.09  C= 49.00  len=500
Ep 533: R= 23.04  C=  0.00  len=500
Ep 534: R= 48.96  C=235.00  len=500
Ep 535: R= 43.81  C=147.00  len=500
Ep 536: R= 35.48  C=112.00  len=500
Ep 537: R= 37.48  C=116.00  len=500
Ep 538: R= 34.91  C= 96.00  len=500
Ep 539: R= 44.39  C=142.00  len=500
Ep 540: R= 36.48  C=108.00  len=500
Ep 541: R= 43.57  C=140.00  len=500
Ep 542: R= 43.60  C=159.00  len=500
Ep 543: R= 34.42  C=117.00  len=500
Ep 544: R= 33.12  C= 92.00  len=500
Ep 545: R= 28.37  C= 49.00  len=500
Ep 546: R= 35.22  C= 94.00  len=500
Ep 547: R= 35.39  C=113.00  len=500
Ep 548: R= 34.26  C= 91.00  len=500
Ep 549: R= 41.60  C=111.00  len=500
Ep 550: R= 41.94  C=135.00  len=500
Ep 551: R= 34.27  C=110.00  len=500
Ep 552: R= 38.26  C=126.00  len=500
Ep 553: R= 37.25  C=119.00  len=500
Ep 554: R= 42.78  C=160.00  len=500
Ep 555: R= 25.67  C=  0.00  len=500
Ep 556: R= 28.27  C= 25.00  len=500
Ep 557: R= 35.32  C= 79.00  len=500
Ep 558: R= 36.18  C= 99.00  len=500
Ep 559: R= 31.34  C=109.00  len=500
Ep 560: R= 42.37  C=156.00  len=500
Ep 561: R= 46.76  C=261.00  len=500
Ep 562: R= 44.47  C=143.00  len=500
Ep 563: R= 46.16  C=259.00  len=500
Ep 564: R= 38.56  C=108.00  len=500
Ep 565: R= 27.92  C= 15.00  len=500
Ep 566: R= 36.86  C=105.00  len=500
Ep 567: R= 33.00  C= 84.00  len=500
Ep 568: R= 42.30  C=131.00  len=500
Ep 569: R= 43.89  C=166.00  len=500
Ep 570: R= 32.08  C= 99.00  len=500
Ep 571: R= 43.10  C=148.00  len=500
Ep 572: R= 15.80  C=  0.00  len=500
Ep 573: R= 34.31  C= 81.00  len=500
Ep 574: R= 36.48  C= 85.00  len=500
Ep 575: R= 43.67  C=184.00  len=500
Ep 576: R= 42.99  C=117.00  len=500
Ep 577: R= 41.24  C=131.00  len=500
Ep 578: R= 43.20  C=141.00  len=500
Ep 579: R= 44.36  C=167.00  len=500
Ep 580: R= 33.45  C= 99.00  len=500
Ep 581: R= 47.12  C=187.00  len=500
Ep 582: R= 43.43  C=125.00  len=500
Ep 583: R= 43.22  C=140.00  len=500
Ep 584: R= 44.25  C=173.00  len=500
Ep 585: R= 42.19  C=133.00  len=500
Ep 586: R= 44.19  C=144.00  len=500
Ep 587: R= 28.52  C=114.00  len=500
Ep 588: R= 35.08  C=120.00  len=500
Ep 589: R= 46.49  C=174.00  len=500
Ep 590: R= 44.71  C=143.00  len=500
Ep 591: R= 36.03  C=103.00  len=500
Ep 592: R= 31.43  C= 73.00  len=500
Ep 593: R= 43.80  C=108.00  len=500
Ep 594: R= 42.25  C=130.00  len=500
Ep 595: R= 18.72  C=  0.00  len=500
Ep 596: R= 32.53  C= 84.00  len=500
Ep 597: R= 41.82  C=120.00  len=500
Ep 598: R= 43.86  C=147.00  len=500
Ep 599: R= 33.84  C= 92.00  len=500
Ep 600: R= 44.89  C=127.00  len=500
Ep 601: R= 39.25  C= 99.00  len=500
Ep 602: R= 43.37  C=144.00  len=500
Ep 603: R= 44.54  C=149.00  len=500
Ep 604: R= 30.58  C= 72.00  len=500
Ep 605: R= 21.66  C=  0.00  len=500
Ep 606: R= 30.91  C= 86.00  len=500
Ep 607: R= 45.13  C=144.00  len=500
Ep 608: R= 31.06  C=106.00  len=500
Ep 609: R= 43.59  C=162.00  len=500
Ep 610: R= 32.38  C= 81.00  len=500
Ep 611: R= 35.84  C= 96.00  len=500
Ep 612: R= 35.98  C=104.00  len=500
Ep 613: R= 46.60  C=302.00  len=500
Ep 614: R= 43.27  C=155.00  len=500
Ep 615: R= 32.02  C= 88.00  len=500
Ep 616: R= 41.62  C=142.00  len=500
Ep 617: R= 43.14  C=168.00  len=500
Ep 618: R= 33.13  C= 90.00  len=500
Ep 619: R= 37.76  C=134.00  len=500
Ep 620: R= 43.56  C=140.00  len=500
Ep 621: R= 37.85  C=125.00  len=500
Ep 622: R= 43.33  C=175.00  len=500
Ep 623: R= 43.84  C=162.00  len=500
Ep 624: R= 42.19  C=122.00  len=500
Ep 625: R= 35.66  C=110.00  len=500
Ep 626: R= 44.20  C=184.00  len=500
Ep 627: R= 33.51  C= 73.00  len=500
Ep 628: R= 34.82  C= 75.00  len=500
Ep 629: R= 40.60  C=123.00  len=500
Ep 630: R= 35.98  C=107.00  len=500
Ep 631: R= 42.86  C=160.00  len=500
Ep 632: R= 38.71  C=111.00  len=500
Ep 633: R= 31.73  C= 70.00  len=500
Ep 634: R= 36.33  C= 96.00  len=500
Ep 635: R= 44.39  C=141.00  len=500
Ep 636: R= 43.57  C=149.00  len=500
Ep 637: R= 42.10  C=139.00  len=500
Ep 638: R= 37.91  C=127.00  len=500
Ep 639: R= 37.36  C=103.00  len=500
Ep 640: R= 37.20  C=111.00  len=500
Ep 641: R= 22.24  C=  0.00  len=500
Ep 642: R= 35.55  C= 86.00  len=500
Ep 643: R= 42.37  C=125.00  len=500
Ep 644: R= 37.96  C= 98.00  len=500
Ep 645: R= 36.30  C=109.00  len=500
Ep 646: R= 37.37  C= 85.00  len=500
Ep 647: R= 26.42  C= 16.00  len=500
Ep 648: R= 44.00  C=147.00  len=500
Ep 649: R= 41.97  C=133.00  len=500
Ep 650: R= 44.56  C=173.00  len=500
Ep 651: R= 32.80  C= 76.00  len=500
Ep 652: R= 38.42  C=111.00  len=500
Ep 653: R= 45.71  C=178.00  len=500
Ep 654: R= 38.10  C=114.00  len=500
Ep 655: R= 36.17  C=119.00  len=500
Ep 656: R= 44.27  C=153.00  len=500
Ep 657: R= 32.65  C=115.00  len=500
Ep 658: R= 42.07  C=121.00  len=500
Ep 659: R= 37.33  C=108.00  len=500
Ep 660: R= 40.62  C=137.00  len=500
Ep 661: R= 35.63  C=102.00  len=500
Ep 662: R= 34.85  C= 91.00  len=500
Ep 663: R= 23.60  C= 62.00  len=500
Ep 664: R= 42.65  C=151.00  len=500
Ep 665: R= 21.58  C=  0.00  len=500
Ep 666: R= 42.68  C=155.00  len=500
Ep 667: R= 32.28  C=105.00  len=500
Ep 668: R= 43.17  C=132.00  len=500
Ep 669: R= 41.62  C=109.00  len=500
Ep 670: R= 46.28  C=174.00  len=500
Ep 671: R= 42.78  C=125.00  len=500
Ep 672: R= 43.57  C=146.00  len=500
Ep 673: R= 33.23  C=107.00  len=500
Ep 674: R= 37.22  C=123.00  len=500
Ep 675: R= 41.61  C=113.00  len=500
Ep 676: R= 44.38  C=160.00  len=500
Ep 677: R= 43.76  C=157.00  len=500
Ep 678: R= 37.01  C=126.00  len=500
Ep 679: R= 44.83  C=164.00  len=500
Ep 680: R= 34.68  C= 99.00  len=500
Ep 681: R= 33.31  C= 81.00  len=500
Ep 682: R= 43.32  C=156.00  len=500
Ep 683: R= 36.67  C=107.00  len=500
Ep 684: R= 43.44  C=181.00  len=500
Ep 685: R= 43.90  C=171.00  len=500
Ep 686: R= 19.81  C=  8.00  len=500
Ep 687: R= 42.99  C=131.00  len=500
Ep 688: R= 43.74  C=143.00  len=500
Ep 689: R= 31.59  C= 84.00  len=500
Ep 690: R= 42.73  C=127.00  len=500
Ep 691: R= 35.31  C= 82.00  len=500
Ep 692: R= 42.94  C=118.00  len=500
Ep 693: R= 42.98  C=127.00  len=500
Ep 694: R= 32.62  C= 96.00  len=500
Ep 695: R= 43.19  C=140.00  len=500
Ep 696: R= 42.15  C=123.00  len=500
Ep 697: R= 43.55  C=150.00  len=500
Ep 698: R= 43.47  C=148.00  len=500
Ep 699: R= 35.78  C=107.00  len=500
Ep 700: R= 30.59  C= 67.00  len=500
Ep 701: R= 32.38  C= 72.00  len=500
Ep 702: R= 42.65  C=151.00  len=500
Ep 703: R= 44.75  C=254.00  len=500
Ep 704: R= 31.83  C= 95.00  len=500
Ep 705: R= 46.87  C=320.00  len=500
Ep 706: R= 41.87  C=120.00  len=500
Ep 707: R= 42.49  C=137.00  len=500
Ep 708: R= 42.02  C=132.00  len=500
Ep 709: R= 43.17  C=149.00  len=500
Ep 710: R= 34.17  C= 95.00  len=500
Ep 711: R= 35.19  C= 98.00  len=500
Ep 712: R= 35.82  C= 87.00  len=500
Ep 713: R= 49.52  C=284.00  len=500
Ep 714: R= 39.08  C=143.00  len=500
Ep 715: R= 44.55  C=160.00  len=500
Ep 716: R= 30.53  C= 29.00  len=500
Ep 717: R= 19.46  C=  0.00  len=500
Ep 718: R= 42.56  C=142.00  len=500
Ep 719: R= 32.34  C= 86.00  len=500
Ep 720: R= 17.85  C=  0.00  len=500
Ep 721: R= 43.35  C=144.00  len=500
Ep 722: R= 33.75  C= 93.00  len=500
Ep 723: R= 37.73  C=113.00  len=500
Ep 724: R= 36.55  C=115.00  len=500
Ep 725: R= 36.20  C=113.00  len=500
Ep 726: R= 45.57  C=169.00  len=500
Ep 727: R= 35.27  C= 89.00  len=500
Ep 728: R= 44.66  C=121.00  len=500
Ep 729: R= 44.17  C=147.00  len=500
Ep 730: R= 37.42  C=126.00  len=500
Ep 731: R= 36.21  C= 99.00  len=500
Ep 732: R= 44.02  C=151.00  len=500
Ep 733: R= 45.92  C=277.00  len=500
Ep 734: R= 32.10  C= 96.00  len=500
Ep 735: R= 37.92  C=116.00  len=500
Ep 736: R= 37.49  C=109.00  len=500
Ep 737: R= 44.45  C=157.00  len=500
Ep 738: R= 42.79  C=154.00  len=500
Ep 739: R= 44.75  C=148.00  len=500
Ep 740: R= 38.81  C=110.00  len=500
Ep 741: R= 41.32  C=114.00  len=500
Ep 742: R= 29.76  C= 45.00  len=500
Ep 743: R= 43.01  C=130.00  len=500
Ep 744: R= 39.49  C=117.00  len=500
Ep 745: R= 32.23  C=107.00  len=500
Ep 746: R= 35.31  C= 98.00  len=500
Ep 747: R= 37.49  C= 95.00  len=500
Ep 748: R= 43.85  C=152.00  len=500
Ep 749: R= 42.93  C=122.00  len=500
Ep 750: R= 45.29  C=183.00  len=500
Ep 751: R= 33.37  C= 93.00  len=500
Ep 752: R= 36.02  C=131.00  len=500
Ep 753: R= 36.22  C=105.00  len=500
Ep 754: R= 42.29  C=118.00  len=500
Ep 755: R= 44.11  C=162.00  len=500
Ep 756: R= 43.77  C=169.00  len=500
Ep 757: R= 35.44  C= 98.00  len=500
Ep 758: R= 29.90  C= 59.00  len=500
Ep 759: R= 20.50  C=  0.00  len=500
Ep 760: R= 43.63  C=134.00  len=500
Ep 761: R= 37.69  C=129.00  len=500
Ep 762: R= 33.70  C= 77.00  len=500
Ep 763: R= 23.22  C=  0.00  len=500
Ep 764: R= 44.20  C=163.00  len=500
Ep 765: R= 38.93  C=170.00  len=500
Ep 766: R= 41.26  C=146.00  len=500
Ep 767: R= 44.59  C=162.00  len=500
Ep 768: R= 14.05  C=  0.00  len=500
Ep 769: R= 31.87  C= 81.00  len=500
Ep 770: R= 42.62  C=128.00  len=500
Ep 771: R= 35.41  C=117.00  len=500
Ep 772: R= 30.32  C= 74.00  len=500
Ep 773: R= 45.61  C=180.00  len=500
Ep 774: R= 29.31  C=105.00  len=500
Ep 775: R= 36.32  C= 72.00  len=500
Ep 776: R= 29.31  C= 83.00  len=500
Ep 777: R= 42.24  C=133.00  len=500
Ep 778: R= 29.45  C= 76.00  len=500
Ep 779: R= 31.83  C= 70.00  len=500
Ep 780: R= 42.92  C=185.00  len=500
Ep 781: R= 21.97  C= 26.00  len=500
Ep 782: R= 36.54  C=100.00  len=500
Ep 783: R= 44.10  C=142.00  len=500
Ep 784: R= 32.97  C= 67.00  len=500
Ep 785: R= 41.53  C=130.00  len=500
Ep 786: R= 36.88  C=108.00  len=500
Ep 787: R= 34.13  C= 68.00  len=500
Ep 788: R= 44.40  C=142.00  len=500
Ep 789: R= 18.81  C=  0.00  len=500
Ep 790: R= 35.78  C= 69.00  len=500
Ep 791: R= 42.70  C=132.00  len=500
Ep 792: R= 43.36  C=130.00  len=500
Ep 793: R= 22.31  C=  0.00  len=500
Ep 794: R= 33.20  C=105.00  len=500
Ep 795: R= 23.51  C=  0.00  len=500
Ep 796: R= 41.31  C=114.00  len=500
Ep 797: R= 43.89  C=154.00  len=500
Ep 798: R= 15.20  C=  0.00  len=500
Ep 799: R= 45.68  C=181.00  len=500
Ep 800: R= 34.87  C=109.00  len=500
Ep 801: R= 20.99  C=  0.00  len=500
Ep 802: R= 39.62  C=136.00  len=500
Ep 803: R= 32.13  C= 77.00  len=500
Ep 804: R= 35.79  C= 96.00  len=500
Ep 805: R= 31.50  C= 65.00  len=500
Ep 806: R= 43.70  C=157.00  len=500
Ep 807: R= 47.01  C=222.00  len=500
Ep 808: R= 35.16  C= 72.00  len=500
Ep 809: R= 29.71  C= 87.00  len=500
Ep 810: R= 45.55  C=160.00  len=500
Ep 811: R= 43.18  C=164.00  len=500
Ep 812: R= 42.28  C=119.00  len=500
Ep 813: R= 42.04  C=140.00  len=500
Ep 814: R= 32.65  C= 98.00  len=500
Ep 815: R= 44.77  C=138.00  len=500
Ep 816: R= 34.35  C=110.00  len=500
Ep 817: R= 43.62  C=162.00  len=500
Ep 818: R= 34.13  C= 91.00  len=500
Ep 819: R= 33.50  C=109.00  len=500
Ep 820: R= 44.39  C=137.00  len=500
Ep 821: R= 20.95  C=  0.00  len=500
Ep 822: R= 35.37  C=106.00  len=500
Ep 823: R= 43.23  C=129.00  len=500
Ep 824: R= 43.27  C=145.00  len=500
Ep 825: R= 42.88  C=153.00  len=500
Ep 826: R= 48.93  C=256.00  len=500
Ep 827: R= 43.48  C=154.00  len=500
Ep 828: R= 33.34  C=107.00  len=500
Ep 829: R= 36.07  C= 92.00  len=500
Ep 830: R= 44.19  C=155.00  len=500
Ep 831: R= 33.14  C= 78.00  len=500
Ep 832: R= 36.31  C= 96.00  len=500
Ep 833: R= 13.51  C=  0.00  len=500
Ep 834: R= 32.77  C= 72.00  len=500
Ep 835: R= 44.54  C=155.00  len=500
Ep 836: R= 46.83  C=198.00  len=500
Ep 837: R= 21.39  C=  0.00  len=500
Ep 838: R= 41.93  C=119.00  len=500
Ep 839: R= 37.01  C=115.00  len=500
Ep 840: R= 34.42  C= 82.00  len=500
Ep 841: R= 42.11  C=137.00  len=500
Ep 842: R= 32.95  C= 82.00  len=500
Ep 843: R= 36.39  C=104.00  len=500
Ep 844: R= 35.28  C= 95.00  len=500
Ep 845: R= 43.85  C=142.00  len=500
Ep 846: R= 32.62  C= 84.00  len=500
Ep 847: R= 42.58  C=125.00  len=500
Ep 848: R= 35.70  C=101.00  len=500
Ep 849: R= 44.33  C=144.00  len=500
Ep 850: R= 35.20  C= 93.00  len=500
Ep 851: R= 21.63  C=  0.00  len=500
Ep 852: R= 30.87  C= 77.00  len=500
Ep 853: R= 36.53  C= 84.00  len=500
Ep 854: R= 34.66  C= 79.00  len=500
Ep 855: R= 43.71  C=124.00  len=500
Ep 856: R= 43.83  C=146.00  len=500
Ep 857: R= 44.36  C=143.00  len=500
Ep 858: R= 20.91  C=  0.00  len=500
Ep 859: R= 35.83  C=102.00  len=500
Ep 860: R= 38.66  C=119.00  len=500
Ep 861: R= 38.01  C=115.00  len=500
Ep 862: R= 45.23  C=165.00  len=500
Ep 863: R= 43.09  C=134.00  len=500
Ep 864: R= 44.54  C=148.00  len=500
Ep 865: R= 45.08  C=147.00  len=500
Ep 866: R= 36.59  C= 87.00  len=500
Ep 867: R= 37.46  C=109.00  len=500
Ep 868: R= 33.11  C= 78.00  len=500
Ep 869: R= 32.70  C= 75.00  len=500
Ep 870: R= 37.40  C=123.00  len=500
Ep 871: R= 31.05  C= 87.00  len=500
Ep 872: R= 43.69  C=149.00  len=500
Ep 873: R= 44.95  C=164.00  len=500
Ep 874: R= 36.46  C=116.00  len=500
Ep 875: R= 44.87  C=167.00  len=500
Ep 876: R= 43.44  C=151.00  len=500
Ep 877: R= 44.89  C=147.00  len=500
Ep 878: R= 37.06  C=108.00  len=500
Ep 879: R= 44.68  C=171.00  len=500
Ep 880: R= 35.82  C=115.00  len=500
Ep 881: R= 41.70  C=133.00  len=500
Ep 882: R= 27.79  C= 73.00  len=500
Ep 883: R= 31.03  C= 54.00  len=500
Ep 884: R= 36.67  C=102.00  len=500
Ep 885: R= 42.47  C=135.00  len=500
Ep 886: R= 37.56  C=107.00  len=500
Ep 887: R= 44.02  C=156.00  len=500
Ep 888: R= 29.14  C= 70.00  len=500
Ep 889: R= 43.42  C=143.00  len=500
Ep 890: R= 33.79  C=113.00  len=500
Ep 891: R= 31.15  C= 83.00  len=500
Ep 892: R= 27.93  C= 73.00  len=500
Ep 893: R= 34.79  C= 81.00  len=500
Ep 894: R= 36.22  C=110.00  len=500
Ep 895: R= 21.71  C=  0.00  len=500
Ep 896: R= 43.17  C=154.00  len=500
Ep 897: R= 37.02  C= 99.00  len=500
Ep 898: R= 42.21  C=136.00  len=500
Ep 899: R= 36.35  C= 99.00  len=500
Ep 900: R= 34.39  C= 91.00  len=500
Ep 901: R= 43.64  C=144.00  len=500
Ep 902: R= 47.19  C=283.00  len=500
Ep 903: R= 32.28  C= 73.00  len=500
Ep 904: R= 37.03  C=109.00  len=500
Ep 905: R= 29.54  C= 98.00  len=500
Ep 906: R= 36.28  C= 87.00  len=500
Ep 907: R= 45.80  C=177.00  len=500
Ep 908: R= 36.55  C=105.00  len=500
Ep 909: R= 21.83  C=  0.00  len=500
Ep 910: R= 37.02  C=102.00  len=500
Ep 911: R= 43.90  C=153.00  len=500
Ep 912: R= 25.28  C= 46.00  len=500
Ep 913: R= 33.16  C= 65.00  len=500
Ep 914: R= 38.93  C=119.00  len=500
Ep 915: R= 42.96  C=139.00  len=500
Ep 916: R= 45.28  C=162.00  len=500
Ep 917: R= 33.25  C=121.00  len=500
Ep 918: R= 31.45  C= 58.00  len=500
Ep 919: R= 44.13  C=147.00  len=500
Ep 920: R= 29.66  C= 86.00  len=500
Ep 921: R= 35.70  C= 97.00  len=500
Ep 922: R= 30.17  C= 16.00  len=500
Ep 923: R= 35.39  C=106.00  len=500
Ep 924: R= 24.36  C= 55.00  len=500
Ep 925: R= 33.88  C= 66.00  len=500
Ep 926: R= 44.94  C=156.00  len=500
Ep 927: R= 35.84  C=105.00  len=500
Ep 928: R= 34.89  C=112.00  len=500
Ep 929: R= 45.69  C=263.00  len=500
Ep 930: R= 40.99  C=103.00  len=500
Ep 931: R= 20.04  C=  0.00  len=500
Ep 932: R= 14.22  C=  0.00  len=500
Ep 933: R= 38.29  C=101.00  len=500
Ep 934: R= 37.06  C= 93.00  len=500
Ep 935: R= 23.52  C=  0.00  len=500
Ep 936: R= 44.64  C=164.00  len=500
Ep 937: R= 28.29  C= 64.00  len=500
Ep 938: R= 42.99  C=139.00  len=500
Ep 939: R= 43.72  C=150.00  len=500
Ep 940: R= 34.74  C=106.00  len=500
Ep 941: R= 34.13  C= 82.00  len=500
Ep 942: R= 32.09  C= 76.00  len=500
Ep 943: R= 35.21  C= 95.00  len=500
Ep 944: R= 46.48  C=253.00  len=500
Ep 945: R= 27.92  C= 64.00  len=500
Ep 946: R= 44.67  C=135.00  len=500
Ep 947: R= 45.74  C=170.00  len=500
Ep 948: R= 43.60  C=173.00  len=500
Ep 949: R= 23.77  C=  0.00  len=500
Ep 950: R= 43.45  C=149.00  len=500
Ep 951: R= 36.62  C= 99.00  len=500
Ep 952: R= 33.20  C=104.00  len=500
Ep 953: R= 46.46  C=175.00  len=500
Ep 954: R= 35.77  C= 81.00  len=500
Ep 955: R= 32.16  C=100.00  len=500
Ep 956: R= 42.30  C=135.00  len=500
Ep 957: R= 43.74  C=157.00  len=500
Ep 958: R= 41.63  C=140.00  len=500
Ep 959: R= 25.79  C= 48.00  len=500
Ep 960: R= 35.90  C= 75.00  len=500
Ep 961: R= 33.51  C= 85.00  len=500
Ep 962: R= 43.52  C=136.00  len=500
Ep 963: R= 34.98  C= 70.00  len=500
Ep 964: R= 21.51  C=  0.00  len=500
Ep 965: R= 45.57  C=155.00  len=500
Ep 966: R= 34.78  C=111.00  len=500
Ep 967: R= 37.02  C= 99.00  len=500
Ep 968: R= 36.46  C= 86.00  len=500
Ep 969: R= 32.66  C= 91.00  len=500
Ep 970: R= 44.77  C=153.00  len=500
Ep 971: R= 42.84  C=146.00  len=500
Ep 972: R= 43.78  C=110.00  len=500
Ep 973: R= 47.17  C=201.00  len=500
Ep 974: R= 34.87  C= 95.00  len=500
Ep 975: R= 32.58  C= 96.00  len=500
Ep 976: R= 35.05  C= 80.00  len=500
Ep 977: R= 44.32  C=155.00  len=500
Ep 978: R= 35.14  C=102.00  len=500
Ep 979: R= 41.80  C=114.00  len=500
Ep 980: R= 43.27  C=147.00  len=500
Ep 981: R= 12.71  C=  0.00  len=500
Ep 982: R= 42.19  C=152.00  len=500
Ep 983: R= 33.26  C= 73.00  len=500
Ep 984: R= 36.77  C= 93.00  len=500
Ep 985: R= 32.48  C= 84.00  len=500
Ep 986: R= 34.45  C= 85.00  len=500
Ep 987: R= 34.34  C=101.00  len=500
Ep 988: R= 45.49  C=171.00  len=500
Ep 989: R= 42.78  C=145.00  len=500
Ep 990: R= 42.00  C=155.00  len=500
Ep 991: R= 29.09  C= 19.00  len=500
Ep 992: R= 43.04  C=159.00  len=500
Ep 993: R= 34.65  C=107.00  len=500
Ep 994: R= 42.32  C=150.00  len=500
Ep 995: R= 29.54  C= 89.00  len=500
Ep 996: R= 43.39  C=149.00  len=500
Ep 997: R= 32.84  C= 94.00  len=500
Ep 998: R= 42.58  C=115.00  len=500
Ep 999: R= 20.90  C=  0.00  len=500
Ep 1000: R= 35.19  C=106.00  len=500
Ep 1001: R= 42.21  C=132.00  len=500
Ep 1002: R= 43.29  C=166.00  len=500
Ep 1003: R= 36.32  C=108.00  len=500
Ep 1004: R= 31.19  C= 76.00  len=500
Ep 1005: R= 44.31  C=143.00  len=500
Ep 1006: R= 36.05  C=105.00  len=500
Ep 1007: R= 27.68  C= 36.00  len=500
Ep 1008: R= 42.51  C=210.00  len=500
Ep 1009: R= 31.29  C= 76.00  len=500
Ep 1010: R= 31.22  C= 98.00  len=500
Ep 1011: R= 33.64  C= 80.00  len=500
Ep 1012: R= 35.10  C= 84.00  len=500
Ep 1013: R= 42.76  C=145.00  len=500
Ep 1014: R= 41.66  C=121.00  len=500
Ep 1015: R= 42.17  C=137.00  len=500
Ep 1016: R= 32.72  C= 92.00  len=500
Ep 1017: R= 36.39  C=108.00  len=500
Ep 1018: R= 40.63  C=122.00  len=500
Ep 1019: R= 38.97  C=114.00  len=500
Ep 1020: R= 36.29  C= 98.00  len=500
Ep 1021: R= 36.83  C=128.00  len=500
Ep 1022: R= 33.56  C= 96.00  len=500
Ep 1023: R= 42.22  C=138.00  len=500
Ep 1024: R= 30.87  C= 81.00  len=500
Ep 1025: R= 22.41  C=  0.00  len=500
Ep 1026: R= 42.65  C=149.00  len=500
Ep 1027: R= 36.28  C=119.00  len=500
Ep 1028: R= 33.20  C= 94.00  len=500
Ep 1029: R= 43.96  C=136.00  len=500
Ep 1030: R= 21.06  C=  0.00  len=500
Ep 1031: R= 34.44  C= 87.00  len=500
Ep 1032: R= 16.02  C=  0.00  len=500
Ep 1033: R= 30.82  C= 61.00  len=500
Ep 1034: R= 36.50  C=109.00  len=500
Ep 1035: R= 40.39  C=120.00  len=500
Ep 1036: R= 26.10  C= 50.00  len=500
Ep 1037: R= 43.21  C=146.00  len=500
Ep 1038: R= 44.16  C=131.00  len=500
Ep 1039: R= 31.27  C= 97.00  len=500
Ep 1040: R= 35.11  C=101.00  len=500
Ep 1041: R= 30.08  C= 73.00  len=500
Ep 1042: R= 35.77  C=114.00  len=500
Ep 1043: R= 45.40  C=161.00  len=500
Ep 1044: R= 31.54  C= 73.00  len=500
Ep 1045: R= 34.66  C= 81.00  len=500
Ep 1046: R= 36.06  C= 85.00  len=500
Ep 1047: R= 42.36  C=146.00  len=500
Ep 1048: R= 34.94  C= 84.00  len=500
Ep 1049: R= 43.38  C=153.00  len=500
Ep 1050: R= 41.96  C=143.00  len=500
Ep 1051: R= 31.61  C= 84.00  len=500
Ep 1052: R= 21.29  C=  0.00  len=500
Ep 1053: R= 35.69  C= 95.00  len=500
Ep 1054: R= 24.93  C=  0.00  len=500
Ep 1055: R= 25.20  C=  0.00  len=500
Ep 1056: R= 42.80  C=142.00  len=500
Ep 1057: R= 38.40  C= 98.00  len=500
Ep 1058: R= 32.57  C= 42.00  len=500
Ep 1059: R= 45.19  C=169.00  len=500
Ep 1060: R= 43.69  C=139.00  len=500
Ep 1061: R= 43.73  C=136.00  len=500
Ep 1062: R= 35.58  C= 95.00  len=500
Ep 1063: R= 34.30  C=107.00  len=500
Ep 1064: R= 35.84  C=122.00  len=500
Ep 1065: R= 34.29  C= 72.00  len=500
Ep 1066: R= 38.66  C=111.00  len=500
Ep 1067: R= 37.03  C=134.00  len=500
Ep 1068: R= 31.51  C= 92.00  len=500
Ep 1069: R= 31.62  C= 79.00  len=500
Ep 1070: R= 31.46  C= 77.00  len=500
Ep 1071: R= 41.33  C=120.00  len=500
Ep 1072: R= 37.29  C= 98.00  len=500
Ep 1073: R= 39.29  C=115.00  len=500
Ep 1074: R= 32.23  C= 86.00  len=500
Ep 1075: R= 36.27  C= 82.00  len=500
Ep 1076: R= 42.74  C=130.00  len=500
Ep 1077: R= 28.53  C= 35.00  len=500
Ep 1078: R= 21.65  C=  0.00  len=500
Ep 1079: R= 37.38  C= 92.00  len=500
Ep 1080: R= 40.17  C=148.00  len=500
Ep 1081: R= 34.56  C= 89.00  len=500
Ep 1082: R= 35.16  C= 83.00  len=500
Ep 1083: R= 31.15  C= 66.00  len=500
Ep 1084: R= 34.65  C= 81.00  len=500
Ep 1085: R= 35.99  C=112.00  len=500
Ep 1086: R= 34.97  C=101.00  len=500
Ep 1087: R= 35.71  C= 84.00  len=500
Ep 1088: R= 34.85  C= 89.00  len=500
Ep 1089: R= 36.24  C=123.00  len=500
Ep 1090: R= 27.47  C= 50.00  len=500
Ep 1091: R= 35.51  C=105.00  len=500
Ep 1092: R= 35.26  C= 86.00  len=500
Ep 1093: R= 29.35  C= 73.00  len=500
Ep 1094: R= 32.25  C= 76.00  len=500
Ep 1095: R= 32.89  C= 81.00  len=500
Ep 1096: R= 33.61  C= 83.00  len=500
Ep 1097: R= 31.05  C=103.00  len=500
Ep 1098: R= 37.04  C= 99.00  len=500
Ep 1099: R= 12.71  C= 12.00  len=500
Ep 1100: R= 42.31  C=137.00  len=500
Ep 1101: R= 44.79  C=142.00  len=500
Ep 1102: R= 39.00  C=139.00  len=500
Ep 1103: R= 43.83  C=149.00  len=500
Ep 1104: R= 33.91  C=103.00  len=500
Ep 1105: R= 37.18  C=125.00  len=500
Ep 1106: R= 31.32  C= 51.00  len=500
Ep 1107: R= 36.14  C= 98.00  len=500
Ep 1108: R= 44.54  C=144.00  len=500
Ep 1109: R= 21.37  C=  0.00  len=500
Ep 1110: R= 35.56  C= 94.00  len=500
Ep 1111: R= 40.85  C=142.00  len=500
Ep 1112: R= 31.42  C= 73.00  len=500
Ep 1113: R= 41.33  C=121.00  len=500
Ep 1114: R= 32.27  C= 79.00  len=500
Ep 1115: R= 41.01  C=109.00  len=500
Ep 1116: R= 35.28  C=100.00  len=500
Ep 1117: R= 35.17  C=102.00  len=500
Ep 1118: R= 31.18  C= 97.00  len=500
Ep 1119: R= 36.43  C=100.00  len=500
Ep 1120: R= 41.81  C=134.00  len=500
Ep 1121: R= 30.79  C= 65.00  len=500
Ep 1122: R= 42.15  C=132.00  len=500
Ep 1123: R= 25.74  C= 54.00  len=500
Ep 1124: R= 30.44  C= 62.00  len=500
Ep 1125: R= 27.13  C= 65.00  len=500
Ep 1126: R= 33.04  C= 87.00  len=500
Ep 1127: R= 32.03  C= 91.00  len=500
Ep 1128: R= 36.57  C=107.00  len=500
Ep 1129: R= 43.76  C=141.00  len=500
Ep 1130: R= 36.90  C= 95.00  len=500
Ep 1131: R= 36.06  C= 92.00  len=500
Ep 1132: R= 42.79  C=142.00  len=500
Ep 1133: R= 42.88  C=152.00  len=500
Ep 1134: R= 35.44  C= 83.00  len=500
Ep 1135: R= 43.82  C=157.00  len=500
Ep 1136: R= 28.03  C= 71.00  len=500
Ep 1137: R= 28.38  C= 70.00  len=500
Ep 1138: R= 47.44  C=216.00  len=500
Ep 1139: R= 45.72  C=175.00  len=500
Ep 1140: R= 30.35  C=101.00  len=500
Ep 1141: R= 33.40  C=415.00  len=500
Ep 1142: R= 21.83  C=  0.00  len=500
Ep 1143: R= 52.33  C=322.00  len=500
Ep 1144: R= 37.17  C=128.00  len=500
Ep 1145: R= 35.84  C=108.00  len=500
Ep 1146: R= 40.73  C=126.00  len=500
Ep 1147: R= 32.08  C= 89.00  len=500
Ep 1148: R= 42.43  C=180.00  len=500
Ep 1149: R= 35.72  C= 80.00  len=500
Ep 1150: R= 31.40  C= 55.00  len=500
Ep 1151: R= 35.75  C= 98.00  len=500
Ep 1152: R= 42.47  C=155.00  len=500
Ep 1153: R= 41.42  C=112.00  len=500
Ep 1154: R= 42.70  C=138.00  len=500
Ep 1155: R= 22.84  C= 48.00  len=500
Ep 1156: R= 42.24  C=131.00  len=500
Ep 1157: R= 42.92  C=143.00  len=500
Ep 1158: R= 43.46  C=150.00  len=500
Ep 1159: R= 32.02  C= 71.00  len=500
Ep 1160: R= 34.46  C=121.00  len=500
Ep 1161: R= 35.45  C= 94.00  len=500
Ep 1162: R= 32.03  C= 64.00  len=500
Ep 1163: R= 43.53  C=138.00  len=500
Ep 1164: R= 34.81  C= 77.00  len=500
Ep 1165: R= 36.97  C= 68.00  len=500
Ep 1166: R= 35.95  C= 77.00  len=500
Ep 1167: R= 33.50  C=100.00  len=500
Ep 1168: R= 37.08  C= 97.00  len=500
Ep 1169: R= 31.52  C= 91.00  len=500
Ep 1170: R= 45.56  C=157.00  len=500
Ep 1171: R= 24.56  C= 49.00  len=500
Ep 1172: R= 28.61  C= 80.00  len=500
Ep 1173: R= 24.00  C=  0.00  len=500
Ep 1174: R= 42.41  C=123.00  len=500
Ep 1175: R= 46.77  C=213.00  len=500
Ep 1176: R= 35.97  C= 93.00  len=500
Ep 1177: R= 32.83  C= 85.00  len=500
Ep 1178: R= 44.35  C=196.00  len=500
Ep 1179: R= 27.89  C= 65.00  len=500
Ep 1180: R= 43.02  C=170.00  len=500
Ep 1181: R= 42.71  C=155.00  len=500
Ep 1182: R= 45.95  C=209.00  len=500
Ep 1183: R= 34.29  C= 78.00  len=500
Ep 1184: R= 35.69  C= 89.00  len=500
Ep 1185: R= 31.73  C= 73.00  len=500
Ep 1186: R= 37.00  C= 94.00  len=500
Ep 1187: R= 34.59  C= 89.00  len=500
Ep 1188: R= 43.04  C=145.00  len=500
Ep 1189: R= 36.15  C= 85.00  len=500
Ep 1190: R= 40.09  C=171.00  len=500
Ep 1191: R= 41.91  C=138.00  len=500
Ep 1192: R= 44.87  C=159.00  len=500
Ep 1193: R= 23.31  C=  0.00  len=500
Ep 1194: R= 44.56  C=263.00  len=500
Ep 1195: R= 49.06  C=233.00  len=500
Ep 1196: R= 42.54  C=137.00  len=500
Ep 1197: R= 44.15  C=146.00  len=500
Ep 1198: R= 41.91  C=117.00  len=500
Ep 1199: R= 36.44  C=106.00  len=500
Ep 1200: R= 29.27  C=106.00  len=500
Ep 1201: R= 43.45  C=134.00  len=500
Ep 1202: R= 35.51  C= 85.00  len=500
Ep 1203: R= 30.81  C= 13.00  len=500
Ep 1204: R= 44.45  C=171.00  len=500
Ep 1205: R= 33.28  C=102.00  len=500
Ep 1206: R= 35.81  C=126.00  len=500
Ep 1207: R= 45.34  C=163.00  len=500
Ep 1208: R= 43.92  C=160.00  len=500
Ep 1209: R= 38.23  C=102.00  len=500
Ep 1210: R= 37.18  C=105.00  len=500
Ep 1211: R= 48.47  C=233.00  len=500
Ep 1212: R= 35.86  C=114.00  len=500
Ep 1213: R= 46.86  C=297.00  len=500
Ep 1214: R= 43.05  C=137.00  len=500
Ep 1215: R= 37.21  C=127.00  len=500
Ep 1216: R= 41.42  C=117.00  len=500
Ep 1217: R= 35.81  C= 94.00  len=500
Ep 1218: R= 41.98  C=121.00  len=500
Ep 1219: R= 43.08  C=133.00  len=500
Ep 1220: R= 21.24  C= 15.00  len=500
Ep 1221: R= 42.65  C=115.00  len=500
Ep 1222: R= 35.84  C= 96.00  len=500
Ep 1223: R= 32.40  C= 75.00  len=500
Ep 1224: R= 43.27  C=146.00  len=500
Ep 1225: R= 37.65  C= 78.00  len=500
Ep 1226: R= 37.06  C=127.00  len=500
Ep 1227: R= 42.53  C=103.00  len=500
Ep 1228: R= 37.85  C= 98.00  len=500
Ep 1229: R= 42.09  C=119.00  len=500
Ep 1230: R= 43.33  C=159.00  len=500
Ep 1231: R= 33.41  C= 94.00  len=500
Ep 1232: R= 40.89  C=137.00  len=500
Ep 1233: R= 20.98  C=  0.00  len=500
Ep 1234: R= 33.81  C= 93.00  len=500
Ep 1235: R= 39.70  C=101.00  len=500
Ep 1236: R= 20.65  C=  0.00  len=500
Ep 1237: R= 43.49  C=139.00  len=500
Ep 1238: R= 43.13  C=132.00  len=500
Ep 1239: R= 42.24  C=142.00  len=500
Ep 1240: R= 33.55  C= 91.00  len=500
Ep 1241: R= 29.31  C= 67.00  len=500
Ep 1242: R= 35.92  C=110.00  len=500
Ep 1243: R= 31.04  C= 75.00  len=500
Ep 1244: R= 42.38  C=158.00  len=500
Ep 1245: R= 44.03  C=135.00  len=500
Ep 1246: R= 35.06  C= 70.00  len=500
Ep 1247: R= 42.74  C=121.00  len=500
Ep 1248: R= 30.08  C= 74.00  len=500
Ep 1249: R= 34.46  C= 96.00  len=500
Ep 1250: R= 28.25  C= 62.00  len=500
Ep 1251: R= 36.20  C=110.00  len=500
Ep 1252: R= 38.85  C=124.00  len=500
Ep 1253: R= 43.10  C=131.00  len=500
Ep 1254: R= 42.01  C=130.00  len=500
Ep 1255: R= 44.48  C=146.00  len=500
Ep 1256: R= 41.83  C=149.00  len=500
Ep 1257: R= 30.70  C= 83.00  len=500
Ep 1258: R= 42.37  C=143.00  len=500
Ep 1259: R= 42.45  C=120.00  len=500
Ep 1260: R= 36.40  C=112.00  len=500
Ep 1261: R= 37.00  C=108.00  len=500
Ep 1262: R= 42.93  C=132.00  len=500
Ep 1263: R= 36.98  C=109.00  len=500
Ep 1264: R= 41.50  C=113.00  len=500
Ep 1265: R= 32.36  C= 75.00  len=500
Ep 1266: R= 43.94  C=132.00  len=500
Ep 1267: R= 34.71  C=118.00  len=500
Ep 1268: R= 40.54  C=117.00  len=500
Ep 1269: R= 46.85  C=207.00  len=500
Ep 1270: R= 33.47  C= 78.00  len=500
Ep 1271: R= 41.95  C=167.00  len=500
Ep 1272: R= 34.26  C= 87.00  len=500
Ep 1273: R= 43.78  C=162.00  len=500
Ep 1274: R= 44.21  C=138.00  len=500
Ep 1275: R= 20.72  C=  0.00  len=500
Ep 1276: R= 37.12  C=128.00  len=500
Ep 1277: R= 35.27  C=110.00  len=500
Ep 1278: R= 39.00  C=140.00  len=500
Ep 1279: R= 43.40  C=124.00  len=500
Ep 1280: R= 44.19  C=147.00  len=500
Ep 1281: R= 39.86  C=230.00  len=500
Ep 1282: R= 48.86  C=253.00  len=500
Ep 1283: R= 42.13  C=150.00  len=500
Ep 1284: R= 42.39  C=130.00  len=500
Ep 1285: R= 33.85  C= 77.00  len=500
Ep 1286: R= 44.81  C=150.00  len=500
Ep 1287: R= 36.55  C= 86.00  len=500
Ep 1288: R= 43.37  C=148.00  len=500
Ep 1289: R= 38.47  C=123.00  len=500
Ep 1290: R= 38.13  C=127.00  len=500
Ep 1291: R= 37.57  C=175.00  len=500
Ep 1292: R= 43.26  C=137.00  len=500
Ep 1293: R= 44.63  C=173.00  len=500
Ep 1294: R= 36.79  C=106.00  len=500
Ep 1295: R= 35.87  C= 93.00  len=500
Ep 1296: R= 36.73  C=117.00  len=500
Ep 1297: R= 35.54  C= 80.00  len=500
Ep 1298: R= 38.59  C=141.00  len=500
Ep 1299: R= 37.75  C=114.00  len=500
Ep 1300: R= 30.37  C=101.00  len=500
Ep 1301: R= 42.16  C=135.00  len=500
Ep 1302: R= 43.15  C=144.00  len=500
Ep 1303: R= 46.23  C=265.00  len=500
Ep 1304: R= 35.10  C=112.00  len=500
Ep 1305: R= 45.42  C=166.00  len=500
Ep 1306: R= 39.40  C=137.00  len=500
Ep 1307: R= 35.25  C= 84.00  len=500
Ep 1308: R= 43.96  C=147.00  len=500
Ep 1309: R= 38.36  C=122.00  len=500
Ep 1310: R= 42.70  C=144.00  len=500
Ep 1311: R= 44.08  C=132.00  len=500
Ep 1312: R= 42.51  C=126.00  len=500
Ep 1313: R= 40.73  C=102.00  len=500
Ep 1314: R= 43.34  C=159.00  len=500
Ep 1315: R= 28.31  C= 69.00  len=500
Ep 1316: R= 34.08  C= 99.00  len=500
Ep 1317: R= 34.41  C= 79.00  len=500
Ep 1318: R= 32.46  C= 68.00  len=500
Ep 1319: R= 29.51  C= 68.00  len=500
Ep 1320: R= 43.25  C=125.00  len=500
Ep 1321: R= 30.68  C= 81.00  len=500
Ep 1322: R= 31.15  C= 79.00  len=500
Ep 1323: R= 42.51  C=114.00  len=500
Ep 1324: R= 23.88  C= 71.00  len=500
Ep 1325: R= 35.43  C=115.00  len=500
Ep 1326: R= 23.05  C=  0.00  len=500
Ep 1327: R= 13.66  C=  0.00  len=500
Ep 1328: R= 36.35  C=102.00  len=500
Ep 1329: R= 41.64  C=121.00  len=500
Ep 1330: R= 46.17  C=217.00  len=500
Ep 1331: R= 35.26  C= 87.00  len=500
Ep 1332: R= 34.52  C= 65.00  len=500
Ep 1333: R= 32.08  C= 74.00  len=500
Ep 1334: R= 36.03  C=120.00  len=500
Ep 1335: R= 45.34  C=155.00  len=500
Ep 1336: R= 44.28  C=137.00  len=500
Ep 1337: R= 35.89  C=111.00  len=500
Ep 1338: R= 34.93  C= 96.00  len=500
Ep 1339: R= 36.91  C=107.00  len=500
Ep 1340: R= 43.21  C=125.00  len=500
Ep 1341: R= 36.14  C=100.00  len=500
Ep 1342: R= 34.85  C=110.00  len=500
Ep 1343: R= 42.97  C=140.00  len=500
Ep 1344: R= 35.33  C=109.00  len=500
Ep 1345: R= 33.44  C= 89.00  len=500
Ep 1346: R= 45.05  C=151.00  len=500
Ep 1347: R= 43.22  C=155.00  len=500
Ep 1348: R= 41.12  C=102.00  len=500
Ep 1349: R= 43.86  C=151.00  len=500
Ep 1350: R= 43.39  C=156.00  len=500
Ep 1351: R= 21.55  C=  0.00  len=500
Ep 1352: R= 42.04  C=132.00  len=500
Ep 1353: R= 36.11  C= 98.00  len=500
Ep 1354: R= 33.87  C= 91.00  len=500
Ep 1355: R= 42.63  C=158.00  len=500
Ep 1356: R= 36.29  C= 86.00  len=500
Ep 1357: R= 45.24  C=142.00  len=500
Ep 1358: R= 32.03  C= 78.00  len=500
Ep 1359: R= 38.52  C= 82.00  len=500
Ep 1360: R= 32.18  C= 75.00  len=500
Ep 1361: R= 38.13  C=129.00  len=500
Ep 1362: R= 44.39  C=150.00  len=500
Ep 1363: R= 36.76  C=105.00  len=500
Ep 1364: R= 44.41  C=144.00  len=500
Ep 1365: R= 41.32  C=137.00  len=500
Ep 1366: R= 41.96  C=161.00  len=500
Ep 1367: R= 35.10  C= 79.00  len=500
Ep 1368: R= 36.52  C= 94.00  len=500
Ep 1369: R= 42.71  C=138.00  len=500
Ep 1370: R= 44.12  C=161.00  len=500
Ep 1371: R= 45.42  C=145.00  len=500
Ep 1372: R= 44.82  C=162.00  len=500
Ep 1373: R= 44.18  C=150.00  len=500
Ep 1374: R= 41.29  C=151.00  len=500
Ep 1375: R= 23.33  C= 37.00  len=500
Ep 1376: R= 34.60  C= 98.00  len=500
Ep 1377: R= 31.87  C=100.00  len=500
Ep 1378: R= 41.41  C=111.00  len=500
Ep 1379: R= 43.22  C=141.00  len=500
Ep 1380: R= 32.62  C=103.00  len=500
Ep 1381: R= 29.53  C= 70.00  len=500
Ep 1382: R= 34.83  C= 79.00  len=500
Ep 1383: R= 42.42  C=157.00  len=500
Ep 1384: R= 33.40  C= 97.00  len=500
Ep 1385: R= 42.96  C=155.00  len=500
Ep 1386: R= 37.15  C=115.00  len=500
Ep 1387: R= 39.43  C=121.00  len=500
Ep 1388: R= 29.75  C= 88.00  len=500
Ep 1389: R= 42.46  C=135.00  len=500
Ep 1390: R= 31.20  C= 96.00  len=500
Ep 1391: R= 26.15  C=  5.00  len=500
Ep 1392: R= 44.43  C=156.00  len=500
Ep 1393: R= 36.52  C=103.00  len=500
Ep 1394: R= 34.18  C=102.00  len=500
Ep 1395: R= 28.80  C= 67.00  len=500
Ep 1396: R= 34.13  C= 78.00  len=500
Ep 1397: R= 33.60  C= 96.00  len=500
Ep 1398: R= 41.80  C=139.00  len=500
Ep 1399: R= 32.75  C= 71.00  len=500
Ep 1400: R= 44.47  C=149.00  len=500
Ep 1401: R= 24.54  C=  0.00  len=500
Ep 1402: R= 41.79  C=162.00  len=500
Ep 1403: R= 34.42  C= 58.00  len=500
Ep 1404: R= 35.44  C= 91.00  len=500
Ep 1405: R= 31.25  C= 70.00  len=500
Ep 1406: R= 32.30  C= 72.00  len=500
Ep 1407: R= 37.18  C= 95.00  len=500
Ep 1408: R= 43.99  C=167.00  len=500
Ep 1409: R= 35.01  C= 85.00  len=500
Ep 1410: R= 36.28  C=102.00  len=500
Ep 1411: R= 37.07  C=103.00  len=500
Ep 1412: R= 46.38  C=295.00  len=500
Ep 1413: R= 29.92  C= 83.00  len=500
Ep 1414: R= 22.81  C=  0.00  len=500
Ep 1415: R= 37.61  C= 86.00  len=500
Ep 1416: R= 40.31  C=144.00  len=500
Ep 1417: R= 35.62  C=105.00  len=500
Ep 1418: R= 27.02  C= 52.00  len=500
Ep 1419: R= 34.22  C=108.00  len=500
Ep 1420: R= 45.30  C=192.00  len=500
Ep 1421: R= 29.82  C= 81.00  len=500
Ep 1422: R= 34.10  C= 77.00  len=500
Ep 1423: R= 44.67  C=172.00  len=500
Ep 1424: R= 36.43  C=114.00  len=500
Ep 1425: R= 42.60  C=143.00  len=500
Ep 1426: R= 43.45  C=141.00  len=500
Ep 1427: R= 40.28  C=121.00  len=500
Ep 1428: R= 20.89  C=  0.00  len=500
Ep 1429: R= 39.70  C=104.00  len=500
Ep 1430: R= 36.44  C= 92.00  len=500
Ep 1431: R= 25.17  C=  0.00  len=500
Ep 1432: R= 40.74  C=105.00  len=500
Ep 1433: R= 43.31  C=151.00  len=500
Ep 1434: R= 34.06  C= 88.00  len=500
Ep 1435: R= 43.95  C=161.00  len=500
Ep 1436: R= 37.03  C=102.00  len=500
Ep 1437: R= 26.34  C= 55.00  len=500
Ep 1438: R= 37.68  C=110.00  len=500
Ep 1439: R= 32.64  C= 83.00  len=500
Ep 1440: R= 32.74  C= 91.00  len=500
Ep 1441: R= 35.52  C=111.00  len=500
Ep 1442: R= 44.56  C=157.00  len=500
Ep 1443: R= 24.86  C=  0.00  len=500
Ep 1444: R= 45.88  C=169.00  len=500
Ep 1445: R= 44.87  C=169.00  len=500
Ep 1446: R= 30.37  C= 31.00  len=500
Ep 1447: R= 42.37  C=122.00  len=500
Ep 1448: R= 24.23  C= 48.00  len=500
Ep 1449: R= 42.19  C=155.00  len=500
Ep 1450: R= 42.79  C=130.00  len=500
Ep 1451: R= 36.53  C=118.00  len=500
Ep 1452: R= 41.93  C=139.00  len=500
Ep 1453: R= 31.16  C= 86.00  len=500
Ep 1454: R= 48.09  C=211.00  len=500
Ep 1455: R= 49.71  C=270.00  len=500
Ep 1456: R= 43.83  C=150.00  len=500
Ep 1457: R= 36.85  C=112.00  len=500
Ep 1458: R= 42.51  C=138.00  len=500
Ep 1459: R= 34.78  C= 83.00  len=500
Ep 1460: R= 42.96  C=131.00  len=500
Ep 1461: R= 34.86  C= 87.00  len=500
Ep 1462: R= 38.27  C= 97.00  len=500
Ep 1463: R= 35.31  C= 87.00  len=500
Ep 1464: R= 34.41  C=106.00  len=500
Ep 1465: R= 31.26  C= 79.00  len=500
Ep 1466: R= 43.71  C=161.00  len=500
Ep 1467: R= 29.11  C= 74.00  len=500
Ep 1468: R= 37.00  C=113.00  len=500
Ep 1469: R= 42.77  C=142.00  len=500
Ep 1470: R= 45.37  C=145.00  len=500
Ep 1471: R= 13.39  C=  0.00  len=500
Ep 1472: R= 23.32  C=  0.00  len=500
Ep 1473: R= 44.43  C=145.00  len=500
Ep 1474: R= 34.42  C= 87.00  len=500
Ep 1475: R= 35.59  C=102.00  len=500
Ep 1476: R= 34.37  C=109.00  len=500
Ep 1477: R= 34.86  C= 84.00  len=500
Ep 1478: R= 40.67  C=153.00  len=500
Ep 1479: R= 31.26  C= 85.00  len=500
Ep 1480: R= 26.27  C= 44.00  len=500
Ep 1481: R= 33.49  C= 89.00  len=500
Ep 1482: R= 40.86  C=145.00  len=500
Ep 1483: R= 35.43  C= 81.00  len=500
Ep 1484: R= 44.31  C=180.00  len=500
Ep 1485: R= 30.44  C= 67.00  len=500
Ep 1486: R= 20.88  C= 29.00  len=500
Ep 1487: R= 44.75  C=186.00  len=500
Ep 1488: R= 32.27  C= 83.00  len=500
Ep 1489: R= 38.55  C=129.00  len=500
Ep 1490: R= 43.67  C=146.00  len=500
Ep 1491: R= 30.96  C= 72.00  len=500
Ep 1492: R= 42.55  C=136.00  len=500
Ep 1493: R= 43.79  C=157.00  len=500
Ep 1494: R= 22.13  C=  0.00  len=500
Ep 1495: R= 21.62  C=  0.00  len=500
Ep 1496: R= 37.09  C= 98.00  len=500
Ep 1497: R= 37.20  C=128.00  len=500
Ep 1498: R= 43.36  C=133.00  len=500
Ep 1499: R= 33.13  C=108.00  len=500
Ep 1500: R= 44.91  C=145.00  len=500
Ep 1501: R= 42.53  C=140.00  len=500
Ep 1502: R= 22.50  C=  0.00  len=500
Ep 1503: R= 28.76  C= 55.00  len=500
Ep 1504: R= 32.63  C= 81.00  len=500
Ep 1505: R= 42.13  C=123.00  len=500
Ep 1506: R= 44.11  C=152.00  len=500
Ep 1507: R= 36.15  C= 97.00  len=500
Ep 1508: R= 42.85  C=137.00  len=500
Ep 1509: R= 31.93  C= 89.00  len=500
Ep 1510: R= 37.37  C=117.00  len=500
Ep 1511: R= 41.56  C=118.00  len=500
Ep 1512: R= 32.82  C= 91.00  len=500
Ep 1513: R= 48.64  C=292.00  len=500
Ep 1514: R= 27.32  C= 86.00  len=500
Ep 1515: R= 31.77  C=106.00  len=500
Ep 1516: R= 30.50  C= 73.00  len=500
Ep 1517: R= 47.53  C=215.00  len=500
Ep 1518: R= 37.69  C=105.00  len=500
Ep 1519: R= 41.96  C=121.00  len=500
Ep 1520: R= 48.63  C=303.00  len=500
Ep 1521: R= 36.64  C=103.00  len=500
Ep 1522: R= 37.01  C=125.00  len=500
Ep 1523: R= 41.76  C=122.00  len=500
Ep 1524: R= 41.83  C=137.00  len=500
Ep 1525: R= 42.17  C=137.00  len=500
Ep 1526: R= 25.88  C= 59.00  len=500
Ep 1527: R= 41.95  C=125.00  len=500
Ep 1528: R= 35.09  C= 86.00  len=500
Ep 1529: R= 33.05  C= 75.00  len=500
Ep 1530: R= 42.83  C=140.00  len=500
Ep 1531: R= 44.53  C=175.00  len=500
Ep 1532: R= 36.49  C=105.00  len=500
Ep 1533: R= 46.27  C=182.00  len=500
Ep 1534: R= 29.74  C=111.00  len=500
Ep 1535: R= 41.74  C=132.00  len=500
Ep 1536: R= 35.67  C= 86.00  len=500
Ep 1537: R= 44.17  C=151.00  len=500
Ep 1538: R= 38.09  C= 94.00  len=500
Ep 1539: R= 33.56  C=173.00  len=500
Ep 1540: R= 35.96  C= 96.00  len=500
Ep 1541: R= 37.66  C=109.00  len=500
Ep 1542: R= 34.68  C=109.00  len=500
Ep 1543: R= 36.61  C=101.00  len=500
Ep 1544: R= 43.44  C=272.00  len=500
Ep 1545: R= 33.37  C=102.00  len=500
Ep 1546: R= 34.88  C=115.00  len=500
Ep 1547: R= 35.30  C= 98.00  len=500
Ep 1548: R= 44.71  C=139.00  len=500
Ep 1549: R= 43.74  C=147.00  len=500
Ep 1550: R= 32.06  C= 87.00  len=500
Ep 1551: R= 34.09  C= 81.00  len=500
Ep 1552: R= 50.80  C=320.00  len=500
Ep 1553: R= 21.36  C=  0.00  len=500
Ep 1554: R= 42.74  C=145.00  len=500
Ep 1555: R= 43.24  C=144.00  len=500
Ep 1556: R= 34.59  C=110.00  len=500
Ep 1557: R= 34.01  C= 78.00  len=500
Ep 1558: R= 35.34  C= 86.00  len=500
Ep 1559: R= 29.68  C= 63.00  len=500
Ep 1560: R= 23.23  C= 41.00  len=500
Ep 1561: R= 35.37  C= 82.00  len=500
Ep 1562: R= 44.74  C=152.00  len=500
Ep 1563: R= 30.78  C= 70.00  len=500
Ep 1564: R= 30.15  C= 69.00  len=500
Ep 1565: R= 45.23  C=256.00  len=500
Ep 1566: R= 37.14  C=102.00  len=500
Ep 1567: R= 43.75  C=137.00  len=500
Ep 1568: R= 20.17  C=  0.00  len=500
Ep 1569: R= 32.66  C=102.00  len=500
Ep 1570: R= 43.10  C=124.00  len=500
Ep 1571: R= 36.66  C= 96.00  len=500
Ep 1572: R= 37.47  C=108.00  len=500
Ep 1573: R= 43.38  C=142.00  len=500
Ep 1574: R= 48.25  C=215.00  len=500
Ep 1575: R= 18.20  C=  0.00  len=500
Ep 1576: R= 38.13  C=123.00  len=500
Ep 1577: R= 45.56  C=147.00  len=500
Ep 1578: R= 32.54  C= 97.00  len=500
Ep 1579: R= 36.47  C= 99.00  len=500
Ep 1580: R= 42.24  C=154.00  len=500
Ep 1581: R= 25.46  C=  0.00  len=500
Ep 1582: R= 29.84  C= 84.00  len=500
Ep 1583: R= 44.95  C=167.00  len=500
Ep 1584: R= 31.43  C= 48.00  len=500
Ep 1585: R= 42.63  C=139.00  len=500
Ep 1586: R= 43.91  C=154.00  len=500
Ep 1587: R= 43.84  C=114.00  len=500
Ep 1588: R= 36.04  C= 89.00  len=500
Ep 1589: R= 35.91  C=109.00  len=500
Ep 1590: R= 45.56  C=151.00  len=500
Ep 1591: R= 33.06  C= 72.00  len=500
Ep 1592: R= 20.90  C=  0.00  len=500
Ep 1593: R= 34.50  C=103.00  len=500
Ep 1594: R= 33.63  C= 98.00  len=500
Ep 1595: R= 48.24  C=211.00  len=500
Ep 1596: R= 34.50  C=101.00  len=500
Ep 1597: R= 42.46  C=137.00  len=500
Ep 1598: R= 21.27  C=  0.00  len=500
Ep 1599: R= 42.60  C=156.00  len=500
Ep 1600: R= 38.39  C= 90.00  len=500
Ep 1601: R= 43.49  C=235.00  len=500
Ep 1602: R= 41.72  C=183.00  len=500
Ep 1603: R= 42.79  C=148.00  len=500
Ep 1604: R= 42.84  C=125.00  len=500
Ep 1605: R= 45.30  C=169.00  len=500
Ep 1606: R= 36.72  C=104.00  len=500
Ep 1607: R= 35.12  C= 86.00  len=500
Ep 1608: R= 34.76  C= 83.00  len=500
Ep 1609: R= 43.00  C=144.00  len=500
Ep 1610: R= 43.30  C=164.00  len=500
Ep 1611: R= 25.38  C=  7.00  len=500
Ep 1612: R= 31.83  C= 36.00  len=500
Ep 1613: R= 35.06  C= 91.00  len=500
Ep 1614: R= 45.63  C=166.00  len=500
Ep 1615: R= 21.59  C=  0.00  len=500
Ep 1616: R= 37.02  C=124.00  len=500
Ep 1617: R= 42.60  C=156.00  len=500
Ep 1618: R= 21.74  C=  0.00  len=500
Ep 1619: R= 39.35  C=124.00  len=500
Ep 1620: R= 36.11  C= 97.00  len=500
Ep 1621: R= 45.82  C=250.00  len=500
Ep 1622: R= 42.92  C=138.00  len=500
Ep 1623: R= 43.25  C=138.00  len=500
Ep 1624: R= 37.40  C=114.00  len=500
Ep 1625: R= 38.83  C=117.00  len=500
Ep 1626: R= 44.95  C=157.00  len=500
Ep 1627: R= 35.45  C=103.00  len=500
Ep 1628: R= 42.40  C=163.00  len=500
Ep 1629: R= 31.21  C= 77.00  len=500
Ep 1630: R= 34.97  C= 85.00  len=500
Ep 1631: R= 41.79  C=122.00  len=500
Ep 1632: R= 42.90  C=160.00  len=500
Ep 1633: R= 42.10  C=136.00  len=500
Ep 1634: R= 30.91  C=110.00  len=500
Ep 1635: R= 31.05  C= 61.00  len=500
Ep 1636: R= 23.40  C= 41.00  len=500
Ep 1637: R= 35.51  C=105.00  len=500
Ep 1638: R= 20.39  C=  0.00  len=500
Ep 1639: R= 42.84  C=134.00  len=500
Ep 1640: R= 43.19  C=133.00  len=500
Ep 1641: R= 47.47  C=218.00  len=500
Ep 1642: R= 28.59  C= 73.00  len=500
Ep 1643: R= 30.75  C= 78.00  len=500
Ep 1644: R= 41.62  C=130.00  len=500
Ep 1645: R= 23.12  C=  0.00  len=500
Ep 1646: R= 34.49  C= 85.00  len=500
Ep 1647: R= 33.38  C= 96.00  len=500
Ep 1648: R= 33.35  C=105.00  len=500
Ep 1649: R= 32.06  C=100.00  len=500
Ep 1650: R= 35.37  C= 84.00  len=500
Ep 1651: R= 34.04  C= 88.00  len=500
Ep 1652: R= 21.02  C=  0.00  len=500
Ep 1653: R= 45.38  C=177.00  len=500
Ep 1654: R= 37.08  C=106.00  len=500
Ep 1655: R= 31.31  C= 83.00  len=500
Ep 1656: R= 34.70  C= 97.00  len=500
Ep 1657: R= 42.36  C=145.00  len=500
Ep 1658: R= 41.46  C=103.00  len=500
Ep 1659: R= 42.68  C=132.00  len=500
Ep 1660: R= 35.05  C= 74.00  len=500
Ep 1661: R= 34.84  C= 71.00  len=500
Ep 1662: R= 34.52  C= 95.00  len=500
Ep 1663: R= 45.92  C=169.00  len=500
Ep 1664: R= 25.21  C=  0.00  len=500
Ep 1665: R= 38.76  C=118.00  len=500
Ep 1666: R= 29.46  C= 66.00  len=500
Ep 1667: R= 34.54  C=103.00  len=500
Ep 1668: R= 21.11  C=  0.00  len=500
Ep 1669: R= 36.41  C= 84.00  len=500
Ep 1670: R= 36.64  C=105.00  len=500
Ep 1671: R= 46.34  C=246.00  len=500
Ep 1672: R= 42.80  C=155.00  len=500
Ep 1673: R= 35.15  C=101.00  len=500
Ep 1674: R= 35.39  C= 69.00  len=500
Ep 1675: R= 44.59  C=129.00  len=500
Ep 1676: R= 34.76  C=118.00  len=500
Ep 1677: R= 43.57  C=196.00  len=500
Ep 1678: R= 43.23  C=139.00  len=500
Ep 1679: R= 35.37  C=103.00  len=500
Ep 1680: R= 47.89  C=213.00  len=500
Ep 1681: R= 43.68  C=117.00  len=500
Ep 1682: R= 36.83  C=109.00  len=500
Ep 1683: R= 44.05  C=151.00  len=500
Ep 1684: R= 30.22  C= 72.00  len=500
Ep 1685: R= 36.11  C=105.00  len=500
Ep 1686: R= 44.47  C=143.00  len=500
Ep 1687: R= 42.70  C=132.00  len=500
Ep 1688: R= 22.82  C= 43.00  len=500
Ep 1689: R= 33.54  C= 92.00  len=500
Ep 1690: R= 34.89  C= 88.00  len=500
Ep 1691: R= 33.47  C=100.00  len=500
Ep 1692: R= 35.19  C= 70.00  len=500
Ep 1693: R= 27.40  C=  0.00  len=500
Ep 1694: R= 43.25  C=151.00  len=500
Ep 1695: R= 46.20  C=179.00  len=500
Ep 1696: R= 41.34  C=127.00  len=500
Ep 1697: R= 44.50  C=148.00  len=500
Ep 1698: R= 46.29  C=228.00  len=500
Ep 1699: R= 37.31  C= 89.00  len=500
Ep 1700: R= 46.24  C=201.00  len=500
Ep 1701: R= 48.25  C=264.00  len=500
Ep 1702: R= 31.57  C= 78.00  len=500
Ep 1703: R= 45.66  C=182.00  len=500
Ep 1704: R= 42.61  C=131.00  len=500
Ep 1705: R= 43.44  C=131.00  len=500
Ep 1706: R= 34.36  C= 92.00  len=500
Ep 1707: R= 39.17  C=141.00  len=500
Ep 1708: R= 24.36  C=  0.00  len=500
Ep 1709: R= 44.96  C=166.00  len=500
Ep 1710: R= 44.27  C=300.00  len=500
Ep 1711: R= 35.50  C= 93.00  len=500
Ep 1712: R= 43.83  C=130.00  len=500
Ep 1713: R= 42.85  C=141.00  len=500
Ep 1714: R= 29.18  C= 92.00  len=500
Ep 1715: R= 35.75  C=101.00  len=500
Ep 1716: R= 32.90  C= 98.00  len=500
Ep 1717: R= 37.41  C=120.00  len=500
Ep 1718: R= 36.45  C=116.00  len=500
Ep 1719: R= 35.16  C=115.00  len=500
Ep 1720: R= 33.06  C= 76.00  len=500
Ep 1721: R= 44.69  C=132.00  len=500
Ep 1722: R= 43.13  C=145.00  len=500
Ep 1723: R= 37.33  C=117.00  len=500
Ep 1724: R= 42.61  C=158.00  len=500
Ep 1725: R= 38.20  C=104.00  len=500
Ep 1726: R= 37.45  C= 90.00  len=500
Ep 1727: R= 35.90  C=106.00  len=500
Ep 1728: R= 43.76  C=153.00  len=500
Ep 1729: R= 43.99  C=154.00  len=500
Ep 1730: R= 34.06  C= 90.00  len=500
Ep 1731: R= 33.04  C=103.00  len=500
Ep 1732: R= 33.01  C= 85.00  len=500
Ep 1733: R= 32.56  C= 86.00  len=500
Ep 1734: R= 35.44  C=113.00  len=500
Ep 1735: R= 32.06  C= 76.00  len=500
Ep 1736: R= 34.65  C= 82.00  len=500
Ep 1737: R= 46.28  C=165.00  len=500
Ep 1738: R= 36.37  C=115.00  len=500
Ep 1739: R= 37.79  C= 90.00  len=500
Ep 1740: R= 29.90  C= 64.00  len=500
Ep 1741: R= 42.38  C=133.00  len=500
Ep 1742: R= 35.42  C= 96.00  len=500
Ep 1743: R= 34.98  C= 82.00  len=500
Ep 1744: R= 43.74  C=145.00  len=500
Ep 1745: R= 37.37  C=109.00  len=500
Ep 1746: R= 41.90  C=273.00  len=500
Ep 1747: R= 38.67  C=159.00  len=500
Ep 1748: R= 36.37  C=105.00  len=500
Ep 1749: R= 38.20  C=135.00  len=500
Ep 1750: R= 35.79  C=106.00  len=500
Ep 1751: R= 32.26  C= 75.00  len=500
Ep 1752: R= 36.56  C=110.00  len=500
Ep 1753: R= 42.76  C=151.00  len=500
Ep 1754: R= 42.17  C=145.00  len=500
Ep 1755: R= 42.16  C=136.00  len=500
Ep 1756: R= 20.90  C=  0.00  len=500
Ep 1757: R= 45.05  C=171.00  len=500
Ep 1758: R= 42.83  C=129.00  len=500
Ep 1759: R= 37.31  C=106.00  len=500
Ep 1760: R= 31.95  C= 75.00  len=500
Ep 1761: R= 42.30  C=149.00  len=500
Ep 1762: R= 36.06  C=121.00  len=500
Ep 1763: R= 34.87  C= 94.00  len=500
Ep 1764: R= 44.43  C=150.00  len=500
Ep 1765: R= 47.26  C=235.00  len=500
Ep 1766: R= 42.68  C=141.00  len=500
Ep 1767: R= 36.61  C= 83.00  len=500
Ep 1768: R= 32.96  C=108.00  len=500
Ep 1769: R= 42.77  C=143.00  len=500
Ep 1770: R= 23.94  C=  0.00  len=500
Ep 1771: R= 38.56  C=133.00  len=500
Ep 1772: R= 35.53  C= 74.00  len=500
Ep 1773: R= 35.92  C= 83.00  len=500
Ep 1774: R= 37.10  C=113.00  len=500
Ep 1775: R= 35.50  C= 72.00  len=500
Ep 1776: R= 38.10  C=136.00  len=500
Ep 1777: R= 45.99  C=169.00  len=500
Ep 1778: R= 48.17  C=309.00  len=500
Ep 1779: R= 29.03  C= 66.00  len=500
Ep 1780: R= 33.66  C=102.00  len=500
Ep 1781: R= 35.62  C= 83.00  len=500
Ep 1782: R= 31.54  C= 91.00  len=500
Ep 1783: R= 34.94  C=107.00  len=500
Ep 1784: R= 29.02  C= 65.00  len=500
Ep 1785: R= 36.09  C= 93.00  len=500
Ep 1786: R= 43.70  C=151.00  len=500
Ep 1787: R= 35.27  C=103.00  len=500
Ep 1788: R= 45.85  C=169.00  len=500
Ep 1789: R= 24.25  C= 48.00  len=500
Ep 1790: R= 45.30  C=237.00  len=500
Ep 1791: R= 24.74  C= 18.00  len=500
Ep 1792: R= 36.29  C= 90.00  len=500
Ep 1793: R= 33.99  C=119.00  len=500
Ep 1794: R= 41.99  C=122.00  len=500
Ep 1795: R= 33.81  C=100.00  len=500
Ep 1796: R= 38.73  C=107.00  len=500
Ep 1797: R= 30.52  C= 42.00  len=500
Ep 1798: R= 36.39  C= 89.00  len=500
Ep 1799: R= 38.81  C=124.00  len=500
Ep 1800: R= 36.46  C= 91.00  len=500
Ep 1801: R= 35.23  C=103.00  len=500
Ep 1802: R= 33.01  C=106.00  len=500
Ep 1803: R= 43.17  C=123.00  len=500
Ep 1804: R= 30.11  C= 31.00  len=500
Ep 1805: R= 46.01  C=167.00  len=500
Ep 1806: R= 39.92  C=219.00  len=500
Ep 1807: R= 36.98  C=100.00  len=500
Ep 1808: R= 37.72  C=143.00  len=500
Ep 1809: R= 42.74  C=121.00  len=500
Ep 1810: R= 27.47  C= 75.00  len=500
Ep 1811: R= 39.83  C=127.00  len=500
Ep 1812: R= 47.21  C=208.00  len=500
Ep 1813: R= 49.14  C=273.00  len=500
Ep 1814: R= 42.29  C=141.00  len=500
Ep 1815: R= 35.33  C= 71.00  len=500
Ep 1816: R= 47.25  C=240.00  len=500
Ep 1817: R= 36.95  C=120.00  len=500
Ep 1818: R= 33.47  C=120.00  len=500
Ep 1819: R= 36.33  C= 85.00  len=500
Ep 1820: R= 43.80  C=163.00  len=500
Ep 1821: R= 42.72  C=154.00  len=500
Ep 1822: R= 36.90  C=125.00  len=500
Ep 1823: R= 44.42  C=162.00  len=500
Ep 1824: R= 30.51  C=100.00  len=500
Ep 1825: R= 44.25  C=156.00  len=500
Ep 1826: R= 32.28  C=103.00  len=500
Ep 1827: R= 42.04  C=116.00  len=500
Ep 1828: R= 22.14  C=  0.00  len=500
Ep 1829: R= 43.15  C=125.00  len=500
Ep 1830: R= 42.97  C=142.00  len=500
Ep 1831: R= 33.15  C= 86.00  len=500
Ep 1832: R= 43.59  C=160.00  len=500
Ep 1833: R= 33.95  C=111.00  len=500
Ep 1834: R= 42.93  C=153.00  len=500
Ep 1835: R= 44.23  C=155.00  len=500
Ep 1836: R= 43.54  C=181.00  len=500
Ep 1837: R= 41.57  C=119.00  len=500
Ep 1838: R= 43.38  C=141.00  len=500
Ep 1839: R= 22.69  C=  0.00  len=500
Ep 1840: R= 27.77  C= 66.00  len=500
Ep 1841: R= 44.61  C=167.00  len=500
Ep 1842: R= 43.72  C=141.00  len=500
Ep 1843: R= 40.51  C=131.00  len=500
Ep 1844: R= 52.51  C=357.00  len=500
Ep 1845: R= 42.01  C=123.00  len=500
Ep 1846: R= 31.91  C= 68.00  len=500
Ep 1847: R= 32.92  C= 77.00  len=500
Ep 1848: R= 29.87  C= 66.00  len=500
Ep 1849: R= 44.73  C=150.00  len=500
Ep 1850: R= 42.41  C=142.00  len=500
Ep 1851: R= 41.47  C=123.00  len=500
Ep 1852: R= 43.06  C=154.00  len=500
Ep 1853: R= 41.38  C=139.00  len=500
Ep 1854: R= 25.41  C=  0.00  len=500
Ep 1855: R= 22.18  C=  0.00  len=500
Ep 1856: R= 27.30  C= 57.00  len=500
Ep 1857: R= 26.65  C= 75.00  len=500
Ep 1858: R= 44.98  C=147.00  len=500
Ep 1859: R= 36.83  C= 99.00  len=500
Ep 1860: R= 43.86  C=145.00  len=500
Ep 1861: R= 38.09  C=113.00  len=500
Ep 1862: R= 38.26  C=106.00  len=500
Ep 1863: R= 42.19  C=138.00  len=500
Ep 1864: R= 38.29  C=114.00  len=500
Ep 1865: R= 43.33  C=131.00  len=500
Ep 1866: R= 34.95  C= 85.00  len=500
Ep 1867: R= 35.43  C=170.00  len=500
Ep 1868: R= 41.70  C=136.00  len=500
Ep 1869: R= 42.27  C=146.00  len=500
Ep 1870: R= 36.00  C=116.00  len=500
Ep 1871: R= 41.43  C=126.00  len=500
Ep 1872: R= 29.49  C= 75.00  len=500
Ep 1873: R= 32.35  C=113.00  len=500
Ep 1874: R= 34.06  C=108.00  len=500
Ep 1875: R= 34.36  C= 88.00  len=500
Ep 1876: R= 42.36  C=138.00  len=500
Ep 1877: R= 33.68  C= 96.00  len=500
Ep 1878: R= 42.87  C=127.00  len=500
Ep 1879: R= 43.44  C=177.00  len=500
Ep 1880: R= 36.45  C=113.00  len=500
Ep 1881: R= 43.76  C=139.00  len=500
Ep 1882: R= 36.40  C=120.00  len=500
Ep 1883: R= 33.80  C= 99.00  len=500
Ep 1884: R= 36.20  C=104.00  len=500
Ep 1885: R= 33.24  C= 90.00  len=500
Ep 1886: R= 29.64  C= 68.00  len=500
Ep 1887: R= 46.11  C=196.00  len=500
Ep 1888: R= 32.24  C= 98.00  len=500
Ep 1889: R= 21.30  C=  0.00  len=500
Ep 1890: R= 26.50  C= 70.00  len=500
Ep 1891: R= 43.86  C=145.00  len=500
Ep 1892: R= 36.82  C=109.00  len=500
Ep 1893: R= 46.56  C=162.00  len=500
Ep 1894: R= 34.46  C= 90.00  len=500
Ep 1895: R= 32.43  C=101.00  len=500
Ep 1896: R= 40.19  C=109.00  len=500
Ep 1897: R= 44.78  C=155.00  len=500
Ep 1898: R= 35.89  C= 93.00  len=500
Ep 1899: R= 33.63  C=115.00  len=500
Ep 1900: R= 41.58  C=143.00  len=500
Ep 1901: R= 43.36  C=163.00  len=500
Ep 1902: R= 11.22  C=  7.00  len=500
Ep 1903: R= 29.14  C= 98.00  len=500
Ep 1904: R= 29.94  C= 51.00  len=500
Ep 1905: R= 33.16  C=111.00  len=500
Ep 1906: R= 43.03  C=111.00  len=500
Ep 1907: R= 42.22  C=124.00  len=500
Ep 1908: R= 31.96  C= 84.00  len=500
Ep 1909: R= 24.26  C=  0.00  len=500
Ep 1910: R= 45.76  C=162.00  len=500
Ep 1911: R= 41.95  C=127.00  len=500
Ep 1912: R= 45.14  C=158.00  len=500
Ep 1913: R= 42.94  C=150.00  len=500
Ep 1914: R= 35.70  C=109.00  len=500
Ep 1915: R= 41.53  C=106.00  len=500
Ep 1916: R= 33.69  C= 96.00  len=500
Ep 1917: R= 44.59  C=145.00  len=500
Ep 1918: R= 27.85  C=  0.00  len=500
Ep 1919: R= 31.68  C=103.00  len=500
Ep 1920: R= 20.53  C=  0.00  len=500
Ep 1921: R= 36.29  C= 91.00  len=500
Ep 1922: R= 25.88  C=  0.00  len=500
Ep 1923: R= 39.45  C=142.00  len=500
Ep 1924: R= 35.92  C= 87.00  len=500
Ep 1925: R= 36.64  C=111.00  len=500
Ep 1926: R= 36.36  C= 92.00  len=500
Ep 1927: R= 33.50  C= 72.00  len=500
Ep 1928: R= 42.97  C=155.00  len=500
Ep 1929: R= 43.24  C=151.00  len=500
Ep 1930: R= 28.16  C= 24.00  len=500
Ep 1931: R= 37.83  C=103.00  len=500
Ep 1932: R= 31.46  C= 83.00  len=500
Ep 1933: R= 31.17  C= 94.00  len=500
Ep 1934: R= 49.62  C=318.00  len=500
Ep 1935: R= 18.01  C= 19.00  len=500
Ep 1936: R= 36.00  C=128.00  len=500
Ep 1937: R= 36.03  C= 79.00  len=500
Ep 1938: R= 37.78  C=118.00  len=500
Ep 1939: R= 35.13  C= 60.00  len=500
Ep 1940: R= 45.14  C=149.00  len=500
Ep 1941: R= 42.54  C=141.00  len=500
Ep 1942: R= 14.90  C= 21.00  len=500
Ep 1943: R= 42.18  C=138.00  len=500
Ep 1944: R= 31.78  C= 80.00  len=500
Ep 1945: R= 44.44  C=147.00  len=500
Ep 1946: R= 33.96  C= 78.00  len=500
Ep 1947: R= 32.35  C= 69.00  len=500
Ep 1948: R= 35.07  C= 92.00  len=500
Ep 1949: R= 31.36  C= 93.00  len=500
Ep 1950: R= 20.53  C=  0.00  len=500
Ep 1951: R= 32.37  C= 89.00  len=500
Ep 1952: R= 32.69  C=119.00  len=500
Ep 1953: R= 38.45  C=116.00  len=500
Ep 1954: R= 44.46  C=148.00  len=500
Ep 1955: R= 46.55  C=188.00  len=500
Ep 1956: R= 44.09  C=151.00  len=500
Ep 1957: R= 45.75  C=227.00  len=500
Ep 1958: R= 42.18  C=157.00  len=500
Ep 1959: R= 39.91  C=225.00  len=500
Ep 1960: R= 21.90  C=  0.00  len=500
Ep 1961: R= 34.80  C=104.00  len=500
Ep 1962: R= 30.06  C= 71.00  len=500
Ep 1963: R= 37.54  C=112.00  len=500
Ep 1964: R= 44.21  C=151.00  len=500
Ep 1965: R= 26.98  C=  0.00  len=500
Ep 1966: R= 37.40  C=131.00  len=500
Ep 1967: R= 37.38  C=115.00  len=500
Ep 1968: R= 42.58  C=152.00  len=500
Ep 1969: R= 20.98  C=  0.00  len=500
Ep 1970: R= 35.69  C=113.00  len=500
Ep 1971: R= 34.09  C= 84.00  len=500
Ep 1972: R= 27.85  C= 82.00  len=500
Ep 1973: R= 28.50  C= 10.00  len=500
Ep 1974: R= 41.98  C=114.00  len=500
Ep 1975: R= 43.52  C=152.00  len=500
Ep 1976: R= 21.73  C=  0.00  len=500
Ep 1977: R= 45.21  C=218.00  len=500
Ep 1978: R= 33.25  C= 91.00  len=500
Ep 1979: R= 29.03  C= 64.00  len=500
Ep 1980: R= 34.76  C= 80.00  len=500
Ep 1981: R= 42.06  C=154.00  len=500
Ep 1982: R= 35.67  C= 76.00  len=500
Ep 1983: R= 37.83  C=118.00  len=500
Ep 1984: R= 16.52  C=  0.00  len=500
Ep 1985: R= 46.11  C=158.00  len=500
Ep 1986: R= 36.59  C=130.00  len=500
Ep 1987: R= 32.93  C=105.00  len=500
Ep 1988: R= 32.33  C= 85.00  len=500
Ep 1989: R= 35.34  C= 96.00  len=500
Ep 1990: R= 25.16  C=  0.00  len=500
Ep 1991: R= 32.80  C= 75.00  len=500
Ep 1992: R= 36.18  C= 96.00  len=500
Ep 1993: R= 32.41  C= 99.00  len=500
Ep 1994: R= 45.08  C=168.00  len=500
Ep 1995: R= 33.79  C= 84.00  len=500
Ep 1996: R= 22.87  C=  0.00  len=500
Ep 1997: R= 27.85  C= 73.00  len=500
Ep 1998: R= 41.84  C=108.00  len=500
Ep 1999: R= 45.46  C=188.00  len=500

Avg Reward: 36.94 | Avg Cost: 111.52 | Normalized Cost: 4.461 | Violation > 25: 92.50%
