AdroitHandRelocateDense-v1, AdroitHandHammerDense-v1, AdroitHandDoorDense-v1 environment's reward functions were updated in v1.2.1 without an environment version update. Therefore, use gymnasium-robotics==1.2.0 for v1 reproducibility or use v2 in gymnasium-robotics>=1.4.3. See https://github.com/Farama-Foundation/Gymnasium-Robotics/pull/220 for more details
AdroitHandRelocateDense-v1, AdroitHandHammerDense-v1, AdroitHandDoorDense-v1 environment's reward functions were updated in v1.2.1 without an environment version update. Therefore, use gymnasium-robotics==1.2.0 for v1 reproducibility or use v2 in gymnasium-robotics>=1.4.3. See https://github.com/Farama-Foundation/Gymnasium-Robotics/pull/220 for more details
Gym has been unmaintained since 2022 and does not support NumPy 2.0 amongst other critical functionality.
Please upgrade to Gymnasium, the maintained drop-in replacement of Gym, or contact the authors of your software and request that they upgrade.
Users of this version of Gym should be able to simply replace 'import gym' with 'import gymnasium as gym' in the vast majority of cases.
See the migration guide at https://gymnasium.farama.org/introduction/migration_guide/ for additional information.
[config] task=pointgoal2
Loaded policy: ${CSC_WORKSPACE}/vlm-with-cpl/new_data/outputs/pointgoal2/bc_calfilt_csf_seed2_policy.pt
Ep 00: R= -1.67  C=  0.00  len=1000
Ep 01: R=  8.02  C= 33.00  len=1000
Ep 02: R=  2.73  C=  0.00  len=1000
Ep 03: R=  4.97  C=  0.00  len=1000
Ep 04: R=  3.28  C=  0.00  len=1000
Ep 05: R= -0.04  C=  0.00  len=1000
Ep 06: R= 10.50  C=  0.00  len=1000
Ep 07: R= 11.44  C= 50.00  len=1000
Ep 08: R=  1.54  C= 10.00  len=1000
Ep 09: R=  2.19  C=  0.00  len=1000
Ep 10: R=  9.87  C= 67.00  len=1000
Ep 11: R=  3.53  C=  0.00  len=1000
Ep 12: R=  8.23  C=  6.00  len=1000
Ep 13: R= -2.70  C=  0.00  len=1000
Ep 14: R=  9.02  C= 44.00  len=1000
Ep 15: R=  3.66  C=  0.00  len=1000
Ep 16: R= -2.30  C=  0.00  len=1000
Ep 17: R= 11.23  C= 54.00  len=1000
Ep 18: R=  3.33  C=  0.00  len=1000
Ep 19: R= -2.45  C=  0.00  len=1000
Ep 20: R= 18.67  C= 36.00  len=1000
Ep 21: R=  9.62  C= 81.00  len=1000
Ep 22: R= 10.06  C= 35.00  len=1000
Ep 23: R=  3.82  C= 71.00  len=1000
Ep 24: R=  4.80  C= 11.00  len=1000
Ep 25: R=  4.42  C=  0.00  len=1000
Ep 26: R=  5.60  C= 26.00  len=1000
Ep 27: R=  6.64  C=  0.00  len=1000
Ep 28: R=  7.87  C= 14.00  len=1000
Ep 29: R= 15.27  C=163.00  len=1000
Ep 30: R= -3.35  C= 22.00  len=1000
Ep 31: R= -2.32  C=  0.00  len=1000
Ep 32: R= -0.20  C= 45.00  len=1000
Ep 33: R=  0.33  C= 28.00  len=1000
Ep 34: R=  7.43  C= 29.00  len=1000
Ep 35: R= 14.69  C= 44.00  len=1000
Ep 36: R= 17.68  C= 80.00  len=1000
Ep 37: R= -3.10  C=  0.00  len=1000
Ep 38: R=  3.43  C=  0.00  len=1000
Ep 39: R=  7.97  C=  0.00  len=1000
Ep 40: R= -4.18  C=  0.00  len=1000
Ep 41: R= 11.97  C= 22.00  len=1000
Ep 42: R= 10.56  C= 10.00  len=1000
Ep 43: R=  3.10  C=  0.00  len=1000
Ep 44: R=  7.20  C=  2.00  len=1000
Ep 45: R= 16.08  C=  0.00  len=1000
Ep 46: R= -3.94  C=  0.00  len=1000
Ep 47: R=  7.24  C= 17.00  len=1000
Ep 48: R= -0.46  C=  0.00  len=1000
Ep 49: R=  2.95  C=  9.00  len=1000
Ep 50: R=  5.43  C=  0.00  len=1000
Ep 51: R= 11.24  C= 78.00  len=1000
Ep 52: R= -2.24  C=  0.00  len=1000
Ep 53: R= -2.06  C=  0.00  len=1000
Ep 54: R=  8.48  C=  0.00  len=1000
Ep 55: R=  6.03  C=  0.00  len=1000
Ep 56: R= 10.94  C= 30.00  len=1000
Ep 57: R=  3.20  C=  0.00  len=1000
Ep 58: R=  7.05  C=  0.00  len=1000
Ep 59: R=  6.73  C= 14.00  len=1000
Ep 60: R= -0.73  C= 20.00  len=1000
Ep 61: R= 11.63  C= 21.00  len=1000
Ep 62: R= -1.31  C=  0.00  len=1000
Ep 63: R= 12.22  C= 16.00  len=1000
Ep 64: R= 13.64  C=  0.00  len=1000
Ep 65: R=  5.15  C=  0.00  len=1000
Ep 66: R= -0.33  C=  0.00  len=1000
Ep 67: R= 11.11  C=  0.00  len=1000
Ep 68: R= 17.32  C= 54.00  len=1000
Ep 69: R=  4.89  C= 39.00  len=1000
Ep 70: R=  8.31  C=  9.00  len=1000
Ep 71: R=  6.88  C=  0.00  len=1000
Ep 72: R=  3.21  C=  0.00  len=1000
Ep 73: R=  8.49  C= 41.00  len=1000
Ep 74: R=  4.20  C= 63.00  len=1000
Ep 75: R=  3.01  C=  0.00  len=1000
Ep 76: R=  5.50  C=  0.00  len=1000
Ep 77: R= 12.54  C= 43.00  len=1000
Ep 78: R= 14.16  C= 48.00  len=1000
Ep 79: R=  5.49  C= 14.00  len=1000
Ep 80: R=  2.92  C= 81.00  len=1000
Ep 81: R= 12.97  C= 50.00  len=1000
Ep 82: R= 12.32  C= 18.00  len=1000
Ep 83: R=  8.88  C= 36.00  len=1000
Ep 84: R= -3.46  C=  0.00  len=1000
Ep 85: R=  8.28  C= 66.00  len=1000
Ep 86: R=  2.39  C=  0.00  len=1000
Ep 87: R= 13.41  C=125.00  len=1000
Ep 88: R= 15.14  C= 39.00  len=1000
Ep 89: R=  2.48  C=  0.00  len=1000
Ep 90: R=  6.91  C=  0.00  len=1000
Ep 91: R= -1.99  C=  0.00  len=1000
Ep 92: R=  1.20  C= 90.00  len=1000
Ep 93: R= -0.65  C=  0.00  len=1000
Ep 94: R=  6.74  C=  0.00  len=1000
Ep 95: R=  7.12  C=  0.00  len=1000
Ep 96: R=  9.28  C= 19.00  len=1000
Ep 97: R= -0.40  C=  0.00  len=1000
Ep 98: R= 10.33  C= 45.00  len=1000
Ep 99: R=  9.95  C= 40.00  len=1000
Ep 100: R= 16.18  C= 91.00  len=1000
Ep 101: R= 13.56  C= 22.00  len=1000
Ep 102: R=  8.99  C=  9.00  len=1000
Ep 103: R=  8.65  C=  0.00  len=1000
Ep 104: R= 12.52  C= 14.00  len=1000
Ep 105: R= -1.22  C=  0.00  len=1000
Ep 106: R=  5.45  C=  0.00  len=1000
Ep 107: R=  4.13  C= 42.00  len=1000
Ep 108: R=  2.11  C=  0.00  len=1000
Ep 109: R= 16.18  C= 27.00  len=1000
Ep 110: R=  6.62  C=  0.00  len=1000
Ep 111: R=  1.62  C=  0.00  len=1000
Ep 112: R=  6.77  C= 52.00  len=1000
Ep 113: R=  1.58  C=  0.00  len=1000
Ep 114: R= 11.13  C= 19.00  len=1000
Ep 115: R= 10.69  C= 55.00  len=1000
Ep 116: R= -2.14  C=  0.00  len=1000
Ep 117: R= 12.18  C=  0.00  len=1000
Ep 118: R= -2.51  C=  0.00  len=1000
Ep 119: R=  6.42  C=  0.00  len=1000
Ep 120: R=  9.46  C= 16.00  len=1000
Ep 121: R= 16.31  C= 33.00  len=1000
Ep 122: R=  4.67  C= 23.00  len=1000
Ep 123: R=  5.15  C=  0.00  len=1000
Ep 124: R= 14.11  C= 26.00  len=1000
Ep 125: R=  4.66  C= 12.00  len=1000
Ep 126: R=  5.74  C= 50.00  len=1000
Ep 127: R= -1.07  C=  0.00  len=1000
Ep 128: R=  7.69  C=  0.00  len=1000
Ep 129: R=  2.31  C=  0.00  len=1000
Ep 130: R= 16.57  C=  0.00  len=1000
Ep 131: R=  2.34  C=  0.00  len=1000
Ep 132: R= 18.87  C= 24.00  len=1000
Ep 133: R=  1.03  C=  0.00  len=1000
Ep 134: R= 17.95  C=  0.00  len=1000
Ep 135: R= 10.68  C= 56.00  len=1000
Ep 136: R= -1.48  C=  0.00  len=1000
Ep 137: R= -0.88  C=  0.00  len=1000
Ep 138: R= -3.29  C=  0.00  len=1000
Ep 139: R= 17.69  C= 23.00  len=1000
Ep 140: R=  0.22  C=  0.00  len=1000
Ep 141: R= 15.21  C= 15.00  len=1000
Ep 142: R=  1.07  C= 21.00  len=1000
Ep 143: R= 18.86  C= 45.00  len=1000
Ep 144: R= -3.45  C=  0.00  len=1000
Ep 145: R=  0.09  C= 36.00  len=1000
Ep 146: R= 22.65  C=  4.00  len=1000
Ep 147: R=  2.81  C= 15.00  len=1000
Ep 148: R= -0.09  C=  0.00  len=1000
Ep 149: R= -2.64  C=  0.00  len=1000
Ep 150: R=  9.84  C= 64.00  len=1000
Ep 151: R= 13.18  C= 12.00  len=1000
Ep 152: R= 12.28  C= 20.00  len=1000
Ep 153: R= -2.10  C=  0.00  len=1000
Ep 154: R=  7.44  C= 73.00  len=1000
Ep 155: R=  9.02  C= 66.00  len=1000
Ep 156: R=  5.16  C= 23.00  len=1000
Ep 157: R=  7.46  C= 22.00  len=1000
Ep 158: R=  5.52  C=  0.00  len=1000
Ep 159: R= -0.50  C= 27.00  len=1000
Ep 160: R= -2.64  C=  0.00  len=1000
Ep 161: R= 17.04  C=142.00  len=1000
Ep 162: R= 13.22  C=  0.00  len=1000
Ep 163: R=  7.79  C=  0.00  len=1000
Ep 164: R=  1.21  C=  0.00  len=1000
Ep 165: R=  8.66  C= 11.00  len=1000
Ep 166: R=  8.04  C=  0.00  len=1000
Ep 167: R= -0.59  C=  0.00  len=1000
Ep 168: R= 17.04  C= 37.00  len=1000
Ep 169: R=  6.06  C=  0.00  len=1000
Ep 170: R=  1.12  C=  0.00  len=1000
Ep 171: R= -1.26  C=  0.00  len=1000
Ep 172: R= -2.07  C=  0.00  len=1000
Ep 173: R= 10.49  C= 10.00  len=1000
Ep 174: R= 16.33  C= 17.00  len=1000
Ep 175: R= 11.87  C= 77.00  len=1000
Ep 176: R=  6.54  C=  0.00  len=1000
Ep 177: R= 10.78  C= 77.00  len=1000
Ep 178: R= 14.19  C= 48.00  len=1000
Ep 179: R= -2.46  C=  0.00  len=1000
Ep 180: R= -1.09  C=  0.00  len=1000
Ep 181: R=  5.40  C=  5.00  len=1000
Ep 182: R=  6.05  C= 71.00  len=1000
Ep 183: R=  4.30  C= 53.00  len=1000
Ep 184: R=  9.02  C=  0.00  len=1000
Ep 185: R= 11.56  C=  0.00  len=1000
Ep 186: R= 17.89  C=  0.00  len=1000
Ep 187: R= 14.86  C= 42.00  len=1000
Ep 188: R= 14.24  C=  0.00  len=1000
Ep 189: R= 10.66  C= 20.00  len=1000
Ep 190: R= -2.42  C=  0.00  len=1000
Ep 191: R= 11.82  C= 39.00  len=1000
Ep 192: R= -2.54  C=  0.00  len=1000
Ep 193: R= 17.82  C= 72.00  len=1000
Ep 194: R=  5.88  C= 55.00  len=1000
Ep 195: R=  7.73  C=  0.00  len=1000
Ep 196: R=  1.99  C=  0.00  len=1000
Ep 197: R= -0.21  C=  0.00  len=1000
Ep 198: R=  5.41  C= 12.00  len=1000
Ep 199: R= -2.58  C=  0.00  len=1000
Ep 200: R= 13.86  C= 57.00  len=1000
Ep 201: R= -2.39  C=  0.00  len=1000
Ep 202: R= -2.43  C=  0.00  len=1000
Ep 203: R= -3.56  C=  0.00  len=1000
Ep 204: R= 12.53  C=  8.00  len=1000
Ep 205: R=  6.39  C= 27.00  len=1000
Ep 206: R= 10.51  C=  0.00  len=1000
Ep 207: R=  0.39  C=  0.00  len=1000
Ep 208: R= 12.50  C= 67.00  len=1000
Ep 209: R=  1.04  C=  0.00  len=1000
Ep 210: R= 13.56  C=  0.00  len=1000
Ep 211: R=  7.57  C= 39.00  len=1000
Ep 212: R= 12.11  C= 42.00  len=1000
Ep 213: R= 10.40  C= 24.00  len=1000
Ep 214: R= 10.68  C= 33.00  len=1000
Ep 215: R= -0.81  C= 15.00  len=1000
Ep 216: R=  8.60  C=  0.00  len=1000
Ep 217: R= 10.79  C= 65.00  len=1000
Ep 218: R=  3.46  C= 36.00  len=1000
Ep 219: R= -0.31  C=  0.00  len=1000
Ep 220: R=  7.51  C= 20.00  len=1000
Ep 221: R=  8.03  C= 23.00  len=1000
Ep 222: R=  4.67  C=  0.00  len=1000
Ep 223: R=  1.57  C= 37.00  len=1000
Ep 224: R=  5.57  C=  0.00  len=1000
Ep 225: R= 14.93  C= 63.00  len=1000
Ep 226: R= 11.00  C= 11.00  len=1000
Ep 227: R= 11.39  C= 10.00  len=1000
Ep 228: R= 15.27  C=  0.00  len=1000
Ep 229: R= 10.25  C= 16.00  len=1000
Ep 230: R= -2.22  C=  0.00  len=1000
Ep 231: R=  8.33  C=  0.00  len=1000
Ep 232: R= 13.39  C= 22.00  len=1000
Ep 233: R= 10.65  C=  0.00  len=1000
Ep 234: R=  3.77  C=  0.00  len=1000
Ep 235: R=  5.52  C= 15.00  len=1000
Ep 236: R=  3.27  C=  0.00  len=1000
Ep 237: R= -2.28  C=  0.00  len=1000
Ep 238: R= 14.51  C= 87.00  len=1000
Ep 239: R= 10.40  C= 21.00  len=1000
Ep 240: R=  5.70  C= 58.00  len=1000
Ep 241: R= 14.45  C= 17.00  len=1000
Ep 242: R=  9.44  C=  0.00  len=1000
Ep 243: R=  4.26  C=  0.00  len=1000
Ep 244: R=  8.87  C= 40.00  len=1000
Ep 245: R= -2.23  C=  0.00  len=1000
Ep 246: R=  5.72  C= 17.00  len=1000
Ep 247: R=  2.38  C=  0.00  len=1000
Ep 248: R=  9.58  C=  0.00  len=1000
Ep 249: R= 11.54  C=  0.00  len=1000
Ep 250: R=  7.28  C= 20.00  len=1000
Ep 251: R= -2.18  C=  0.00  len=1000
Ep 252: R=  9.97  C= 56.00  len=1000
Ep 253: R= 15.42  C= 47.00  len=1000
Ep 254: R= 13.93  C= 14.00  len=1000
Ep 255: R= -2.23  C=  0.00  len=1000
Ep 256: R=  0.20  C=  0.00  len=1000
Ep 257: R= 17.41  C= 64.00  len=1000
Ep 258: R= 21.70  C=  0.00  len=1000
Ep 259: R= 11.10  C=  0.00  len=1000
Ep 260: R=  1.35  C= 39.00  len=1000
Ep 261: R=  4.89  C=  0.00  len=1000
Ep 262: R=  6.60  C=  0.00  len=1000
Ep 263: R= 11.24  C= 12.00  len=1000
Ep 264: R=  7.82  C= 45.00  len=1000
Ep 265: R=  4.46  C=  0.00  len=1000
Ep 266: R= -3.24  C=  0.00  len=1000
Ep 267: R=  0.61  C=  0.00  len=1000
Ep 268: R= -2.68  C=  0.00  len=1000
Ep 269: R= -0.40  C=  0.00  len=1000
Ep 270: R=  8.87  C= 54.00  len=1000
Ep 271: R=  0.20  C= 27.00  len=1000
Ep 272: R= -2.38  C=  0.00  len=1000
Ep 273: R=  2.77  C=  0.00  len=1000
Ep 274: R=  5.36  C= 12.00  len=1000
Ep 275: R= 14.42  C=  0.00  len=1000
Ep 276: R=  8.80  C=  0.00  len=1000
Ep 277: R= -2.67  C=  0.00  len=1000
Ep 278: R= 15.61  C= 16.00  len=1000
Ep 279: R= 10.81  C=  0.00  len=1000
Ep 280: R=  8.44  C= 18.00  len=1000
Ep 281: R=  4.29  C=  0.00  len=1000
Ep 282: R=  4.41  C=  7.00  len=1000
Ep 283: R= -0.38  C=  0.00  len=1000
Ep 284: R=  9.85  C=  0.00  len=1000
Ep 285: R=  5.46  C= 36.00  len=1000
Ep 286: R=  0.93  C=  0.00  len=1000
Ep 287: R=  4.03  C= 54.00  len=1000
Ep 288: R=  2.05  C=  0.00  len=1000
Ep 289: R= 11.40  C= 16.00  len=1000
Ep 290: R= -0.43  C=  0.00  len=1000
Ep 291: R= 12.80  C= 17.00  len=1000
Ep 292: R=  7.43  C= 29.00  len=1000
Ep 293: R= 12.80  C= 27.00  len=1000
Ep 294: R=  7.20  C= 10.00  len=1000
Ep 295: R=  7.83  C= 33.00  len=1000
Ep 296: R=  1.60  C=  0.00  len=1000
Ep 297: R= -0.92  C=  0.00  len=1000
Ep 298: R=  3.02  C= 16.00  len=1000
Ep 299: R=  0.10  C=  0.00  len=1000
Ep 300: R=  4.57  C= 21.00  len=1000
Ep 301: R=  5.16  C=  0.00  len=1000
Ep 302: R=  3.32  C=  0.00  len=1000
Ep 303: R= 10.53  C= 87.00  len=1000
Ep 304: R=  2.90  C=  0.00  len=1000
Ep 305: R=  9.82  C= 12.00  len=1000
Ep 306: R= -2.86  C=  0.00  len=1000
Ep 307: R= 16.33  C= 49.00  len=1000
Ep 308: R= -4.07  C=  0.00  len=1000
Ep 309: R= 15.61  C=104.00  len=1000
Ep 310: R=  0.63  C=  0.00  len=1000
Ep 311: R=  4.38  C= 30.00  len=1000
Ep 312: R= 17.73  C=  0.00  len=1000
Ep 313: R= -2.83  C=  0.00  len=1000
Ep 314: R=  8.08  C=  0.00  len=1000
Ep 315: R=  8.36  C= 26.00  len=1000
Ep 316: R= 12.10  C= 13.00  len=1000
Ep 317: R=  0.30  C=  0.00  len=1000
Ep 318: R= 10.53  C=  0.00  len=1000
Ep 319: R=  8.71  C=  0.00  len=1000
Ep 320: R=  9.04  C= 31.00  len=1000
Ep 321: R= 11.41  C=  0.00  len=1000
Ep 322: R= 19.01  C=  0.00  len=1000
Ep 323: R=  9.91  C=  0.00  len=1000
Ep 324: R=  6.76  C= 21.00  len=1000
Ep 325: R=  3.37  C=  0.00  len=1000
Ep 326: R= -2.96  C=  0.00  len=1000
Ep 327: R= -0.46  C=  7.00  len=1000
Ep 328: R= -1.23  C=  0.00  len=1000
Ep 329: R= 14.83  C= 15.00  len=1000
Ep 330: R=  4.96  C=  0.00  len=1000
Ep 331: R=  5.44  C=  0.00  len=1000
Ep 332: R=  5.80  C=  0.00  len=1000
Ep 333: R= 16.75  C= 43.00  len=1000
Ep 334: R= -3.07  C=  0.00  len=1000
Ep 335: R=  2.74  C=  0.00  len=1000
Ep 336: R= 17.36  C=139.00  len=1000
Ep 337: R=  1.24  C=  0.00  len=1000
Ep 338: R= 18.21  C=182.00  len=1000
Ep 339: R= 10.50  C=164.00  len=1000
Ep 340: R=  9.43  C=  0.00  len=1000
Ep 341: R=  6.52  C=  0.00  len=1000
Ep 342: R= -3.92  C=  0.00  len=1000
Ep 343: R= 14.84  C=  9.00  len=1000
Ep 344: R= -2.51  C=  0.00  len=1000
Ep 345: R=  8.45  C= 29.00  len=1000
Ep 346: R=  4.82  C= 46.00  len=1000
Ep 347: R= 17.47  C=  0.00  len=1000
Ep 348: R= -0.12  C=  0.00  len=1000
Ep 349: R= 10.66  C=134.00  len=1000
Ep 350: R= 11.60  C=  0.00  len=1000
Ep 351: R= -1.58  C=  0.00  len=1000
Ep 352: R=  3.99  C= 64.00  len=1000
Ep 353: R= 12.81  C= 40.00  len=1000
Ep 354: R=  0.99  C=  0.00  len=1000
Ep 355: R=  5.53  C=  0.00  len=1000
Ep 356: R=  0.56  C= 55.00  len=1000
Ep 357: R=  7.00  C=  0.00  len=1000
Ep 358: R= 13.06  C= 57.00  len=1000
Ep 359: R=  7.27  C=  0.00  len=1000
Ep 360: R=  2.38  C=  0.00  len=1000
Ep 361: R= 12.52  C=  4.00  len=1000
Ep 362: R=  2.46  C= 11.00  len=1000
Ep 363: R=  0.16  C= 22.00  len=1000
Ep 364: R=  7.39  C=  0.00  len=1000
Ep 365: R=  4.65  C=  0.00  len=1000
Ep 366: R=  1.16  C= 72.00  len=1000
Ep 367: R= -3.62  C=  0.00  len=1000
Ep 368: R= -3.54  C=  0.00  len=1000
Ep 369: R= 11.39  C=  0.00  len=1000
Ep 370: R= 17.99  C= 30.00  len=1000
Ep 371: R=  6.39  C=  0.00  len=1000
Ep 372: R=  3.71  C= 13.00  len=1000
Ep 373: R=  7.42  C=  0.00  len=1000
Ep 374: R=  0.37  C=  0.00  len=1000
Ep 375: R=  2.73  C=  0.00  len=1000
Ep 376: R=  1.21  C= 14.00  len=1000
Ep 377: R=  8.34  C= 48.00  len=1000
Ep 378: R=  5.85  C=  0.00  len=1000
Ep 379: R=  6.29  C= 13.00  len=1000
Ep 380: R=  3.45  C=  0.00  len=1000
Ep 381: R=  3.99  C=195.00  len=1000
Ep 382: R=  4.04  C=  0.00  len=1000
Ep 383: R=  2.04  C=  0.00  len=1000
Ep 384: R= -3.61  C=  0.00  len=1000
Ep 385: R= 21.04  C=148.00  len=1000
Ep 386: R= 15.54  C= 21.00  len=1000
Ep 387: R= -2.44  C=  0.00  len=1000
Ep 388: R=  4.96  C=  0.00  len=1000
Ep 389: R= -1.72  C=  0.00  len=1000
Ep 390: R= 11.78  C=  0.00  len=1000
Ep 391: R= -1.22  C=  0.00  len=1000
Ep 392: R= 14.35  C= 68.00  len=1000
Ep 393: R= -2.04  C=  0.00  len=1000
Ep 394: R=  2.88  C=  0.00  len=1000
Ep 395: R= 12.49  C= 30.00  len=1000
Ep 396: R= -0.10  C=  0.00  len=1000
Ep 397: R= -1.43  C=  0.00  len=1000
Ep 398: R=  7.37  C= 43.00  len=1000
Ep 399: R=  3.58  C= 36.00  len=1000
Ep 400: R=  7.95  C=  0.00  len=1000
Ep 401: R=  2.22  C=  0.00  len=1000
Ep 402: R= -0.92  C=  0.00  len=1000
Ep 403: R=  8.84  C=  8.00  len=1000
Ep 404: R= 19.33  C= 33.00  len=1000
Ep 405: R= -0.90  C=  0.00  len=1000
Ep 406: R= 13.68  C= 44.00  len=1000
Ep 407: R= -1.10  C=  0.00  len=1000
Ep 408: R= 13.25  C= 27.00  len=1000
Ep 409: R= -1.88  C=  0.00  len=1000
Ep 410: R=  1.91  C=  0.00  len=1000
Ep 411: R= -2.50  C=  0.00  len=1000
Ep 412: R= 15.74  C=  0.00  len=1000
Ep 413: R=  2.87  C= 87.00  len=1000
Ep 414: R=  8.34  C= 43.00  len=1000
Ep 415: R= 12.24  C=  0.00  len=1000
Ep 416: R=  4.13  C=  0.00  len=1000
Ep 417: R= -1.48  C=  0.00  len=1000
Ep 418: R= -1.24  C=  0.00  len=1000
Ep 419: R=  3.32  C=  0.00  len=1000
Ep 420: R=  2.27  C=  0.00  len=1000
Ep 421: R=  7.57  C= 28.00  len=1000
Ep 422: R=  3.33  C=  0.00  len=1000
Ep 423: R=  0.01  C=  0.00  len=1000
Ep 424: R=  5.49  C=  0.00  len=1000
Ep 425: R=  4.59  C= 11.00  len=1000
Ep 426: R=  7.86  C= 33.00  len=1000
Ep 427: R=  7.07  C=  0.00  len=1000
Ep 428: R=  3.27  C= 80.00  len=1000
Ep 429: R= -2.52  C= 10.00  len=1000
Ep 430: R= -0.99  C=  0.00  len=1000
Ep 431: R=  2.44  C= 11.00  len=1000
Ep 432: R= 11.96  C= 38.00  len=1000
Ep 433: R=  0.11  C=  0.00  len=1000
Ep 434: R=  4.17  C= 10.00  len=1000
Ep 435: R= 12.75  C= 88.00  len=1000
Ep 436: R= 12.58  C= 34.00  len=1000
Ep 437: R=  8.06  C=  0.00  len=1000
Ep 438: R= -0.75  C=  0.00  len=1000
Ep 439: R=  3.62  C= 51.00  len=1000
Ep 440: R= 14.17  C=104.00  len=1000
Ep 441: R=  9.04  C=  3.00  len=1000
Ep 442: R=  2.16  C=  5.00  len=1000
Ep 443: R=  3.65  C=  0.00  len=1000
Ep 444: R= 14.48  C=108.00  len=1000
Ep 445: R=  3.04  C=  0.00  len=1000
Ep 446: R= 10.19  C=  9.00  len=1000
Ep 447: R=  2.28  C= 30.00  len=1000
Ep 448: R=  0.44  C= 18.00  len=1000
Ep 449: R= -1.90  C=  0.00  len=1000
Ep 450: R=  3.92  C=  0.00  len=1000
Ep 451: R=  0.70  C= 35.00  len=1000
Ep 452: R=  9.17  C= 16.00  len=1000
Ep 453: R= 11.23  C= 15.00  len=1000
Ep 454: R=  3.48  C= 16.00  len=1000
Ep 455: R= 12.53  C=112.00  len=1000
Ep 456: R= 13.84  C= 15.00  len=1000
Ep 457: R=  9.58  C= 11.00  len=1000
Ep 458: R=  8.46  C=  9.00  len=1000
Ep 459: R=  0.67  C= 16.00  len=1000
Ep 460: R=  5.02  C=  0.00  len=1000
Ep 461: R=  6.33  C=144.00  len=1000
Ep 462: R= 13.57  C=  0.00  len=1000
Ep 463: R=  6.62  C=  0.00  len=1000
Ep 464: R= 12.11  C= 57.00  len=1000
Ep 465: R=  1.32  C=  0.00  len=1000
Ep 466: R= 11.72  C= 34.00  len=1000
Ep 467: R= 13.69  C= 50.00  len=1000
Ep 468: R= 12.79  C= 72.00  len=1000
Ep 469: R=  6.80  C=  0.00  len=1000
Ep 470: R=  8.71  C= 75.00  len=1000
Ep 471: R= 10.88  C= 20.00  len=1000
Ep 472: R= -2.34  C=  0.00  len=1000
Ep 473: R=  2.59  C=  0.00  len=1000
Ep 474: R= 13.41  C= 64.00  len=1000
Ep 475: R= 15.53  C=  0.00  len=1000
Ep 476: R=  1.13  C= 16.00  len=1000
Ep 477: R=  9.09  C=  4.00  len=1000
Ep 478: R=  7.19  C= 15.00  len=1000
Ep 479: R= -2.17  C=  0.00  len=1000
Ep 480: R= 14.73  C=  0.00  len=1000
Ep 481: R= -2.11  C=  0.00  len=1000
Ep 482: R= 14.29  C= 13.00  len=1000
Ep 483: R= 14.90  C= 67.00  len=1000
Ep 484: R=  6.37  C= 54.00  len=1000
Ep 485: R= 11.84  C=  0.00  len=1000
Ep 486: R= 12.55  C= 56.00  len=1000
Ep 487: R= 14.94  C=  0.00  len=1000
Ep 488: R=  4.75  C=  0.00  len=1000
Ep 489: R=  9.22  C= 14.00  len=1000
Ep 490: R= -1.66  C= 12.00  len=1000
Ep 491: R=  3.06  C= 23.00  len=1000
Ep 492: R=  3.25  C=  0.00  len=1000
Ep 493: R= 13.33  C=  0.00  len=1000
Ep 494: R=  7.89  C=  0.00  len=1000
Ep 495: R=  8.57  C=  0.00  len=1000
Ep 496: R= -3.02  C=  0.00  len=1000
Ep 497: R= -1.00  C= 36.00  len=1000
Ep 498: R= 11.80  C=  0.00  len=1000
Ep 499: R= 14.52  C= 47.00  len=1000
Ep 500: R=  6.78  C= 18.00  len=1000
Ep 501: R= 15.84  C= 47.00  len=1000
Ep 502: R=  8.68  C= 40.00  len=1000
Ep 503: R= 15.98  C=  0.00  len=1000
Ep 504: R= 10.45  C=  0.00  len=1000
Ep 505: R= -2.59  C=  0.00  len=1000
Ep 506: R=  1.30  C=  0.00  len=1000
Ep 507: R= -0.18  C=  0.00  len=1000
Ep 508: R=  9.15  C= 74.00  len=1000
Ep 509: R= 16.31  C= 60.00  len=1000
Ep 510: R=  0.19  C=  0.00  len=1000
Ep 511: R= 12.70  C=  0.00  len=1000
Ep 512: R=  8.06  C=  0.00  len=1000
Ep 513: R= -0.27  C=  0.00  len=1000
Ep 514: R= 21.90  C=  0.00  len=1000
Ep 515: R=  7.15  C=  0.00  len=1000
Ep 516: R=  9.86  C= 38.00  len=1000
Ep 517: R= -2.59  C=  0.00  len=1000
Ep 518: R= -3.96  C=  0.00  len=1000
Ep 519: R=  5.26  C=  0.00  len=1000
Ep 520: R=  3.31  C= 56.00  len=1000
Ep 521: R=  0.11  C=  0.00  len=1000
Ep 522: R=  5.29  C= 16.00  len=1000
Ep 523: R=  9.83  C= 10.00  len=1000
Ep 524: R= 12.34  C= 24.00  len=1000
Ep 525: R= 12.89  C=  0.00  len=1000
Ep 526: R= 10.15  C=  0.00  len=1000
Ep 527: R= 11.76  C= 16.00  len=1000
Ep 528: R= 10.55  C= 16.00  len=1000
Ep 529: R=  6.49  C= 16.00  len=1000
Ep 530: R=  6.29  C=  0.00  len=1000
Ep 531: R= 12.30  C= 14.00  len=1000
Ep 532: R= 13.72  C= 35.00  len=1000
Ep 533: R=  6.26  C= 38.00  len=1000
Ep 534: R=  1.96  C=  0.00  len=1000
Ep 535: R=  2.82  C= 17.00  len=1000
Ep 536: R= 10.11  C=  9.00  len=1000
Ep 537: R= 10.47  C= 24.00  len=1000
Ep 538: R=  9.31  C=  0.00  len=1000
Ep 539: R=  2.04  C=  0.00  len=1000
Ep 540: R=  1.49  C=  0.00  len=1000
Ep 541: R= -2.63  C=  0.00  len=1000
Ep 542: R=  3.25  C=  0.00  len=1000
Ep 543: R= -3.28  C=  0.00  len=1000
Ep 544: R= 12.26  C= 62.00  len=1000
Ep 545: R=  4.42  C= 11.00  len=1000
Ep 546: R= -1.47  C=  0.00  len=1000
Ep 547: R= -1.12  C=  0.00  len=1000
Ep 548: R=  7.64  C= 35.00  len=1000
Ep 549: R=  7.20  C= 19.00  len=1000
Ep 550: R= 10.99  C= 92.00  len=1000
Ep 551: R= -1.91  C=  0.00  len=1000
Ep 552: R= 11.01  C=  0.00  len=1000
Ep 553: R=  6.51  C=  7.00  len=1000
Ep 554: R=  6.07  C= 10.00  len=1000
Ep 555: R=  7.45  C= 11.00  len=1000
Ep 556: R=  9.47  C= 68.00  len=1000
Ep 557: R= 12.88  C= 87.00  len=1000
Ep 558: R=  4.71  C= 29.00  len=1000
Ep 559: R= 16.50  C= 18.00  len=1000
Ep 560: R=  9.70  C= 15.00  len=1000
Ep 561: R= -2.10  C=  0.00  len=1000
Ep 562: R= -0.30  C=  0.00  len=1000
Ep 563: R=  3.80  C= 23.00  len=1000
Ep 564: R= 17.11  C= 68.00  len=1000
Ep 565: R= 11.92  C= 43.00  len=1000
Ep 566: R=  8.26  C= 53.00  len=1000
Ep 567: R=  0.39  C=  0.00  len=1000
Ep 568: R=  7.19  C= 48.00  len=1000
Ep 569: R=  6.95  C=  4.00  len=1000
Ep 570: R=  2.92  C=  0.00  len=1000
Ep 571: R=  1.37  C= 39.00  len=1000
Ep 572: R=  7.36  C= 33.00  len=1000
Ep 573: R=  5.74  C=  3.00  len=1000
Ep 574: R= 13.38  C=  0.00  len=1000
Ep 575: R= 10.95  C= 30.00  len=1000
Ep 576: R= 14.23  C=  0.00  len=1000
Ep 577: R=  2.97  C= 44.00  len=1000
Ep 578: R= -1.61  C=  0.00  len=1000
Ep 579: R=  6.37  C= 18.00  len=1000
Ep 580: R=  1.38  C= 12.00  len=1000
Ep 581: R= 10.55  C=  0.00  len=1000
Ep 582: R=  2.88  C=  0.00  len=1000
Ep 583: R=  9.50  C=  0.00  len=1000
Ep 584: R= 13.41  C= 55.00  len=1000
Ep 585: R= 10.20  C=  0.00  len=1000
Ep 586: R=  7.06  C=  0.00  len=1000
Ep 587: R=  1.43  C= 29.00  len=1000
Ep 588: R=  6.10  C= 16.00  len=1000
Ep 589: R=  3.61  C= 80.00  len=1000
Ep 590: R= -3.74  C=  0.00  len=1000
Ep 591: R= -1.84  C=  0.00  len=1000
Ep 592: R= -2.58  C=  0.00  len=1000
Ep 593: R=  4.51  C= 11.00  len=1000
Ep 594: R= 10.64  C= 12.00  len=1000
Ep 595: R= 14.21  C= 24.00  len=1000
Ep 596: R= -0.23  C=  0.00  len=1000
Ep 597: R=  1.47  C=  0.00  len=1000
Ep 598: R=  3.18  C= 17.00  len=1000
Ep 599: R= -0.02  C= 15.00  len=1000
Ep 600: R= 14.41  C=101.00  len=1000
Ep 601: R=  3.96  C= 21.00  len=1000
Ep 602: R=  2.22  C= 15.00  len=1000
Ep 603: R=  4.04  C=  0.00  len=1000
Ep 604: R=  9.06  C= 32.00  len=1000
Ep 605: R= -1.62  C=  0.00  len=1000
Ep 606: R=  8.42  C= 81.00  len=1000
Ep 607: R= 19.57  C= 75.00  len=1000
Ep 608: R= -0.71  C=  0.00  len=1000
Ep 609: R= 20.39  C= 15.00  len=1000
Ep 610: R= 12.15  C= 29.00  len=1000
Ep 611: R=  6.23  C=  0.00  len=1000
Ep 612: R= 13.41  C=  0.00  len=1000
Ep 613: R= -2.16  C=  0.00  len=1000
Ep 614: R= -0.59  C=  0.00  len=1000
Ep 615: R=  1.15  C=  0.00  len=1000
Ep 616: R= -1.63  C=  0.00  len=1000
Ep 617: R= -0.73  C=  0.00  len=1000
Ep 618: R= -0.23  C=  0.00  len=1000
Ep 619: R= -2.24  C=  0.00  len=1000
Ep 620: R= -2.44  C=  0.00  len=1000
Ep 621: R= -2.26  C=  0.00  len=1000
Ep 622: R=  8.38  C= 27.00  len=1000
Ep 623: R= 15.32  C= 16.00  len=1000
Ep 624: R= 17.80  C= 79.00  len=1000
Ep 625: R= 12.50  C= 17.00  len=1000
Ep 626: R= 12.60  C=  0.00  len=1000
Ep 627: R=  5.44  C= 17.00  len=1000
Ep 628: R=  6.50  C= 11.00  len=1000
Ep 629: R= -0.65  C=  0.00  len=1000
Ep 630: R=  7.08  C=  0.00  len=1000
Ep 631: R=  6.15  C=  0.00  len=1000
Ep 632: R= 18.65  C= 58.00  len=1000
Ep 633: R=  4.51  C=  0.00  len=1000
Ep 634: R=  7.79  C= 37.00  len=1000
Ep 635: R= -2.85  C=  0.00  len=1000
Ep 636: R= 11.00  C=101.00  len=1000
Ep 637: R= 13.43  C= 28.00  len=1000
Ep 638: R=  9.77  C= 23.00  len=1000
Ep 639: R=  1.87  C=  0.00  len=1000
Ep 640: R=  2.05  C=  0.00  len=1000
Ep 641: R=  6.96  C= 19.00  len=1000
Ep 642: R=  3.72  C=  0.00  len=1000
Ep 643: R= -3.44  C=  9.00  len=1000
Ep 644: R=  4.89  C= 29.00  len=1000
Ep 645: R= -1.40  C=  0.00  len=1000
Ep 646: R= -2.55  C=  0.00  len=1000
Ep 647: R= 14.26  C= 92.00  len=1000
Ep 648: R=  5.88  C=  0.00  len=1000
Ep 649: R=  6.58  C= 71.00  len=1000
Ep 650: R= 17.30  C=  0.00  len=1000
Ep 651: R= 10.67  C= 18.00  len=1000
Ep 652: R= 23.72  C= 40.00  len=1000
Ep 653: R= -0.91  C=  0.00  len=1000
Ep 654: R=  3.59  C=  0.00  len=1000
Ep 655: R= 16.04  C= 10.00  len=1000
Ep 656: R= 11.98  C= 16.00  len=1000
Ep 657: R=  0.40  C= 11.00  len=1000
Ep 658: R=  9.85  C=  0.00  len=1000
Ep 659: R= -0.15  C=  0.00  len=1000
Ep 660: R=  5.15  C= 21.00  len=1000
Ep 661: R=  0.67  C=  0.00  len=1000
Ep 662: R= -3.00  C=  0.00  len=1000
Ep 663: R= 12.37  C= 94.00  len=1000
Ep 664: R= 11.95  C= 23.00  len=1000
Ep 665: R=  2.49  C=  0.00  len=1000
Ep 666: R= -3.26  C=  0.00  len=1000
Ep 667: R= -2.77  C=  0.00  len=1000
Ep 668: R= 13.50  C=  0.00  len=1000
Ep 669: R=  1.41  C=  0.00  len=1000
Ep 670: R= 16.37  C= 18.00  len=1000
Ep 671: R=  1.26  C=  0.00  len=1000
Ep 672: R=  7.93  C=  0.00  len=1000
Ep 673: R=  5.97  C=  0.00  len=1000
Ep 674: R= 15.34  C=131.00  len=1000
Ep 675: R=  8.21  C= 45.00  len=1000
Ep 676: R= -2.17  C=  0.00  len=1000
Ep 677: R= -2.26  C=  0.00  len=1000
Ep 678: R=  5.54  C=  0.00  len=1000
Ep 679: R=  7.57  C= 12.00  len=1000
Ep 680: R= -1.06  C=  0.00  len=1000
Ep 681: R= 10.73  C= 23.00  len=1000
Ep 682: R= 19.76  C= 57.00  len=1000
Ep 683: R= -0.36  C=  0.00  len=1000
Ep 684: R= 12.03  C= 19.00  len=1000
Ep 685: R=  4.52  C=  0.00  len=1000
Ep 686: R= 12.65  C=  0.00  len=1000
Ep 687: R= -3.54  C=  0.00  len=1000
Ep 688: R=  3.40  C=  0.00  len=1000
Ep 689: R=  3.99  C=  0.00  len=1000
Ep 690: R=  5.26  C=  0.00  len=1000
Ep 691: R= 12.69  C= 54.00  len=1000
Ep 692: R=  4.36  C= 14.00  len=1000
Ep 693: R= -3.25  C=  0.00  len=1000
Ep 694: R= 15.46  C= 39.00  len=1000
Ep 695: R=  5.66  C= 29.00  len=1000
Ep 696: R=  1.51  C= 14.00  len=1000
Ep 697: R= -0.33  C=  0.00  len=1000
Ep 698: R= 12.91  C= 27.00  len=1000
Ep 699: R= 16.26  C= 32.00  len=1000
Ep 700: R=  6.85  C= 13.00  len=1000
Ep 701: R=  4.53  C=  0.00  len=1000
Ep 702: R= 14.96  C=  0.00  len=1000
Ep 703: R= -2.50  C=  0.00  len=1000
Ep 704: R= 14.16  C=  0.00  len=1000
Ep 705: R= 12.59  C= 19.00  len=1000
Ep 706: R= 12.45  C= 30.00  len=1000
Ep 707: R= -0.75  C= 15.00  len=1000
Ep 708: R=  2.57  C=  0.00  len=1000
Ep 709: R= 12.08  C= 79.00  len=1000
Ep 710: R= -3.57  C=  0.00  len=1000
Ep 711: R= 11.52  C= 36.00  len=1000
Ep 712: R=  2.90  C=  0.00  len=1000
Ep 713: R=  4.37  C= 13.00  len=1000
Ep 714: R=  7.63  C= 11.00  len=1000
Ep 715: R= -2.93  C= 12.00  len=1000
Ep 716: R=  8.64  C= 96.00  len=1000
Ep 717: R= 16.26  C= 68.00  len=1000
Ep 718: R= -2.18  C=  0.00  len=1000
Ep 719: R=  5.88  C=  0.00  len=1000
Ep 720: R= 11.28  C=  0.00  len=1000
Ep 721: R= -1.62  C=  0.00  len=1000
Ep 722: R= 13.76  C= 14.00  len=1000
Ep 723: R= 10.40  C= 24.00  len=1000
Ep 724: R= 14.43  C= 25.00  len=1000
Ep 725: R= -1.79  C=  0.00  len=1000
Ep 726: R= 12.79  C= 40.00  len=1000
Ep 727: R=  5.90  C= 19.00  len=1000
Ep 728: R=  5.71  C= 24.00  len=1000
Ep 729: R=  4.46  C=  0.00  len=1000
Ep 730: R= 10.74  C=  0.00  len=1000
Ep 731: R= -0.86  C=  0.00  len=1000
Ep 732: R= 12.22  C= 80.00  len=1000
Ep 733: R= -2.10  C=  0.00  len=1000
Ep 734: R= -1.53  C=  0.00  len=1000
Ep 735: R= 13.19  C= 11.00  len=1000
Ep 736: R=  1.98  C=  0.00  len=1000
Ep 737: R= 14.67  C= 27.00  len=1000
Ep 738: R= 16.42  C= 15.00  len=1000
Ep 739: R= -1.36  C=  0.00  len=1000
Ep 740: R= 10.62  C= 31.00  len=1000
Ep 741: R=  5.48  C=  0.00  len=1000
Ep 742: R= -1.97  C=  0.00  len=1000
Ep 743: R=  3.45  C=  0.00  len=1000
Ep 744: R=  4.85  C= 13.00  len=1000
Ep 745: R= -0.96  C=  0.00  len=1000
Ep 746: R= 10.64  C=  0.00  len=1000
Ep 747: R= 12.22  C= 54.00  len=1000
Ep 748: R= 15.39  C=  0.00  len=1000
Ep 749: R=  7.02  C= 51.00  len=1000
Ep 750: R=  1.87  C= 16.00  len=1000
Ep 751: R= -2.24  C=  0.00  len=1000
Ep 752: R=  8.86  C= 72.00  len=1000
Ep 753: R=  5.14  C=  0.00  len=1000
Ep 754: R=  2.82  C= 17.00  len=1000
Ep 755: R= -3.46  C=  0.00  len=1000
Ep 756: R= -2.25  C=  0.00  len=1000
Ep 757: R= -0.54  C=  0.00  len=1000
Ep 758: R=  3.93  C= 15.00  len=1000
Ep 759: R=  0.66  C=  0.00  len=1000
Ep 760: R=  7.59  C=  0.00  len=1000
Ep 761: R=  8.73  C=  0.00  len=1000
Ep 762: R=  9.30  C=  0.00  len=1000
Ep 763: R= 10.18  C= 32.00  len=1000
Ep 764: R= -1.74  C= 22.00  len=1000
Ep 765: R= -0.28  C=  0.00  len=1000
Ep 766: R= -3.36  C=  0.00  len=1000
Ep 767: R=  6.44  C=  0.00  len=1000
Ep 768: R= 15.68  C= 49.00  len=1000
Ep 769: R= 11.48  C= 24.00  len=1000
Ep 770: R= -1.18  C=  0.00  len=1000
Ep 771: R= 15.85  C= 23.00  len=1000
Ep 772: R=  8.52  C= 36.00  len=1000
Ep 773: R= 10.45  C= 14.00  len=1000
Ep 774: R=  2.84  C=  0.00  len=1000
Ep 775: R= 15.60  C= 47.00  len=1000
Ep 776: R=  1.73  C=  0.00  len=1000
Ep 777: R=  1.33  C=  0.00  len=1000
Ep 778: R= -2.49  C=  0.00  len=1000
Ep 779: R=  6.42  C=  0.00  len=1000
Ep 780: R= -2.59  C=  0.00  len=1000
Ep 781: R=  6.36  C= 31.00  len=1000
Ep 782: R=  3.62  C= 28.00  len=1000
Ep 783: R= -2.48  C=  0.00  len=1000
Ep 784: R= 13.41  C= 37.00  len=1000
Ep 785: R=  5.26  C=  0.00  len=1000
Ep 786: R= -0.22  C=  0.00  len=1000
Ep 787: R= 17.36  C=179.00  len=1000
Ep 788: R=  1.32  C= 62.00  len=1000
Ep 789: R=  0.02  C=  0.00  len=1000
Ep 790: R=  0.31  C=  5.00  len=1000
Ep 791: R= 18.72  C= 63.00  len=1000
Ep 792: R= 11.16  C=  0.00  len=1000
Ep 793: R= 11.70  C= 44.00  len=1000
Ep 794: R= 11.72  C= 40.00  len=1000
Ep 795: R= 10.92  C=  0.00  len=1000
Ep 796: R=  2.23  C=  7.00  len=1000
Ep 797: R=  5.05  C= 62.00  len=1000
Ep 798: R= -2.96  C=  0.00  len=1000
Ep 799: R= -1.76  C=  0.00  len=1000
Ep 800: R= -2.63  C=  0.00  len=1000
Ep 801: R=  1.21  C=  0.00  len=1000
Ep 802: R=  5.90  C=  0.00  len=1000
Ep 803: R= -0.72  C=  0.00  len=1000
Ep 804: R=  6.19  C= 66.00  len=1000
Ep 805: R=  0.81  C=  0.00  len=1000
Ep 806: R=  2.43  C= 20.00  len=1000
Ep 807: R=  4.18  C=  0.00  len=1000
Ep 808: R= -1.38  C=  0.00  len=1000
Ep 809: R= -1.98  C=  0.00  len=1000
Ep 810: R=  1.68  C= 43.00  len=1000
Ep 811: R=  8.59  C= 40.00  len=1000
Ep 812: R= 18.81  C= 20.00  len=1000
Ep 813: R= 13.59  C= 17.00  len=1000
Ep 814: R=  5.69  C=  0.00  len=1000
Ep 815: R=  9.16  C=  0.00  len=1000
Ep 816: R= -2.72  C=  0.00  len=1000
Ep 817: R=  7.10  C=  0.00  len=1000
Ep 818: R=  9.53  C= 36.00  len=1000
Ep 819: R= 13.10  C=134.00  len=1000
Ep 820: R= 13.80  C= 23.00  len=1000
Ep 821: R= -1.51  C=  0.00  len=1000
Ep 822: R=  8.45  C=  0.00  len=1000
Ep 823: R=  0.36  C=  0.00  len=1000
Ep 824: R= 11.89  C=  0.00  len=1000
Ep 825: R=  2.85  C=  0.00  len=1000
Ep 826: R= -1.44  C=  0.00  len=1000
Ep 827: R= 17.17  C= 20.00  len=1000
Ep 828: R=  4.79  C= 13.00  len=1000
Ep 829: R=  0.65  C=  0.00  len=1000
Ep 830: R=  8.72  C=  0.00  len=1000
Ep 831: R= 16.88  C= 70.00  len=1000
Ep 832: R=  2.24  C=  0.00  len=1000
Ep 833: R= -3.45  C=  0.00  len=1000
Ep 834: R= 11.55  C=  0.00  len=1000
Ep 835: R= -0.60  C=  0.00  len=1000
Ep 836: R=  4.45  C=  0.00  len=1000
Ep 837: R=  0.68  C=  0.00  len=1000
Ep 838: R=  0.50  C=  0.00  len=1000
Ep 839: R= 15.77  C= 18.00  len=1000
Ep 840: R=  9.89  C=  6.00  len=1000
Ep 841: R= 10.72  C=  0.00  len=1000
Ep 842: R=  1.71  C=  0.00  len=1000
Ep 843: R= -3.42  C=  0.00  len=1000
Ep 844: R= 12.85  C=  0.00  len=1000
Ep 845: R=  7.94  C= 27.00  len=1000
Ep 846: R=  0.27  C=  0.00  len=1000
Ep 847: R=  9.22  C= 37.00  len=1000
Ep 848: R= 17.54  C=103.00  len=1000
Ep 849: R= 11.49  C= 62.00  len=1000
Ep 850: R=  2.93  C= 56.00  len=1000
Ep 851: R=  5.53  C= 13.00  len=1000
Ep 852: R=  8.18  C= 30.00  len=1000
Ep 853: R= -1.86  C=  0.00  len=1000
Ep 854: R=  5.05  C=  0.00  len=1000
Ep 855: R=  8.54  C= 14.00  len=1000
Ep 856: R=  8.69  C= 56.00  len=1000
Ep 857: R=  4.09  C=  0.00  len=1000
Ep 858: R= 10.74  C= 18.00  len=1000
Ep 859: R=  2.23  C=  0.00  len=1000
Ep 860: R= 13.46  C= 64.00  len=1000
Ep 861: R= 14.37  C= 10.00  len=1000
Ep 862: R=  9.86  C=  0.00  len=1000
Ep 863: R= 12.81  C= 31.00  len=1000
Ep 864: R= 10.24  C= 44.00  len=1000
Ep 865: R= -3.22  C=  0.00  len=1000
Ep 866: R=  3.06  C=  5.00  len=1000
Ep 867: R=  6.29  C= 72.00  len=1000
Ep 868: R= -0.80  C= 43.00  len=1000
Ep 869: R=  7.06  C= 29.00  len=1000
Ep 870: R=  4.85  C=  0.00  len=1000
Ep 871: R=  5.26  C=  0.00  len=1000
Ep 872: R=  3.60  C= 41.00  len=1000
Ep 873: R=  0.52  C=  0.00  len=1000
Ep 874: R= 16.03  C=  0.00  len=1000
Ep 875: R=  2.33  C= 15.00  len=1000
Ep 876: R=  9.05  C= 57.00  len=1000
Ep 877: R=  0.30  C=  0.00  len=1000
Ep 878: R=  1.55  C= 26.00  len=1000
Ep 879: R=  2.81  C=  0.00  len=1000
Ep 880: R=  4.91  C=  0.00  len=1000
Ep 881: R=  0.09  C=  0.00  len=1000
Ep 882: R= 16.41  C= 17.00  len=1000
Ep 883: R= -2.52  C=  0.00  len=1000
Ep 884: R=  8.19  C=  0.00  len=1000
Ep 885: R= -1.79  C=  0.00  len=1000
Ep 886: R= 14.24  C= 16.00  len=1000
Ep 887: R= 10.17  C= 14.00  len=1000
Ep 888: R= 10.17  C= 15.00  len=1000
Ep 889: R= 18.62  C= 13.00  len=1000
Ep 890: R= 16.15  C= 55.00  len=1000
Ep 891: R= -1.46  C= 39.00  len=1000
Ep 892: R= -3.68  C=  0.00  len=1000
Ep 893: R=  0.67  C=  0.00  len=1000
Ep 894: R= -3.38  C=  0.00  len=1000
Ep 895: R= -1.72  C=  8.00  len=1000
Ep 896: R=  7.37  C= 33.00  len=1000
Ep 897: R=  6.85  C=  0.00  len=1000
Ep 898: R= 12.56  C= 77.00  len=1000
Ep 899: R= -1.06  C=  0.00  len=1000
Ep 900: R=  1.03  C= 24.00  len=1000
Ep 901: R=  9.38  C= 37.00  len=1000
Ep 902: R=  9.16  C=  0.00  len=1000
Ep 903: R=  3.79  C=  0.00  len=1000
Ep 904: R=  3.00  C=  0.00  len=1000
Ep 905: R= 11.17  C=  0.00  len=1000
Ep 906: R=  7.80  C= 15.00  len=1000
Ep 907: R=  2.45  C= 15.00  len=1000
Ep 908: R=  8.45  C= 25.00  len=1000
Ep 909: R=  9.12  C=  0.00  len=1000
Ep 910: R=  4.77  C=  9.00  len=1000
Ep 911: R= 18.71  C= 52.00  len=1000
Ep 912: R=  0.11  C= 14.00  len=1000
Ep 913: R= -1.83  C=  0.00  len=1000
Ep 914: R=  7.67  C=  0.00  len=1000
Ep 915: R= 10.74  C= 11.00  len=1000
Ep 916: R= 15.17  C=105.00  len=1000
Ep 917: R=  8.03  C= 11.00  len=1000
Ep 918: R=  9.79  C=  0.00  len=1000
Ep 919: R=  2.46  C=  0.00  len=1000
Ep 920: R=  6.19  C=  0.00  len=1000
Ep 921: R=  0.62  C= 12.00  len=1000
Ep 922: R= 10.26  C= 54.00  len=1000
Ep 923: R= 10.61  C=  7.00  len=1000
Ep 924: R=  4.41  C= 77.00  len=1000
Ep 925: R= -0.04  C= 10.00  len=1000
Ep 926: R=  6.08  C=  0.00  len=1000
Ep 927: R= 11.04  C= 28.00  len=1000
Ep 928: R= 19.18  C= 24.00  len=1000
Ep 929: R=  0.86  C=  8.00  len=1000
Ep 930: R=  2.62  C=  0.00  len=1000
Ep 931: R= -3.00  C=  0.00  len=1000
Ep 932: R=  6.19  C= 75.00  len=1000
Ep 933: R= 19.57  C=  0.00  len=1000
Ep 934: R=  7.78  C= 29.00  len=1000
Ep 935: R= 13.13  C= 18.00  len=1000
Ep 936: R=  4.68  C=  0.00  len=1000
Ep 937: R= 17.33  C= 31.00  len=1000
Ep 938: R= -1.06  C=  0.00  len=1000
Ep 939: R=  7.04  C= 64.00  len=1000
Ep 940: R=  9.46  C= 39.00  len=1000
Ep 941: R=  9.77  C= 64.00  len=1000
Ep 942: R=  4.12  C= 42.00  len=1000
Ep 943: R=  9.67  C= 37.00  len=1000
Ep 944: R= -2.34  C=  0.00  len=1000
Ep 945: R= 12.54  C= 49.00  len=1000
Ep 946: R=  2.91  C=  0.00  len=1000
Ep 947: R= 18.44  C= 86.00  len=1000
Ep 948: R= -1.17  C=  0.00  len=1000
Ep 949: R= 12.17  C= 13.00  len=1000
Ep 950: R=  9.36  C= 12.00  len=1000
Ep 951: R= 12.74  C= 19.00  len=1000
Ep 952: R=  6.43  C= 14.00  len=1000
Ep 953: R= 11.77  C= 24.00  len=1000
Ep 954: R= -2.46  C=  0.00  len=1000
Ep 955: R= 18.83  C=  0.00  len=1000
Ep 956: R=  7.36  C= 89.00  len=1000
Ep 957: R= -0.47  C=  0.00  len=1000
Ep 958: R=  0.95  C= 15.00  len=1000
Ep 959: R= 14.65  C= 28.00  len=1000
Ep 960: R=  9.97  C=  0.00  len=1000
Ep 961: R=  4.45  C=  0.00  len=1000
Ep 962: R= 14.05  C= 49.00  len=1000
Ep 963: R=  0.19  C=  0.00  len=1000
Ep 964: R= 13.00  C=  0.00  len=1000
Ep 965: R=  9.86  C= 74.00  len=1000
Ep 966: R= 11.29  C= 90.00  len=1000
Ep 967: R= 11.19  C=  0.00  len=1000
Ep 968: R= 10.55  C= 19.00  len=1000
Ep 969: R=  6.52  C=  0.00  len=1000
Ep 970: R= 11.83  C= 63.00  len=1000
Ep 971: R= -2.98  C=  0.00  len=1000
Ep 972: R= -2.22  C=  0.00  len=1000
Ep 973: R=  0.66  C= 23.00  len=1000
Ep 974: R=  7.80  C= 38.00  len=1000
Ep 975: R= 10.43  C= 18.00  len=1000
Ep 976: R= -1.97  C=  0.00  len=1000
Ep 977: R= -2.15  C=  0.00  len=1000
Ep 978: R= 10.88  C= 23.00  len=1000
Ep 979: R= -0.54  C=  0.00  len=1000
Ep 980: R=  6.38  C= 22.00  len=1000
Ep 981: R= -0.01  C=  0.00  len=1000
Ep 982: R=  0.77  C= 25.00  len=1000
Ep 983: R=  4.29  C=  0.00  len=1000
Ep 984: R=  3.97  C=  0.00  len=1000
Ep 985: R=  1.07  C=  0.00  len=1000
Ep 986: R=  4.25  C=  0.00  len=1000
Ep 987: R= -2.58  C=  0.00  len=1000
Ep 988: R= 12.70  C=  0.00  len=1000
Ep 989: R= 14.55  C= 83.00  len=1000
Ep 990: R=  1.61  C= 10.00  len=1000
Ep 991: R= 10.88  C= 58.00  len=1000
Ep 992: R=  7.57  C=  0.00  len=1000
Ep 993: R=  7.88  C= 11.00  len=1000
Ep 994: R=  9.27  C= 45.00  len=1000
Ep 995: R=  9.44  C=  0.00  len=1000
Ep 996: R=  8.38  C= 40.00  len=1000
Ep 997: R= -0.15  C=  0.00  len=1000
Ep 998: R=  2.02  C=  7.00  len=1000
Ep 999: R= 11.89  C= 31.00  len=1000
Ep 1000: R= -3.12  C=  0.00  len=1000
Ep 1001: R= -3.48  C=  0.00  len=1000
Ep 1002: R= 15.81  C=117.00  len=1000
Ep 1003: R=  1.50  C=  0.00  len=1000
Ep 1004: R=  9.11  C=  0.00  len=1000
Ep 1005: R= 10.77  C= 60.00  len=1000
Ep 1006: R= -1.01  C=  0.00  len=1000
Ep 1007: R= -1.51  C=  0.00  len=1000
Ep 1008: R= 10.82  C= 32.00  len=1000
Ep 1009: R=  0.65  C=  0.00  len=1000
Ep 1010: R=  9.98  C= 49.00  len=1000
Ep 1011: R= 16.91  C=  9.00  len=1000
Ep 1012: R= 12.17  C= 58.00  len=1000
Ep 1013: R= -4.12  C=  0.00  len=1000
Ep 1014: R=  3.43  C= 30.00  len=1000
Ep 1015: R= -2.38  C=  0.00  len=1000
Ep 1016: R=  5.81  C= 11.00  len=1000
Ep 1017: R= 20.17  C= 41.00  len=1000
Ep 1018: R= 10.95  C=  4.00  len=1000
Ep 1019: R=  3.69  C= 17.00  len=1000
Ep 1020: R=  8.17  C= 48.00  len=1000
Ep 1021: R=  5.61  C= 16.00  len=1000
Ep 1022: R=  7.52  C=  0.00  len=1000
Ep 1023: R=  6.69  C=  0.00  len=1000
Ep 1024: R= -1.46  C=  0.00  len=1000
Ep 1025: R= 21.61  C=107.00  len=1000
Ep 1026: R=  2.69  C= 19.00  len=1000
Ep 1027: R=  0.93  C=  0.00  len=1000
Ep 1028: R=  1.50  C= 14.00  len=1000
Ep 1029: R= -0.67  C=  0.00  len=1000
Ep 1030: R= -0.04  C= 95.00  len=1000
Ep 1031: R=  2.52  C= 17.00  len=1000
Ep 1032: R=  4.52  C=  0.00  len=1000
Ep 1033: R=  2.68  C=  0.00  len=1000
Ep 1034: R=  5.82  C= 18.00  len=1000
Ep 1035: R=  1.12  C=  0.00  len=1000
Ep 1036: R=  9.61  C= 18.00  len=1000
Ep 1037: R=  2.85  C=  0.00  len=1000
Ep 1038: R= -1.72  C=  0.00  len=1000
Ep 1039: R= 12.62  C= 21.00  len=1000
Ep 1040: R=  8.12  C= 62.00  len=1000
Ep 1041: R=  0.98  C=  0.00  len=1000
Ep 1042: R= 16.29  C= 61.00  len=1000
Ep 1043: R= -1.52  C=  0.00  len=1000
Ep 1044: R= 13.08  C=  0.00  len=1000
Ep 1045: R= 10.12  C= 64.00  len=1000
Ep 1046: R=  1.27  C=  0.00  len=1000
Ep 1047: R= -1.75  C=  0.00  len=1000
Ep 1048: R=  5.57  C=  0.00  len=1000
Ep 1049: R= -3.75  C=  0.00  len=1000
Ep 1050: R=  3.12  C=  0.00  len=1000
Ep 1051: R=  2.51  C=  0.00  len=1000
Ep 1052: R= 14.01  C= 44.00  len=1000
Ep 1053: R=  0.50  C=  0.00  len=1000
Ep 1054: R=  6.95  C= 57.00  len=1000
Ep 1055: R=  4.08  C=  9.00  len=1000
Ep 1056: R=  1.04  C=  0.00  len=1000
Ep 1057: R=  6.70  C= 18.00  len=1000
Ep 1058: R=  9.34  C= 31.00  len=1000
Ep 1059: R=  7.08  C= 18.00  len=1000
Ep 1060: R= 13.46  C=  0.00  len=1000
Ep 1061: R= -2.85  C=  0.00  len=1000
Ep 1062: R=  2.85  C=  0.00  len=1000
Ep 1063: R= 14.50  C= 29.00  len=1000
Ep 1064: R= 15.20  C= 28.00  len=1000
Ep 1065: R= 11.42  C= 47.00  len=1000
Ep 1066: R=  0.82  C= 16.00  len=1000
Ep 1067: R= 11.72  C= 20.00  len=1000
Ep 1068: R= 10.22  C=  4.00  len=1000
Ep 1069: R=  2.38  C=  0.00  len=1000
Ep 1070: R= 11.04  C= 26.00  len=1000
Ep 1071: R=  4.27  C=  0.00  len=1000
Ep 1072: R= 10.13  C=  0.00  len=1000
Ep 1073: R= 14.42  C= 96.00  len=1000
Ep 1074: R= -2.36  C= 20.00  len=1000
Ep 1075: R= 16.43  C= 15.00  len=1000
Ep 1076: R= -0.83  C=  0.00  len=1000
Ep 1077: R=  8.30  C= 19.00  len=1000
Ep 1078: R=  6.51  C=  0.00  len=1000
Ep 1079: R=  0.50  C=  0.00  len=1000
Ep 1080: R= 19.51  C=108.00  len=1000
Ep 1081: R= 11.82  C=  0.00  len=1000
Ep 1082: R=  5.13  C=  0.00  len=1000
Ep 1083: R=  5.67  C=  0.00  len=1000
Ep 1084: R= 12.92  C= 17.00  len=1000
Ep 1085: R= -1.21  C=  0.00  len=1000
Ep 1086: R=  4.24  C= 35.00  len=1000
Ep 1087: R= 11.54  C=  0.00  len=1000
Ep 1088: R= -0.07  C= 55.00  len=1000
Ep 1089: R= 15.80  C= 71.00  len=1000
Ep 1090: R=  7.23  C=  8.00  len=1000
Ep 1091: R=  5.55  C= 70.00  len=1000
Ep 1092: R=  1.00  C=  0.00  len=1000
Ep 1093: R=  7.62  C= 15.00  len=1000
Ep 1094: R= 13.07  C=  0.00  len=1000
Ep 1095: R=  9.73  C=  0.00  len=1000
Ep 1096: R=  9.18  C= 72.00  len=1000
Ep 1097: R= 21.81  C= 39.00  len=1000
Ep 1098: R= -2.97  C=  0.00  len=1000
Ep 1099: R= -0.08  C=  0.00  len=1000
Ep 1100: R=  6.99  C= 18.00  len=1000
Ep 1101: R=  0.18  C= 15.00  len=1000
Ep 1102: R= -3.09  C=  0.00  len=1000
Ep 1103: R=  7.75  C=118.00  len=1000
Ep 1104: R=  3.08  C= 32.00  len=1000
Ep 1105: R= 13.28  C=  8.00  len=1000
Ep 1106: R= 10.50  C= 23.00  len=1000
Ep 1107: R= 13.07  C=  0.00  len=1000
Ep 1108: R=  9.83  C= 18.00  len=1000
Ep 1109: R=  0.32  C=  0.00  len=1000
Ep 1110: R=  6.58  C= 75.00  len=1000
Ep 1111: R=  9.33  C= 90.00  len=1000
Ep 1112: R=  2.68  C=  0.00  len=1000
Ep 1113: R=  5.83  C=  8.00  len=1000
Ep 1114: R= -3.39  C=  0.00  len=1000
Ep 1115: R= 11.09  C= 79.00  len=1000
Ep 1116: R= 11.80  C= 69.00  len=1000
Ep 1117: R=  6.20  C= 47.00  len=1000
Ep 1118: R= 11.13  C=150.00  len=1000
Ep 1119: R=  7.08  C= 45.00  len=1000
Ep 1120: R= -3.79  C= 17.00  len=1000
Ep 1121: R= 11.23  C=  0.00  len=1000
Ep 1122: R=  6.18  C=  0.00  len=1000
Ep 1123: R=  7.70  C= 31.00  len=1000
Ep 1124: R=  6.80  C=  3.00  len=1000
Ep 1125: R= 10.98  C= 61.00  len=1000
Ep 1126: R= 10.56  C=127.00  len=1000
Ep 1127: R=  1.14  C=  0.00  len=1000
Ep 1128: R= 17.64  C=147.00  len=1000
Ep 1129: R=  8.79  C= 22.00  len=1000
Ep 1130: R= -3.03  C=  0.00  len=1000
Ep 1131: R=  6.82  C= 34.00  len=1000
Ep 1132: R= -0.09  C=  0.00  len=1000
Ep 1133: R= -2.68  C=  0.00  len=1000
Ep 1134: R= -2.53  C=  0.00  len=1000
Ep 1135: R= 18.81  C=170.00  len=1000
Ep 1136: R=  4.59  C= 20.00  len=1000
Ep 1137: R=  6.45  C=  0.00  len=1000
Ep 1138: R= -3.58  C=  0.00  len=1000
Ep 1139: R= 10.40  C= 27.00  len=1000
Ep 1140: R=  6.12  C= 11.00  len=1000
Ep 1141: R=  9.78  C= 35.00  len=1000
Ep 1142: R= 10.50  C= 10.00  len=1000
Ep 1143: R= -1.05  C=  0.00  len=1000
Ep 1144: R=  3.13  C= 20.00  len=1000
Ep 1145: R= -3.57  C=  0.00  len=1000
Ep 1146: R=  2.02  C=  0.00  len=1000
Ep 1147: R=  1.74  C= 40.00  len=1000
Ep 1148: R=  5.83  C=  0.00  len=1000
Ep 1149: R= 12.79  C= 14.00  len=1000
Ep 1150: R=  1.64  C=  0.00  len=1000
Ep 1151: R=  6.62  C= 29.00  len=1000
Ep 1152: R=  1.82  C= 20.00  len=1000
Ep 1153: R=  9.33  C= 60.00  len=1000
Ep 1154: R=  7.22  C= 23.00  len=1000
Ep 1155: R=  1.59  C=  6.00  len=1000
Ep 1156: R=  0.70  C= 36.00  len=1000
Ep 1157: R=  6.88  C= 16.00  len=1000
Ep 1158: R= 13.07  C=  0.00  len=1000
Ep 1159: R=  8.71  C=  0.00  len=1000
Ep 1160: R= -2.59  C=  0.00  len=1000
Ep 1161: R= 12.18  C= 78.00  len=1000
Ep 1162: R=  8.62  C=  0.00  len=1000
Ep 1163: R=  3.25  C= 14.00  len=1000
Ep 1164: R= 17.75  C=145.00  len=1000
Ep 1165: R=  6.83  C= 14.00  len=1000
Ep 1166: R= 12.50  C= 86.00  len=1000
Ep 1167: R=  0.55  C=  0.00  len=1000
Ep 1168: R= -0.90  C=  0.00  len=1000
Ep 1169: R=  2.17  C=  0.00  len=1000
Ep 1170: R=  4.30  C= 10.00  len=1000
Ep 1171: R= 12.17  C= 31.00  len=1000
Ep 1172: R=  7.71  C=  6.00  len=1000
Ep 1173: R=  6.60  C=  0.00  len=1000
Ep 1174: R= -2.86  C=  0.00  len=1000
Ep 1175: R=  2.94  C=  0.00  len=1000
Ep 1176: R=  8.06  C= 90.00  len=1000
Ep 1177: R=  0.01  C= 29.00  len=1000
Ep 1178: R= -1.68  C=  0.00  len=1000
Ep 1179: R=  8.81  C= 46.00  len=1000
Ep 1180: R=  3.28  C= 87.00  len=1000
Ep 1181: R=  6.55  C= 19.00  len=1000
Ep 1182: R=  9.15  C= 18.00  len=1000
Ep 1183: R= 14.90  C=  0.00  len=1000
Ep 1184: R=  3.81  C= 84.00  len=1000
Ep 1185: R=  3.82  C=  0.00  len=1000
Ep 1186: R=  7.41  C= 13.00  len=1000
Ep 1187: R= 15.46  C=  0.00  len=1000
Ep 1188: R=  5.63  C= 44.00  len=1000
Ep 1189: R=  9.07  C=  0.00  len=1000
Ep 1190: R= 11.97  C=  0.00  len=1000
Ep 1191: R=  3.02  C= 21.00  len=1000
Ep 1192: R=  7.26  C=  0.00  len=1000
Ep 1193: R= 12.00  C=  0.00  len=1000
Ep 1194: R=  1.68  C=  0.00  len=1000
Ep 1195: R=  5.16  C= 27.00  len=1000
Ep 1196: R=  9.21  C=  0.00  len=1000
Ep 1197: R= -2.17  C=  0.00  len=1000
Ep 1198: R=  3.45  C= 20.00  len=1000
Ep 1199: R= 15.97  C= 93.00  len=1000
Ep 1200: R=  6.10  C=  0.00  len=1000
Ep 1201: R= 11.21  C=  0.00  len=1000
Ep 1202: R=  7.62  C= 49.00  len=1000
Ep 1203: R=  5.50  C=  0.00  len=1000
Ep 1204: R= 14.19  C= 63.00  len=1000
Ep 1205: R= 14.66  C=  0.00  len=1000
Ep 1206: R= -0.67  C=  0.00  len=1000
Ep 1207: R=  2.63  C= 36.00  len=1000
Ep 1208: R= -0.67  C=  0.00  len=1000
Ep 1209: R=  4.99  C= 12.00  len=1000
Ep 1210: R=  1.64  C=  0.00  len=1000
Ep 1211: R=  2.71  C=  0.00  len=1000
Ep 1212: R= 13.63  C= 29.00  len=1000
Ep 1213: R= 11.70  C= 24.00  len=1000
Ep 1214: R=  5.78  C= 82.00  len=1000
Ep 1215: R= 10.19  C= 22.00  len=1000
Ep 1216: R=  9.42  C= 14.00  len=1000
Ep 1217: R=  9.48  C=  0.00  len=1000
Ep 1218: R=  3.42  C= 19.00  len=1000
Ep 1219: R=  0.99  C=  0.00  len=1000
Ep 1220: R= 13.85  C= 48.00  len=1000
Ep 1221: R=  8.82  C= 27.00  len=1000
Ep 1222: R=  6.61  C=  5.00  len=1000
Ep 1223: R= 20.65  C= 17.00  len=1000
Ep 1224: R= -0.50  C=  0.00  len=1000
Ep 1225: R= 11.09  C=  0.00  len=1000
Ep 1226: R= 17.01  C= 36.00  len=1000
Ep 1227: R= 15.06  C= 46.00  len=1000
Ep 1228: R= 13.15  C=  0.00  len=1000
Ep 1229: R=  8.27  C= 14.00  len=1000
Ep 1230: R= 12.99  C= 98.00  len=1000
Ep 1231: R=  3.26  C=  0.00  len=1000
Ep 1232: R=  3.27  C=  0.00  len=1000
Ep 1233: R= -3.46  C=  0.00  len=1000
Ep 1234: R= -2.66  C=  0.00  len=1000
Ep 1235: R=  5.88  C=  0.00  len=1000
Ep 1236: R=  8.85  C= 47.00  len=1000
Ep 1237: R= 20.78  C=  0.00  len=1000
Ep 1238: R= -2.84  C=  0.00  len=1000
Ep 1239: R=  4.67  C=  0.00  len=1000
Ep 1240: R= -0.11  C=  0.00  len=1000
Ep 1241: R= -2.14  C=  0.00  len=1000
Ep 1242: R=  9.97  C=  0.00  len=1000
Ep 1243: R=  5.77  C= 14.00  len=1000
Ep 1244: R=  6.79  C= 21.00  len=1000
Ep 1245: R= 15.18  C= 17.00  len=1000
Ep 1246: R=  1.82  C=  0.00  len=1000
Ep 1247: R=  3.67  C=  8.00  len=1000
Ep 1248: R= 12.17  C= 13.00  len=1000
Ep 1249: R= 11.60  C=129.00  len=1000
Ep 1250: R= 12.19  C= 40.00  len=1000
Ep 1251: R=  9.61  C= 25.00  len=1000
Ep 1252: R=  7.08  C=  0.00  len=1000
Ep 1253: R=  9.19  C=  0.00  len=1000
Ep 1254: R=  5.85  C=  9.00  len=1000
Ep 1255: R= 10.30  C= 32.00  len=1000
Ep 1256: R=  2.51  C=  0.00  len=1000
Ep 1257: R= -0.71  C=  0.00  len=1000
Ep 1258: R=  2.72  C=  0.00  len=1000
Ep 1259: R=  9.45  C= 32.00  len=1000
Ep 1260: R=  0.05  C= 25.00  len=1000
Ep 1261: R= 19.71  C= 53.00  len=1000
Ep 1262: R= -1.02  C=  0.00  len=1000
Ep 1263: R=  2.15  C= 10.00  len=1000
Ep 1264: R=  1.78  C=  0.00  len=1000
Ep 1265: R=  6.05  C=  0.00  len=1000
Ep 1266: R= -1.77  C=  0.00  len=1000
Ep 1267: R=  3.75  C=  0.00  len=1000
Ep 1268: R=  4.99  C= 15.00  len=1000
Ep 1269: R=  8.19  C=  0.00  len=1000
Ep 1270: R= 13.31  C= 56.00  len=1000
Ep 1271: R=  5.21  C= 19.00  len=1000
Ep 1272: R= -2.17  C=  0.00  len=1000
Ep 1273: R= -0.42  C=  0.00  len=1000
Ep 1274: R=  7.85  C=  0.00  len=1000
Ep 1275: R=  2.17  C=  0.00  len=1000
Ep 1276: R= 11.45  C= 66.00  len=1000
Ep 1277: R=  6.23  C= 17.00  len=1000
Ep 1278: R=  2.88  C= 59.00  len=1000
Ep 1279: R=  9.28  C= 17.00  len=1000
Ep 1280: R=  6.64  C= 17.00  len=1000
Ep 1281: R=  6.14  C= 28.00  len=1000
Ep 1282: R=  8.78  C= 14.00  len=1000
Ep 1283: R= 11.93  C=228.00  len=1000
Ep 1284: R= -0.28  C=  0.00  len=1000
Ep 1285: R=  5.80  C= 22.00  len=1000
Ep 1286: R= -4.39  C=  0.00  len=1000
Ep 1287: R= 10.47  C= 16.00  len=1000
Ep 1288: R= 12.69  C= 21.00  len=1000
Ep 1289: R=  7.03  C= 26.00  len=1000
Ep 1290: R= 17.18  C= 43.00  len=1000
Ep 1291: R= 10.95  C=  0.00  len=1000
Ep 1292: R=  7.28  C=  0.00  len=1000
Ep 1293: R=  6.14  C=  0.00  len=1000
Ep 1294: R=  1.31  C=  0.00  len=1000
Ep 1295: R=  4.68  C= 28.00  len=1000
Ep 1296: R=  8.07  C=  0.00  len=1000
Ep 1297: R=  6.04  C=  0.00  len=1000
Ep 1298: R= 17.17  C= 47.00  len=1000
Ep 1299: R= -0.71  C=  0.00  len=1000
Ep 1300: R= -0.07  C=  0.00  len=1000
Ep 1301: R=  0.47  C= 37.00  len=1000
Ep 1302: R=  1.45  C=  0.00  len=1000
Ep 1303: R= 13.61  C= 13.00  len=1000
Ep 1304: R=  0.48  C=  0.00  len=1000
Ep 1305: R=  1.50  C= 49.00  len=1000
Ep 1306: R= 11.97  C= 14.00  len=1000
Ep 1307: R=  7.29  C= 15.00  len=1000
Ep 1308: R=  4.63  C= 19.00  len=1000
Ep 1309: R=  4.88  C=  0.00  len=1000
Ep 1310: R=  5.89  C= 58.00  len=1000
Ep 1311: R=  0.51  C=  0.00  len=1000
Ep 1312: R=  3.05  C=  0.00  len=1000
Ep 1313: R= -3.06  C=  0.00  len=1000
Ep 1314: R= 10.83  C= 72.00  len=1000
Ep 1315: R=  5.28  C=  0.00  len=1000
Ep 1316: R=  5.43  C= 28.00  len=1000
Ep 1317: R= 12.71  C= 49.00  len=1000
Ep 1318: R= 11.89  C=  0.00  len=1000
Ep 1319: R=  6.51  C= 17.00  len=1000
Ep 1320: R= -0.95  C=  0.00  len=1000
Ep 1321: R=  3.88  C= 11.00  len=1000
Ep 1322: R= 14.12  C= 70.00  len=1000
Ep 1323: R= -2.80  C=  0.00  len=1000
Ep 1324: R=  6.67  C=  0.00  len=1000
Ep 1325: R= -4.20  C=  0.00  len=1000
Ep 1326: R= -2.81  C=  0.00  len=1000
Ep 1327: R= 12.62  C=107.00  len=1000
Ep 1328: R=  9.18  C= 30.00  len=1000
Ep 1329: R= -1.31  C=  0.00  len=1000
Ep 1330: R=  2.17  C=  0.00  len=1000
Ep 1331: R=  6.29  C=  0.00  len=1000
Ep 1332: R= -1.16  C=  0.00  len=1000
Ep 1333: R= 12.45  C= 48.00  len=1000
Ep 1334: R= -2.88  C=  0.00  len=1000
Ep 1335: R=  3.33  C=  0.00  len=1000
Ep 1336: R= -0.28  C=  0.00  len=1000
Ep 1337: R= -2.15  C=  0.00  len=1000
Ep 1338: R=  8.07  C= 26.00  len=1000
Ep 1339: R=  5.53  C= 10.00  len=1000
Ep 1340: R=  6.70  C= 12.00  len=1000
Ep 1341: R=  2.67  C=  0.00  len=1000
Ep 1342: R=  4.40  C= 51.00  len=1000
Ep 1343: R=  7.83  C= 27.00  len=1000
Ep 1344: R=  9.43  C=  0.00  len=1000
Ep 1345: R= 11.26  C=  0.00  len=1000
Ep 1346: R=  9.87  C=  0.00  len=1000
Ep 1347: R= 11.83  C= 58.00  len=1000
Ep 1348: R= -1.26  C=  0.00  len=1000
Ep 1349: R=  7.41  C= 35.00  len=1000
Ep 1350: R=  8.86  C=  0.00  len=1000
Ep 1351: R=  2.31  C= 37.00  len=1000
Ep 1352: R=  2.31  C=  0.00  len=1000
Ep 1353: R=  2.54  C=  0.00  len=1000
Ep 1354: R= 14.54  C=  0.00  len=1000
Ep 1355: R= 22.68  C=  0.00  len=1000
Ep 1356: R=  1.65  C= 15.00  len=1000
Ep 1357: R=  7.01  C=  0.00  len=1000
Ep 1358: R= -1.99  C=  0.00  len=1000
Ep 1359: R= 12.24  C=  0.00  len=1000
Ep 1360: R= 18.03  C= 75.00  len=1000
Ep 1361: R= -1.60  C=  0.00  len=1000
Ep 1362: R=  7.88  C=232.00  len=1000
Ep 1363: R= 17.26  C= 89.00  len=1000
Ep 1364: R=  4.00  C=  0.00  len=1000
Ep 1365: R= 14.10  C=  5.00  len=1000
Ep 1366: R= -2.59  C=  0.00  len=1000
Ep 1367: R= -1.23  C=  0.00  len=1000
Ep 1368: R=  0.52  C= 38.00  len=1000
Ep 1369: R= -0.58  C=  7.00  len=1000
Ep 1370: R=  4.83  C=  0.00  len=1000
Ep 1371: R=  2.18  C=  0.00  len=1000
Ep 1372: R= -0.68  C=  0.00  len=1000
Ep 1373: R= 14.13  C=  0.00  len=1000
Ep 1374: R=  5.72  C=  0.00  len=1000
Ep 1375: R=  3.11  C=  0.00  len=1000
Ep 1376: R= 16.47  C= 93.00  len=1000
Ep 1377: R=  6.61  C=  0.00  len=1000
Ep 1378: R= 12.10  C= 56.00  len=1000
Ep 1379: R= 19.49  C= 20.00  len=1000
Ep 1380: R= 12.53  C=  0.00  len=1000
Ep 1381: R=  8.64  C=  0.00  len=1000
Ep 1382: R=  6.77  C= 14.00  len=1000
Ep 1383: R=  3.73  C=  0.00  len=1000
Ep 1384: R= 12.35  C= 63.00  len=1000
Ep 1385: R=  0.48  C=  0.00  len=1000
Ep 1386: R=  4.57  C=  0.00  len=1000
Ep 1387: R= 10.40  C= 22.00  len=1000
Ep 1388: R= -2.25  C=  0.00  len=1000
Ep 1389: R= -0.83  C=  0.00  len=1000
Ep 1390: R=  7.16  C= 36.00  len=1000
Ep 1391: R=  2.10  C=  0.00  len=1000
Ep 1392: R= 13.97  C=161.00  len=1000
Ep 1393: R=  4.75  C=  0.00  len=1000
Ep 1394: R=  0.04  C=  0.00  len=1000
Ep 1395: R= 12.34  C= 14.00  len=1000
Ep 1396: R=  4.57  C=  0.00  len=1000
Ep 1397: R= 20.90  C=  0.00  len=1000
Ep 1398: R=  9.47  C= 79.00  len=1000
Ep 1399: R=  7.52  C= 15.00  len=1000
Ep 1400: R=  3.74  C= 35.00  len=1000
Ep 1401: R= -1.92  C=  0.00  len=1000
Ep 1402: R=  7.36  C= 23.00  len=1000
Ep 1403: R=  6.52  C= 20.00  len=1000
Ep 1404: R= 15.51  C= 50.00  len=1000
Ep 1405: R= 19.77  C= 16.00  len=1000
Ep 1406: R=  3.89  C= 22.00  len=1000
Ep 1407: R= -4.03  C=  0.00  len=1000
Ep 1408: R= 16.49  C= 23.00  len=1000
Ep 1409: R= -1.73  C=  0.00  len=1000
Ep 1410: R= -0.32  C=  0.00  len=1000
Ep 1411: R=  4.64  C=  0.00  len=1000
Ep 1412: R=  9.32  C= 44.00  len=1000
Ep 1413: R=  9.68  C= 15.00  len=1000
Ep 1414: R= 10.48  C= 40.00  len=1000
Ep 1415: R=  6.95  C= 26.00  len=1000
Ep 1416: R= 17.14  C=137.00  len=1000
Ep 1417: R=  7.20  C=  0.00  len=1000
Ep 1418: R= -2.38  C=  0.00  len=1000
Ep 1419: R=  0.18  C=  0.00  len=1000
Ep 1420: R= -2.22  C=  0.00  len=1000
Ep 1421: R=  4.35  C=  0.00  len=1000
Ep 1422: R=  7.51  C=  0.00  len=1000
Ep 1423: R= -3.22  C=  0.00  len=1000
Ep 1424: R= 10.05  C= 34.00  len=1000
Ep 1425: R= 10.63  C=  7.00  len=1000
Ep 1426: R=  6.15  C=  1.00  len=1000
Ep 1427: R= 15.29  C= 88.00  len=1000
Ep 1428: R=  9.09  C=  0.00  len=1000
Ep 1429: R= 10.54  C= 13.00  len=1000
Ep 1430: R= 20.59  C=  0.00  len=1000
Ep 1431: R=  2.49  C=  0.00  len=1000
Ep 1432: R= 11.15  C=  0.00  len=1000
Ep 1433: R=  9.98  C= 31.00  len=1000
Ep 1434: R= 14.00  C=  0.00  len=1000
Ep 1435: R= -0.38  C=  1.00  len=1000
Ep 1436: R= -0.34  C=  0.00  len=1000
Ep 1437: R=  8.23  C= 42.00  len=1000
Ep 1438: R=  9.18  C= 11.00  len=1000
Ep 1439: R=  3.80  C= 11.00  len=1000
Ep 1440: R= 20.17  C=  0.00  len=1000
Ep 1441: R= -2.40  C=  0.00  len=1000
Ep 1442: R= 17.04  C= 49.00  len=1000
Ep 1443: R=  9.42  C=  0.00  len=1000
Ep 1444: R=  1.62  C=  0.00  len=1000
Ep 1445: R=  4.45  C= 16.00  len=1000
Ep 1446: R= 19.54  C=  0.00  len=1000
Ep 1447: R= 13.78  C= 22.00  len=1000
Ep 1448: R=  5.33  C= 14.00  len=1000
Ep 1449: R= -0.83  C=  0.00  len=1000
Ep 1450: R=  9.59  C=  0.00  len=1000
Ep 1451: R= 12.38  C= 16.00  len=1000
Ep 1452: R=  7.39  C=  0.00  len=1000
Ep 1453: R= 17.35  C=  0.00  len=1000
Ep 1454: R= 15.38  C= 27.00  len=1000
Ep 1455: R= -1.00  C= 13.00  len=1000
Ep 1456: R= 12.06  C=  0.00  len=1000
Ep 1457: R= 22.31  C=  0.00  len=1000
Ep 1458: R= 11.52  C= 35.00  len=1000
Ep 1459: R= 16.36  C= 52.00  len=1000
Ep 1460: R= -1.51  C=  0.00  len=1000
Ep 1461: R=  6.55  C= 78.00  len=1000
Ep 1462: R=  0.90  C=  0.00  len=1000
Ep 1463: R= -2.33  C=  0.00  len=1000
Ep 1464: R=  2.24  C=  0.00  len=1000
Ep 1465: R=  2.86  C= 14.00  len=1000
Ep 1466: R=  6.01  C= 53.00  len=1000
Ep 1467: R= -1.24  C=  0.00  len=1000
Ep 1468: R=  4.46  C= 39.00  len=1000
Ep 1469: R= -1.01  C=  0.00  len=1000
Ep 1470: R=  2.56  C=  0.00  len=1000
Ep 1471: R=  8.94  C= 13.00  len=1000
Ep 1472: R= 12.18  C= 80.00  len=1000
Ep 1473: R= 10.78  C=  0.00  len=1000
Ep 1474: R=  5.90  C=  0.00  len=1000
Ep 1475: R=  4.37  C= 17.00  len=1000
Ep 1476: R= 12.46  C=  0.00  len=1000
Ep 1477: R=  4.08  C=  0.00  len=1000
Ep 1478: R= -4.26  C=  0.00  len=1000
Ep 1479: R= -0.84  C=  0.00  len=1000
Ep 1480: R= 11.46  C= 15.00  len=1000
Ep 1481: R= -1.13  C=  0.00  len=1000
Ep 1482: R= 17.93  C= 17.00  len=1000
Ep 1483: R=  0.83  C=125.00  len=1000
Ep 1484: R=  0.01  C=  0.00  len=1000
Ep 1485: R=  1.30  C=  0.00  len=1000
Ep 1486: R=  6.42  C= 61.00  len=1000
Ep 1487: R= 12.65  C=  6.00  len=1000
Ep 1488: R=  4.87  C=  0.00  len=1000
Ep 1489: R=  9.74  C=  0.00  len=1000
Ep 1490: R=  7.91  C= 60.00  len=1000
Ep 1491: R=  6.31  C= 30.00  len=1000
Ep 1492: R= 21.92  C=  0.00  len=1000
Ep 1493: R= -1.87  C=  0.00  len=1000
Ep 1494: R= 14.87  C= 38.00  len=1000
Ep 1495: R=  3.66  C=  0.00  len=1000
Ep 1496: R= 10.09  C=  0.00  len=1000
Ep 1497: R= -2.09  C=  0.00  len=1000
Ep 1498: R= -1.91  C=  0.00  len=1000
Ep 1499: R=  0.24  C=  0.00  len=1000
Ep 1500: R=  2.75  C=  0.00  len=1000
Ep 1501: R=  0.87  C=  0.00  len=1000
Ep 1502: R=  4.19  C=  0.00  len=1000
Ep 1503: R=  6.58  C=118.00  len=1000
Ep 1504: R= 10.06  C= 28.00  len=1000
Ep 1505: R= 15.88  C=  0.00  len=1000
Ep 1506: R= 17.45  C=  0.00  len=1000
Ep 1507: R= 16.21  C= 39.00  len=1000
Ep 1508: R= -0.87  C=  0.00  len=1000
Ep 1509: R=  5.05  C=  0.00  len=1000
Ep 1510: R=  8.67  C= 44.00  len=1000
Ep 1511: R=  8.20  C= 57.00  len=1000
Ep 1512: R= 10.74  C= 13.00  len=1000
Ep 1513: R= -3.59  C=  0.00  len=1000
Ep 1514: R=  1.71  C=  0.00  len=1000
Ep 1515: R= 14.14  C=  0.00  len=1000
Ep 1516: R=  1.45  C= 22.00  len=1000
Ep 1517: R=  8.16  C=  0.00  len=1000
Ep 1518: R=  8.15  C=  0.00  len=1000
Ep 1519: R=  2.13  C=  0.00  len=1000
Ep 1520: R= 16.03  C= 57.00  len=1000
Ep 1521: R= 10.04  C= 45.00  len=1000
Ep 1522: R=  4.55  C= 29.00  len=1000
Ep 1523: R=  2.39  C= 31.00  len=1000
Ep 1524: R= -0.87  C=  0.00  len=1000
Ep 1525: R= -2.38  C=  0.00  len=1000
Ep 1526: R= 12.41  C= 34.00  len=1000
Ep 1527: R=  4.36  C=  0.00  len=1000
Ep 1528: R= 10.86  C=  0.00  len=1000
Ep 1529: R=  9.17  C= 67.00  len=1000
Ep 1530: R= -1.45  C=  0.00  len=1000
Ep 1531: R= -2.61  C=  0.00  len=1000
Ep 1532: R=  8.70  C= 36.00  len=1000
Ep 1533: R=  2.55  C=  0.00  len=1000
Ep 1534: R= 13.27  C=  9.00  len=1000
Ep 1535: R=  5.09  C= 38.00  len=1000
Ep 1536: R= 10.81  C= 20.00  len=1000
Ep 1537: R= -0.94  C=  0.00  len=1000
Ep 1538: R= -1.99  C=  0.00  len=1000
Ep 1539: R=  4.48  C=  0.00  len=1000
Ep 1540: R=  3.84  C=  0.00  len=1000
Ep 1541: R= 15.40  C= 55.00  len=1000
Ep 1542: R= -0.27  C= 41.00  len=1000
Ep 1543: R=  9.62  C=  0.00  len=1000
Ep 1544: R=  4.13  C=  0.00  len=1000
Ep 1545: R=  1.39  C=120.00  len=1000
Ep 1546: R=  2.25  C= 28.00  len=1000
Ep 1547: R=  9.55  C=  0.00  len=1000
Ep 1548: R=  3.55  C= 27.00  len=1000
Ep 1549: R= 14.96  C=  0.00  len=1000
Ep 1550: R=  4.32  C= 25.00  len=1000
Ep 1551: R= 10.84  C=  0.00  len=1000
Ep 1552: R= 16.31  C= 32.00  len=1000
Ep 1553: R= -3.15  C=  0.00  len=1000
Ep 1554: R=  5.95  C=  0.00  len=1000
Ep 1555: R=  0.24  C=  0.00  len=1000
Ep 1556: R=  5.52  C=  0.00  len=1000
Ep 1557: R= 13.99  C= 12.00  len=1000
Ep 1558: R= 11.62  C=  0.00  len=1000
Ep 1559: R= 13.43  C=  0.00  len=1000
Ep 1560: R=  2.75  C=  0.00  len=1000
Ep 1561: R=  5.89  C= 21.00  len=1000
Ep 1562: R= 17.58  C= 41.00  len=1000
Ep 1563: R=  5.49  C=  0.00  len=1000
Ep 1564: R= -0.78  C=  0.00  len=1000
Ep 1565: R= -1.73  C=  0.00  len=1000
Ep 1566: R=  8.48  C=  0.00  len=1000
Ep 1567: R= 11.86  C= 25.00  len=1000
Ep 1568: R= 17.04  C=117.00  len=1000
Ep 1569: R= 11.72  C=145.00  len=1000
Ep 1570: R= 11.86  C=  0.00  len=1000
Ep 1571: R=  7.81  C=  9.00  len=1000
Ep 1572: R=  6.66  C= 19.00  len=1000
Ep 1573: R=  6.34  C= 41.00  len=1000
Ep 1574: R= 15.38  C= 89.00  len=1000
Ep 1575: R=  2.36  C= 35.00  len=1000
Ep 1576: R= 11.96  C= 25.00  len=1000
Ep 1577: R=  7.77  C=  5.00  len=1000
Ep 1578: R= 12.87  C= 13.00  len=1000
Ep 1579: R= -2.75  C=  0.00  len=1000
Ep 1580: R= 11.84  C=  0.00  len=1000
Ep 1581: R= 12.11  C= 62.00  len=1000
Ep 1582: R=  7.43  C= 38.00  len=1000
Ep 1583: R= 17.71  C= 10.00  len=1000
Ep 1584: R=  8.14  C=  0.00  len=1000
Ep 1585: R= 10.69  C= 15.00  len=1000
Ep 1586: R=  8.79  C= 97.00  len=1000
Ep 1587: R= -3.01  C=  0.00  len=1000
Ep 1588: R=  4.25  C=  5.00  len=1000
Ep 1589: R= 14.79  C= 20.00  len=1000
Ep 1590: R= -2.04  C=  0.00  len=1000
Ep 1591: R=  1.80  C= 32.00  len=1000
Ep 1592: R=  3.81  C=  0.00  len=1000
Ep 1593: R= 11.28  C=  0.00  len=1000
Ep 1594: R=  3.06  C= 24.00  len=1000
Ep 1595: R= 14.67  C= 15.00  len=1000
Ep 1596: R= -3.23  C=  0.00  len=1000
Ep 1597: R=  0.67  C= 17.00  len=1000
Ep 1598: R= 11.68  C= 24.00  len=1000
Ep 1599: R= 14.93  C= 37.00  len=1000
Ep 1600: R= 15.10  C= 41.00  len=1000
Ep 1601: R= -0.06  C=  0.00  len=1000
Ep 1602: R=  9.82  C=  0.00  len=1000
Ep 1603: R= 10.22  C= 57.00  len=1000
Ep 1604: R= 16.90  C= 22.00  len=1000
Ep 1605: R= -2.77  C=  0.00  len=1000
Ep 1606: R=  1.56  C=  0.00  len=1000
Ep 1607: R=  6.31  C= 36.00  len=1000
Ep 1608: R=  7.49  C= 58.00  len=1000
Ep 1609: R= -2.88  C=  0.00  len=1000
Ep 1610: R=  6.35  C= 17.00  len=1000
Ep 1611: R= 16.23  C=  0.00  len=1000
Ep 1612: R= -0.51  C=  0.00  len=1000
Ep 1613: R= -1.59  C=  0.00  len=1000
Ep 1614: R=  6.36  C= 31.00  len=1000
Ep 1615: R= 10.01  C=  9.00  len=1000
Ep 1616: R=  4.04  C=  8.00  len=1000
Ep 1617: R= 20.85  C= 39.00  len=1000
Ep 1618: R=  9.35  C= 15.00  len=1000
Ep 1619: R= 12.66  C=  0.00  len=1000
Ep 1620: R= -0.89  C=  0.00  len=1000
Ep 1621: R= 10.43  C= 72.00  len=1000
Ep 1622: R= 10.03  C= 43.00  len=1000
Ep 1623: R=  3.92  C=  0.00  len=1000
Ep 1624: R= 11.61  C= 87.00  len=1000
Ep 1625: R= -3.13  C=  0.00  len=1000
Ep 1626: R=  2.20  C= 31.00  len=1000
Ep 1627: R= 14.36  C= 57.00  len=1000
Ep 1628: R=  5.02  C= 55.00  len=1000
Ep 1629: R=  8.44  C=  0.00  len=1000
Ep 1630: R=  9.68  C=  7.00  len=1000
Ep 1631: R=  0.85  C=  0.00  len=1000
Ep 1632: R=  7.22  C= 32.00  len=1000
Ep 1633: R=  6.26  C= 32.00  len=1000
Ep 1634: R= 11.13  C= 18.00  len=1000
Ep 1635: R= -0.52  C=  0.00  len=1000
Ep 1636: R= 12.87  C=  8.00  len=1000
Ep 1637: R=  6.28  C=116.00  len=1000
Ep 1638: R= 10.58  C=  0.00  len=1000
Ep 1639: R= -1.02  C=  0.00  len=1000
Ep 1640: R=  5.43  C= 12.00  len=1000
Ep 1641: R= 11.36  C= 72.00  len=1000
Ep 1642: R= 11.37  C=  0.00  len=1000
Ep 1643: R=  3.15  C=  0.00  len=1000
Ep 1644: R= 13.54  C=  0.00  len=1000
Ep 1645: R= -3.66  C=  0.00  len=1000
Ep 1646: R=  5.29  C=  0.00  len=1000
Ep 1647: R= -2.36  C=  0.00  len=1000
Ep 1648: R=  6.74  C=  0.00  len=1000
Ep 1649: R= -0.58  C=  0.00  len=1000
Ep 1650: R= -3.30  C=  0.00  len=1000
Ep 1651: R= -0.86  C=  0.00  len=1000
Ep 1652: R= 12.72  C=  0.00  len=1000
Ep 1653: R=  8.85  C= 15.00  len=1000
Ep 1654: R= -2.37  C=  0.00  len=1000
Ep 1655: R=  5.70  C= 19.00  len=1000
Ep 1656: R=  2.22  C=  0.00  len=1000
Ep 1657: R=  2.69  C= 68.00  len=1000
Ep 1658: R= -1.61  C=  0.00  len=1000
Ep 1659: R=  1.33  C= 15.00  len=1000
Ep 1660: R=  1.02  C=  0.00  len=1000
Ep 1661: R=  3.91  C=  0.00  len=1000
Ep 1662: R=  3.63  C=  0.00  len=1000
Ep 1663: R=  6.52  C=  0.00  len=1000
Ep 1664: R=  8.27  C= 20.00  len=1000
Ep 1665: R= 13.14  C= 26.00  len=1000
Ep 1666: R= 11.30  C= 14.00  len=1000
Ep 1667: R=  1.84  C=  0.00  len=1000
Ep 1668: R= 10.50  C= 29.00  len=1000
Ep 1669: R=  1.83  C= 56.00  len=1000
Ep 1670: R=  8.41  C= 27.00  len=1000
Ep 1671: R= -1.24  C=  0.00  len=1000
Ep 1672: R= 11.18  C=  0.00  len=1000
Ep 1673: R=  7.87  C=  0.00  len=1000
Ep 1674: R= 18.32  C= 86.00  len=1000
Ep 1675: R= -0.29  C=  0.00  len=1000
Ep 1676: R= 13.80  C=  5.00  len=1000
Ep 1677: R= 11.26  C= 48.00  len=1000
Ep 1678: R=  9.22  C= 39.00  len=1000
Ep 1679: R= -2.57  C=  0.00  len=1000
Ep 1680: R= -1.87  C=  0.00  len=1000
Ep 1681: R= -1.57  C=  0.00  len=1000
Ep 1682: R=  6.98  C= 36.00  len=1000
Ep 1683: R=  4.96  C= 52.00  len=1000
Ep 1684: R= 12.17  C= 41.00  len=1000
Ep 1685: R=  5.30  C=  0.00  len=1000
Ep 1686: R= 17.66  C= 16.00  len=1000
Ep 1687: R=  5.71  C= 10.00  len=1000
Ep 1688: R= 20.11  C= 72.00  len=1000
Ep 1689: R= 15.04  C=125.00  len=1000
Ep 1690: R=  1.00  C=  0.00  len=1000
Ep 1691: R= -0.68  C=  0.00  len=1000
Ep 1692: R= 12.68  C= 23.00  len=1000
Ep 1693: R= 10.47  C=  0.00  len=1000
Ep 1694: R=  7.12  C= 16.00  len=1000
Ep 1695: R=  4.39  C=  0.00  len=1000
Ep 1696: R=  3.44  C=  0.00  len=1000
Ep 1697: R=  1.92  C=  0.00  len=1000
Ep 1698: R=  7.26  C= 29.00  len=1000
Ep 1699: R=  7.52  C= 28.00  len=1000
Ep 1700: R=  4.93  C=  0.00  len=1000
Ep 1701: R=  9.34  C= 21.00  len=1000
Ep 1702: R= 14.05  C=  0.00  len=1000
Ep 1703: R= -2.52  C=  0.00  len=1000
Ep 1704: R= -1.51  C= 10.00  len=1000
Ep 1705: R= -0.29  C=  0.00  len=1000
Ep 1706: R= -1.12  C=  0.00  len=1000
Ep 1707: R= 13.92  C=142.00  len=1000
Ep 1708: R= 13.88  C= 46.00  len=1000
Ep 1709: R= 12.95  C= 20.00  len=1000
Ep 1710: R=  9.67  C= 54.00  len=1000
Ep 1711: R= 10.07  C=  0.00  len=1000
Ep 1712: R= 16.77  C= 11.00  len=1000
Ep 1713: R= 20.37  C=115.00  len=1000
Ep 1714: R= -2.98  C=  0.00  len=1000
Ep 1715: R= 11.80  C= 10.00  len=1000
Ep 1716: R= -2.96  C=  0.00  len=1000
Ep 1717: R=  0.68  C=  0.00  len=1000
Ep 1718: R=  4.24  C=  0.00  len=1000
Ep 1719: R= 16.99  C= 35.00  len=1000
Ep 1720: R= -1.89  C=  0.00  len=1000
Ep 1721: R=  0.83  C=  0.00  len=1000
Ep 1722: R= -1.15  C=  0.00  len=1000
Ep 1723: R=  5.40  C=  0.00  len=1000
Ep 1724: R= 13.24  C= 94.00  len=1000
Ep 1725: R= 10.35  C= 41.00  len=1000
Ep 1726: R= -3.34  C=  0.00  len=1000
Ep 1727: R= -1.80  C=  0.00  len=1000
Ep 1728: R=  4.72  C= 15.00  len=1000
Ep 1729: R= -1.11  C=  0.00  len=1000
Ep 1730: R= 15.09  C= 86.00  len=1000
Ep 1731: R=  7.75  C= 29.00  len=1000
Ep 1732: R=  9.78  C= 32.00  len=1000
Ep 1733: R=  7.75  C= 75.00  len=1000
Ep 1734: R= 13.62  C=  0.00  len=1000
Ep 1735: R=  2.09  C=  0.00  len=1000
Ep 1736: R= -1.64  C=  0.00  len=1000
Ep 1737: R= 15.25  C= 61.00  len=1000
Ep 1738: R=  0.33  C= 13.00  len=1000
Ep 1739: R=  9.70  C=  0.00  len=1000
Ep 1740: R=  2.76  C=  0.00  len=1000
Ep 1741: R=  8.69  C=  9.00  len=1000
Ep 1742: R=  3.56  C= 83.00  len=1000
Ep 1743: R=  3.07  C=  0.00  len=1000
Ep 1744: R= 10.88  C= 70.00  len=1000
Ep 1745: R= 18.48  C= 35.00  len=1000
Ep 1746: R=  0.50  C=  0.00  len=1000
Ep 1747: R=  8.51  C=  0.00  len=1000
Ep 1748: R= 13.13  C= 14.00  len=1000
Ep 1749: R=  8.10  C= 40.00  len=1000
Ep 1750: R=  5.76  C=  0.00  len=1000
Ep 1751: R=  5.70  C=  0.00  len=1000
Ep 1752: R= -3.45  C= 34.00  len=1000
Ep 1753: R= -0.13  C= 43.00  len=1000
Ep 1754: R= -3.14  C=  0.00  len=1000
Ep 1755: R=  0.25  C=  0.00  len=1000
Ep 1756: R=  4.71  C=  0.00  len=1000
Ep 1757: R= 15.00  C= 15.00  len=1000
Ep 1758: R= -3.74  C=  0.00  len=1000
Ep 1759: R= -1.09  C=  0.00  len=1000
Ep 1760: R= 10.36  C=  0.00  len=1000
Ep 1761: R=  0.15  C=  0.00  len=1000
Ep 1762: R= -2.92  C=  0.00  len=1000
Ep 1763: R= 14.50  C= 20.00  len=1000
Ep 1764: R= -1.48  C=  0.00  len=1000
Ep 1765: R= 21.82  C=  0.00  len=1000
Ep 1766: R= -0.94  C=  0.00  len=1000
Ep 1767: R=  5.29  C=  0.00  len=1000
Ep 1768: R= -1.35  C=  0.00  len=1000
Ep 1769: R= 18.35  C= 26.00  len=1000
Ep 1770: R= -0.10  C=  0.00  len=1000
Ep 1771: R=  9.02  C= 34.00  len=1000
Ep 1772: R=  5.73  C=  0.00  len=1000
Ep 1773: R=  8.21  C=  0.00  len=1000
Ep 1774: R=  3.82  C=  0.00  len=1000
Ep 1775: R=  4.33  C=  0.00  len=1000
Ep 1776: R= -0.71  C=  0.00  len=1000
Ep 1777: R=  1.69  C=  0.00  len=1000
Ep 1778: R=  4.31  C=  0.00  len=1000
Ep 1779: R= 14.48  C= 13.00  len=1000
Ep 1780: R= -0.68  C= 14.00  len=1000
Ep 1781: R= 10.43  C=  0.00  len=1000
Ep 1782: R=  0.17  C= 60.00  len=1000
Ep 1783: R=  6.99  C= 40.00  len=1000
Ep 1784: R=  5.04  C= 13.00  len=1000
Ep 1785: R= 12.28  C=  0.00  len=1000
Ep 1786: R=  7.43  C= 30.00  len=1000
Ep 1787: R= 17.32  C= 62.00  len=1000
Ep 1788: R=  1.05  C=  0.00  len=1000
Ep 1789: R=  3.93  C=  0.00  len=1000
Ep 1790: R= -1.31  C=  0.00  len=1000
Ep 1791: R= 10.90  C= 16.00  len=1000
Ep 1792: R= -1.65  C=  0.00  len=1000
Ep 1793: R=  6.54  C=  0.00  len=1000
Ep 1794: R=  5.34  C= 68.00  len=1000
Ep 1795: R=  4.48  C= 14.00  len=1000
Ep 1796: R= 14.14  C= 43.00  len=1000
Ep 1797: R=  0.18  C= 14.00  len=1000
Ep 1798: R= -3.84  C=  0.00  len=1000
Ep 1799: R= 10.17  C= 16.00  len=1000
Ep 1800: R= 15.99  C= 16.00  len=1000
Ep 1801: R= -0.68  C=  0.00  len=1000
Ep 1802: R=  6.93  C=  0.00  len=1000
Ep 1803: R= 15.52  C= 88.00  len=1000
Ep 1804: R=  9.60  C= 16.00  len=1000
Ep 1805: R= -3.07  C=  0.00  len=1000
Ep 1806: R=  8.79  C= 23.00  len=1000
Ep 1807: R= 10.29  C= 11.00  len=1000
Ep 1808: R= 15.22  C= 37.00  len=1000
Ep 1809: R= 10.73  C= 59.00  len=1000
Ep 1810: R=  4.50  C=  0.00  len=1000
Ep 1811: R=  9.60  C=  0.00  len=1000
Ep 1812: R=  2.47  C=  9.00  len=1000
Ep 1813: R=  6.82  C=  0.00  len=1000
Ep 1814: R=  1.33  C= 21.00  len=1000
Ep 1815: R= 13.09  C= 20.00  len=1000
Ep 1816: R= 12.44  C= 11.00  len=1000
Ep 1817: R=  9.67  C= 53.00  len=1000
Ep 1818: R= -2.10  C=  0.00  len=1000
Ep 1819: R= -2.23  C=  0.00  len=1000
Ep 1820: R=  2.54  C= 12.00  len=1000
Ep 1821: R=  6.27  C= 19.00  len=1000
Ep 1822: R= -1.37  C= 10.00  len=1000
Ep 1823: R=  6.28  C= 50.00  len=1000
Ep 1824: R=  5.14  C= 17.00  len=1000
Ep 1825: R= -2.58  C=  0.00  len=1000
Ep 1826: R= -2.29  C=  0.00  len=1000
Ep 1827: R=  0.79  C=  0.00  len=1000
Ep 1828: R= 10.37  C=  0.00  len=1000
Ep 1829: R=  4.37  C=  0.00  len=1000
Ep 1830: R=  9.17  C= 32.00  len=1000
Ep 1831: R= 17.79  C= 31.00  len=1000
Ep 1832: R=  1.86  C= 19.00  len=1000
Ep 1833: R= 15.05  C= 36.00  len=1000
Ep 1834: R= -0.43  C=  0.00  len=1000
Ep 1835: R=  1.62  C=  0.00  len=1000
Ep 1836: R=  1.97  C= 26.00  len=1000
Ep 1837: R=  2.79  C=  0.00  len=1000
Ep 1838: R= -1.98  C=  0.00  len=1000
Ep 1839: R= 13.57  C= 11.00  len=1000
Ep 1840: R=  7.07  C=  0.00  len=1000
Ep 1841: R= 10.87  C=  0.00  len=1000
Ep 1842: R= -1.50  C=  0.00  len=1000
Ep 1843: R= -1.93  C=  0.00  len=1000
Ep 1844: R=  7.15  C=  0.00  len=1000
Ep 1845: R=  8.07  C=  0.00  len=1000
Ep 1846: R= -1.32  C=  0.00  len=1000
Ep 1847: R= 13.45  C= 15.00  len=1000
Ep 1848: R= 10.44  C=  0.00  len=1000
Ep 1849: R=  6.79  C= 13.00  len=1000
Ep 1850: R=  2.92  C=  0.00  len=1000
Ep 1851: R=  9.28  C= 16.00  len=1000
Ep 1852: R=  4.00  C= 52.00  len=1000
Ep 1853: R=  8.86  C= 29.00  len=1000
Ep 1854: R= 10.74  C= 11.00  len=1000
Ep 1855: R= 14.27  C= 24.00  len=1000
Ep 1856: R= 11.83  C= 54.00  len=1000
Ep 1857: R=  4.01  C=  0.00  len=1000
Ep 1858: R=  7.61  C=  0.00  len=1000
Ep 1859: R= -2.41  C=  0.00  len=1000
Ep 1860: R=  4.70  C=148.00  len=1000
Ep 1861: R= 11.45  C= 76.00  len=1000
Ep 1862: R= -1.67  C=  0.00  len=1000
Ep 1863: R=  3.07  C= 15.00  len=1000
Ep 1864: R=  2.57  C=  0.00  len=1000
Ep 1865: R=  2.30  C=  0.00  len=1000
Ep 1866: R=  4.37  C= 49.00  len=1000
Ep 1867: R=  2.37  C=  0.00  len=1000
Ep 1868: R= -2.66  C=  0.00  len=1000
Ep 1869: R= -0.62  C=  0.00  len=1000
Ep 1870: R= -1.42  C=  0.00  len=1000
Ep 1871: R= -2.41  C=  0.00  len=1000
Ep 1872: R=  5.41  C=  0.00  len=1000
Ep 1873: R=  1.60  C=  0.00  len=1000
Ep 1874: R=  3.36  C= 54.00  len=1000
Ep 1875: R= 16.67  C=132.00  len=1000
Ep 1876: R=  0.37  C= 63.00  len=1000
Ep 1877: R= 11.19  C= 43.00  len=1000
Ep 1878: R=  0.39  C=  0.00  len=1000
Ep 1879: R=  2.81  C= 20.00  len=1000
Ep 1880: R= 11.13  C= 19.00  len=1000
Ep 1881: R= -3.12  C=  0.00  len=1000
Ep 1882: R=  5.09  C= 15.00  len=1000
Ep 1883: R= -2.58  C=  0.00  len=1000
Ep 1884: R= 14.55  C= 22.00  len=1000
Ep 1885: R= -0.16  C= 20.00  len=1000
Ep 1886: R= 14.57  C= 51.00  len=1000
Ep 1887: R=  0.77  C= 52.00  len=1000
Ep 1888: R=  9.65  C= 37.00  len=1000
Ep 1889: R=  3.23  C=  0.00  len=1000
Ep 1890: R= 15.24  C= 35.00  len=1000
Ep 1891: R=  8.60  C=  0.00  len=1000
Ep 1892: R=  2.51  C=  7.00  len=1000
Ep 1893: R= 15.67  C= 28.00  len=1000
Ep 1894: R= -1.28  C= 11.00  len=1000
Ep 1895: R=  5.20  C=  0.00  len=1000
Ep 1896: R= 17.66  C= 82.00  len=1000
Ep 1897: R= -2.15  C=  0.00  len=1000
Ep 1898: R=  0.69  C=  0.00  len=1000
Ep 1899: R= -2.76  C=  0.00  len=1000
Ep 1900: R=  4.04  C= 93.00  len=1000
Ep 1901: R=  6.87  C=  0.00  len=1000
Ep 1902: R=  2.05  C= 76.00  len=1000
Ep 1903: R=  2.53  C=  0.00  len=1000
Ep 1904: R=  7.23  C=  0.00  len=1000
Ep 1905: R=  2.87  C=  0.00  len=1000
Ep 1906: R=  2.38  C= 26.00  len=1000
Ep 1907: R= 17.11  C= 16.00  len=1000
Ep 1908: R= 17.29  C=  0.00  len=1000
Ep 1909: R= 15.64  C=  0.00  len=1000
Ep 1910: R= -1.08  C=  0.00  len=1000
Ep 1911: R=  5.40  C= 40.00  len=1000
Ep 1912: R=  6.50  C=  9.00  len=1000
Ep 1913: R=  8.85  C=  0.00  len=1000
Ep 1914: R= 13.06  C= 15.00  len=1000
Ep 1915: R= 14.86  C= 42.00  len=1000
Ep 1916: R= 11.75  C= 21.00  len=1000
Ep 1917: R= -4.54  C=  0.00  len=1000
Ep 1918: R=  0.96  C= 23.00  len=1000
Ep 1919: R=  4.50  C=  0.00  len=1000
Ep 1920: R=  6.85  C= 29.00  len=1000
Ep 1921: R=  4.22  C= 36.00  len=1000
Ep 1922: R= 17.87  C=  0.00  len=1000
Ep 1923: R= -0.84  C=  0.00  len=1000
Ep 1924: R= 13.95  C=  6.00  len=1000
Ep 1925: R=  9.79  C= 36.00  len=1000
Ep 1926: R=  0.49  C=  0.00  len=1000
Ep 1927: R= 11.69  C=116.00  len=1000
Ep 1928: R= -2.76  C=  0.00  len=1000
Ep 1929: R= 18.16  C=  0.00  len=1000
Ep 1930: R=  1.79  C=  0.00  len=1000
Ep 1931: R= -0.66  C=  0.00  len=1000
Ep 1932: R= -0.68  C=  0.00  len=1000
Ep 1933: R=  4.74  C= 38.00  len=1000
Ep 1934: R= 10.23  C=  0.00  len=1000
Ep 1935: R=  2.49  C=  0.00  len=1000
Ep 1936: R= 19.25  C= 26.00  len=1000
Ep 1937: R=  2.69  C= 26.00  len=1000
Ep 1938: R=  8.00  C= 35.00  len=1000
Ep 1939: R= 10.02  C= 18.00  len=1000
Ep 1940: R=  9.72  C=  0.00  len=1000
Ep 1941: R= -1.28  C=  0.00  len=1000
Ep 1942: R=  1.02  C=  0.00  len=1000
Ep 1943: R= 10.99  C= 14.00  len=1000
Ep 1944: R=  8.07  C=  0.00  len=1000
Ep 1945: R=  3.40  C=  0.00  len=1000
Ep 1946: R= 15.79  C=  6.00  len=1000
Ep 1947: R= -3.74  C=  0.00  len=1000
Ep 1948: R= 17.41  C=  0.00  len=1000
Ep 1949: R= 10.41  C= 77.00  len=1000
Ep 1950: R= 13.38  C= 18.00  len=1000
Ep 1951: R= 12.64  C= 42.00  len=1000
Ep 1952: R= 11.77  C=  0.00  len=1000
Ep 1953: R= -2.45  C=  0.00  len=1000
Ep 1954: R= 14.88  C=  0.00  len=1000
Ep 1955: R=  4.13  C= 62.00  len=1000
Ep 1956: R=  3.37  C= 14.00  len=1000
Ep 1957: R= -2.28  C=  0.00  len=1000
Ep 1958: R= 18.18  C= 16.00  len=1000
Ep 1959: R=  8.71  C=  0.00  len=1000
Ep 1960: R= 16.89  C= 62.00  len=1000
Ep 1961: R=  1.11  C=  0.00  len=1000
Ep 1962: R= -2.21  C=  0.00  len=1000
Ep 1963: R= -2.81  C=  0.00  len=1000
Ep 1964: R= 13.67  C= 69.00  len=1000
Ep 1965: R= 11.66  C=  0.00  len=1000
Ep 1966: R=  2.09  C=  0.00  len=1000
Ep 1967: R=  3.81  C= 12.00  len=1000
Ep 1968: R= -0.51  C=  0.00  len=1000
Ep 1969: R=  0.48  C= 21.00  len=1000
Ep 1970: R=  2.76  C=  0.00  len=1000
Ep 1971: R= -0.60  C= 14.00  len=1000
Ep 1972: R=  5.12  C=  0.00  len=1000
Ep 1973: R=  4.20  C= 17.00  len=1000
Ep 1974: R=  3.68  C=  0.00  len=1000
Ep 1975: R=  2.80  C=  0.00  len=1000
Ep 1976: R=  3.91  C=  0.00  len=1000
Ep 1977: R= -3.22  C=  0.00  len=1000
Ep 1978: R= 10.88  C= 38.00  len=1000
Ep 1979: R=  8.31  C=  0.00  len=1000
Ep 1980: R=  8.27  C= 11.00  len=1000
Ep 1981: R= 18.21  C= 50.00  len=1000
Ep 1982: R=  8.62  C=  0.00  len=1000
Ep 1983: R=  0.85  C= 11.00  len=1000
Ep 1984: R=  0.69  C=  0.00  len=1000
Ep 1985: R=  0.28  C=  0.00  len=1000
Ep 1986: R= 14.53  C= 53.00  len=1000
Ep 1987: R= 17.04  C=209.00  len=1000
Ep 1988: R= 12.34  C= 34.00  len=1000
Ep 1989: R= 11.00  C=  0.00  len=1000
Ep 1990: R=  6.28  C= 18.00  len=1000
Ep 1991: R= -1.33  C=  0.00  len=1000
Ep 1992: R=  5.40  C=  4.00  len=1000
Ep 1993: R=  9.63  C= 10.00  len=1000
Ep 1994: R= -3.42  C=  0.00  len=1000
Ep 1995: R=  8.22  C= 50.00  len=1000
Ep 1996: R= 10.95  C= 15.00  len=1000
Ep 1997: R=  8.74  C=  9.00  len=1000
Ep 1998: R=  5.32  C= 19.00  len=1000
Ep 1999: R= 10.56  C=  0.00  len=1000

Avg Reward: 6.25 | Avg Cost: 18.89 | Normalized Cost: 0.756 | Violation > 25: 26.90%
