ok: hopper_velocity certn2k_calfilt_csf_seed1
ok: hopper_velocity certn2k_calfilt_csf_seed3
ok: hopper_velocity certn2k_calfilt_csf_seed0
ok: walker2d_velocity certn2k_calfilt_csf_seed1
ok: hopper_velocity certn2k_calfilt_csf_seed2
ok: walker2d_velocity certn2k_calfilt_csf_seed3
ok: hopper_velocity certn2k_calfilt_csf_seed4
ok: halfcheetah_velocity certn2k_calfilt_csf_seed2
ok: ant_velocity certn2k_calfilt_csf_seed1
ok: ant_velocity certn2k_calfilt_csf_seed0
ok: swimmer_velocity certn2k_calfilt_csf_seed3
ok: ant_velocity certn2k_calfilt_csf_seed2
ok: walker2d_velocity certn2k_calfilt_csf_seed4
ok: walker2d_velocity certn2k_calfilt_csf_seed2
ok: ant_velocity certn2k_calfilt_csf_seed4
ok: halfcheetah_velocity certn2k_calfilt_csf_seed3
ok: walker2d_velocity certn2k_calfilt_csf_seed0
ok: ant_velocity certn2k_calfilt_csf_seed3
ok: halfcheetah_velocity certn2k_calfilt_csf_seed0
ok: swimmer_velocity certn2k_calfilt_csf_seed2
ok: swimmer_velocity certn2k_calfilt_csf_seed0
ok: halfcheetah_velocity certn2k_calfilt_csf_seed1
ok: swimmer_velocity certn2k_calfilt_csf_seed1
ok: halfcheetah_velocity certn2k_calfilt_csf_seed4
ok: swimmer_velocity certn2k_calfilt_csf_seed4
ok: halfcheetah_velocity certn2k_gated_seed4
ok: walker2d_velocity certn2k_gated_seed2
ok: walker2d_velocity certn2k_gated_seed3
ok: cargoal1_dsrl certn2k_calfilt_csf_seed0
ok: cargoal1_dsrl certn2k_calfilt_csf_seed2
ok: cargoal1_dsrl certn2k_calfilt_csf_seed1
ok: cargoal1_dsrl certn2k_calfilt_csf_seed3
ok: cargoal1_dsrl certn2k_calfilt_csf_seed4
ok: cargoal1_dsrl certn2k_gated_seed3
