[config] task=hopper_velocity
Loaded policy: ${CSC_WORKSPACE}/vlm-with-cpl/new_data/outputs/hopper_velocity/bc_calfilt_csf_seed1_policy.pt
AdroitHandRelocateDense-v1, AdroitHandHammerDense-v1, AdroitHandDoorDense-v1 environment's reward functions were updated in v1.2.1 without an environment version update. Therefore, use gymnasium-robotics==1.2.0 for v1 reproducibility or use v2 in gymnasium-robotics>=1.4.3. See https://github.com/Farama-Foundation/Gymnasium-Robotics/pull/220 for more details
AdroitHandRelocateDense-v1, AdroitHandHammerDense-v1, AdroitHandDoorDense-v1 environment's reward functions were updated in v1.2.1 without an environment version update. Therefore, use gymnasium-robotics==1.2.0 for v1 reproducibility or use v2 in gymnasium-robotics>=1.4.3. See https://github.com/Farama-Foundation/Gymnasium-Robotics/pull/220 for more details
Gym has been unmaintained since 2022 and does not support NumPy 2.0 amongst other critical functionality.
Please upgrade to Gymnasium, the maintained drop-in replacement of Gym, or contact the authors of your software and request that they upgrade.
Users of this version of Gym should be able to simply replace 'import gym' with 'import gymnasium as gym' in the vast majority of cases.
See the migration guide at https://gymnasium.farama.org/introduction/migration_guide/ for additional information.
Ep 00: R=477.16  C=  5.00  len=326
Ep 01: R=480.80  C=  8.00  len=327
Ep 02: R=479.81  C= 26.00  len=319
Ep 03: R=463.56  C=  5.00  len=316
Ep 04: R=471.64  C= 10.00  len=317
Ep 05: R=479.24  C= 10.00  len=321
Ep 06: R=473.99  C= 10.00  len=320
Ep 07: R=481.46  C= 12.00  len=323
Ep 08: R=477.24  C=  7.00  len=325
Ep 09: R=482.52  C= 13.00  len=322
Ep 10: R=478.44  C= 10.00  len=321
Ep 11: R=475.75  C=  7.00  len=322
Ep 12: R=477.59  C=  4.00  len=329
Ep 13: R=482.39  C= 14.00  len=320
Ep 14: R=480.36  C= 12.00  len=320
Ep 15: R=476.26  C=  6.00  len=324
Ep 16: R=477.93  C= 10.00  len=323
Ep 17: R=465.63  C=  7.00  len=316
Ep 18: R=477.47  C=  9.00  len=321
Ep 19: R=479.74  C=  6.00  len=329
Ep 20: R=477.77  C=  6.00  len=327
Ep 21: R=476.64  C=  6.00  len=323
Ep 22: R=480.10  C=  4.00  len=329
Ep 23: R=479.57  C=  6.00  len=329
Ep 24: R=476.19  C=  9.00  len=323
Ep 25: R=474.47  C= 10.00  len=317
Ep 26: R=482.91  C= 13.00  len=322
Ep 27: R=473.31  C=  7.00  len=319
Ep 28: R=474.88  C=  6.00  len=322
Ep 29: R=467.69  C= 10.00  len=316
Ep 30: R=478.55  C=  6.00  len=327
Ep 31: R=466.36  C=  9.00  len=316
Ep 32: R=479.71  C=  8.00  len=327
Ep 33: R=481.29  C= 15.00  len=319
Ep 34: R=482.17  C=  5.00  len=330
Ep 35: R=469.34  C=  9.00  len=317
Ep 36: R=470.71  C= 10.00  len=318
Ep 37: R=476.92  C=  6.00  len=324
Ep 38: R=467.91  C=  8.00  len=316
Ep 39: R=417.21  C=  8.00  len=279
Ep 40: R=481.22  C= 14.00  len=320
Ep 41: R=478.26  C=  7.00  len=325
Ep 42: R=467.20  C=  8.00  len=317
Ep 43: R=473.16  C=  7.00  len=319
Ep 44: R=469.86  C=  6.00  len=318
Ep 45: R=479.57  C=  7.00  len=327
Ep 46: R=470.01  C=  7.00  len=318
Ep 47: R=480.33  C=  7.00  len=324
Ep 48: R=478.27  C=  7.00  len=324
Ep 49: R=479.91  C=  7.00  len=325
Ep 50: R=479.58  C=  7.00  len=327
Ep 51: R=477.32  C= 10.00  len=320
Ep 52: R=479.97  C=  9.00  len=327
Ep 53: R=471.43  C=  9.00  len=319
Ep 54: R=479.88  C= 12.00  len=320
Ep 55: R=405.96  C=  6.00  len=268
Ep 56: R=467.88  C=  9.00  len=317
Ep 57: R=470.53  C=  8.00  len=317
Ep 58: R=484.14  C= 17.00  len=321
Ep 59: R=481.93  C=  7.00  len=330
Ep 60: R=470.54  C=  7.00  len=318
Ep 61: R=482.25  C= 12.00  len=323
Ep 62: R=478.93  C=  7.00  len=327
Ep 63: R=480.68  C=  5.00  len=328
Ep 64: R=467.22  C=  7.00  len=317
Ep 65: R=477.28  C= 11.00  len=320
Ep 66: R=419.40  C=  7.00  len=280
Ep 67: R=474.91  C= 10.00  len=319
Ep 68: R=476.96  C= 11.00  len=319
Ep 69: R=476.44  C=  6.00  len=322
Ep 70: R=478.25  C=  4.00  len=327
Ep 71: R=466.75  C=  7.00  len=317
Ep 72: R=465.83  C=  7.00  len=316
Ep 73: R=476.09  C=  7.00  len=321
Ep 74: R=481.01  C= 13.00  len=322
Ep 75: R=469.70  C=  6.00  len=318
Ep 76: R=476.95  C= 10.00  len=320
Ep 77: R=478.33  C=  7.00  len=325
Ep 78: R=478.87  C=  6.00  len=328
Ep 79: R=472.16  C= 10.00  len=317
Ep 80: R=471.46  C= 10.00  len=319
Ep 81: R=466.77  C=  7.00  len=317
Ep 82: R=467.17  C=  1.00  len=335
Ep 83: R=464.73  C=  8.00  len=316
Ep 84: R=483.00  C= 15.00  len=320
Ep 85: R=484.16  C= 36.00  len=320
Ep 86: R=469.11  C= 10.00  len=318
Ep 87: R=480.49  C=  7.00  len=329
Ep 88: R=478.64  C=  7.00  len=324
Ep 89: R=482.12  C=  8.00  len=328
Ep 90: R=474.14  C=  8.00  len=322
Ep 91: R=477.90  C=  7.00  len=326
Ep 92: R=469.57  C= 10.00  len=317
Ep 93: R=475.34  C=  7.00  len=320
Ep 94: R=476.07  C=  7.00  len=321
Ep 95: R=483.59  C=  7.00  len=330
Ep 96: R=468.87  C=  1.00  len=336
Ep 97: R=467.78  C= 10.00  len=316
Ep 98: R=476.70  C=  6.00  len=326
Ep 99: R=477.59  C=  7.00  len=327
Ep 100: R=478.24  C= 12.00  len=320
Ep 101: R=466.92  C=  8.00  len=317
Ep 102: R=469.47  C= 10.00  len=318
Ep 103: R=487.08  C= 14.00  len=323
Ep 104: R=482.06  C= 10.00  len=326
Ep 105: R=479.72  C=  7.00  len=327
Ep 106: R=476.62  C= 10.00  len=319
Ep 107: R=480.59  C=  7.00  len=325
Ep 108: R=477.74  C=  7.00  len=324
Ep 109: R=479.25  C=  9.00  len=323
Ep 110: R=477.95  C=  8.00  len=322
Ep 111: R=475.76  C= 10.00  len=321
Ep 112: R=476.96  C=  9.00  len=322
Ep 113: R=480.71  C=  7.00  len=324
Ep 114: R=476.74  C= 12.00  len=319
Ep 115: R=471.42  C=  9.00  len=318
Ep 116: R=479.45  C=  9.00  len=323
Ep 117: R=469.42  C= 10.00  len=318
Ep 118: R=480.51  C=  6.00  len=330
Ep 119: R=467.44  C= 10.00  len=316
Ep 120: R=484.01  C= 29.00  len=320
Ep 121: R=483.33  C= 15.00  len=321
Ep 122: R=467.09  C=  9.00  len=316
Ep 123: R=468.00  C= 10.00  len=316
Ep 124: R=476.75  C= 10.00  len=321
Ep 125: R=484.89  C= 17.00  len=322
Ep 126: R=485.01  C= 15.00  len=322
Ep 127: R=472.52  C=  7.00  len=320
Ep 128: R=473.45  C=  8.00  len=318
Ep 129: R=463.25  C=  7.00  len=315
Ep 130: R=476.56  C= 12.00  len=319
Ep 131: R=474.72  C= 10.00  len=321
Ep 132: R=478.62  C= 10.00  len=321
Ep 133: R=479.48  C=  6.00  len=325
Ep 134: R=474.40  C=  9.00  len=321
Ep 135: R=473.63  C= 11.00  len=317
Ep 136: R=471.69  C=  8.00  len=319
Ep 137: R=476.20  C= 11.00  len=319
Ep 138: R=479.19  C= 11.00  len=321
Ep 139: R=480.25  C= 10.00  len=322
Ep 140: R=479.91  C= 10.00  len=322
Ep 141: R=472.21  C=  3.00  len=330
Ep 142: R=479.48  C= 12.00  len=320
Ep 143: R=478.85  C=  7.00  len=327
Ep 144: R=468.17  C=  9.00  len=317
Ep 145: R=470.80  C=  8.00  len=318
Ep 146: R=477.77  C=  7.00  len=323
Ep 147: R=480.66  C= 10.00  len=322
Ep 148: R=485.17  C= 13.00  len=324
Ep 149: R=477.78  C=  8.00  len=324
Ep 150: R=482.12  C=  6.00  len=328
Ep 151: R=483.37  C= 13.00  len=322
Ep 152: R=481.45  C=  9.00  len=327
Ep 153: R=480.82  C=  8.00  len=327
Ep 154: R=476.94  C= 11.00  len=320
Ep 155: R=476.69  C=  7.00  len=327
Ep 156: R=475.54  C=  8.00  len=319
Ep 157: R=379.50  C= 10.00  len=253
Ep 158: R=478.87  C=  7.00  len=329
Ep 159: R=481.53  C= 15.00  len=320
Ep 160: R=476.01  C=  8.00  len=321
Ep 161: R=478.50  C=  7.00  len=325
Ep 162: R=469.66  C=  9.00  len=318
Ep 163: R=468.99  C=  8.00  len=318
Ep 164: R=475.04  C=  8.00  len=320
Ep 165: R=476.00  C= 12.00  len=319
Ep 166: R=469.46  C= 10.00  len=318
Ep 167: R=474.19  C=  7.00  len=321
Ep 168: R=473.06  C=  8.00  len=319
Ep 169: R=475.80  C= 10.00  len=322
Ep 170: R=484.31  C= 11.00  len=324
Ep 171: R=480.69  C=  8.00  len=326
Ep 172: R=480.80  C=  8.00  len=327
Ep 173: R=481.97  C=  9.00  len=326
Ep 174: R=478.35  C= 15.00  len=318
Ep 175: R=481.04  C= 12.00  len=322
Ep 176: R=468.90  C=  7.00  len=317
Ep 177: R=473.73  C=  9.00  len=318
Ep 178: R=469.78  C= 11.00  len=318
Ep 179: R=484.29  C= 13.00  len=323
Ep 180: R=481.86  C=  8.00  len=328
Ep 181: R=476.23  C= 11.00  len=319
Ep 182: R=466.14  C=  4.00  len=318
Ep 183: R=476.77  C=  8.00  len=321
Ep 184: R=478.45  C= 14.00  len=318
Ep 185: R=480.28  C=  7.00  len=324
Ep 186: R=480.04  C=  7.00  len=326
Ep 187: R=468.96  C=  8.00  len=317
Ep 188: R=475.29  C=  8.00  len=320
Ep 189: R=468.47  C=  8.00  len=317
Ep 190: R=467.23  C= 10.00  len=316
Ep 191: R=481.60  C=  6.00  len=330
Ep 192: R=478.53  C=  7.00  len=324
Ep 193: R=476.56  C= 12.00  len=318
Ep 194: R=480.12  C=  9.00  len=326
Ep 195: R=467.83  C=  7.00  len=317
Ep 196: R=470.95  C=  8.00  len=318
Ep 197: R=479.42  C= 10.00  len=321
Ep 198: R=480.99  C=  8.00  len=326
Ep 199: R=470.11  C=  1.00  len=336
Ep 200: R=420.30  C=  8.00  len=281
Ep 201: R=477.86  C= 11.00  len=320
Ep 202: R=471.47  C=  7.00  len=318
Ep 203: R=482.58  C= 10.00  len=327
Ep 204: R=483.86  C= 13.00  len=323
Ep 205: R=475.10  C=  7.00  len=322
Ep 206: R=465.45  C=  7.00  len=316
Ep 207: R=468.05  C= 10.00  len=316
Ep 208: R=479.43  C=  4.00  len=328
Ep 209: R=479.40  C= 13.00  len=319
Ep 210: R=477.00  C=  8.00  len=321
Ep 211: R=479.78  C=  8.00  len=323
Ep 212: R=471.67  C=  6.00  len=318
Ep 213: R=478.93  C=  7.00  len=326
Ep 214: R=478.49  C=  6.00  len=327
Ep 215: R=469.71  C=  8.00  len=318
Ep 216: R=480.96  C=  6.00  len=329
Ep 217: R=486.35  C= 15.00  len=323
Ep 218: R=467.48  C= 10.00  len=316
Ep 219: R=467.93  C=  7.00  len=317
Ep 220: R=467.02  C=  6.00  len=317
Ep 221: R=467.51  C= 10.00  len=316
Ep 222: R=470.26  C=  7.00  len=318
Ep 223: R=468.20  C=  8.00  len=318
Ep 224: R=470.80  C=  8.00  len=318
Ep 225: R=475.19  C=  7.00  len=322
Ep 226: R=482.51  C= 30.00  len=320
Ep 227: R=476.29  C= 10.00  len=320
Ep 228: R=474.60  C=  6.00  len=322
Ep 229: R=479.95  C=  5.00  len=330
Ep 230: R=475.82  C=  8.00  len=320
Ep 231: R=413.23  C=  8.00  len=274
Ep 232: R=477.64  C=  7.00  len=322
Ep 233: R=479.58  C=  6.00  len=324
Ep 234: R=480.92  C= 10.00  len=326
Ep 235: R=468.99  C=  8.00  len=317
Ep 236: R=472.88  C=  8.00  len=318
Ep 237: R=477.12  C= 12.00  len=319
Ep 238: R=477.82  C= 12.00  len=320
Ep 239: R=474.41  C=  9.00  len=319
Ep 240: R=474.26  C=  8.00  len=322
Ep 241: R=466.95  C= 10.00  len=316
Ep 242: R=474.86  C=  7.00  len=325
Ep 243: R=484.04  C= 34.00  len=320
Ep 244: R=475.90  C=  9.00  len=320
Ep 245: R=480.47  C=  7.00  len=327
Ep 246: R=472.24  C=  9.00  len=318
Ep 247: R=481.26  C=  7.00  len=326
Ep 248: R=480.68  C=  7.00  len=327
Ep 249: R=477.40  C=  8.00  len=325
Ep 250: R=479.64  C=  9.00  len=325
Ep 251: R=477.55  C=  3.00  len=324
Ep 252: R=471.77  C= 10.00  len=320
Ep 253: R=483.85  C= 14.00  len=322
Ep 254: R=475.77  C= 12.00  len=319
Ep 255: R=482.20  C=  9.00  len=327
Ep 256: R=472.46  C=  8.00  len=319
Ep 257: R=474.05  C=  8.00  len=319
Ep 258: R=483.26  C= 11.00  len=323
Ep 259: R=479.06  C=  6.00  len=325
Ep 260: R=476.80  C=  9.00  len=321
Ep 261: R=475.16  C= 12.00  len=318
Ep 262: R=471.37  C=  8.00  len=319
Ep 263: R=474.18  C=  7.00  len=320
Ep 264: R=478.25  C=  7.00  len=326
Ep 265: R=468.38  C=  8.00  len=317
Ep 266: R=483.86  C= 28.00  len=320
Ep 267: R=479.97  C=  7.00  len=324
Ep 268: R=468.64  C=  8.00  len=318
Ep 269: R=483.62  C= 14.00  len=322
Ep 270: R=483.69  C= 17.00  len=321
Ep 271: R=477.28  C=  6.00  len=325
Ep 272: R=477.37  C= 10.00  len=320
Ep 273: R=471.44  C= 10.00  len=319
Ep 274: R=477.83  C=  6.00  len=324
Ep 275: R=478.03  C=  9.00  len=325
Ep 276: R=471.28  C=  9.00  len=318
Ep 277: R=480.64  C= 12.00  len=321
Ep 278: R=477.98  C=  7.00  len=323
Ep 279: R=475.23  C=  8.00  len=323
Ep 280: R=480.00  C= 11.00  len=321
Ep 281: R=482.36  C=  9.00  len=328
Ep 282: R=467.71  C= 10.00  len=316
Ep 283: R=467.51  C=  8.00  len=317
Ep 284: R=469.40  C=  9.00  len=318
Ep 285: R=477.54  C= 11.00  len=321
Ep 286: R=482.47  C=  7.00  len=330
Ep 287: R=569.54  C=  3.00  len=400
Ep 288: R=480.50  C= 14.00  len=318
Ep 289: R=472.77  C=  7.00  len=319
Ep 290: R=479.68  C= 10.00  len=322
Ep 291: R=475.52  C= 10.00  len=322
Ep 292: R=480.39  C= 11.00  len=321
Ep 293: R=481.59  C=  7.00  len=330
Ep 294: R=476.24  C=  8.00  len=320
Ep 295: R=472.02  C=  9.00  len=317
Ep 296: R=478.88  C=  8.00  len=326
Ep 297: R=467.29  C=  8.00  len=316
Ep 298: R=477.87  C=  6.00  len=327
Ep 299: R=478.94  C=  7.00  len=327
Ep 300: R=476.33  C=  7.00  len=323
Ep 301: R=485.01  C= 19.00  len=321
Ep 302: R=465.40  C=  6.00  len=317
Ep 303: R=468.10  C=  7.00  len=317
Ep 304: R=476.76  C=  7.00  len=325
Ep 305: R=482.30  C= 15.00  len=320
Ep 306: R=473.06  C=  8.00  len=319
Ep 307: R=468.93  C=  7.00  len=318
Ep 308: R=466.89  C=  7.00  len=317
Ep 309: R=466.27  C=  9.00  len=316
Ep 310: R=483.34  C= 39.00  len=320
Ep 311: R=471.21  C=  7.00  len=318
Ep 312: R=478.28  C=  7.00  len=323
Ep 313: R=481.50  C= 10.00  len=323
Ep 314: R=476.73  C= 11.00  len=319
Ep 315: R=481.53  C=  5.00  len=328
Ep 316: R=469.57  C= 10.00  len=317
Ep 317: R=469.84  C=  8.00  len=317
Ep 318: R=483.75  C= 12.00  len=323
Ep 319: R=479.38  C=  7.00  len=329
Ep 320: R=478.33  C=  7.00  len=322
Ep 321: R=397.30  C=  7.00  len=262
Ep 322: R=477.65  C=  7.00  len=324
Ep 323: R=474.78  C=  7.00  len=321
Ep 324: R=479.89  C=  5.00  len=329
Ep 325: R=468.03  C=  6.00  len=317
Ep 326: R=477.66  C=  8.00  len=321
Ep 327: R=468.66  C=  8.00  len=317
Ep 328: R=477.94  C= 10.00  len=321
Ep 329: R=480.27  C= 12.00  len=321
Ep 330: R=476.26  C=  8.00  len=323
Ep 331: R=476.78  C= 11.00  len=320
Ep 332: R=474.94  C=  8.00  len=322
Ep 333: R=484.42  C= 13.00  len=322
Ep 334: R=477.88  C=  6.00  len=324
Ep 335: R=470.75  C= 10.00  len=317
Ep 336: R=467.53  C= 10.00  len=317
Ep 337: R=478.77  C= 11.00  len=321
Ep 338: R=470.87  C=  6.00  len=319
Ep 339: R=476.27  C= 10.00  len=320
Ep 340: R=476.88  C= 13.00  len=318
Ep 341: R=469.35  C=  9.00  len=318
Ep 342: R=419.40  C=  5.00  len=281
Ep 343: R=469.32  C=  8.00  len=318
Ep 344: R=470.71  C=  9.00  len=318
Ep 345: R=483.59  C= 13.00  len=323
Ep 346: R=484.59  C=  7.00  len=328
Ep 347: R=480.73  C= 11.00  len=322
Ep 348: R=474.66  C=  7.00  len=320
Ep 349: R=474.25  C=  9.00  len=319
Ep 350: R=476.19  C=  8.00  len=320
Ep 351: R=480.88  C=  9.00  len=327
Ep 352: R=476.09  C= 11.00  len=318
Ep 353: R=472.24  C=  9.00  len=318
Ep 354: R=471.70  C=  6.00  len=319
Ep 355: R=470.45  C=  8.00  len=318
Ep 356: R=470.86  C=  7.00  len=318
Ep 357: R=473.44  C=  7.00  len=319
Ep 358: R=476.03  C= 10.00  len=322
Ep 359: R=481.18  C=  8.00  len=327
Ep 360: R=479.21  C=  7.00  len=325
Ep 361: R=481.82  C=  9.00  len=328
Ep 362: R=419.06  C=  6.00  len=281
Ep 363: R=475.53  C=  7.00  len=322
Ep 364: R=479.56  C=  5.00  len=328
Ep 365: R=478.85  C=  9.00  len=322
Ep 366: R=478.71  C=  7.00  len=327
Ep 367: R=478.03  C= 11.00  len=320
Ep 368: R=484.77  C= 12.00  len=324
Ep 369: R=481.65  C=  6.00  len=328
Ep 370: R=481.72  C=  9.00  len=324
Ep 371: R=477.96  C=  8.00  len=325
Ep 372: R=476.14  C=  9.00  len=320
Ep 373: R=478.74  C= 13.00  len=319
Ep 374: R=482.28  C=  4.00  len=330
Ep 375: R=383.24  C= 28.00  len=254
Ep 376: R=479.38  C=  8.00  len=326
Ep 377: R=476.91  C=  8.00  len=323
Ep 378: R=468.22  C= 10.00  len=316
Ep 379: R=471.41  C=  8.00  len=319
Ep 380: R=469.50  C=  8.00  len=318
Ep 381: R=476.30  C=  7.00  len=323
Ep 382: R=476.77  C=  7.00  len=321
Ep 383: R=483.77  C= 12.00  len=322
Ep 384: R=477.00  C=  7.00  len=327
Ep 385: R=481.09  C=  7.00  len=325
Ep 386: R=466.93  C=  6.00  len=318
Ep 387: R=478.41  C= 11.00  len=320
Ep 388: R=478.79  C=  6.00  len=327
Ep 389: R=486.54  C= 14.00  len=323
Ep 390: R=476.22  C= 10.00  len=322
Ep 391: R=478.66  C=  7.00  len=327
Ep 392: R=474.91  C= 11.00  len=319
Ep 393: R=467.51  C=  8.00  len=317
Ep 394: R=477.40  C=  7.00  len=321
Ep 395: R=468.30  C= 10.00  len=316
Ep 396: R=477.43  C= 14.00  len=318
Ep 397: R=481.31  C=  6.00  len=326
Ep 398: R=478.16  C= 11.00  len=320
Ep 399: R=476.28  C= 12.00  len=319
Ep 400: R=470.24  C= 10.00  len=318
Ep 401: R=479.40  C=  9.00  len=322
Ep 402: R=475.66  C=  7.00  len=322
Ep 403: R=477.83  C=  7.00  len=327
Ep 404: R=475.46  C=  7.00  len=321
Ep 405: R=472.47  C=  9.00  len=319
Ep 406: R=463.66  C=  8.00  len=315
Ep 407: R=466.90  C= 10.00  len=316
Ep 408: R=482.05  C=  9.00  len=327
Ep 409: R=485.09  C= 30.00  len=321
Ep 410: R=482.03  C=  9.00  len=327
Ep 411: R=479.79  C= 10.00  len=321
Ep 412: R=477.79  C=  9.00  len=324
Ep 413: R=477.23  C= 10.00  len=320
Ep 414: R=481.81  C=  8.00  len=327
Ep 415: R=475.59  C=  8.00  len=320
Ep 416: R=483.18  C= 15.00  len=320
Ep 417: R=470.98  C=  8.00  len=318
Ep 418: R=480.52  C=  7.00  len=329
Ep 419: R=478.30  C=  7.00  len=324
Ep 420: R=478.52  C=  6.00  len=324
Ep 421: R=483.39  C= 18.00  len=319
Ep 422: R=481.90  C=  7.00  len=327
Ep 423: R=484.44  C= 14.00  len=322
Ep 424: R=478.71  C= 12.00  len=320
Ep 425: R=474.43  C=  7.00  len=322
Ep 426: R=482.92  C= 12.00  len=323
Ep 427: R=478.04  C= 11.00  len=321
Ep 428: R=467.25  C=  6.00  len=318
Ep 429: R=472.31  C=  8.00  len=318
Ep 430: R=468.53  C= 10.00  len=316
Ep 431: R=484.99  C= 12.00  len=324
Ep 432: R=482.19  C=  9.00  len=328
Ep 433: R=483.05  C= 10.00  len=327
Ep 434: R=478.64  C= 12.00  len=320
Ep 435: R=485.46  C= 14.00  len=323
Ep 436: R=479.85  C=  8.00  len=326
Ep 437: R=473.50  C= 11.00  len=318
Ep 438: R=469.30  C= 10.00  len=318
Ep 439: R=479.29  C=  7.00  len=327
Ep 440: R=469.71  C=  8.00  len=318
Ep 441: R=477.15  C= 11.00  len=319
Ep 442: R=479.30  C=  7.00  len=327
Ep 443: R=475.83  C=  9.00  len=320
Ep 444: R=476.88  C= 10.00  len=320
Ep 445: R=468.40  C= 10.00  len=316
Ep 446: R=476.33  C=  9.00  len=322
Ep 447: R=479.12  C=  4.00  len=328
Ep 448: R=469.71  C=  7.00  len=318
Ep 449: R=470.74  C=  8.00  len=317
Ep 450: R=471.14  C=  7.00  len=318
Ep 451: R=469.44  C=  6.00  len=318
Ep 452: R=476.70  C= 13.00  len=319
Ep 453: R=468.69  C=  8.00  len=318
Ep 454: R=479.71  C= 13.00  len=319
Ep 455: R=390.65  C= 15.00  len=258
Ep 456: R=479.95  C= 12.00  len=321
Ep 457: R=479.90  C=  7.00  len=327
Ep 458: R=480.39  C= 12.00  len=320
Ep 459: R=479.84  C=  6.00  len=325
Ep 460: R=478.13  C=  5.00  len=328
Ep 461: R=481.76  C= 13.00  len=321
Ep 462: R=469.13  C=  6.00  len=318
Ep 463: R=477.40  C=  7.00  len=321
Ep 464: R=474.84  C= 14.00  len=316
Ep 465: R=466.78  C=  7.00  len=316
Ep 466: R=472.99  C= 10.00  len=319
Ep 467: R=486.01  C= 22.00  len=322
Ep 468: R=481.82  C=  8.00  len=326
Ep 469: R=478.26  C=  5.00  len=330
Ep 470: R=476.63  C=  8.00  len=321
Ep 471: R=470.49  C=  6.00  len=319
Ep 472: R=473.99  C=  7.00  len=320
Ep 473: R=468.03  C=  6.00  len=318
Ep 474: R=471.15  C=  8.00  len=318
Ep 475: R=481.97  C=  7.00  len=327
Ep 476: R=472.89  C= 11.00  len=317
Ep 477: R=469.90  C=  6.00  len=318
Ep 478: R=475.31  C=  8.00  len=322
Ep 479: R=479.94  C=  7.00  len=327
Ep 480: R=479.34  C=  7.00  len=327
Ep 481: R=479.89  C=  4.00  len=328
Ep 482: R=466.50  C=  7.00  len=316
Ep 483: R=470.99  C=  7.00  len=318
Ep 484: R=479.76  C= 11.00  len=322
Ep 485: R=476.43  C= 13.00  len=318
Ep 486: R=381.37  C= 23.00  len=253
Ep 487: R=471.16  C=  8.00  len=318
Ep 488: R=467.31  C= 10.00  len=317
Ep 489: R=475.54  C=  8.00  len=322
Ep 490: R=476.31  C=  7.00  len=322
Ep 491: R=481.53  C=  7.00  len=328
Ep 492: R=478.64  C=  6.00  len=324
Ep 493: R=480.79  C= 14.00  len=320
Ep 494: R=477.34  C=  9.00  len=322
Ep 495: R=380.41  C= 16.00  len=253
Ep 496: R=469.35  C=  8.00  len=318
Ep 497: R=488.36  C= 31.00  len=323
Ep 498: R=482.03  C=  7.00  len=328
Ep 499: R=478.05  C=  8.00  len=324
Ep 500: R=470.87  C=  3.00  len=334
Ep 501: R=480.49  C=  7.00  len=327
Ep 502: R=467.86  C=  7.00  len=317
Ep 503: R=468.34  C=  6.00  len=317
Ep 504: R=475.17  C=  8.00  len=319
Ep 505: R=381.78  C= 25.00  len=253
Ep 506: R=477.37  C=  7.00  len=321
Ep 507: R=473.95  C=  9.00  len=319
Ep 508: R=469.94  C=  8.00  len=317
Ep 509: R=480.95  C= 10.00  len=322
Ep 510: R=476.29  C=  7.00  len=322
Ep 511: R=479.04  C=  7.00  len=328
Ep 512: R=479.36  C=  6.00  len=328
Ep 513: R=470.69  C=  7.00  len=319
Ep 514: R=480.44  C=  8.00  len=326
Ep 515: R=469.30  C=  8.00  len=317
Ep 516: R=479.21  C=  7.00  len=328
Ep 517: R=479.84  C= 10.00  len=322
Ep 518: R=485.11  C= 13.00  len=322
Ep 519: R=467.72  C= 10.00  len=316
Ep 520: R=474.66  C=  8.00  len=320
Ep 521: R=471.42  C= 11.00  len=318
Ep 522: R=468.59  C=  7.00  len=317
Ep 523: R=478.67  C=  7.00  len=328
Ep 524: R=482.52  C=  8.00  len=326
Ep 525: R=480.06  C=  7.00  len=326
Ep 526: R=480.42  C=  7.00  len=327
Ep 527: R=481.14  C=  6.00  len=326
Ep 528: R=466.41  C=  6.00  len=318
Ep 529: R=469.62  C=  8.00  len=317
Ep 530: R=466.93  C= 10.00  len=316
Ep 531: R=480.66  C=  7.00  len=327
Ep 532: R=481.26  C=  6.00  len=325
Ep 533: R=477.25  C= 12.00  len=319
Ep 534: R=478.51  C=  7.00  len=327
Ep 535: R=474.38  C= 10.00  len=319
Ep 536: R=470.49  C= 10.00  len=318
Ep 537: R=482.75  C=  7.00  len=328
Ep 538: R=481.06  C=  8.00  len=324
Ep 539: R=468.83  C=  9.00  len=316
Ep 540: R=476.87  C=  9.00  len=320
Ep 541: R=469.94  C= 10.00  len=317
Ep 542: R=421.32  C=  4.00  len=282
Ep 543: R=480.06  C= 12.00  len=321
Ep 544: R=482.87  C=  9.00  len=327
Ep 545: R=470.09  C=  6.00  len=319
Ep 546: R=479.38  C=  7.00  len=327
Ep 547: R=468.65  C= 10.00  len=317
Ep 548: R=476.39  C= 11.00  len=320
Ep 549: R=476.47  C=  3.00  len=323
Ep 550: R=482.05  C= 16.00  len=320
Ep 551: R=468.19  C=  8.00  len=317
Ep 552: R=484.02  C= 26.00  len=321
Ep 553: R=468.79  C=  7.00  len=319
Ep 554: R=482.43  C=  7.00  len=325
Ep 555: R=467.15  C=  6.00  len=317
Ep 556: R=482.24  C= 26.00  len=320
Ep 557: R=479.61  C=  5.00  len=328
Ep 558: R=468.45  C=  7.00  len=317
Ep 559: R=482.66  C= 16.00  len=321
Ep 560: R=471.98  C=  7.00  len=318
Ep 561: R=476.88  C=  5.00  len=326
Ep 562: R=466.72  C= 10.00  len=316
Ep 563: R=469.64  C=  6.00  len=318
Ep 564: R=476.84  C=  9.00  len=321
Ep 565: R=466.79  C=  7.00  len=316
Ep 566: R=420.67  C=  4.00  len=282
Ep 567: R=480.07  C=  4.00  len=330
Ep 568: R=479.73  C=  7.00  len=327
Ep 569: R=466.93  C=  8.00  len=316
Ep 570: R=471.50  C=  8.00  len=318
Ep 571: R=467.70  C=  6.00  len=318
Ep 572: R=472.81  C=  8.00  len=320
Ep 573: R=479.84  C=  7.00  len=324
Ep 574: R=387.39  C= 40.00  len=255
Ep 575: R=478.18  C=  7.00  len=323
Ep 576: R=479.19  C=  9.00  len=327
Ep 577: R=468.48  C=  7.00  len=317
Ep 578: R=469.11  C=  7.00  len=318
Ep 579: R=481.34  C=  7.00  len=330
Ep 580: R=470.46  C=  8.00  len=319
Ep 581: R=484.98  C= 17.00  len=321
Ep 582: R=464.13  C=  9.00  len=315
Ep 583: R=477.81  C= 12.00  len=319
Ep 584: R=481.32  C=  6.00  len=327
Ep 585: R=477.69  C=  6.00  len=327
Ep 586: R=478.57  C=  7.00  len=325
Ep 587: R=463.31  C=  7.00  len=315
Ep 588: R=478.56  C= 10.00  len=321
Ep 589: R=467.45  C=  6.00  len=317
Ep 590: R=477.29  C=  6.00  len=323
Ep 591: R=476.74  C= 10.00  len=320
Ep 592: R=487.00  C= 14.00  len=324
Ep 593: R=478.41  C=  4.00  len=329
Ep 594: R=469.50  C=  7.00  len=318
Ep 595: R=481.73  C= 15.00  len=320
Ep 596: R=467.74  C=  7.00  len=317
Ep 597: R=483.18  C= 29.00  len=320
Ep 598: R=482.64  C= 12.00  len=323
Ep 599: R=479.93  C=  9.00  len=325
Ep 600: R=478.01  C= 13.00  len=319
Ep 601: R=472.79  C=  9.00  len=318
Ep 602: R=468.48  C= 10.00  len=317
Ep 603: R=474.79  C=  8.00  len=319
Ep 604: R=472.31  C= 10.00  len=318
Ep 605: R=482.68  C= 10.00  len=324
Ep 606: R=478.37  C=  8.00  len=322
Ep 607: R=470.94  C=  8.00  len=318
Ep 608: R=477.68  C=  7.00  len=327
Ep 609: R=467.99  C= 10.00  len=316
Ep 610: R=483.27  C= 15.00  len=321
Ep 611: R=477.77  C=  6.00  len=327
Ep 612: R=477.30  C=  8.00  len=321
Ep 613: R=482.41  C=  8.00  len=325
Ep 614: R=470.86  C=  9.00  len=318
Ep 615: R=479.13  C=  7.00  len=325
Ep 616: R=480.99  C=  9.00  len=326
Ep 617: R=473.31  C=  9.00  len=320
Ep 618: R=478.66  C=  7.00  len=327
Ep 619: R=468.44  C=  8.00  len=318
Ep 620: R=474.76  C= 10.00  len=319
Ep 621: R=468.93  C= 10.00  len=317
Ep 622: R=473.80  C= 10.00  len=319
Ep 623: R=478.05  C=  9.00  len=321
Ep 624: R=480.73  C=  9.00  len=327
Ep 625: R=478.54  C=  7.00  len=326
Ep 626: R=480.19  C=  9.00  len=323
Ep 627: R=475.77  C= 12.00  len=318
Ep 628: R=416.96  C=  5.00  len=279
Ep 629: R=473.76  C=  7.00  len=321
Ep 630: R=467.57  C=  6.00  len=318
Ep 631: R=477.42  C=  9.00  len=321
Ep 632: R=467.02  C=  8.00  len=317
Ep 633: R=478.88  C=  8.00  len=324
Ep 634: R=481.10  C=  6.00  len=328
Ep 635: R=487.76  C= 15.00  len=324
Ep 636: R=482.01  C=  7.00  len=328
Ep 637: R=462.18  C=  6.00  len=315
Ep 638: R=477.76  C= 12.00  len=320
Ep 639: R=471.36  C=  9.00  len=318
Ep 640: R=476.57  C= 13.00  len=318
Ep 641: R=478.75  C= 11.00  len=322
Ep 642: R=481.53  C=  8.00  len=328
Ep 643: R=471.15  C= 10.00  len=317
Ep 644: R=468.13  C=  7.00  len=317
Ep 645: R=482.63  C= 11.00  len=323
Ep 646: R=475.96  C=  9.00  len=323
Ep 647: R=463.34  C=  8.00  len=315
Ep 648: R=470.96  C=  7.00  len=318
Ep 649: R=476.69  C= 11.00  len=320
Ep 650: R=471.90  C=  8.00  len=318
Ep 651: R=479.44  C=  6.00  len=325
Ep 652: R=471.13  C=  7.00  len=318
Ep 653: R=479.24  C=  6.00  len=327
Ep 654: R=483.28  C=  8.00  len=329
Ep 655: R=470.93  C=  9.00  len=319
Ep 656: R=475.57  C=  8.00  len=320
Ep 657: R=471.93  C=  9.00  len=318
Ep 658: R=469.64  C= 10.00  len=318
Ep 659: R=472.44  C=  8.00  len=319
Ep 660: R=417.61  C=  8.00  len=279
Ep 661: R=470.65  C=  8.00  len=318
Ep 662: R=478.12  C= 12.00  len=320
Ep 663: R=467.70  C=  8.00  len=317
Ep 664: R=481.58  C=  7.00  len=328
Ep 665: R=475.97  C=  7.00  len=322
Ep 666: R=475.68  C=  8.00  len=321
Ep 667: R=477.97  C=  9.00  len=322
Ep 668: R=468.14  C=  7.00  len=317
Ep 669: R=465.78  C=  7.00  len=317
Ep 670: R=470.35  C=  6.00  len=319
Ep 671: R=476.33  C=  7.00  len=323
Ep 672: R=478.35  C=  7.00  len=326
Ep 673: R=471.91  C=  8.00  len=320
Ep 674: R=483.94  C= 13.00  len=323
Ep 675: R=478.07  C=  6.00  len=329
Ep 676: R=480.63  C=  8.00  len=327
Ep 677: R=474.30  C= 11.00  len=318
Ep 678: R=477.93  C=  7.00  len=325
Ep 679: R=467.32  C=  8.00  len=317
Ep 680: R=484.75  C= 17.00  len=321
Ep 681: R=468.69  C=  8.00  len=317
Ep 682: R=478.35  C=  5.00  len=327
Ep 683: R=478.61  C=  8.00  len=322
Ep 684: R=480.05  C= 13.00  len=320
Ep 685: R=483.75  C= 12.00  len=324
Ep 686: R=486.50  C= 15.00  len=323
Ep 687: R=477.67  C=  6.00  len=327
Ep 688: R=473.03  C=  8.00  len=321
Ep 689: R=482.75  C= 12.00  len=323
Ep 690: R=479.70  C=  9.00  len=325
Ep 691: R=481.53  C=  7.00  len=327
Ep 692: R=475.21  C=  7.00  len=321
Ep 693: R=483.13  C= 16.00  len=321
Ep 694: R=479.35  C=  5.00  len=328
Ep 695: R=475.90  C=  9.00  len=320
Ep 696: R=468.72  C=  8.00  len=317
Ep 697: R=471.54  C=  8.00  len=318
Ep 698: R=478.54  C=  7.00  len=326
Ep 699: R=466.55  C=  9.00  len=316
Ep 700: R=471.17  C=  9.00  len=317
Ep 701: R=479.20  C= 10.00  len=324
Ep 702: R=483.79  C= 13.00  len=322
Ep 703: R=417.67  C=  6.00  len=280
Ep 704: R=482.10  C=  7.00  len=324
Ep 705: R=473.86  C=  7.00  len=320
Ep 706: R=472.03  C=  7.00  len=318
Ep 707: R=475.29  C=  9.00  len=319
Ep 708: R=483.38  C= 15.00  len=322
Ep 709: R=481.23  C= 14.00  len=320
Ep 710: R=471.13  C=  8.00  len=317
Ep 711: R=471.09  C=  7.00  len=317
Ep 712: R=467.55  C=  8.00  len=318
Ep 713: R=476.48  C= 12.00  len=319
Ep 714: R=469.10  C= 10.00  len=317
Ep 715: R=468.06  C=  8.00  len=316
Ep 716: R=478.79  C= 10.00  len=322
Ep 717: R=478.70  C=  7.00  len=326
Ep 718: R=470.80  C=  9.00  len=319
Ep 719: R=475.23  C= 11.00  len=318
Ep 720: R=478.65  C=  7.00  len=324
Ep 721: R=478.60  C= 12.00  len=319
Ep 722: R=480.19  C=  8.00  len=327
Ep 723: R=479.73  C=  8.00  len=322
Ep 724: R=478.12  C=  8.00  len=323
Ep 725: R=482.79  C=  6.00  len=330
Ep 726: R=481.49  C=  7.00  len=328
Ep 727: R=480.00  C= 10.00  len=325
Ep 728: R=484.64  C= 13.00  len=323
Ep 729: R=475.28  C=  7.00  len=324
Ep 730: R=477.32  C=  8.00  len=323
Ep 731: R=476.31  C= 11.00  len=320
Ep 732: R=465.65  C= 10.00  len=315
Ep 733: R=482.17  C= 23.00  len=320
Ep 734: R=477.59  C= 11.00  len=320
Ep 735: R=467.43  C=  9.00  len=316
Ep 736: R=480.37  C= 11.00  len=321
Ep 737: R=479.36  C= 10.00  len=321
Ep 738: R=471.01  C=  7.00  len=318
Ep 739: R=480.32  C=  8.00  len=327
Ep 740: R=481.45  C=  7.00  len=329
Ep 741: R=484.51  C= 11.00  len=324
Ep 742: R=479.25  C=  8.00  len=327
Ep 743: R=473.31  C=  8.00  len=319
Ep 744: R=483.35  C= 11.00  len=323
Ep 745: R=475.21  C=  7.00  len=320
Ep 746: R=473.37  C= 11.00  len=317
Ep 747: R=466.17  C= 11.00  len=315
Ep 748: R=481.20  C=  9.00  len=326
Ep 749: R=474.30  C= 13.00  len=317
Ep 750: R=476.28  C= 12.00  len=318
Ep 751: R=478.41  C= 11.00  len=320
Ep 752: R=473.73  C=  7.00  len=323
Ep 753: R=479.18  C= 13.00  len=320
Ep 754: R=469.49  C= 10.00  len=317
Ep 755: R=476.18  C=  8.00  len=321
Ep 756: R=478.12  C= 11.00  len=320
Ep 757: R=479.39  C=  5.00  len=328
Ep 758: R=468.51  C= 10.00  len=317
Ep 759: R=468.63  C=  6.00  len=318
Ep 760: R=474.27  C= 10.00  len=322
Ep 761: R=475.96  C=  7.00  len=320
Ep 762: R=467.55  C=  8.00  len=317
Ep 763: R=475.56  C=  8.00  len=321
Ep 764: R=477.36  C=  7.00  len=326
Ep 765: R=473.34  C=  6.00  len=321
Ep 766: R=481.53  C= 11.00  len=322
Ep 767: R=468.68  C=  7.00  len=317
Ep 768: R=474.54  C=  7.00  len=319
Ep 769: R=479.50  C= 10.00  len=326
Ep 770: R=466.64  C=  7.00  len=317
Ep 771: R=476.72  C=  7.00  len=322
Ep 772: R=477.68  C=  7.00  len=322
Ep 773: R=480.57  C=  7.00  len=324
Ep 774: R=483.14  C= 26.00  len=321
Ep 775: R=477.88  C=  6.00  len=327
Ep 776: R=474.80  C=  7.00  len=321
Ep 777: R=470.52  C= 11.00  len=317
Ep 778: R=467.68  C=  8.00  len=316
Ep 779: R=471.67  C=  8.00  len=317
Ep 780: R=479.19  C=  9.00  len=322
Ep 781: R=478.19  C=  5.00  len=326
Ep 782: R=472.86  C=  8.00  len=319
Ep 783: R=477.48  C= 10.00  len=320
Ep 784: R=477.52  C=  7.00  len=323
Ep 785: R=481.57  C=  8.00  len=328
Ep 786: R=468.45  C=  7.00  len=317
Ep 787: R=475.72  C=  9.00  len=322
Ep 788: R=485.15  C=  6.00  len=330
Ep 789: R=467.11  C= 10.00  len=316
Ep 790: R=476.25  C=  7.00  len=324
Ep 791: R=471.84  C= 10.00  len=320
Ep 792: R=466.37  C=  7.00  len=316
Ep 793: R=480.16  C= 12.00  len=321
Ep 794: R=481.33  C= 10.00  len=323
Ep 795: R=473.13  C=  8.00  len=320
Ep 796: R=480.35  C=  7.00  len=326
Ep 797: R=472.99  C= 10.00  len=319
Ep 798: R=477.22  C=  7.00  len=324
Ep 799: R=470.31  C=  7.00  len=318
Ep 800: R=473.05  C=  7.00  len=319
Ep 801: R=476.90  C=  9.00  len=320
Ep 802: R=477.41  C= 11.00  len=320
Ep 803: R=470.78  C=  9.00  len=319
Ep 804: R=481.08  C= 12.00  len=322
Ep 805: R=473.88  C=  8.00  len=321
Ep 806: R=470.10  C=  8.00  len=318
Ep 807: R=388.52  C= 15.00  len=257
Ep 808: R=471.61  C=  8.00  len=318
Ep 809: R=478.95  C= 10.00  len=324
Ep 810: R=467.41  C= 10.00  len=316
Ep 811: R=486.72  C=  7.00  len=329
Ep 812: R=473.85  C= 10.00  len=318
Ep 813: R=468.24  C=  6.00  len=318
Ep 814: R=466.00  C=  7.00  len=316
Ep 815: R=478.67  C=  8.00  len=322
Ep 816: R=480.04  C= 10.00  len=324
Ep 817: R=480.58  C=  8.00  len=327
Ep 818: R=476.84  C=  8.00  len=321
Ep 819: R=478.69  C= 11.00  len=320
Ep 820: R=473.86  C=  8.00  len=320
Ep 821: R=467.17  C=  8.00  len=317
Ep 822: R=467.93  C= 10.00  len=316
Ep 823: R=477.04  C=  5.00  len=324
Ep 824: R=466.23  C=  8.00  len=316
Ep 825: R=478.82  C=  7.00  len=323
Ep 826: R=477.31  C= 10.00  len=320
Ep 827: R=481.45  C= 10.00  len=327
Ep 828: R=482.62  C=  6.00  len=327
Ep 829: R=475.89  C=  9.00  len=320
Ep 830: R=469.44  C= 10.00  len=317
Ep 831: R=481.07  C=  5.00  len=327
Ep 832: R=467.17  C=  7.00  len=316
Ep 833: R=467.21  C=  8.00  len=316
Ep 834: R=419.70  C=  6.00  len=281
Ep 835: R=480.85  C=  7.00  len=328
Ep 836: R=475.89  C= 10.00  len=320
Ep 837: R=477.22  C= 11.00  len=320
Ep 838: R=466.43  C=  9.00  len=316
Ep 839: R=470.38  C=  6.00  len=317
Ep 840: R=467.89  C=  8.00  len=317
Ep 841: R=484.27  C= 15.00  len=322
Ep 842: R=483.12  C=  8.00  len=328
Ep 843: R=478.31  C=  6.00  len=326
Ep 844: R=474.31  C=  8.00  len=319
Ep 845: R=474.23  C=  7.00  len=321
Ep 846: R=475.79  C= 10.00  len=320
Ep 847: R=475.13  C=  4.00  len=325
Ep 848: R=481.78  C= 12.00  len=321
Ep 849: R=467.68  C=  7.00  len=316
Ep 850: R=480.99  C=  9.00  len=326
Ep 851: R=482.01  C=  8.00  len=328
Ep 852: R=479.30  C=  7.00  len=324
Ep 853: R=468.04  C=  8.00  len=317
Ep 854: R=482.60  C= 10.00  len=327
Ep 855: R=467.44  C=  9.00  len=316
Ep 856: R=477.03  C= 12.00  len=319
Ep 857: R=476.68  C=  5.00  len=325
Ep 858: R=476.34  C= 10.00  len=320
Ep 859: R=479.66  C= 10.00  len=323
Ep 860: R=482.13  C= 10.00  len=324
Ep 861: R=478.42  C=  7.00  len=326
Ep 862: R=465.95  C=  8.00  len=316
Ep 863: R=475.83  C=  7.00  len=323
Ep 864: R=479.02  C=  7.00  len=323
Ep 865: R=483.28  C= 12.00  len=323
Ep 866: R=478.12  C= 13.00  len=319
Ep 867: R=477.54  C=  9.00  len=321
Ep 868: R=479.60  C= 10.00  len=321
Ep 869: R=474.16  C= 10.00  len=321
Ep 870: R=474.11  C=  7.00  len=320
Ep 871: R=474.10  C=  7.00  len=319
Ep 872: R=466.09  C=  8.00  len=317
Ep 873: R=472.01  C=  7.00  len=319
Ep 874: R=481.30  C=  9.00  len=327
Ep 875: R=482.29  C=  6.00  len=330
Ep 876: R=476.04  C= 11.00  len=319
Ep 877: R=478.69  C=  7.00  len=327
Ep 878: R=469.85  C=  7.00  len=318
Ep 879: R=467.80  C=  7.00  len=317
Ep 880: R=481.63  C= 11.00  len=322
Ep 881: R=482.65  C= 15.00  len=321
Ep 882: R=481.51  C= 11.00  len=321
Ep 883: R=479.92  C=  9.00  len=327
Ep 884: R=482.86  C= 17.00  len=321
Ep 885: R=477.65  C=  8.00  len=325
Ep 886: R=478.33  C=  8.00  len=322
Ep 887: R=480.29  C= 13.00  len=321
Ep 888: R=483.27  C= 29.00  len=320
Ep 889: R=480.57  C=  5.00  len=331
Ep 890: R=480.43  C=  7.00  len=324
Ep 891: R=470.78  C=  8.00  len=318
Ep 892: R=478.55  C=  5.00  len=328
Ep 893: R=481.07  C=  6.00  len=324
Ep 894: R=466.89  C=  9.00  len=316
Ep 895: R=469.32  C=  6.00  len=318
Ep 896: R=471.62  C= 11.00  len=317
Ep 897: R=469.32  C=  9.00  len=318
Ep 898: R=469.67  C=  7.00  len=318
Ep 899: R=467.90  C=  9.00  len=317
Ep 900: R=471.26  C=  8.00  len=317
Ep 901: R=478.50  C=  6.00  len=327
Ep 902: R=481.63  C= 14.00  len=321
Ep 903: R=487.68  C= 17.00  len=323
Ep 904: R=483.73  C= 23.00  len=322
Ep 905: R=385.05  C= 46.00  len=254
Ep 906: R=471.20  C= 10.00  len=317
Ep 907: R=468.35  C=  7.00  len=317
Ep 908: R=466.85  C= 10.00  len=316
Ep 909: R=482.86  C= 30.00  len=320
Ep 910: R=478.51  C=  8.00  len=323
Ep 911: R=480.31  C= 11.00  len=321
Ep 912: R=471.93  C=  7.00  len=319
Ep 913: R=477.29  C=  8.00  len=321
Ep 914: R=472.74  C=  7.00  len=319
Ep 915: R=470.77  C=  8.00  len=318
Ep 916: R=470.40  C=  8.00  len=318
Ep 917: R=478.67  C=  7.00  len=324
Ep 918: R=465.09  C=  6.00  len=317
Ep 919: R=419.60  C=  8.00  len=281
Ep 920: R=476.82  C=  9.00  len=320
Ep 921: R=476.07  C= 11.00  len=319
Ep 922: R=468.85  C=  8.00  len=317
Ep 923: R=477.05  C=  7.00  len=324
Ep 924: R=480.01  C=  6.00  len=328
Ep 925: R=468.79  C= 10.00  len=318
Ep 926: R=488.64  C= 35.00  len=323
Ep 927: R=467.39  C=  9.00  len=317
Ep 928: R=480.60  C=  6.00  len=327
Ep 929: R=477.20  C=  7.00  len=328
Ep 930: R=380.95  C= 13.00  len=254
Ep 931: R=482.02  C= 15.00  len=320
Ep 932: R=476.21  C= 11.00  len=319
Ep 933: R=476.75  C=  6.00  len=327
Ep 934: R=474.23  C=  7.00  len=323
Ep 935: R=484.42  C= 11.00  len=324
Ep 936: R=474.60  C= 10.00  len=318
Ep 937: R=468.45  C=  8.00  len=317
Ep 938: R=468.56  C= 10.00  len=316
Ep 939: R=475.72  C=  8.00  len=323
Ep 940: R=474.33  C=  7.00  len=320
Ep 941: R=476.76  C= 11.00  len=320
Ep 942: R=478.41  C=  7.00  len=325
Ep 943: R=468.41  C=  7.00  len=317
Ep 944: R=472.49  C= 10.00  len=319
Ep 945: R=378.35  C= 15.00  len=252
Ep 946: R=419.33  C=  6.00  len=281
Ep 947: R=479.63  C= 10.00  len=321
Ep 948: R=469.82  C= 11.00  len=318
Ep 949: R=470.03  C=  7.00  len=318
Ep 950: R=476.21  C=  8.00  len=320
Ep 951: R=466.39  C=  8.00  len=316
Ep 952: R=467.04  C=  8.00  len=316
Ep 953: R=474.55  C=  9.00  len=320
Ep 954: R=469.93  C= 10.00  len=318
Ep 955: R=485.51  C= 15.00  len=323
Ep 956: R=421.94  C=  6.00  len=282
Ep 957: R=480.56  C= 11.00  len=323
Ep 958: R=478.56  C=  8.00  len=326
Ep 959: R=482.25  C= 12.00  len=322
Ep 960: R=479.80  C= 10.00  len=325
Ep 961: R=481.54  C=  9.00  len=326
Ep 962: R=478.03  C=  8.00  len=322
Ep 963: R=479.20  C=  6.00  len=329
Ep 964: R=481.75  C=  9.00  len=327
Ep 965: R=474.40  C= 11.00  len=318
Ep 966: R=481.31  C=  9.00  len=327
Ep 967: R=483.71  C= 14.00  len=322
Ep 968: R=478.33  C=  8.00  len=323
Ep 969: R=468.26  C=  9.00  len=317
Ep 970: R=480.41  C=  9.00  len=324
Ep 971: R=482.32  C= 13.00  len=323
Ep 972: R=481.08  C=  6.00  len=326
Ep 973: R=475.21  C= 10.00  len=319
Ep 974: R=484.73  C= 29.00  len=321
Ep 975: R=476.37  C=  6.00  len=324
Ep 976: R=466.42  C=  7.00  len=316
Ep 977: R=481.60  C= 11.00  len=322
Ep 978: R=483.82  C= 11.00  len=324
Ep 979: R=479.22  C=  8.00  len=324
Ep 980: R=468.57  C=  9.00  len=317
Ep 981: R=467.40  C= 10.00  len=316
Ep 982: R=466.01  C=  7.00  len=316
Ep 983: R=479.47  C= 10.00  len=322
Ep 984: R=475.83  C=  7.00  len=322
Ep 985: R=468.00  C=  7.00  len=317
Ep 986: R=476.42  C= 11.00  len=319
Ep 987: R=483.77  C= 11.00  len=324
Ep 988: R=476.07  C=  9.00  len=320
Ep 989: R=482.62  C=  8.00  len=328
Ep 990: R=481.98  C=  9.00  len=328
Ep 991: R=479.50  C= 10.00  len=324
Ep 992: R=473.16  C=  5.00  len=321
Ep 993: R=474.65  C= 10.00  len=318
Ep 994: R=476.94  C= 12.00  len=319
Ep 995: R=477.50  C=  8.00  len=324
Ep 996: R=482.32  C= 27.00  len=320
Ep 997: R=480.53  C=  9.00  len=327
Ep 998: R=472.25  C=  7.00  len=319
Ep 999: R=468.84  C=  7.00  len=318
Ep 1000: R=479.59  C=  7.00  len=330
Ep 1001: R=485.91  C= 45.00  len=319
Ep 1002: R=474.98  C= 10.00  len=319
Ep 1003: R=473.15  C= 10.00  len=319
Ep 1004: R=482.52  C= 13.00  len=322
Ep 1005: R=484.62  C=  7.00  len=330
Ep 1006: R=482.27  C=  8.00  len=324
Ep 1007: R=478.90  C=  6.00  len=327
Ep 1008: R=478.98  C=  8.00  len=324
Ep 1009: R=478.80  C= 13.00  len=319
Ep 1010: R=475.09  C=  9.00  len=320
Ep 1011: R=478.16  C=  7.00  len=323
Ep 1012: R=481.76  C=  8.00  len=327
Ep 1013: R=467.25  C=  7.00  len=317
Ep 1014: R=474.80  C= 10.00  len=319
Ep 1015: R=473.95  C=  8.00  len=320
Ep 1016: R=476.97  C=  7.00  len=322
Ep 1017: R=470.13  C=  9.00  len=317
Ep 1018: R=486.46  C= 23.00  len=323
Ep 1019: R=472.48  C= 10.00  len=318
Ep 1020: R=469.23  C=  8.00  len=318
Ep 1021: R=467.16  C=  8.00  len=317
Ep 1022: R=478.90  C=  5.00  len=329
Ep 1023: R=476.02  C= 12.00  len=319
Ep 1024: R=470.29  C= 10.00  len=318
Ep 1025: R=478.84  C=  9.00  len=325
Ep 1026: R=480.85  C=  6.00  len=326
Ep 1027: R=481.12  C= 17.00  len=320
Ep 1028: R=467.97  C= 10.00  len=316
Ep 1029: R=477.26  C=  3.00  len=331
Ep 1030: R=471.89  C=  7.00  len=318
Ep 1031: R=479.42  C=  7.00  len=325
Ep 1032: R=471.37  C=  7.00  len=318
Ep 1033: R=476.99  C= 10.00  len=323
Ep 1034: R=473.12  C=  6.00  len=319
Ep 1035: R=471.81  C= 10.00  len=318
Ep 1036: R=480.26  C= 11.00  len=322
Ep 1037: R=485.03  C= 11.00  len=323
Ep 1038: R=479.55  C=  6.00  len=323
Ep 1039: R=478.88  C=  7.00  len=324
Ep 1040: R=476.01  C=  9.00  len=320
Ep 1041: R=467.84  C=  9.00  len=316
Ep 1042: R=468.41  C=  7.00  len=318
Ep 1043: R=468.98  C=  8.00  len=317
Ep 1044: R=480.87  C=  5.00  len=330
Ep 1045: R=474.01  C=  7.00  len=320
Ep 1046: R=478.77  C=  7.00  len=324
Ep 1047: R=478.67  C=  6.00  len=324
Ep 1048: R=466.78  C=  7.00  len=316
Ep 1049: R=484.58  C= 13.00  len=324
Ep 1050: R=465.51  C=  7.00  len=316
Ep 1051: R=476.94  C=  9.00  len=321
Ep 1052: R=470.90  C= 10.00  len=318
Ep 1053: R=470.05  C= 11.00  len=317
Ep 1054: R=482.57  C= 12.00  len=322
Ep 1055: R=465.69  C=  8.00  len=315
Ep 1056: R=479.32  C= 10.00  len=321
Ep 1057: R=479.39  C=  5.00  len=327
Ep 1058: R=473.61  C= 10.00  len=319
Ep 1059: R=478.36  C=  4.00  len=327
Ep 1060: R=468.01  C=  7.00  len=317
Ep 1061: R=485.01  C= 13.00  len=324
Ep 1062: R=467.88  C= 10.00  len=316
Ep 1063: R=480.48  C=  6.00  len=328
Ep 1064: R=474.79  C=  7.00  len=323
Ep 1065: R=472.72  C=  7.00  len=318
Ep 1066: R=477.02  C=  4.00  len=332
Ep 1067: R=380.74  C= 23.00  len=253
Ep 1068: R=477.36  C=  9.00  len=323
Ep 1069: R=482.54  C=  9.00  len=326
Ep 1070: R=390.10  C= 45.00  len=257
Ep 1071: R=483.33  C=  6.00  len=329
Ep 1072: R=480.76  C=  8.00  len=327
Ep 1073: R=477.93  C=  7.00  len=326
Ep 1074: R=473.28  C=  7.00  len=319
Ep 1075: R=477.88  C=  5.00  len=329
Ep 1076: R=471.06  C=  9.00  len=317
Ep 1077: R=469.98  C=  6.00  len=318
Ep 1078: R=475.63  C=  6.00  len=322
Ep 1079: R=481.40  C=  7.00  len=328
Ep 1080: R=473.65  C=  8.00  len=319
Ep 1081: R=475.38  C=  8.00  len=320
Ep 1082: R=478.24  C= 10.00  len=321
Ep 1083: R=480.34  C=  6.00  len=329
Ep 1084: R=465.97  C=  7.00  len=316
Ep 1085: R=477.16  C=  9.00  len=321
Ep 1086: R=476.44  C= 10.00  len=320
Ep 1087: R=477.10  C= 12.00  len=319
Ep 1088: R=469.36  C=  8.00  len=317
Ep 1089: R=483.94  C= 26.00  len=321
Ep 1090: R=482.37  C= 11.00  len=322
Ep 1091: R=464.77  C=  6.00  len=316
Ep 1092: R=478.86  C= 12.00  len=320
Ep 1093: R=475.18  C= 10.00  len=321
Ep 1094: R=479.59  C=  6.00  len=328
Ep 1095: R=482.69  C= 12.00  len=322
Ep 1096: R=482.06  C=  5.00  len=331
Ep 1097: R=474.56  C=  8.00  len=320
Ep 1098: R=466.00  C=  7.00  len=316
Ep 1099: R=475.36  C=  7.00  len=322
Ep 1100: R=468.00  C= 10.00  len=317
Ep 1101: R=468.49  C=  7.00  len=318
Ep 1102: R=467.58  C=  9.00  len=317
Ep 1103: R=476.52  C=  8.00  len=324
Ep 1104: R=480.88  C= 11.00  len=322
Ep 1105: R=478.27  C= 12.00  len=320
Ep 1106: R=480.57  C=  6.00  len=331
Ep 1107: R=478.51  C=  7.00  len=325
Ep 1108: R=479.17  C=  5.00  len=328
Ep 1109: R=469.11  C=  6.00  len=317
Ep 1110: R=480.87  C= 10.00  len=324
Ep 1111: R=476.92  C=  8.00  len=323
Ep 1112: R=471.51  C=  7.00  len=318
Ep 1113: R=467.53  C=  7.00  len=317
Ep 1114: R=482.03  C=  8.00  len=328
Ep 1115: R=480.46  C=  8.00  len=327
Ep 1116: R=477.78  C=  9.00  len=321
Ep 1117: R=476.45  C=  7.00  len=321
Ep 1118: R=477.23  C=  5.00  len=325
Ep 1119: R=467.50  C=  8.00  len=318
Ep 1120: R=479.50  C=  6.00  len=323
Ep 1121: R=481.03  C=  7.00  len=328
Ep 1122: R=473.89  C=  9.00  len=320
Ep 1123: R=474.74  C=  8.00  len=320
Ep 1124: R=480.84  C= 10.00  len=322
Ep 1125: R=471.77  C=  9.00  len=318
Ep 1126: R=482.32  C= 13.00  len=322
Ep 1127: R=479.69  C=  7.00  len=327
Ep 1128: R=478.30  C=  9.00  len=323
Ep 1129: R=473.78  C=  5.00  len=322
Ep 1130: R=470.10  C=  8.00  len=317
Ep 1131: R=476.06  C= 10.00  len=320
Ep 1132: R=484.08  C= 14.00  len=321
Ep 1133: R=475.81  C= 10.00  len=319
Ep 1134: R=482.29  C= 11.00  len=322
Ep 1135: R=476.45  C=  7.00  len=323
Ep 1136: R=466.93  C= 10.00  len=316
Ep 1137: R=483.03  C= 31.00  len=320
Ep 1138: R=481.07  C= 18.00  len=319
Ep 1139: R=467.84  C=  7.00  len=317
Ep 1140: R=482.08  C=  9.00  len=326
Ep 1141: R=468.26  C= 10.00  len=316
Ep 1142: R=480.96  C= 14.00  len=320
Ep 1143: R=482.71  C= 11.00  len=323
Ep 1144: R=482.05  C= 22.00  len=318
Ep 1145: R=469.59  C=  9.00  len=317
Ep 1146: R=478.96  C= 10.00  len=324
Ep 1147: R=480.17  C=  7.00  len=327
Ep 1148: R=476.70  C=  9.00  len=320
Ep 1149: R=478.28  C=  7.00  len=324
Ep 1150: R=467.78  C=  5.00  len=317
Ep 1151: R=470.66  C=  7.00  len=317
Ep 1152: R=483.17  C= 14.00  len=322
Ep 1153: R=486.65  C= 14.00  len=324
Ep 1154: R=468.93  C= 10.00  len=317
Ep 1155: R=483.13  C= 12.00  len=322
Ep 1156: R=468.66  C=  7.00  len=317
Ep 1157: R=480.16  C=  9.00  len=325
Ep 1158: R=477.30  C=  6.00  len=323
Ep 1159: R=477.53  C=  7.00  len=324
Ep 1160: R=475.52  C= 10.00  len=322
Ep 1161: R=480.60  C=  8.00  len=327
Ep 1162: R=464.85  C=  9.00  len=315
Ep 1163: R=477.94  C=  7.00  len=325
Ep 1164: R=476.73  C=  9.00  len=321
Ep 1165: R=475.67  C= 13.00  len=317
Ep 1166: R=480.09  C= 13.00  len=320
Ep 1167: R=479.43  C=  7.00  len=323
Ep 1168: R=485.78  C= 15.00  len=322
Ep 1169: R=474.60  C=  7.00  len=322
Ep 1170: R=478.08  C=  8.00  len=323
Ep 1171: R=479.79  C=  6.00  len=328
Ep 1172: R=468.22  C=  6.00  len=318
Ep 1173: R=478.60  C=  9.00  len=324
Ep 1174: R=478.27  C= 12.00  len=320
Ep 1175: R=469.43  C=  8.00  len=318
Ep 1176: R=466.84  C=  7.00  len=317
Ep 1177: R=474.60  C=  6.00  len=326
Ep 1178: R=465.39  C= 10.00  len=315
Ep 1179: R=472.23  C=  7.00  len=319
Ep 1180: R=481.46  C=  8.00  len=328
Ep 1181: R=482.14  C=  6.00  len=329
Ep 1182: R=475.36  C= 11.00  len=319
Ep 1183: R=483.25  C= 26.00  len=321
Ep 1184: R=478.98  C=  4.00  len=331
Ep 1185: R=483.07  C= 14.00  len=321
Ep 1186: R=469.29  C=  7.00  len=317
Ep 1187: R=484.90  C= 31.00  len=321
Ep 1188: R=478.93  C=  6.00  len=327
Ep 1189: R=477.93  C= 10.00  len=320
Ep 1190: R=474.64  C=  7.00  len=320
Ep 1191: R=469.34  C=  9.00  len=318
Ep 1192: R=480.49  C=  8.00  len=327
Ep 1193: R=482.67  C=  7.00  len=328
Ep 1194: R=480.30  C= 11.00  len=322
Ep 1195: R=466.64  C=  7.00  len=316
Ep 1196: R=470.91  C=  7.00  len=318
Ep 1197: R=469.45  C= 10.00  len=317
Ep 1198: R=483.49  C=  7.00  len=328
Ep 1199: R=474.13  C=  5.00  len=322
Ep 1200: R=482.89  C= 27.00  len=320
Ep 1201: R=478.50  C=  7.00  len=324
Ep 1202: R=475.76  C= 11.00  len=319
Ep 1203: R=484.69  C= 15.00  len=322
Ep 1204: R=467.23  C=  6.00  len=318
Ep 1205: R=473.38  C=  7.00  len=319
Ep 1206: R=469.41  C=  8.00  len=319
Ep 1207: R=475.35  C= 12.00  len=318
Ep 1208: R=467.80  C=  9.00  len=317
Ep 1209: R=473.89  C=  9.00  len=319
Ep 1210: R=468.80  C=  7.00  len=317
Ep 1211: R=476.89  C=  8.00  len=321
Ep 1212: R=475.28  C= 10.00  len=322
Ep 1213: R=481.95  C= 15.00  len=320
Ep 1214: R=478.35  C=  7.00  len=325
Ep 1215: R=478.03  C= 12.00  len=319
Ep 1216: R=482.45  C= 11.00  len=324
Ep 1217: R=484.60  C=  7.00  len=330
Ep 1218: R=474.47  C=  8.00  len=321
Ep 1219: R=468.00  C=  7.00  len=318
Ep 1220: R=386.78  C= 39.00  len=255
Ep 1221: R=483.05  C= 13.00  len=322
Ep 1222: R=472.65  C=  7.00  len=319
Ep 1223: R=471.56  C= 10.00  len=319
Ep 1224: R=477.35  C= 11.00  len=320
Ep 1225: R=387.69  C=  8.00  len=257
Ep 1226: R=482.57  C= 14.00  len=322
Ep 1227: R=475.91  C=  8.00  len=320
Ep 1228: R=480.32  C= 10.00  len=321
Ep 1229: R=484.61  C= 12.00  len=323
Ep 1230: R=482.87  C= 13.00  len=322
Ep 1231: R=469.58  C=  7.00  len=317
Ep 1232: R=483.36  C= 14.00  len=322
Ep 1233: R=480.02  C= 13.00  len=321
Ep 1234: R=475.95  C=  7.00  len=322
Ep 1235: R=469.91  C= 10.00  len=317
Ep 1236: R=483.19  C= 10.00  len=329
Ep 1237: R=417.13  C=  6.00  len=280
Ep 1238: R=466.16  C=  8.00  len=316
Ep 1239: R=472.38  C=  8.00  len=318
Ep 1240: R=382.05  C= 19.00  len=254
Ep 1241: R=382.38  C= 33.00  len=253
Ep 1242: R=470.89  C=  8.00  len=319
Ep 1243: R=478.80  C=  7.00  len=327
Ep 1244: R=465.68  C= 11.00  len=315
Ep 1245: R=478.27  C=  8.00  len=322
Ep 1246: R=477.43  C=  6.00  len=323
Ep 1247: R=475.46  C=  9.00  len=320
Ep 1248: R=481.23  C= 12.00  len=322
Ep 1249: R=473.87  C= 11.00  len=318
Ep 1250: R=480.75  C=  7.00  len=329
Ep 1251: R=481.57  C=  8.00  len=325
Ep 1252: R=480.82  C=  7.00  len=324
Ep 1253: R=480.13  C=  9.00  len=325
Ep 1254: R=471.82  C=  8.00  len=319
Ep 1255: R=477.54  C=  7.00  len=324
Ep 1256: R=475.22  C=  8.00  len=320
Ep 1257: R=468.04  C= 10.00  len=316
Ep 1258: R=477.52  C= 11.00  len=320
Ep 1259: R=475.02  C=  9.00  len=320
Ep 1260: R=480.49  C=  7.00  len=328
Ep 1261: R=465.64  C=  7.00  len=316
Ep 1262: R=478.05  C=  6.00  len=327
Ep 1263: R=474.57  C=  7.00  len=320
Ep 1264: R=481.33  C= 15.00  len=320
Ep 1265: R=481.98  C= 14.00  len=321
Ep 1266: R=474.94  C=  7.00  len=320
Ep 1267: R=420.66  C=  8.00  len=281
Ep 1268: R=467.85  C=  6.00  len=317
Ep 1269: R=585.11  C=  6.00  len=400
Ep 1270: R=482.59  C= 12.00  len=322
Ep 1271: R=480.35  C=  6.00  len=327
Ep 1272: R=480.80  C=  6.00  len=325
Ep 1273: R=478.58  C=  8.00  len=322
Ep 1274: R=478.13  C=  8.00  len=323
Ep 1275: R=480.74  C=  6.00  len=327
Ep 1276: R=489.19  C= 43.00  len=323
Ep 1277: R=474.93  C= 11.00  len=319
Ep 1278: R=476.24  C=  7.00  len=320
Ep 1279: R=475.79  C=  7.00  len=322
Ep 1280: R=483.58  C= 11.00  len=324
Ep 1281: R=479.10  C=  5.00  len=328
Ep 1282: R=472.59  C=  9.00  len=319
Ep 1283: R=580.04  C=  6.00  len=399
Ep 1284: R=482.30  C=  6.00  len=327
Ep 1285: R=479.57  C=  6.00  len=326
Ep 1286: R=480.73  C=  8.00  len=327
Ep 1287: R=471.51  C=  8.00  len=318
Ep 1288: R=467.51  C= 10.00  len=316
Ep 1289: R=477.58  C=  7.00  len=325
Ep 1290: R=473.42  C=  9.00  len=318
Ep 1291: R=467.60  C=  8.00  len=318
Ep 1292: R=468.31  C=  5.00  len=317
Ep 1293: R=467.57  C=  9.00  len=317
Ep 1294: R=468.49  C=  7.00  len=317
Ep 1295: R=474.33  C=  9.00  len=321
Ep 1296: R=480.12  C=  9.00  len=325
Ep 1297: R=483.51  C= 11.00  len=323
Ep 1298: R=473.04  C= 10.00  len=319
Ep 1299: R=479.90  C=  9.00  len=323
Ep 1300: R=466.96  C=  9.00  len=315
Ep 1301: R=481.77  C= 11.00  len=323
Ep 1302: R=478.52  C=  7.00  len=327
Ep 1303: R=480.05  C=  8.00  len=325
Ep 1304: R=478.93  C=  8.00  len=323
Ep 1305: R=393.84  C= 10.00  len=260
Ep 1306: R=473.09  C= 10.00  len=318
Ep 1307: R=377.94  C=  9.00  len=253
Ep 1308: R=468.92  C=  8.00  len=318
Ep 1309: R=477.67  C=  6.00  len=324
Ep 1310: R=482.15  C=  9.00  len=324
Ep 1311: R=471.04  C= 10.00  len=318
Ep 1312: R=472.60  C=  8.00  len=318
Ep 1313: R=478.39  C=  7.00  len=322
Ep 1314: R=477.94  C=  8.00  len=324
Ep 1315: R=471.07  C= 10.00  len=318
Ep 1316: R=481.19  C= 12.00  len=322
Ep 1317: R=466.36  C=  8.00  len=316
Ep 1318: R=475.51  C= 11.00  len=318
Ep 1319: R=468.36  C=  7.00  len=317
Ep 1320: R=466.38  C=  8.00  len=317
Ep 1321: R=421.47  C=  8.00  len=282
Ep 1322: R=477.73  C=  7.00  len=323
Ep 1323: R=479.53  C=  9.00  len=326
Ep 1324: R=478.70  C=  9.00  len=322
Ep 1325: R=477.04  C= 10.00  len=320
Ep 1326: R=475.71  C=  7.00  len=321
Ep 1327: R=480.42  C=  8.00  len=327
Ep 1328: R=480.21  C=  8.00  len=327
Ep 1329: R=483.21  C= 12.00  len=323
Ep 1330: R=479.94  C=  8.00  len=322
Ep 1331: R=474.62  C=  9.00  len=319
Ep 1332: R=478.79  C= 12.00  len=320
Ep 1333: R=479.65  C=  5.00  len=328
Ep 1334: R=483.71  C= 19.00  len=320
Ep 1335: R=477.27  C=  7.00  len=322
Ep 1336: R=480.89  C= 13.00  len=321
Ep 1337: R=467.93  C= 10.00  len=316
Ep 1338: R=476.34  C=  7.00  len=320
Ep 1339: R=467.94  C=  7.00  len=317
Ep 1340: R=479.71  C=  7.00  len=327
Ep 1341: R=468.05  C= 10.00  len=317
Ep 1342: R=484.23  C= 12.00  len=323
Ep 1343: R=471.69  C=  7.00  len=318
Ep 1344: R=468.19  C= 10.00  len=316
Ep 1345: R=478.81  C= 12.00  len=321
Ep 1346: R=480.81  C= 11.00  len=321
Ep 1347: R=470.57  C=  7.00  len=318
Ep 1348: R=480.50  C=  9.00  len=326
Ep 1349: R=479.65  C=  4.00  len=328
Ep 1350: R=478.49  C=  8.00  len=324
Ep 1351: R=483.38  C= 15.00  len=321
Ep 1352: R=480.58  C=  6.00  len=326
Ep 1353: R=468.87  C=  8.00  len=317
Ep 1354: R=476.29  C= 10.00  len=320
Ep 1355: R=467.13  C=  7.00  len=317
Ep 1356: R=473.04  C=  8.00  len=319
Ep 1357: R=475.40  C= 12.00  len=318
Ep 1358: R=467.22  C=  8.00  len=316
Ep 1359: R=478.90  C= 24.00  len=318
Ep 1360: R=484.62  C=  8.00  len=330
Ep 1361: R=477.23  C=  9.00  len=324
Ep 1362: R=471.04  C=  8.00  len=318
Ep 1363: R=467.06  C=  8.00  len=316
Ep 1364: R=482.28  C=  6.00  len=328
Ep 1365: R=471.04  C= 10.00  len=319
Ep 1366: R=476.51  C=  9.00  len=320
Ep 1367: R=472.58  C=  7.00  len=319
Ep 1368: R=485.77  C= 22.00  len=321
Ep 1369: R=474.89  C=  8.00  len=320
Ep 1370: R=480.78  C=  7.00  len=328
Ep 1371: R=473.38  C=  9.00  len=321
Ep 1372: R=478.64  C=  6.00  len=324
Ep 1373: R=484.32  C= 12.00  len=324
Ep 1374: R=482.43  C= 12.00  len=322
Ep 1375: R=482.02  C= 15.00  len=321
Ep 1376: R=479.10  C= 10.00  len=324
Ep 1377: R=479.20  C=  5.00  len=328
Ep 1378: R=382.66  C= 27.00  len=253
Ep 1379: R=468.14  C= 11.00  len=316
Ep 1380: R=478.66  C= 10.00  len=321
Ep 1381: R=477.03  C=  8.00  len=321
Ep 1382: R=471.27  C= 10.00  len=317
Ep 1383: R=479.30  C= 10.00  len=324
Ep 1384: R=476.32  C=  7.00  len=323
Ep 1385: R=467.56  C=  8.00  len=316
Ep 1386: R=478.08  C= 13.00  len=319
Ep 1387: R=482.81  C= 10.00  len=324
Ep 1388: R=480.71  C=  7.00  len=325
Ep 1389: R=482.24  C= 13.00  len=321
Ep 1390: R=383.88  C= 33.00  len=254
Ep 1391: R=481.05  C= 25.00  len=319
Ep 1392: R=466.32  C=  6.00  len=316
Ep 1393: R=478.42  C=  7.00  len=323
Ep 1394: R=474.62  C= 12.00  len=319
Ep 1395: R=480.02  C=  7.00  len=328
Ep 1396: R=485.04  C= 13.00  len=324
Ep 1397: R=474.81  C= 10.00  len=320
Ep 1398: R=472.23  C=  7.00  len=319
Ep 1399: R=473.35  C=  8.00  len=319
Ep 1400: R=480.83  C=  4.00  len=329
Ep 1401: R=481.29  C=  9.00  len=327
Ep 1402: R=475.55  C=  7.00  len=322
Ep 1403: R=473.13  C=  8.00  len=321
Ep 1404: R=478.09  C=  8.00  len=324
Ep 1405: R=464.71  C=  6.00  len=316
Ep 1406: R=475.34  C= 12.00  len=319
Ep 1407: R=474.00  C=  7.00  len=324
Ep 1408: R=482.07  C=  8.00  len=327
Ep 1409: R=481.57  C=  6.00  len=329
Ep 1410: R=481.19  C= 11.00  len=323
Ep 1411: R=476.83  C=  9.00  len=322
Ep 1412: R=474.17  C=  9.00  len=321
Ep 1413: R=480.82  C=  7.00  len=326
Ep 1414: R=467.95  C= 10.00  len=317
Ep 1415: R=482.50  C= 12.00  len=322
Ep 1416: R=469.30  C=  8.00  len=317
Ep 1417: R=482.76  C= 12.00  len=322
Ep 1418: R=478.62  C=  7.00  len=325
Ep 1419: R=485.44  C= 17.00  len=323
Ep 1420: R=470.32  C=  7.00  len=318
Ep 1421: R=479.95  C=  6.00  len=330
Ep 1422: R=477.27  C=  6.00  len=323
Ep 1423: R=469.87  C=  9.00  len=318
Ep 1424: R=466.23  C= 10.00  len=315
Ep 1425: R=480.23  C=  7.00  len=324
Ep 1426: R=480.88  C= 16.00  len=319
Ep 1427: R=477.65  C=  7.00  len=322
Ep 1428: R=483.24  C=  7.00  len=330
Ep 1429: R=480.34  C=  6.00  len=327
Ep 1430: R=485.80  C= 15.00  len=322
Ep 1431: R=475.59  C=  6.00  len=324
Ep 1432: R=470.03  C=  9.00  len=317
Ep 1433: R=473.38  C=  6.00  len=321
Ep 1434: R=480.60  C=  6.00  len=328
Ep 1435: R=483.46  C= 17.00  len=321
Ep 1436: R=473.57  C=  8.00  len=320
Ep 1437: R=484.29  C=  6.00  len=328
Ep 1438: R=479.88  C=  6.00  len=329
Ep 1439: R=476.68  C=  7.00  len=326
Ep 1440: R=476.41  C=  7.00  len=326
Ep 1441: R=474.84  C=  8.00  len=322
Ep 1442: R=482.06  C=  7.00  len=327
Ep 1443: R=464.89  C=  6.00  len=317
Ep 1444: R=476.80  C= 13.00  len=317
Ep 1445: R=479.18  C=  7.00  len=323
Ep 1446: R=481.32  C=  9.00  len=324
Ep 1447: R=480.89  C= 10.00  len=325
Ep 1448: R=473.65  C=  8.00  len=319
Ep 1449: R=481.57  C=  7.00  len=329
Ep 1450: R=478.04  C=  7.00  len=325
Ep 1451: R=479.05  C=  7.00  len=324
Ep 1452: R=478.00  C=  7.00  len=327
Ep 1453: R=466.31  C=  7.00  len=316
Ep 1454: R=474.32  C=  8.00  len=320
Ep 1455: R=476.76  C=  8.00  len=323
Ep 1456: R=476.72  C=  6.00  len=327
Ep 1457: R=481.78  C=  8.00  len=327
Ep 1458: R=478.30  C= 12.00  len=320
Ep 1459: R=473.68  C=  7.00  len=321
Ep 1460: R=467.14  C=  7.00  len=316
Ep 1461: R=468.50  C=  6.00  len=317
Ep 1462: R=478.94  C= 11.00  len=320
Ep 1463: R=479.12  C=  7.00  len=327
Ep 1464: R=475.00  C=  7.00  len=322
Ep 1465: R=477.21  C=  6.00  len=323
Ep 1466: R=469.62  C=  8.00  len=318
Ep 1467: R=470.75  C=  9.00  len=319
Ep 1468: R=477.67  C= 10.00  len=321
Ep 1469: R=481.47  C=  8.00  len=324
Ep 1470: R=480.20  C=  6.00  len=325
Ep 1471: R=480.98  C=  5.00  len=328
Ep 1472: R=480.26  C=  8.00  len=323
Ep 1473: R=469.58  C= 10.00  len=318
Ep 1474: R=478.36  C=  6.00  len=327
Ep 1475: R=468.60  C= 10.00  len=317
Ep 1476: R=478.00  C=  9.00  len=324
Ep 1477: R=471.29  C= 10.00  len=318
Ep 1478: R=478.02  C= 10.00  len=323
Ep 1479: R=482.77  C= 13.00  len=322
Ep 1480: R=467.93  C=  8.00  len=317
Ep 1481: R=481.58  C=  7.00  len=328
Ep 1482: R=480.61  C=  7.00  len=330
Ep 1483: R=474.30  C= 10.00  len=322
Ep 1484: R=469.00  C= 10.00  len=317
Ep 1485: R=480.55  C=  8.00  len=327
Ep 1486: R=467.06  C=  9.00  len=316
Ep 1487: R=477.99  C=  6.00  len=327
Ep 1488: R=481.65  C= 12.00  len=322
Ep 1489: R=469.98  C=  7.00  len=318
Ep 1490: R=468.82  C=  6.00  len=318
Ep 1491: R=381.43  C= 17.00  len=253
Ep 1492: R=472.24  C=  9.00  len=318
Ep 1493: R=479.56  C=  7.00  len=327
Ep 1494: R=475.12  C=  7.00  len=322
Ep 1495: R=478.30  C=  7.00  len=327
Ep 1496: R=483.88  C= 30.00  len=320
Ep 1497: R=479.69  C=  8.00  len=324
Ep 1498: R=470.61  C=  8.00  len=317
Ep 1499: R=479.71  C= 10.00  len=321
Ep 1500: R=467.64  C=  9.00  len=317
Ep 1501: R=478.16  C=  7.00  len=322
Ep 1502: R=484.13  C= 22.00  len=322
Ep 1503: R=477.90  C=  8.00  len=321
Ep 1504: R=470.86  C=  9.00  len=319
Ep 1505: R=478.18  C=  9.00  len=322
Ep 1506: R=482.89  C= 10.00  len=324
Ep 1507: R=475.24  C=  8.00  len=320
Ep 1508: R=481.17  C=  6.00  len=327
Ep 1509: R=482.06  C= 27.00  len=319
Ep 1510: R=481.45  C=  8.00  len=328
Ep 1511: R=467.74  C= 10.00  len=316
Ep 1512: R=484.10  C= 11.00  len=324
Ep 1513: R=476.10  C= 12.00  len=318
Ep 1514: R=475.03  C= 10.00  len=322
Ep 1515: R=478.91  C=  7.00  len=327
Ep 1516: R=473.70  C=  7.00  len=320
Ep 1517: R=479.41  C= 10.00  len=325
Ep 1518: R=478.67  C=  7.00  len=323
Ep 1519: R=477.64  C= 11.00  len=319
Ep 1520: R=477.08  C= 12.00  len=319
Ep 1521: R=467.60  C= 10.00  len=317
Ep 1522: R=476.82  C=  7.00  len=321
Ep 1523: R=478.05  C=  8.00  len=323
Ep 1524: R=468.22  C=  9.00  len=317
Ep 1525: R=467.88  C=  7.00  len=316
Ep 1526: R=481.82  C=  7.00  len=330
Ep 1527: R=477.48  C= 11.00  len=319
Ep 1528: R=475.11  C= 10.00  len=322
Ep 1529: R=479.19  C=  9.00  len=325
Ep 1530: R=481.04  C= 13.00  len=320
Ep 1531: R=466.22  C=  7.00  len=316
Ep 1532: R=475.18  C=  7.00  len=322
Ep 1533: R=472.59  C= 10.00  len=319
Ep 1534: R=480.27  C=  7.00  len=327
Ep 1535: R=485.46  C= 13.00  len=324
Ep 1536: R=480.76  C= 12.00  len=321
Ep 1537: R=475.98  C= 13.00  len=318
Ep 1538: R=480.44  C=  7.00  len=324
Ep 1539: R=475.10  C=  9.00  len=319
Ep 1540: R=476.45  C=  7.00  len=322
Ep 1541: R=485.49  C= 13.00  len=324
Ep 1542: R=478.42  C=  5.00  len=328
Ep 1543: R=476.89  C= 12.00  len=319
Ep 1544: R=481.24  C= 11.00  len=322
Ep 1545: R=468.10  C= 10.00  len=316
Ep 1546: R=470.92  C=  8.00  len=318
Ep 1547: R=479.81  C=  6.00  len=329
Ep 1548: R=477.80  C= 11.00  len=320
Ep 1549: R=470.31  C= 10.00  len=317
Ep 1550: R=478.40  C= 11.00  len=320
Ep 1551: R=477.75  C= 11.00  len=320
Ep 1552: R=482.18  C=  5.00  len=329
Ep 1553: R=482.23  C= 10.00  len=328
Ep 1554: R=469.58  C=  6.00  len=319
Ep 1555: R=481.97  C=  7.00  len=329
Ep 1556: R=478.68  C=  9.00  len=322
Ep 1557: R=481.48  C=  8.00  len=324
Ep 1558: R=467.77  C= 10.00  len=316
Ep 1559: R=483.48  C=  7.00  len=330
Ep 1560: R=476.12  C=  4.00  len=330
Ep 1561: R=467.99  C=  8.00  len=317
Ep 1562: R=480.01  C= 10.00  len=324
Ep 1563: R=483.82  C= 12.00  len=323
Ep 1564: R=479.53  C=  8.00  len=322
Ep 1565: R=476.37  C=  7.00  len=326
Ep 1566: R=472.65  C=  7.00  len=319
Ep 1567: R=480.92  C=  9.00  len=327
Ep 1568: R=467.13  C=  7.00  len=317
Ep 1569: R=481.74  C=  9.00  len=328
Ep 1570: R=465.81  C= 11.00  len=315
Ep 1571: R=471.59  C=  8.00  len=318
Ep 1572: R=480.71  C=  6.00  len=327
Ep 1573: R=472.68  C=  6.00  len=320
Ep 1574: R=471.54  C=  8.00  len=318
Ep 1575: R=470.85  C=  8.00  len=318
Ep 1576: R=472.86  C=  8.00  len=319
Ep 1577: R=483.89  C= 25.00  len=321
Ep 1578: R=480.39  C=  9.00  len=327
Ep 1579: R=467.79  C=  8.00  len=317
Ep 1580: R=383.24  C= 31.00  len=254
Ep 1581: R=468.62  C=  6.00  len=318
Ep 1582: R=482.01  C= 15.00  len=320
Ep 1583: R=472.23  C=  8.00  len=318
Ep 1584: R=478.88  C= 10.00  len=324
Ep 1585: R=475.48  C=  7.00  len=322
Ep 1586: R=477.32  C= 10.00  len=320
Ep 1587: R=477.46  C=  9.00  len=321
Ep 1588: R=475.31  C=  7.00  len=321
Ep 1589: R=470.35  C=  7.00  len=317
Ep 1590: R=472.43  C=  8.00  len=318
Ep 1591: R=480.68  C=  7.00  len=326
Ep 1592: R=478.66  C= 12.00  len=320
Ep 1593: R=480.75  C=  7.00  len=328
Ep 1594: R=478.12  C= 10.00  len=320
Ep 1595: R=483.18  C=  8.00  len=326
Ep 1596: R=475.41  C=  8.00  len=320
Ep 1597: R=470.28  C=  8.00  len=318
Ep 1598: R=475.61  C=  9.00  len=320
Ep 1599: R=467.75  C= 10.00  len=317
Ep 1600: R=379.82  C= 41.00  len=252
Ep 1601: R=477.74  C=  7.00  len=324
Ep 1602: R=476.09  C= 10.00  len=321
Ep 1603: R=470.85  C=  8.00  len=318
Ep 1604: R=475.47  C=  8.00  len=320
Ep 1605: R=485.70  C=  7.00  len=329
Ep 1606: R=482.86  C=  6.00  len=330
Ep 1607: R=481.76  C= 10.00  len=327
Ep 1608: R=482.82  C= 10.00  len=327
Ep 1609: R=484.14  C=  8.00  len=327
Ep 1610: R=483.88  C= 12.00  len=324
Ep 1611: R=481.51  C= 12.00  len=322
Ep 1612: R=480.94  C=  7.00  len=327
Ep 1613: R=388.66  C=  8.00  len=257
Ep 1614: R=470.79  C=  9.00  len=319
Ep 1615: R=480.63  C=  7.00  len=327
Ep 1616: R=470.44  C=  7.00  len=319
Ep 1617: R=477.60  C=  7.00  len=327
Ep 1618: R=468.94  C= 10.00  len=317
Ep 1619: R=480.22  C= 10.00  len=326
Ep 1620: R=481.78  C=  8.00  len=324
Ep 1621: R=478.79  C=  8.00  len=327
Ep 1622: R=478.05  C=  7.00  len=325
Ep 1623: R=479.52  C= 13.00  len=320
Ep 1624: R=485.18  C= 37.00  len=321
Ep 1625: R=477.17  C=  8.00  len=324
Ep 1626: R=466.15  C=  7.00  len=317
Ep 1627: R=485.11  C= 14.00  len=323
Ep 1628: R=476.74  C=  7.00  len=325
Ep 1629: R=475.34  C=  7.00  len=321
Ep 1630: R=476.10  C= 10.00  len=320
Ep 1631: R=478.58  C=  8.00  len=321
Ep 1632: R=467.14  C=  6.00  len=317
Ep 1633: R=476.60  C=  6.00  len=327
Ep 1634: R=481.48  C= 11.00  len=322
Ep 1635: R=472.58  C=  7.00  len=319
Ep 1636: R=472.64  C=  8.00  len=320
Ep 1637: R=476.05  C=  7.00  len=321
Ep 1638: R=469.64  C= 10.00  len=317
Ep 1639: R=469.57  C=  9.00  len=318
Ep 1640: R=477.22  C= 10.00  len=320
Ep 1641: R=473.08  C=  7.00  len=321
Ep 1642: R=478.29  C= 12.00  len=320
Ep 1643: R=480.74  C=  7.00  len=328
Ep 1644: R=476.62  C= 11.00  len=320
Ep 1645: R=483.29  C=  6.00  len=329
Ep 1646: R=474.52  C=  6.00  len=322
Ep 1647: R=470.02  C= 10.00  len=318
Ep 1648: R=478.81  C=  6.00  len=327
Ep 1649: R=474.77  C= 11.00  len=318
Ep 1650: R=469.74  C=  7.00  len=317
Ep 1651: R=469.70  C=  7.00  len=317
Ep 1652: R=477.06  C=  8.00  len=321
Ep 1653: R=469.10  C=  7.00  len=318
Ep 1654: R=469.51  C= 11.00  len=318
Ep 1655: R=470.56  C= 10.00  len=317
Ep 1656: R=477.56  C= 11.00  len=320
Ep 1657: R=478.81  C=  5.00  len=325
Ep 1658: R=477.45  C= 13.00  len=317
Ep 1659: R=466.87  C=  7.00  len=316
Ep 1660: R=482.44  C=  9.00  len=328
Ep 1661: R=478.78  C=  6.00  len=324
Ep 1662: R=481.13  C= 10.00  len=323
Ep 1663: R=475.40  C=  7.00  len=321
Ep 1664: R=469.82  C= 11.00  len=318
Ep 1665: R=478.63  C= 10.00  len=321
Ep 1666: R=470.81  C=  8.00  len=317
Ep 1667: R=481.36  C=  5.00  len=329
Ep 1668: R=477.82  C= 10.00  len=323
Ep 1669: R=417.92  C=  8.00  len=279
Ep 1670: R=484.50  C= 36.00  len=320
Ep 1671: R=485.17  C= 13.00  len=323
Ep 1672: R=481.73  C=  6.00  len=329
Ep 1673: R=480.93  C=  9.00  len=327
Ep 1674: R=482.01  C=  6.00  len=328
Ep 1675: R=478.08  C=  9.00  len=324
Ep 1676: R=470.73  C=  7.00  len=318
Ep 1677: R=472.57  C=  8.00  len=319
Ep 1678: R=477.23  C=  7.00  len=327
Ep 1679: R=482.65  C= 12.00  len=322
Ep 1680: R=470.71  C= 10.00  len=317
Ep 1681: R=478.75  C= 10.00  len=321
Ep 1682: R=467.80  C=  7.00  len=317
Ep 1683: R=465.11  C=  9.00  len=315
Ep 1684: R=472.52  C=  7.00  len=319
Ep 1685: R=476.06  C= 10.00  len=320
Ep 1686: R=473.49  C=  9.00  len=319
Ep 1687: R=473.28  C= 11.00  len=318
Ep 1688: R=467.22  C=  7.00  len=318
Ep 1689: R=476.98  C= 10.00  len=320
Ep 1690: R=476.05  C=  4.00  len=326
Ep 1691: R=486.11  C= 25.00  len=323
Ep 1692: R=477.87  C=  9.00  len=321
Ep 1693: R=467.80  C= 10.00  len=316
Ep 1694: R=478.44  C=  7.00  len=322
Ep 1695: R=478.77  C=  8.00  len=325
Ep 1696: R=475.07  C=  7.00  len=326
Ep 1697: R=479.04  C=  7.00  len=323
Ep 1698: R=467.60  C= 10.00  len=316
Ep 1699: R=480.69  C= 10.00  len=322
Ep 1700: R=474.79  C=  9.00  len=322
Ep 1701: R=473.55  C=  7.00  len=319
Ep 1702: R=483.32  C= 14.00  len=321
Ep 1703: R=476.80  C=  7.00  len=323
Ep 1704: R=478.21  C=  8.00  len=323
Ep 1705: R=480.17  C=  7.00  len=328
Ep 1706: R=470.06  C= 10.00  len=318
Ep 1707: R=473.51  C=  9.00  len=319
Ep 1708: R=389.70  C=  8.00  len=258
Ep 1709: R=470.09  C=  8.00  len=319
Ep 1710: R=472.03  C=  8.00  len=319
Ep 1711: R=470.80  C= 10.00  len=317
Ep 1712: R=468.55  C=  9.00  len=318
Ep 1713: R=473.25  C=  9.00  len=318
Ep 1714: R=467.02  C=  8.00  len=317
Ep 1715: R=483.73  C= 24.00  len=322
Ep 1716: R=475.54  C=  8.00  len=320
Ep 1717: R=476.13  C= 10.00  len=319
Ep 1718: R=382.75  C= 45.00  len=253
Ep 1719: R=477.60  C= 10.00  len=320
Ep 1720: R=477.35  C= 13.00  len=319
Ep 1721: R=483.09  C=  9.00  len=327
Ep 1722: R=465.92  C=  7.00  len=316
Ep 1723: R=470.46  C= 10.00  len=317
Ep 1724: R=480.34  C=  9.00  len=325
Ep 1725: R=481.92  C= 13.00  len=321
Ep 1726: R=476.02  C= 10.00  len=318
Ep 1727: R=479.26  C= 13.00  len=320
Ep 1728: R=473.37  C= 10.00  len=318
Ep 1729: R=471.58  C=  8.00  len=319
Ep 1730: R=467.36  C=  8.00  len=316
Ep 1731: R=483.71  C= 13.00  len=323
Ep 1732: R=486.51  C= 14.00  len=323
Ep 1733: R=470.31  C=  9.00  len=319
Ep 1734: R=479.18  C= 12.00  len=320
Ep 1735: R=479.79  C=  6.00  len=328
Ep 1736: R=471.16  C=  7.00  len=318
Ep 1737: R=482.70  C= 13.00  len=321
Ep 1738: R=480.00  C= 11.00  len=321
Ep 1739: R=479.21  C=  5.00  len=328
Ep 1740: R=482.55  C=  7.00  len=325
Ep 1741: R=469.77  C=  7.00  len=317
Ep 1742: R=477.35  C=  8.00  len=322
Ep 1743: R=481.14  C=  8.00  len=327
Ep 1744: R=478.83  C= 13.00  len=320
Ep 1745: R=477.72  C=  9.00  len=322
Ep 1746: R=475.85  C=  8.00  len=320
Ep 1747: R=480.15  C=  8.00  len=327
Ep 1748: R=481.09  C=  8.00  len=323
Ep 1749: R=470.36  C=  9.00  len=318
Ep 1750: R=481.01  C= 10.00  len=323
Ep 1751: R=471.53  C=  7.00  len=320
Ep 1752: R=481.78  C=  9.00  len=327
Ep 1753: R=471.53  C=  7.00  len=318
Ep 1754: R=481.28  C=  6.00  len=327
Ep 1755: R=477.00  C=  4.00  len=330
Ep 1756: R=472.08  C=  7.00  len=319
Ep 1757: R=482.60  C= 12.00  len=322
Ep 1758: R=480.86  C= 13.00  len=320
Ep 1759: R=467.74  C= 10.00  len=317
Ep 1760: R=479.49  C=  7.00  len=323
Ep 1761: R=480.27  C=  8.00  len=325
Ep 1762: R=468.73  C=  6.00  len=318
Ep 1763: R=475.82  C=  6.00  len=323
Ep 1764: R=467.12  C=  8.00  len=316
Ep 1765: R=475.98  C= 11.00  len=319
Ep 1766: R=470.93  C=  7.00  len=318
Ep 1767: R=471.33  C=  9.00  len=318
Ep 1768: R=478.75  C=  6.00  len=324
Ep 1769: R=378.68  C= 19.00  len=252
Ep 1770: R=477.37  C=  6.00  len=324
Ep 1771: R=468.22  C=  8.00  len=317
Ep 1772: R=478.02  C=  6.00  len=324
Ep 1773: R=467.31  C= 10.00  len=316
Ep 1774: R=470.27  C= 11.00  len=317
Ep 1775: R=474.81  C=  9.00  len=321
Ep 1776: R=475.08  C=  7.00  len=322
Ep 1777: R=481.33  C= 12.00  len=321
Ep 1778: R=477.88  C= 12.00  len=320
Ep 1779: R=477.74  C=  9.00  len=322
Ep 1780: R=475.65  C= 10.00  len=322
Ep 1781: R=471.33  C=  6.00  len=320
Ep 1782: R=481.45  C= 12.00  len=322
Ep 1783: R=474.41  C=  6.00  len=323
Ep 1784: R=480.18  C=  6.00  len=327
Ep 1785: R=478.07  C= 11.00  len=320
Ep 1786: R=482.22  C=  7.00  len=327
Ep 1787: R=473.00  C=  7.00  len=319
Ep 1788: R=470.61  C=  7.00  len=318
Ep 1789: R=472.19  C=  9.00  len=318
Ep 1790: R=482.18  C= 16.00  len=320
Ep 1791: R=473.27  C= 11.00  len=317
Ep 1792: R=481.38  C=  5.00  len=328
Ep 1793: R=483.69  C= 31.00  len=320
Ep 1794: R=478.57  C= 10.00  len=322
Ep 1795: R=467.81  C=  7.00  len=317
Ep 1796: R=467.67  C= 10.00  len=316
Ep 1797: R=482.31  C= 11.00  len=324
Ep 1798: R=465.88  C=  6.00  len=317
Ep 1799: R=473.70  C=  8.00  len=319
Ep 1800: R=374.35  C=  4.00  len=257
Ep 1801: R=465.97  C= 10.00  len=315
Ep 1802: R=474.74  C= 12.00  len=318
Ep 1803: R=479.93  C=  6.00  len=328
Ep 1804: R=480.54  C= 11.00  len=322
Ep 1805: R=479.84  C=  5.00  len=328
Ep 1806: R=481.96  C= 13.00  len=322
Ep 1807: R=480.27  C=  7.00  len=324
Ep 1808: R=475.48  C= 11.00  len=318
Ep 1809: R=483.12  C= 16.00  len=321
Ep 1810: R=473.72  C=  6.00  len=321
Ep 1811: R=480.09  C=  9.00  len=325
Ep 1812: R=480.22  C= 12.00  len=320
Ep 1813: R=475.54  C= 10.00  len=319
Ep 1814: R=469.41  C=  6.00  len=318
Ep 1815: R=467.23  C=  8.00  len=316
Ep 1816: R=473.71  C=  8.00  len=320
Ep 1817: R=473.20  C=  4.00  len=330
Ep 1818: R=469.36  C= 10.00  len=316
Ep 1819: R=470.87  C=  8.00  len=318
Ep 1820: R=469.63  C=  8.00  len=318
Ep 1821: R=480.96  C=  9.00  len=323
Ep 1822: R=481.46  C= 11.00  len=322
Ep 1823: R=469.49  C=  8.00  len=317
Ep 1824: R=479.20  C=  7.00  len=325
Ep 1825: R=470.37  C= 10.00  len=318
Ep 1826: R=470.28  C= 10.00  len=319
Ep 1827: R=471.18  C=  7.00  len=318
Ep 1828: R=474.46  C=  7.00  len=320
Ep 1829: R=466.04  C=  7.00  len=317
Ep 1830: R=465.44  C=  8.00  len=316
Ep 1831: R=478.19  C=  7.00  len=327
Ep 1832: R=475.24  C=  5.00  len=325
Ep 1833: R=467.76  C=  6.00  len=317
Ep 1834: R=478.98  C=  6.00  len=327
Ep 1835: R=481.58  C=  6.00  len=329
Ep 1836: R=475.49  C=  8.00  len=320
Ep 1837: R=479.82  C=  8.00  len=326
Ep 1838: R=478.88  C=  9.00  len=326
Ep 1839: R=472.15  C= 10.00  len=320
Ep 1840: R=470.44  C=  7.00  len=318
Ep 1841: R=478.83  C= 12.00  len=320
Ep 1842: R=485.22  C= 13.00  len=324
Ep 1843: R=475.86  C=  7.00  len=321
Ep 1844: R=472.32  C=  9.00  len=318
Ep 1845: R=467.97  C=  8.00  len=316
Ep 1846: R=480.88  C=  8.00  len=327
Ep 1847: R=479.71  C= 10.00  len=322
Ep 1848: R=478.48  C=  8.00  len=324
Ep 1849: R=479.09  C= 12.00  len=320
Ep 1850: R=481.09  C=  6.00  len=327
Ep 1851: R=480.35  C= 10.00  len=322
Ep 1852: R=485.00  C=  8.00  len=328
Ep 1853: R=466.58  C=  7.00  len=317
Ep 1854: R=475.11  C=  7.00  len=321
Ep 1855: R=478.39  C= 10.00  len=321
Ep 1856: R=480.29  C= 11.00  len=322
Ep 1857: R=479.52  C= 10.00  len=324
Ep 1858: R=486.62  C= 23.00  len=323
Ep 1859: R=479.01  C= 10.00  len=323
Ep 1860: R=465.54  C= 10.00  len=315
Ep 1861: R=467.86  C=  9.00  len=317
Ep 1862: R=483.44  C=  8.00  len=330
Ep 1863: R=472.96  C=  8.00  len=318
Ep 1864: R=471.72  C=  8.00  len=318
Ep 1865: R=480.12  C=  7.00  len=326
Ep 1866: R=476.37  C=  5.00  len=326
Ep 1867: R=469.78  C=  9.00  len=317
Ep 1868: R=469.60  C=  7.00  len=317
Ep 1869: R=479.64  C=  8.00  len=327
Ep 1870: R=476.32  C=  6.00  len=324
Ep 1871: R=478.34  C= 10.00  len=323
Ep 1872: R=478.39  C=  8.00  len=323
Ep 1873: R=480.00  C= 10.00  len=325
Ep 1874: R=469.50  C=  7.00  len=317
Ep 1875: R=477.86  C= 10.00  len=321
Ep 1876: R=467.80  C=  7.00  len=317
Ep 1877: R=467.30  C= 10.00  len=316
Ep 1878: R=475.47  C=  7.00  len=322
Ep 1879: R=476.49  C=  6.00  len=323
Ep 1880: R=477.60  C=  8.00  len=324
Ep 1881: R=472.36  C=  9.00  len=318
Ep 1882: R=472.52  C=  6.00  len=319
Ep 1883: R=475.92  C=  8.00  len=320
Ep 1884: R=477.36  C= 10.00  len=320
Ep 1885: R=468.61  C=  8.00  len=318
Ep 1886: R=472.34  C=  8.00  len=318
Ep 1887: R=477.13  C=  5.00  len=325
Ep 1888: R=482.40  C=  7.00  len=330
Ep 1889: R=477.98  C=  5.00  len=325
Ep 1890: R=476.30  C=  7.00  len=322
Ep 1891: R=463.27  C=  7.00  len=315
Ep 1892: R=483.45  C=  7.00  len=330
Ep 1893: R=482.14  C= 15.00  len=320
Ep 1894: R=477.85  C= 10.00  len=321
Ep 1895: R=481.43  C=  8.00  len=328
Ep 1896: R=477.40  C=  7.00  len=323
Ep 1897: R=471.84  C=  9.00  len=319
Ep 1898: R=484.53  C= 14.00  len=323
Ep 1899: R=477.86  C=  6.00  len=327
Ep 1900: R=474.86  C=  8.00  len=320
Ep 1901: R=469.82  C=  8.00  len=317
Ep 1902: R=470.33  C=  7.00  len=319
Ep 1903: R=468.53  C= 10.00  len=317
Ep 1904: R=479.16  C=  7.00  len=328
Ep 1905: R=479.82  C=  7.00  len=327
Ep 1906: R=471.96  C=  8.00  len=320
Ep 1907: R=387.39  C= 14.00  len=256
Ep 1908: R=477.75  C= 11.00  len=320
Ep 1909: R=477.43  C=  5.00  len=326
Ep 1910: R=478.07  C= 10.00  len=320
Ep 1911: R=468.88  C=  8.00  len=317
Ep 1912: R=469.47  C=  7.00  len=318
Ep 1913: R=479.99  C= 12.00  len=320
Ep 1914: R=479.91  C=  7.00  len=326
Ep 1915: R=479.06  C=  7.00  len=327
Ep 1916: R=469.29  C=  7.00  len=318
Ep 1917: R=465.33  C=  7.00  len=316
Ep 1918: R=470.24  C= 10.00  len=317
Ep 1919: R=479.35  C= 12.00  len=320
Ep 1920: R=484.58  C= 29.00  len=321
Ep 1921: R=481.11  C=  5.00  len=327
Ep 1922: R=484.75  C= 12.00  len=323
Ep 1923: R=482.88  C= 13.00  len=322
Ep 1924: R=484.20  C= 14.00  len=322
Ep 1925: R=482.13  C=  8.00  len=328
Ep 1926: R=468.07  C=  9.00  len=317
Ep 1927: R=477.76  C= 10.00  len=321
Ep 1928: R=478.90  C=  6.00  len=328
Ep 1929: R=466.63  C=  6.00  len=316
Ep 1930: R=470.27  C=  7.00  len=318
Ep 1931: R=468.31  C=  9.00  len=318
Ep 1932: R=465.73  C=  9.00  len=315
Ep 1933: R=473.38  C=  7.00  len=319
Ep 1934: R=479.64  C=  4.00  len=328
Ep 1935: R=477.89  C= 11.00  len=320
Ep 1936: R=474.34  C=  9.00  len=319
Ep 1937: R=475.80  C=  8.00  len=322
Ep 1938: R=480.74  C=  7.00  len=331
Ep 1939: R=475.33  C= 11.00  len=319
Ep 1940: R=486.83  C=  9.00  len=329
Ep 1941: R=467.12  C= 10.00  len=316
Ep 1942: R=468.68  C=  8.00  len=317
Ep 1943: R=393.12  C=  8.00  len=260
Ep 1944: R=471.12  C= 10.00  len=317
Ep 1945: R=469.78  C=  9.00  len=318
Ep 1946: R=484.22  C= 15.00  len=322
Ep 1947: R=477.84  C= 10.00  len=321
Ep 1948: R=467.08  C=  8.00  len=317
Ep 1949: R=468.58  C=  9.00  len=317
Ep 1950: R=467.43  C=  1.00  len=335
Ep 1951: R=480.65  C= 11.00  len=322
Ep 1952: R=385.83  C= 30.00  len=255
Ep 1953: R=483.14  C=  6.00  len=328
Ep 1954: R=477.02  C= 14.00  len=318
Ep 1955: R=486.57  C= 14.00  len=323
Ep 1956: R=477.52  C=  7.00  len=327
Ep 1957: R=387.17  C= 43.00  len=255
Ep 1958: R=479.85  C=  5.00  len=327
Ep 1959: R=474.12  C= 10.00  len=318
Ep 1960: R=468.97  C=  8.00  len=317
Ep 1961: R=483.87  C= 11.00  len=323
Ep 1962: R=472.35  C=  9.00  len=318
Ep 1963: R=482.21  C=  9.00  len=327
Ep 1964: R=464.10  C=  9.00  len=315
Ep 1965: R=480.07  C= 13.00  len=320
Ep 1966: R=483.59  C=  6.00  len=330
Ep 1967: R=478.02  C=  8.00  len=323
Ep 1968: R=478.92  C=  5.00  len=327
Ep 1969: R=482.26  C=  7.00  len=330
Ep 1970: R=480.48  C=  9.00  len=325
Ep 1971: R=473.11  C= 10.00  len=317
Ep 1972: R=475.29  C=  7.00  len=322
Ep 1973: R=468.45  C=  8.00  len=317
Ep 1974: R=467.57  C=  7.00  len=317
Ep 1975: R=480.24  C= 15.00  len=319
Ep 1976: R=478.75  C= 13.00  len=320
Ep 1977: R=466.49  C= 10.00  len=316
Ep 1978: R=485.33  C=  6.00  len=329
Ep 1979: R=477.42  C=  6.00  len=325
Ep 1980: R=466.59  C=  6.00  len=318
Ep 1981: R=471.00  C=  8.00  len=318
Ep 1982: R=480.47  C=  8.00  len=327
Ep 1983: R=484.20  C= 34.00  len=320
Ep 1984: R=466.21  C=  7.00  len=316
Ep 1985: R=481.95  C=  6.00  len=327
Ep 1986: R=480.35  C=  8.00  len=323
Ep 1987: R=472.24  C=  7.00  len=318
Ep 1988: R=467.88  C= 10.00  len=317
Ep 1989: R=474.07  C=  7.00  len=322
Ep 1990: R=481.58  C=  6.00  len=326
Ep 1991: R=480.99  C=  7.00  len=328
Ep 1992: R=486.03  C= 14.00  len=323
Ep 1993: R=475.27  C= 10.00  len=322
Ep 1994: R=467.58  C=  8.00  len=317
Ep 1995: R=476.12  C=  8.00  len=320
Ep 1996: R=479.98  C= 12.00  len=321
Ep 1997: R=484.98  C= 34.00  len=321
Ep 1998: R=466.87  C=  6.00  len=316
Ep 1999: R=478.33  C=  6.00  len=324

Avg Reward: 474.13 | Avg Cost: 9.35 | Normalized Cost: 0.467 | Violation > 20: 3.10%
