[config] task=hopper_velocity
Loaded policy: ${CSC_WORKSPACE}/datasets/outputs/hopper_velocity/bc_calfilt_csf_seed3_policy.pt
AdroitHandRelocateDense-v1, AdroitHandHammerDense-v1, AdroitHandDoorDense-v1 environment's reward functions were updated in v1.2.1 without an environment version update. Therefore, use gymnasium-robotics==1.2.0 for v1 reproducibility or use v2 in gymnasium-robotics>=1.4.3. See https://github.com/Farama-Foundation/Gymnasium-Robotics/pull/220 for more details
AdroitHandRelocateDense-v1, AdroitHandHammerDense-v1, AdroitHandDoorDense-v1 environment's reward functions were updated in v1.2.1 without an environment version update. Therefore, use gymnasium-robotics==1.2.0 for v1 reproducibility or use v2 in gymnasium-robotics>=1.4.3. See https://github.com/Farama-Foundation/Gymnasium-Robotics/pull/220 for more details
Gym has been unmaintained since 2022 and does not support NumPy 2.0 amongst other critical functionality.
Please upgrade to Gymnasium, the maintained drop-in replacement of Gym, or contact the authors of your software and request that they upgrade.
Users of this version of Gym should be able to simply replace 'import gym' with 'import gymnasium as gym' in the vast majority of cases.
See the migration guide at https://gymnasium.farama.org/introduction/migration_guide/ for additional information.
Ep 00: R=452.13  C=  0.00  len=357
Ep 01: R=677.15  C=  0.00  len=545
Ep 02: R=673.48  C=  0.00  len=539
Ep 03: R=451.24  C=  0.00  len=357
Ep 04: R=667.73  C=  0.00  len=541
Ep 05: R=659.24  C=  0.00  len=533
Ep 06: R=450.69  C=  0.00  len=356
Ep 07: R=870.91  C=  0.00  len=697
Ep 08: R=835.63  C=  0.00  len=657
Ep 09: R=453.31  C=  0.00  len=358
Ep 10: R=646.06  C=  0.00  len=524
Ep 11: R=708.45  C=  0.00  len=567
Ep 12: R=711.62  C=  0.00  len=568
Ep 13: R=661.32  C=  0.00  len=537
Ep 14: R=663.20  C=  0.00  len=534
Ep 15: R=672.21  C=  0.00  len=539
Ep 16: R=667.15  C=  0.00  len=539
Ep 17: R=669.57  C=  0.00  len=542
Ep 18: R=673.70  C=  0.00  len=539
Ep 19: R=676.28  C=  0.00  len=541
Ep 20: R=720.87  C=  0.00  len=575
Ep 21: R=663.41  C=  0.00  len=534
Ep 22: R=455.80  C=  0.00  len=360
Ep 23: R=453.14  C=  0.00  len=358
Ep 24: R=665.55  C=  0.00  len=538
Ep 25: R=447.63  C=  0.00  len=353
Ep 26: R=456.50  C=  0.00  len=361
Ep 27: R=651.92  C=  0.00  len=528
Ep 28: R=717.67  C=  0.00  len=573
Ep 29: R=652.97  C=  0.00  len=529
Ep 30: R=457.86  C=  0.00  len=362
Ep 31: R=449.44  C=  0.00  len=355
Ep 32: R=668.33  C=  0.00  len=540
Ep 33: R=530.13  C=  0.00  len=428
Ep 34: R=600.14  C=  0.00  len=459
Ep 35: R=649.07  C=  0.00  len=526
Ep 36: R=451.15  C=  0.00  len=357
Ep 37: R=660.02  C=  0.00  len=534
Ep 38: R=677.17  C=  0.00  len=542
Ep 39: R=610.14  C=  0.00  len=470
Ep 40: R=654.10  C=  0.00  len=529
Ep 41: R=456.86  C=  0.00  len=361
Ep 42: R=672.52  C=  0.00  len=538
Ep 43: R=672.47  C=  0.00  len=539
Ep 44: R=660.72  C=  0.00  len=534
Ep 45: R=665.87  C=  0.00  len=539
Ep 46: R=672.02  C=  0.00  len=538
Ep 47: R=672.22  C=  0.00  len=538
Ep 48: R=454.15  C=  0.00  len=359
Ep 49: R=455.11  C=  0.00  len=360
Ep 50: R=663.33  C=  0.00  len=538
Ep 51: R=450.94  C=  0.00  len=356
Ep 52: R=452.25  C=  0.00  len=358
Ep 53: R=454.57  C=  0.00  len=359
Ep 54: R=673.54  C=  0.00  len=535
Ep 55: R=655.37  C=  0.00  len=531
Ep 56: R=650.88  C=  0.00  len=526
Ep 57: R=629.96  C=  0.00  len=488
Ep 58: R=670.96  C=  0.00  len=541
Ep 59: R=674.83  C=  0.00  len=534
Ep 60: R=672.74  C=  0.00  len=543
Ep 61: R=452.82  C=  0.00  len=358
Ep 62: R=671.26  C=  0.00  len=539
Ep 63: R=677.32  C=  0.00  len=543
Ep 64: R=453.51  C=  0.00  len=358
Ep 65: R=451.55  C=  0.00  len=357
Ep 66: R=675.79  C=  0.00  len=534
Ep 67: R=450.55  C=  0.00  len=356
Ep 68: R=452.87  C=  0.00  len=358
Ep 69: R=453.58  C=  0.00  len=359
Ep 70: R=456.56  C=  0.00  len=361
Ep 71: R=669.33  C=  0.00  len=541
Ep 72: R=447.66  C=  0.00  len=353
Ep 73: R=453.28  C=  0.00  len=358
Ep 74: R=663.99  C=  0.00  len=537
Ep 75: R=649.47  C=  0.00  len=525
Ep 76: R=665.58  C=  0.00  len=536
Ep 77: R=673.33  C=  0.00  len=542
Ep 78: R=673.01  C=  0.00  len=532
Ep 79: R=670.70  C=  0.00  len=538
Ep 80: R=657.18  C=  0.00  len=532
Ep 81: R=449.89  C=  0.00  len=356
Ep 82: R=677.77  C=  0.00  len=541
Ep 83: R=655.11  C=  0.00  len=530
Ep 84: R=660.08  C=  0.00  len=534
Ep 85: R=449.87  C=  0.00  len=355
Ep 86: R=665.08  C=  0.00  len=535
Ep 87: R=653.90  C=  0.00  len=530
Ep 88: R=653.24  C=  0.00  len=529
Ep 89: R=655.48  C=  0.00  len=529
Ep 90: R=657.20  C=  0.00  len=533
Ep 91: R=671.08  C=  0.00  len=539
Ep 92: R=924.52  C=  0.00  len=730
Ep 93: R=741.22  C=  0.00  len=592
Ep 94: R=672.19  C=  0.00  len=538
Ep 95: R=718.48  C=  0.00  len=571
Ep 96: R=597.35  C=  0.00  len=456
Ep 97: R=664.34  C=  0.00  len=537
Ep 98: R=872.27  C=  0.00  len=699
Ep 99: R=457.62  C=  0.00  len=362
Ep 100: R=670.25  C=  0.00  len=540
Ep 101: R=453.55  C=  0.00  len=359
Ep 102: R=666.75  C=  0.00  len=539
Ep 103: R=653.28  C=  0.00  len=529
Ep 104: R=871.89  C=  0.00  len=699
Ep 105: R=673.11  C=  0.00  len=532
Ep 106: R=664.70  C=  0.00  len=535
Ep 107: R=664.12  C=  0.00  len=537
Ep 108: R=659.03  C=  0.00  len=533
Ep 109: R=662.70  C=  0.00  len=536
Ep 110: R=652.33  C=  0.00  len=529
Ep 111: R=673.81  C=  0.00  len=540
Ep 112: R=674.83  C=  0.00  len=538
Ep 113: R=453.24  C=  0.00  len=358
Ep 114: R=451.90  C=  0.00  len=357
Ep 115: R=673.75  C=  0.00  len=538
Ep 116: R=671.70  C=  0.00  len=537
Ep 117: R=450.34  C=  0.00  len=356
Ep 118: R=454.93  C=  0.00  len=360
Ep 119: R=450.09  C=  0.00  len=356
Ep 120: R=924.79  C=  0.00  len=728
Ep 121: R=653.79  C=  0.00  len=529
Ep 122: R=451.72  C=  0.00  len=357
Ep 123: R=672.21  C=  0.00  len=538
Ep 124: R=652.30  C=  0.00  len=529
Ep 125: R=873.26  C=  0.00  len=699
Ep 126: R=669.51  C=  0.00  len=541
Ep 127: R=450.05  C=  0.00  len=355
Ep 128: R=676.43  C=  0.00  len=537
Ep 129: R=653.65  C=  0.00  len=528
Ep 130: R=671.99  C=  0.00  len=542
Ep 131: R=710.81  C=  0.00  len=568
Ep 132: R=454.05  C=  0.00  len=359
Ep 133: R=675.55  C=  0.00  len=544
Ep 134: R=658.58  C=  0.00  len=534
Ep 135: R=451.31  C=  0.00  len=357
Ep 136: R=660.97  C=  0.00  len=534
Ep 137: R=655.71  C=  0.00  len=531
Ep 138: R=675.33  C=  0.00  len=536
Ep 139: R=655.20  C=  0.00  len=529
Ep 140: R=657.16  C=  0.00  len=533
Ep 141: R=634.54  C=  0.00  len=491
Ep 142: R=659.02  C=  0.00  len=533
Ep 143: R=655.56  C=  0.00  len=531
Ep 144: R=795.00  C=  0.00  len=640
Ep 145: R=649.78  C=  0.00  len=526
Ep 146: R=451.62  C=  0.00  len=357
Ep 147: R=452.50  C=  0.00  len=358
Ep 148: R=583.73  C=  0.00  len=438
Ep 149: R=455.52  C=  0.00  len=360
Ep 150: R=662.83  C=  0.00  len=536
Ep 151: R=670.29  C=  0.00  len=541
Ep 152: R=665.31  C=  0.00  len=535
Ep 153: R=666.46  C=  0.00  len=537
Ep 154: R=655.12  C=  0.00  len=531
Ep 155: R=580.68  C=  0.00  len=451
Ep 156: R=654.78  C=  0.00  len=530
Ep 157: R=671.83  C=  0.00  len=543
Ep 158: R=453.98  C=  0.00  len=359
Ep 159: R=452.95  C=  0.00  len=358
Ep 160: R=673.78  C=  0.00  len=537
Ep 161: R=660.36  C=  0.00  len=538
Ep 162: R=661.49  C=  0.00  len=535
Ep 163: R=651.74  C=  0.00  len=528
Ep 164: R=590.61  C=  0.00  len=468
Ep 165: R=455.19  C=  0.00  len=360
Ep 166: R=451.07  C=  0.00  len=357
Ep 167: R=450.10  C=  0.00  len=356
Ep 168: R=663.67  C=  0.00  len=537
Ep 169: R=453.87  C=  0.00  len=359
Ep 170: R=454.04  C=  0.00  len=359
Ep 171: R=452.31  C=  0.00  len=358
Ep 172: R=658.66  C=  0.00  len=533
Ep 173: R=676.00  C=  0.00  len=538
Ep 174: R=649.39  C=  0.00  len=527
Ep 175: R=718.58  C=  0.00  len=574
Ep 176: R=452.84  C=  0.00  len=358
Ep 177: R=925.41  C=  0.00  len=725
Ep 178: R=639.97  C=  0.00  len=496
Ep 179: R=712.90  C=  0.00  len=569
Ep 180: R=677.52  C=  0.00  len=543
Ep 181: R=455.25  C=  0.00  len=360
Ep 182: R=658.31  C=  0.00  len=531
Ep 183: R=452.12  C=  0.00  len=358
Ep 184: R=671.27  C=  0.00  len=542
Ep 185: R=672.89  C=  0.00  len=547
Ep 186: R=666.98  C=  0.00  len=537
Ep 187: R=649.30  C=  0.00  len=526
Ep 188: R=453.63  C=  0.00  len=359
Ep 189: R=653.71  C=  0.00  len=527
Ep 190: R=582.95  C=  0.00  len=440
Ep 191: R=675.01  C=  0.00  len=544
Ep 192: R=453.23  C=  0.00  len=358
Ep 193: R=920.31  C=  0.00  len=729
Ep 194: R=706.14  C=  0.00  len=565
Ep 195: R=450.05  C=  0.00  len=356
Ep 196: R=653.80  C=  0.00  len=529
Ep 197: R=658.43  C=  0.00  len=534
Ep 198: R=678.44  C=  0.00  len=540
Ep 199: R=455.34  C=  0.00  len=360
Ep 200: R=455.03  C=  0.00  len=360
Ep 201: R=657.62  C=  0.00  len=532
Ep 202: R=678.46  C=  0.00  len=543
Ep 203: R=699.60  C=  0.00  len=551
Ep 204: R=701.83  C=  0.00  len=555
Ep 205: R=668.02  C=  0.00  len=541
Ep 206: R=450.13  C=  0.00  len=356
Ep 207: R=669.98  C=  0.00  len=542
Ep 208: R=673.89  C=  0.00  len=541
Ep 209: R=867.65  C=  0.00  len=700
Ep 210: R=866.72  C=  0.00  len=696
Ep 211: R=455.42  C=  0.00  len=360
Ep 212: R=451.96  C=  0.00  len=357
Ep 213: R=454.95  C=  0.00  len=360
Ep 214: R=837.25  C=  0.00  len=659
Ep 215: R=670.24  C=  0.00  len=536
Ep 216: R=666.52  C=  0.00  len=539
Ep 217: R=669.43  C=  0.00  len=542
Ep 218: R=651.31  C=  0.00  len=528
Ep 219: R=672.39  C=  0.00  len=537
Ep 220: R=653.63  C=  0.00  len=528
Ep 221: R=674.52  C=  0.00  len=540
Ep 222: R=452.99  C=  0.00  len=358
Ep 223: R=661.56  C=  0.00  len=537
Ep 224: R=532.34  C=  0.00  len=427
Ep 225: R=662.52  C=  0.00  len=536
Ep 226: R=672.67  C=  0.00  len=542
Ep 227: R=672.29  C=  0.00  len=542
Ep 228: R=655.27  C=  0.00  len=531
Ep 229: R=674.73  C=  0.00  len=538
Ep 230: R=453.81  C=  0.00  len=359
Ep 231: R=631.07  C=  0.00  len=488
Ep 232: R=654.75  C=  0.00  len=529
Ep 233: R=591.45  C=  0.00  len=448
Ep 234: R=454.02  C=  0.00  len=359
Ep 235: R=654.50  C=  0.00  len=528
Ep 236: R=667.51  C=  0.00  len=537
Ep 237: R=450.33  C=  0.00  len=355
Ep 238: R=452.71  C=  0.00  len=358
Ep 239: R=451.64  C=  0.00  len=357
Ep 240: R=448.45  C=  0.00  len=354
Ep 241: R=451.87  C=  0.00  len=358
Ep 242: R=451.43  C=  0.00  len=357
Ep 243: R=453.69  C=  0.00  len=359
Ep 244: R=716.69  C=  0.00  len=572
Ep 245: R=453.83  C=  0.00  len=359
Ep 246: R=664.16  C=  0.00  len=539
Ep 247: R=705.18  C=  0.00  len=564
Ep 248: R=527.68  C=  0.00  len=426
Ep 249: R=453.11  C=  0.00  len=359
Ep 250: R=720.71  C=  0.00  len=573
Ep 251: R=674.30  C=  0.00  len=540
Ep 252: R=451.24  C=  0.00  len=357
Ep 253: R=661.14  C=  0.00  len=536
Ep 254: R=649.19  C=  0.00  len=525
Ep 255: R=677.45  C=  0.00  len=542
Ep 256: R=452.78  C=  0.00  len=359
Ep 257: R=678.67  C=  0.00  len=543
Ep 258: R=452.04  C=  0.00  len=358
Ep 259: R=453.68  C=  0.00  len=359
Ep 260: R=672.34  C=  0.00  len=538
Ep 261: R=671.24  C=  0.00  len=535
Ep 262: R=657.75  C=  0.00  len=532
Ep 263: R=653.18  C=  0.00  len=529
Ep 264: R=671.14  C=  0.00  len=536
Ep 265: R=669.07  C=  0.00  len=538
Ep 266: R=630.04  C=  0.00  len=488
Ep 267: R=668.96  C=  0.00  len=540
Ep 268: R=451.56  C=  0.00  len=357
Ep 269: R=455.23  C=  0.00  len=360
Ep 270: R=651.14  C=  0.00  len=528
Ep 271: R=646.55  C=  0.00  len=504
Ep 272: R=652.20  C=  0.00  len=528
Ep 273: R=657.80  C=  0.00  len=515
Ep 274: R=455.16  C=  0.00  len=360
Ep 275: R=706.52  C=  0.00  len=564
Ep 276: R=654.67  C=  0.00  len=530
Ep 277: R=451.36  C=  0.00  len=357
Ep 278: R=677.99  C=  0.00  len=538
Ep 279: R=701.35  C=  0.00  len=552
Ep 280: R=676.39  C=  0.00  len=544
Ep 281: R=613.07  C=  0.00  len=469
Ep 282: R=675.87  C=  0.00  len=537
Ep 283: R=450.11  C=  0.00  len=356
Ep 284: R=667.96  C=  0.00  len=536
Ep 285: R=657.24  C=  0.00  len=530
Ep 286: R=457.51  C=  0.00  len=362
Ep 287: R=672.78  C=  0.00  len=544
Ep 288: R=451.55  C=  0.00  len=357
Ep 289: R=659.41  C=  0.00  len=533
Ep 290: R=670.65  C=  0.00  len=538
Ep 291: R=664.46  C=  0.00  len=534
Ep 292: R=669.83  C=  0.00  len=539
Ep 293: R=587.58  C=  0.00  len=444
Ep 294: R=452.38  C=  0.00  len=358
Ep 295: R=451.06  C=  0.00  len=357
Ep 296: R=654.71  C=  0.00  len=530
Ep 297: R=452.48  C=  0.00  len=358
Ep 298: R=657.04  C=  0.00  len=532
Ep 299: R=641.95  C=  0.00  len=498
Ep 300: R=673.97  C=  0.00  len=539
Ep 301: R=675.45  C=  0.00  len=538
Ep 302: R=711.05  C=  0.00  len=565
Ep 303: R=449.12  C=  0.00  len=355
Ep 304: R=679.27  C=  0.00  len=541
Ep 305: R=632.68  C=  0.00  len=490
Ep 306: R=458.03  C=  0.00  len=362
Ep 307: R=671.63  C=  0.00  len=538
Ep 308: R=668.64  C=  0.00  len=542
Ep 309: R=676.62  C=  0.00  len=542
Ep 310: R=714.47  C=  0.00  len=570
Ep 311: R=453.93  C=  0.00  len=359
Ep 312: R=451.14  C=  0.00  len=357
Ep 313: R=667.16  C=  0.00  len=536
Ep 314: R=452.49  C=  0.00  len=358
Ep 315: R=673.99  C=  0.00  len=544
Ep 316: R=667.12  C=  0.00  len=537
Ep 317: R=451.22  C=  0.00  len=357
Ep 318: R=649.65  C=  0.00  len=526
Ep 319: R=659.91  C=  0.00  len=538
Ep 320: R=716.16  C=  8.00  len=544
Ep 321: R=535.83  C=  0.00  len=430
Ep 322: R=659.75  C=  0.00  len=532
Ep 323: R=665.33  C=  0.00  len=538
Ep 324: R=715.86  C=  0.00  len=569
Ep 325: R=590.98  C=  0.00  len=479
Ep 326: R=673.20  C=  0.00  len=539
Ep 327: R=700.95  C=  0.00  len=559
Ep 328: R=449.46  C=  0.00  len=355
Ep 329: R=531.33  C=  0.00  len=424
Ep 330: R=670.42  C=  0.00  len=538
Ep 331: R=671.89  C=  0.00  len=540
Ep 332: R=656.40  C=  0.00  len=532
Ep 333: R=678.71  C=  0.00  len=543
Ep 334: R=661.19  C=  0.00  len=536
Ep 335: R=451.34  C=  0.00  len=356
Ep 336: R=654.26  C=  0.00  len=529
Ep 337: R=650.53  C=  0.00  len=527
Ep 338: R=454.23  C=  0.00  len=359
Ep 339: R=673.07  C=  0.00  len=532
Ep 340: R=928.43  C=  0.00  len=731
Ep 341: R=667.60  C=  0.00  len=542
Ep 342: R=658.85  C=  0.00  len=533
Ep 343: R=452.63  C=  0.00  len=358
Ep 344: R=450.85  C=  0.00  len=357
Ep 345: R=584.77  C=  0.00  len=441
Ep 346: R=676.69  C=  0.00  len=542
Ep 347: R=650.01  C=  0.00  len=526
Ep 348: R=672.65  C=  0.00  len=542
Ep 349: R=451.41  C=  0.00  len=357
Ep 350: R=665.16  C=  0.00  len=536
Ep 351: R=451.22  C=  0.00  len=356
Ep 352: R=659.61  C=  0.00  len=534
Ep 353: R=451.84  C=  0.00  len=357
Ep 354: R=671.22  C=  0.00  len=541
Ep 355: R=649.27  C=  0.00  len=507
Ep 356: R=675.38  C=  0.00  len=537
Ep 357: R=455.54  C=  0.00  len=360
Ep 358: R=666.70  C=  0.00  len=539
Ep 359: R=673.09  C=  0.00  len=541
Ep 360: R=673.92  C=  0.00  len=538
Ep 361: R=674.15  C=  0.00  len=536
Ep 362: R=453.87  C=  0.00  len=359
Ep 363: R=449.48  C=  0.00  len=355
Ep 364: R=873.40  C=  0.00  len=702
Ep 365: R=667.33  C=  0.00  len=536
Ep 366: R=838.55  C=  0.00  len=662
Ep 367: R=453.64  C=  0.00  len=359
Ep 368: R=664.34  C=  0.00  len=537
Ep 369: R=453.72  C=  0.00  len=359
Ep 370: R=713.05  C=  0.00  len=569
Ep 371: R=669.16  C=  0.00  len=538
Ep 372: R=670.14  C=  0.00  len=541
Ep 373: R=451.09  C=  0.00  len=357
Ep 374: R=456.85  C=  0.00  len=361
Ep 375: R=659.93  C=  0.00  len=538
Ep 376: R=454.99  C=  0.00  len=360
Ep 377: R=670.25  C=  0.00  len=530
Ep 378: R=449.79  C=  0.00  len=355
Ep 379: R=680.00  C=  0.00  len=543
Ep 380: R=649.93  C=  0.00  len=525
Ep 381: R=668.15  C=  0.00  len=537
Ep 382: R=669.22  C=  0.00  len=541
Ep 383: R=651.97  C=  0.00  len=527
Ep 384: R=456.17  C=  0.00  len=361
Ep 385: R=528.93  C=  0.00  len=427
Ep 386: R=448.67  C=  0.00  len=354
Ep 387: R=672.19  C=  0.00  len=539
Ep 388: R=671.69  C=  0.00  len=543
Ep 389: R=454.97  C=  0.00  len=360
Ep 390: R=453.38  C=  0.00  len=359
Ep 391: R=457.58  C=  0.00  len=362
Ep 392: R=920.22  C=  0.00  len=725
Ep 393: R=450.06  C=  0.00  len=356
Ep 394: R=531.90  C=  0.00  len=424
Ep 395: R=669.47  C=  0.00  len=538
Ep 396: R=666.59  C=  0.00  len=536
Ep 397: R=672.41  C=  0.00  len=534
Ep 398: R=671.01  C=  0.00  len=542
Ep 399: R=595.96  C=  0.00  len=455
Ep 400: R=658.04  C=  0.00  len=531
Ep 401: R=672.77  C=  0.00  len=531
Ep 402: R=457.44  C=  0.00  len=362
Ep 403: R=456.00  C=  0.00  len=360
Ep 404: R=451.79  C=  0.00  len=357
Ep 405: R=451.75  C=  0.00  len=357
Ep 406: R=669.14  C=  0.00  len=537
Ep 407: R=648.50  C=  0.00  len=525
Ep 408: R=659.26  C=  0.00  len=531
Ep 409: R=650.65  C=  0.00  len=507
Ep 410: R=675.42  C=  0.00  len=539
Ep 411: R=678.50  C=  0.00  len=553
Ep 412: R=672.25  C=  0.00  len=539
Ep 413: R=455.08  C=  0.00  len=360
Ep 414: R=672.51  C=  0.00  len=534
Ep 415: R=657.75  C=  0.00  len=533
Ep 416: R=680.82  C=  0.00  len=545
Ep 417: R=450.31  C=  0.00  len=356
Ep 418: R=456.14  C=  0.00  len=361
Ep 419: R=452.64  C=  0.00  len=358
Ep 420: R=670.74  C=  0.00  len=539
Ep 421: R=448.96  C=  0.00  len=354
Ep 422: R=872.57  C=  0.00  len=698
Ep 423: R=650.90  C=  0.00  len=527
Ep 424: R=668.07  C=  0.00  len=540
Ep 425: R=455.70  C=  0.00  len=360
Ep 426: R=667.44  C=  0.00  len=540
Ep 427: R=718.15  C=  0.00  len=571
Ep 428: R=672.20  C=  0.00  len=542
Ep 429: R=452.02  C=  0.00  len=357
Ep 430: R=452.38  C=  0.00  len=358
Ep 431: R=676.39  C=  0.00  len=537
Ep 432: R=686.07  C= 31.00  len=505
Ep 433: R=659.12  C=  0.00  len=533
Ep 434: R=675.36  C=  0.00  len=541
Ep 435: R=455.21  C=  0.00  len=360
Ep 436: R=677.09  C=  0.00  len=542
Ep 437: R=678.36  C=  0.00  len=542
Ep 438: R=665.30  C=  0.00  len=538
Ep 439: R=671.07  C=  0.00  len=539
Ep 440: R=657.51  C=  0.00  len=533
Ep 441: R=660.23  C=  0.00  len=532
Ep 442: R=676.44  C=  0.00  len=537
Ep 443: R=668.35  C=  0.00  len=537
Ep 444: R=647.96  C=  0.00  len=525
Ep 445: R=449.34  C=  0.00  len=355
Ep 446: R=451.50  C=  0.00  len=357
Ep 447: R=713.24  C=  8.00  len=541
Ep 448: R=653.19  C=  0.00  len=528
Ep 449: R=604.16  C=  0.00  len=466
Ep 450: R=893.58  C=  0.00  len=721
Ep 451: R=649.77  C=  0.00  len=526
Ep 452: R=450.24  C=  0.00  len=356
Ep 453: R=675.23  C=  0.00  len=541
Ep 454: R=451.43  C=  0.00  len=357
Ep 455: R=669.82  C=  0.00  len=539
Ep 456: R=458.01  C=  0.00  len=362
Ep 457: R=703.55  C=  0.00  len=554
Ep 458: R=649.42  C=  0.00  len=526
Ep 459: R=652.89  C=  0.00  len=529
Ep 460: R=711.21  C=  0.00  len=568
Ep 461: R=457.73  C=  0.00  len=362
Ep 462: R=453.01  C=  0.00  len=358
Ep 463: R=657.23  C=  0.00  len=531
Ep 464: R=667.84  C=  0.00  len=544
Ep 465: R=646.42  C=  0.00  len=524
Ep 466: R=589.07  C=  0.00  len=447
Ep 467: R=670.83  C=  0.00  len=542
Ep 468: R=448.36  C=  0.00  len=354
Ep 469: R=454.05  C=  0.00  len=359
Ep 470: R=653.79  C=  0.00  len=529
Ep 471: R=651.73  C=  0.00  len=528
Ep 472: R=671.11  C=  0.00  len=536
Ep 473: R=696.76  C=  0.00  len=528
Ep 474: R=450.99  C=  0.00  len=357
Ep 475: R=677.24  C=  0.00  len=535
Ep 476: R=644.90  C=  0.00  len=523
Ep 477: R=662.99  C=  0.00  len=536
Ep 478: R=660.12  C=  0.00  len=537
Ep 479: R=456.94  C=  0.00  len=361
Ep 480: R=524.77  C=  0.00  len=424
Ep 481: R=455.13  C=  0.00  len=360
Ep 482: R=669.51  C=  0.00  len=538
Ep 483: R=671.61  C=  0.00  len=536
Ep 484: R=581.85  C=  0.00  len=474
Ep 485: R=673.45  C=  0.00  len=541
Ep 486: R=456.03  C=  0.00  len=360
Ep 487: R=656.87  C=  0.00  len=531
Ep 488: R=647.37  C=  0.00  len=524
Ep 489: R=453.31  C=  0.00  len=359
Ep 490: R=649.75  C=  0.00  len=526
Ep 491: R=882.22  C=  0.00  len=709
Ep 492: R=672.46  C=  0.00  len=540
Ep 493: R=656.68  C=  0.00  len=531
Ep 494: R=452.36  C=  0.00  len=358
Ep 495: R=656.85  C=  0.00  len=532
Ep 496: R=677.96  C=  0.00  len=539
Ep 497: R=678.65  C=  0.00  len=542
Ep 498: R=665.41  C=  0.00  len=536
Ep 499: R=652.17  C=  0.00  len=529
Ep 500: R=675.09  C=  0.00  len=535
Ep 501: R=658.43  C=  0.00  len=534
Ep 502: R=649.56  C=  0.00  len=526
Ep 503: R=450.40  C=  0.00  len=356
Ep 504: R=649.57  C=  0.00  len=526
Ep 505: R=675.54  C=  0.00  len=545
Ep 506: R=669.12  C=  0.00  len=538
Ep 507: R=671.56  C=  0.00  len=538
Ep 508: R=448.61  C=  0.00  len=355
Ep 509: R=454.32  C=  0.00  len=359
Ep 510: R=658.02  C=  0.00  len=531
Ep 511: R=451.22  C=  0.00  len=356
Ep 512: R=724.33  C=  0.00  len=575
Ep 513: R=452.39  C=  0.00  len=358
Ep 514: R=662.64  C=  0.00  len=534
Ep 515: R=450.66  C=  0.00  len=356
Ep 516: R=596.31  C=  0.00  len=454
Ep 517: R=671.30  C=  0.00  len=542
Ep 518: R=599.99  C=  0.00  len=481
Ep 519: R=449.67  C=  0.00  len=355
Ep 520: R=671.79  C=  0.00  len=541
Ep 521: R=669.38  C=  0.00  len=538
Ep 522: R=668.91  C=  0.00  len=536
Ep 523: R=668.97  C=  0.00  len=539
Ep 524: R=449.84  C=  0.00  len=355
Ep 525: R=452.86  C=  0.00  len=358
Ep 526: R=674.74  C=  0.00  len=535
Ep 527: R=700.90  C=  0.00  len=532
Ep 528: R=451.50  C=  0.00  len=357
Ep 529: R=651.19  C=  0.00  len=527
Ep 530: R=526.28  C=  0.00  len=425
Ep 531: R=455.30  C=  0.00  len=360
Ep 532: R=669.09  C=  0.00  len=538
Ep 533: R=447.58  C=  0.00  len=354
Ep 534: R=536.85  C=  0.00  len=431
Ep 535: R=663.40  C=  0.00  len=537
Ep 536: R=657.84  C=  0.00  len=532
Ep 537: R=661.63  C=  0.00  len=535
Ep 538: R=653.17  C=  0.00  len=530
Ep 539: R=452.44  C=  0.00  len=358
Ep 540: R=456.92  C=  0.00  len=361
Ep 541: R=535.56  C=  0.00  len=429
Ep 542: R=455.33  C=  0.00  len=360
Ep 543: R=650.55  C=  0.00  len=527
Ep 544: R=651.53  C=  0.00  len=508
Ep 545: R=455.22  C=  0.00  len=360
Ep 546: R=637.28  C=  0.00  len=494
Ep 547: R=451.12  C=  0.00  len=357
Ep 548: R=666.40  C=  0.00  len=540
Ep 549: R=455.18  C=  0.00  len=360
Ep 550: R=658.99  C=  0.00  len=533
Ep 551: R=668.97  C=  0.00  len=536
Ep 552: R=670.10  C=  0.00  len=537
Ep 553: R=672.98  C=  0.00  len=540
Ep 554: R=676.02  C=  0.00  len=539
Ep 555: R=682.07  C=  0.00  len=544
Ep 556: R=687.18  C=  0.00  len=555
Ep 557: R=457.77  C=  0.00  len=362
Ep 558: R=451.09  C=  0.00  len=357
Ep 559: R=653.48  C=  0.00  len=528
Ep 560: R=672.09  C=  0.00  len=535
Ep 561: R=457.02  C=  0.00  len=361
Ep 562: R=650.12  C=  0.00  len=527
Ep 563: R=673.33  C=  0.00  len=537
Ep 564: R=656.21  C=  0.00  len=532
Ep 565: R=449.00  C=  0.00  len=355
Ep 566: R=654.86  C=  0.00  len=529
Ep 567: R=876.38  C=  0.00  len=705
Ep 568: R=677.92  C=  0.00  len=545
Ep 569: R=655.44  C=  0.00  len=529
Ep 570: R=661.52  C=  0.00  len=533
Ep 571: R=648.38  C=  0.00  len=525
Ep 572: R=449.48  C=  0.00  len=355
Ep 573: R=597.87  C=  0.00  len=453
Ep 574: R=652.76  C=  0.00  len=529
Ep 575: R=670.98  C=  0.00  len=538
Ep 576: R=659.00  C=  0.00  len=531
Ep 577: R=648.18  C=  0.00  len=526
Ep 578: R=657.60  C=  0.00  len=530
Ep 579: R=879.66  C=  0.00  len=710
Ep 580: R=456.89  C=  0.00  len=361
Ep 581: R=650.60  C=  0.00  len=526
Ep 582: R=450.35  C=  0.00  len=356
Ep 583: R=656.92  C=  0.00  len=515
Ep 584: R=662.65  C=  0.00  len=536
Ep 585: R=675.28  C=  0.00  len=536
Ep 586: R=628.26  C=  0.00  len=484
Ep 587: R=451.21  C=  0.00  len=357
Ep 588: R=652.45  C=  0.00  len=529
Ep 589: R=666.56  C=  0.00  len=537
Ep 590: R=666.43  C=  0.00  len=539
Ep 591: R=655.54  C=  0.00  len=531
Ep 592: R=656.09  C=  0.00  len=531
Ep 593: R=654.48  C=  0.00  len=529
Ep 594: R=447.72  C=  0.00  len=353
Ep 595: R=452.71  C=  0.00  len=358
Ep 596: R=650.53  C=  0.00  len=526
Ep 597: R=651.43  C=  0.00  len=528
Ep 598: R=873.24  C=  0.00  len=699
Ep 599: R=455.19  C=  0.00  len=360
Ep 600: R=451.97  C=  0.00  len=357
Ep 601: R=664.90  C=  0.00  len=535
Ep 602: R=604.13  C=  0.00  len=462
Ep 603: R=455.02  C=  0.00  len=360
Ep 604: R=671.53  C=  0.00  len=541
Ep 605: R=673.30  C=  0.00  len=541
Ep 606: R=592.97  C=  0.00  len=449
Ep 607: R=668.29  C=  0.00  len=530
Ep 608: R=592.17  C=  0.00  len=469
Ep 609: R=653.70  C=  0.00  len=530
Ep 610: R=871.84  C=  0.00  len=700
Ep 611: R=625.44  C=  0.00  len=483
Ep 612: R=445.97  C=  0.00  len=352
Ep 613: R=583.23  C=  0.00  len=438
Ep 614: R=652.65  C=  0.00  len=528
Ep 615: R=533.35  C=  0.00  len=427
Ep 616: R=453.79  C=  0.00  len=359
Ep 617: R=666.50  C=  0.00  len=536
Ep 618: R=456.27  C=  0.00  len=361
Ep 619: R=664.27  C=  0.00  len=535
Ep 620: R=450.31  C=  0.00  len=356
Ep 621: R=649.14  C=  0.00  len=526
Ep 622: R=530.73  C=  0.00  len=423
Ep 623: R=454.52  C=  0.00  len=360
Ep 624: R=457.71  C=  0.00  len=362
Ep 625: R=656.54  C=  0.00  len=530
Ep 626: R=673.83  C=  0.00  len=532
Ep 627: R=675.18  C=  0.00  len=534
Ep 628: R=675.98  C=  0.00  len=537
Ep 629: R=659.51  C=  0.00  len=534
Ep 630: R=456.83  C=  0.00  len=361
Ep 631: R=656.98  C=  0.00  len=532
Ep 632: R=648.78  C=  0.00  len=526
Ep 633: R=663.92  C=  0.00  len=535
Ep 634: R=456.57  C=  0.00  len=361
Ep 635: R=453.44  C=  0.00  len=359
Ep 636: R=454.22  C=  0.00  len=359
Ep 637: R=442.94  C=  0.00  len=350
Ep 638: R=596.13  C=  0.00  len=455
Ep 639: R=658.23  C=  0.00  len=533
Ep 640: R=649.20  C=  0.00  len=527
Ep 641: R=648.67  C=  0.00  len=526
Ep 642: R=878.17  C=  0.00  len=707
Ep 643: R=648.08  C=  0.00  len=525
Ep 644: R=588.34  C=  0.00  len=447
Ep 645: R=451.07  C=  0.00  len=357
Ep 646: R=655.32  C=  0.00  len=531
Ep 647: R=649.14  C=  0.00  len=526
Ep 648: R=667.61  C=  0.00  len=536
Ep 649: R=612.37  C=  0.00  len=472
Ep 650: R=659.55  C=  0.00  len=535
Ep 651: R=452.81  C=  0.00  len=358
Ep 652: R=658.97  C=  0.00  len=531
Ep 653: R=652.71  C=  0.00  len=529
Ep 654: R=649.09  C=  0.00  len=526
Ep 655: R=450.02  C=  0.00  len=355
Ep 656: R=656.81  C=  0.00  len=530
Ep 657: R=652.67  C=  0.00  len=529
Ep 658: R=451.90  C=  0.00  len=357
Ep 659: R=651.69  C=  0.00  len=528
Ep 660: R=703.00  C=  0.00  len=564
Ep 661: R=661.36  C=  0.00  len=535
Ep 662: R=649.28  C=  0.00  len=526
Ep 663: R=672.43  C=  0.00  len=538
Ep 664: R=710.12  C=  0.00  len=576
Ep 665: R=651.54  C=  0.00  len=528
Ep 666: R=585.10  C=  0.00  len=441
Ep 667: R=455.23  C=  0.00  len=360
Ep 668: R=647.49  C=  0.00  len=525
Ep 669: R=449.90  C=  0.00  len=356
Ep 670: R=653.63  C=  0.00  len=529
Ep 671: R=455.82  C=  0.00  len=361
Ep 672: R=455.72  C=  0.00  len=360
Ep 673: R=450.62  C=  0.00  len=357
Ep 674: R=451.84  C=  0.00  len=358
Ep 675: R=658.38  C=  0.00  len=533
Ep 676: R=457.95  C=  0.00  len=362
Ep 677: R=674.01  C=  0.00  len=535
Ep 678: R=668.66  C=  0.00  len=543
Ep 679: R=654.82  C=  0.00  len=531
Ep 680: R=672.51  C=  0.00  len=539
Ep 681: R=650.58  C=  0.00  len=527
Ep 682: R=676.66  C=  0.00  len=543
Ep 683: R=659.70  C=  0.00  len=533
Ep 684: R=659.06  C=  0.00  len=533
Ep 685: R=669.15  C=  0.00  len=537
Ep 686: R=446.92  C=  0.00  len=353
Ep 687: R=664.29  C=  0.00  len=537
Ep 688: R=453.19  C=  0.00  len=358
Ep 689: R=455.03  C=  0.00  len=360
Ep 690: R=675.34  C=  0.00  len=541
Ep 691: R=456.62  C=  0.00  len=361
Ep 692: R=658.68  C=  0.00  len=534
Ep 693: R=667.50  C=  0.00  len=539
Ep 694: R=709.37  C=  0.00  len=566
Ep 695: R=664.07  C=  0.00  len=537
Ep 696: R=635.19  C=  0.00  len=493
Ep 697: R=656.21  C=  0.00  len=516
Ep 698: R=674.91  C=  0.00  len=537
Ep 699: R=450.73  C=  0.00  len=356
Ep 700: R=451.25  C=  0.00  len=357
Ep 701: R=661.99  C=  0.00  len=536
Ep 702: R=728.26  C=  0.00  len=570
Ep 703: R=655.89  C=  0.00  len=532
Ep 704: R=454.95  C=  0.00  len=360
Ep 705: R=649.80  C=  0.00  len=527
Ep 706: R=447.79  C=  0.00  len=353
Ep 707: R=674.39  C=  0.00  len=536
Ep 708: R=868.70  C=  0.00  len=699
Ep 709: R=671.93  C=  0.00  len=538
Ep 710: R=450.37  C=  0.00  len=356
Ep 711: R=452.29  C=  0.00  len=358
Ep 712: R=666.65  C=  0.00  len=539
Ep 713: R=647.12  C=  0.00  len=525
Ep 714: R=666.63  C=  0.00  len=539
Ep 715: R=650.71  C=  0.00  len=528
Ep 716: R=708.63  C=  0.00  len=566
Ep 717: R=669.22  C=  0.00  len=541
Ep 718: R=660.16  C=  0.00  len=535
Ep 719: R=650.37  C=  0.00  len=527
Ep 720: R=654.94  C=  0.00  len=531
Ep 721: R=654.93  C=  0.00  len=531
Ep 722: R=675.72  C=  0.00  len=534
Ep 723: R=656.11  C=  0.00  len=513
Ep 724: R=674.28  C=  0.00  len=539
Ep 725: R=607.72  C=  0.00  len=464
Ep 726: R=456.93  C=  0.00  len=361
Ep 727: R=714.57  C=  0.00  len=568
Ep 728: R=669.33  C=  0.00  len=539
Ep 729: R=648.12  C=  0.00  len=475
Ep 730: R=656.84  C=  0.00  len=532
Ep 731: R=662.82  C=  0.00  len=536
Ep 732: R=656.77  C=  0.00  len=535
Ep 733: R=673.03  C=  0.00  len=539
Ep 734: R=586.84  C=  0.00  len=443
Ep 735: R=669.31  C=  0.00  len=537
Ep 736: R=810.65  C=  0.00  len=634
Ep 737: R=663.36  C=  0.00  len=536
Ep 738: R=452.92  C=  0.00  len=358
Ep 739: R=457.96  C=  0.00  len=362
Ep 740: R=679.56  C=  0.00  len=546
Ep 741: R=661.20  C=  0.00  len=534
Ep 742: R=588.81  C=  0.00  len=466
Ep 743: R=451.15  C=  0.00  len=356
Ep 744: R=453.34  C=  0.00  len=359
Ep 745: R=666.63  C=  0.00  len=539
Ep 746: R=673.04  C=  0.00  len=537
Ep 747: R=573.75  C=  0.00  len=451
Ep 748: R=671.91  C=  0.00  len=539
Ep 749: R=672.58  C=  0.00  len=538
Ep 750: R=672.90  C=  0.00  len=536
Ep 751: R=456.26  C=  0.00  len=361
Ep 752: R=652.93  C=  0.00  len=529
Ep 753: R=671.90  C=  0.00  len=541
Ep 754: R=448.66  C=  0.00  len=355
Ep 755: R=453.23  C=  0.00  len=358
Ep 756: R=871.64  C=  0.00  len=701
Ep 757: R=456.44  C=  0.00  len=361
Ep 758: R=585.18  C=  0.00  len=441
Ep 759: R=450.52  C=  0.00  len=356
Ep 760: R=452.93  C=  0.00  len=358
Ep 761: R=655.27  C=  0.00  len=514
Ep 762: R=646.14  C=  0.00  len=503
Ep 763: R=453.98  C=  0.00  len=359
Ep 764: R=666.23  C=  0.00  len=536
Ep 765: R=447.67  C=  0.00  len=353
Ep 766: R=673.32  C=  0.00  len=536
Ep 767: R=649.35  C=  0.00  len=526
Ep 768: R=653.49  C=  0.00  len=530
Ep 769: R=448.46  C=  0.00  len=354
Ep 770: R=670.81  C=  0.00  len=539
Ep 771: R=672.63  C=  0.00  len=539
Ep 772: R=673.17  C=  0.00  len=541
Ep 773: R=657.57  C=  0.00  len=531
Ep 774: R=677.43  C=  0.00  len=542
Ep 775: R=455.64  C=  0.00  len=360
Ep 776: R=532.32  C=  0.00  len=426
Ep 777: R=447.39  C=  0.00  len=353
Ep 778: R=647.27  C=  0.00  len=525
Ep 779: R=653.58  C=  0.00  len=528
Ep 780: R=674.49  C=  0.00  len=544
Ep 781: R=661.92  C=  0.00  len=535
Ep 782: R=698.87  C=  0.00  len=559
Ep 783: R=530.54  C=  0.00  len=428
Ep 784: R=448.66  C=  0.00  len=355
Ep 785: R=850.05  C=  0.00  len=686
Ep 786: R=452.89  C=  0.00  len=358
Ep 787: R=654.91  C=  0.00  len=529
Ep 788: R=665.04  C=  0.00  len=523
Ep 789: R=870.12  C=  0.00  len=703
Ep 790: R=676.48  C=  0.00  len=540
Ep 791: R=663.53  C=  0.00  len=535
Ep 792: R=671.77  C=  0.00  len=538
Ep 793: R=456.59  C=  0.00  len=361
Ep 794: R=659.42  C=  0.00  len=532
Ep 795: R=449.50  C=  0.00  len=355
Ep 796: R=650.79  C=  0.00  len=527
Ep 797: R=737.44  C=  0.00  len=599
Ep 798: R=673.72  C=  0.00  len=538
Ep 799: R=450.89  C=  0.00  len=357
Ep 800: R=452.02  C=  0.00  len=357
Ep 801: R=671.38  C=  0.00  len=542
Ep 802: R=651.95  C=  0.00  len=527
Ep 803: R=674.63  C=  0.00  len=537
Ep 804: R=628.74  C=  0.00  len=487
Ep 805: R=670.59  C=  0.00  len=542
Ep 806: R=653.76  C=  0.00  len=530
Ep 807: R=661.28  C=  0.00  len=536
Ep 808: R=449.13  C=  0.00  len=355
Ep 809: R=843.60  C=  0.00  len=662
Ep 810: R=660.77  C=  0.00  len=533
Ep 811: R=614.98  C=  0.00  len=474
Ep 812: R=672.12  C=  0.00  len=539
Ep 813: R=450.35  C=  0.00  len=355
Ep 814: R=650.51  C=  0.00  len=527
Ep 815: R=455.94  C=  0.00  len=361
Ep 816: R=651.11  C=  0.00  len=527
Ep 817: R=654.65  C=  0.00  len=531
Ep 818: R=658.92  C=  0.00  len=533
Ep 819: R=652.94  C=  0.00  len=529
Ep 820: R=631.51  C=  0.00  len=490
Ep 821: R=655.91  C=  0.00  len=529
Ep 822: R=641.61  C=  0.00  len=499
Ep 823: R=453.92  C=  0.00  len=359
Ep 824: R=867.04  C=  0.00  len=693
Ep 825: R=665.29  C=  0.00  len=538
Ep 826: R=671.84  C=  0.00  len=539
Ep 827: R=667.93  C=  0.00  len=537
Ep 828: R=456.97  C=  0.00  len=361
Ep 829: R=652.83  C=  0.00  len=528
Ep 830: R=655.01  C=  0.00  len=530
Ep 831: R=672.34  C=  0.00  len=539
Ep 832: R=451.63  C=  0.00  len=357
Ep 833: R=671.58  C=  0.00  len=536
Ep 834: R=657.52  C=  0.00  len=530
Ep 835: R=454.02  C=  0.00  len=359
Ep 836: R=655.51  C=  0.00  len=513
Ep 837: R=449.05  C=  0.00  len=354
Ep 838: R=450.02  C=  0.00  len=356
Ep 839: R=451.84  C=  0.00  len=357
Ep 840: R=451.88  C=  0.00  len=357
Ep 841: R=659.75  C=  0.00  len=537
Ep 842: R=874.02  C=  0.00  len=700
Ep 843: R=659.62  C=  0.00  len=533
Ep 844: R=651.05  C=  0.00  len=527
Ep 845: R=651.22  C=  0.00  len=526
Ep 846: R=671.56  C=  0.00  len=541
Ep 847: R=653.42  C=  0.00  len=511
Ep 848: R=874.83  C=  0.00  len=698
Ep 849: R=672.15  C=  0.00  len=539
Ep 850: R=453.96  C=  0.00  len=359
Ep 851: R=457.93  C=  0.00  len=362
Ep 852: R=670.72  C=  0.00  len=530
Ep 853: R=871.58  C=  0.00  len=706
Ep 854: R=458.07  C=  0.00  len=362
Ep 855: R=647.49  C=  0.00  len=525
Ep 856: R=453.60  C=  0.00  len=358
Ep 857: R=654.73  C=  0.00  len=531
Ep 858: R=681.50  C=  0.00  len=539
Ep 859: R=667.22  C=  0.00  len=537
Ep 860: R=451.19  C=  0.00  len=357
Ep 861: R=628.11  C=  0.00  len=485
Ep 862: R=656.47  C=  0.00  len=530
Ep 863: R=657.75  C=  0.00  len=533
Ep 864: R=650.77  C=  0.00  len=527
Ep 865: R=670.76  C=  0.00  len=538
Ep 866: R=454.26  C=  0.00  len=359
Ep 867: R=681.25  C=  0.00  len=545
Ep 868: R=653.24  C=  0.00  len=529
Ep 869: R=650.46  C=  0.00  len=527
Ep 870: R=654.19  C=  0.00  len=529
Ep 871: R=650.32  C=  0.00  len=527
Ep 872: R=651.81  C=  0.00  len=512
Ep 873: R=649.42  C=  0.00  len=525
Ep 874: R=452.98  C=  0.00  len=358
Ep 875: R=680.80  C=  0.00  len=543
Ep 876: R=653.27  C=  0.00  len=529
Ep 877: R=457.70  C=  0.00  len=362
Ep 878: R=648.12  C=  0.00  len=505
Ep 879: R=449.73  C=  0.00  len=356
Ep 880: R=456.69  C=  0.00  len=361
Ep 881: R=658.54  C=  0.00  len=531
Ep 882: R=670.37  C=  0.00  len=538
Ep 883: R=649.02  C=  0.00  len=526
Ep 884: R=453.48  C=  0.00  len=359
Ep 885: R=640.57  C=  0.00  len=497
Ep 886: R=672.26  C=  0.00  len=546
Ep 887: R=453.27  C=  0.00  len=359
Ep 888: R=515.35  C=  0.00  len=416
Ep 889: R=672.62  C=  0.00  len=535
Ep 890: R=668.03  C=  0.00  len=538
Ep 891: R=673.45  C=  0.00  len=542
Ep 892: R=699.92  C=  0.00  len=531
Ep 893: R=451.84  C=  0.00  len=357
Ep 894: R=533.00  C=  0.00  len=427
Ep 895: R=670.97  C=  0.00  len=540
Ep 896: R=665.90  C=  0.00  len=541
Ep 897: R=649.29  C=  0.00  len=526
Ep 898: R=451.18  C=  0.00  len=357
Ep 899: R=669.07  C=  0.00  len=542
Ep 900: R=448.64  C=  0.00  len=355
Ep 901: R=672.94  C=  0.00  len=540
Ep 902: R=668.25  C=  0.00  len=537
Ep 903: R=666.06  C=  0.00  len=536
Ep 904: R=648.78  C=  0.00  len=526
Ep 905: R=677.49  C=  0.00  len=538
Ep 906: R=668.36  C=  0.00  len=536
Ep 907: R=450.43  C=  0.00  len=356
Ep 908: R=659.20  C=  0.00  len=533
Ep 909: R=672.74  C=  0.00  len=534
Ep 910: R=454.00  C=  0.00  len=359
Ep 911: R=527.14  C=  0.00  len=426
Ep 912: R=453.08  C=  0.00  len=358
Ep 913: R=456.87  C=  0.00  len=361
Ep 914: R=658.61  C=  0.00  len=533
Ep 915: R=449.22  C=  0.00  len=355
Ep 916: R=666.76  C=  0.00  len=539
Ep 917: R=654.84  C=  0.00  len=530
Ep 918: R=649.68  C=  0.00  len=526
Ep 919: R=453.51  C=  0.00  len=359
Ep 920: R=456.48  C=  0.00  len=361
Ep 921: R=531.43  C=  0.00  len=425
Ep 922: R=653.98  C=  0.00  len=528
Ep 923: R=673.29  C=  0.00  len=534
Ep 924: R=457.59  C=  0.00  len=362
Ep 925: R=668.22  C=  0.00  len=536
Ep 926: R=726.13  C=  0.00  len=577
Ep 927: R=452.50  C=  0.00  len=358
Ep 928: R=456.80  C=  0.00  len=361
Ep 929: R=649.87  C=  0.00  len=527
Ep 930: R=655.56  C=  0.00  len=531
Ep 931: R=674.47  C=  0.00  len=538
Ep 932: R=671.14  C=  0.00  len=539
Ep 933: R=455.35  C=  0.00  len=360
Ep 934: R=652.99  C=  0.00  len=529
Ep 935: R=673.46  C=  0.00  len=539
Ep 936: R=453.41  C=  0.00  len=359
Ep 937: R=452.54  C=  0.00  len=358
Ep 938: R=651.39  C=  0.00  len=528
Ep 939: R=449.85  C=  0.00  len=356
Ep 940: R=868.60  C=  0.00  len=697
Ep 941: R=583.14  C=  0.00  len=436
Ep 942: R=656.67  C=  0.00  len=533
Ep 943: R=659.05  C=  0.00  len=531
Ep 944: R=454.39  C=  0.00  len=359
Ep 945: R=706.89  C=  0.00  len=565
Ep 946: R=657.36  C=  0.00  len=532
Ep 947: R=659.88  C=  0.00  len=534
Ep 948: R=675.44  C=  0.00  len=545
Ep 949: R=647.60  C=  0.00  len=525
Ep 950: R=450.66  C=  0.00  len=356
Ep 951: R=451.15  C=  0.00  len=357
Ep 952: R=671.18  C=  0.00  len=537
Ep 953: R=448.62  C=  0.00  len=354
Ep 954: R=448.43  C=  0.00  len=354
Ep 955: R=670.19  C=  0.00  len=538
Ep 956: R=879.69  C=  0.00  len=711
Ep 957: R=671.50  C=  0.00  len=534
Ep 958: R=453.60  C=  0.00  len=359
Ep 959: R=601.15  C=  0.00  len=460
Ep 960: R=595.81  C=  0.00  len=455
Ep 961: R=656.30  C=  0.00  len=531
Ep 962: R=454.32  C=  0.00  len=359
Ep 963: R=679.02  C=  0.00  len=554
Ep 964: R=659.75  C=  0.00  len=534
Ep 965: R=655.37  C=  0.00  len=529
Ep 966: R=669.15  C=  0.00  len=538
Ep 967: R=672.41  C=  0.00  len=539
Ep 968: R=651.84  C=  0.00  len=528
Ep 969: R=452.21  C=  0.00  len=357
Ep 970: R=659.05  C=  0.00  len=532
Ep 971: R=654.36  C=  0.00  len=529
Ep 972: R=673.75  C=  0.00  len=535
Ep 973: R=448.67  C=  0.00  len=354
Ep 974: R=451.73  C=  0.00  len=357
Ep 975: R=717.85  C=  0.00  len=573
Ep 976: R=655.05  C=  0.00  len=530
Ep 977: R=677.98  C=  0.00  len=541
Ep 978: R=453.13  C=  0.00  len=359
Ep 979: R=651.26  C=  0.00  len=526
Ep 980: R=648.51  C=  0.00  len=526
Ep 981: R=672.05  C=  0.00  len=534
Ep 982: R=669.77  C=  0.00  len=532
Ep 983: R=665.07  C=  0.00  len=538
Ep 984: R=454.62  C=  0.00  len=360
Ep 985: R=448.22  C=  0.00  len=354
Ep 986: R=663.03  C=  0.00  len=537
Ep 987: R=658.54  C=  0.00  len=535
Ep 988: R=674.59  C=  0.00  len=548
Ep 989: R=451.51  C=  0.00  len=356
Ep 990: R=658.13  C=  0.00  len=533
Ep 991: R=457.68  C=  0.00  len=362
Ep 992: R=650.33  C=  0.00  len=527
Ep 993: R=671.64  C=  0.00  len=530
Ep 994: R=671.97  C=  0.00  len=540
Ep 995: R=457.75  C=  0.00  len=362
Ep 996: R=668.27  C=  0.00  len=538
Ep 997: R=651.46  C=  0.00  len=528
Ep 998: R=671.81  C=  0.00  len=538
Ep 999: R=655.09  C=  0.00  len=531
Ep 1000: R=451.39  C=  0.00  len=357
Ep 1001: R=450.38  C=  0.00  len=355
Ep 1002: R=449.23  C=  0.00  len=355
Ep 1003: R=661.12  C=  0.00  len=535
Ep 1004: R=658.88  C=  0.00  len=533
Ep 1005: R=673.13  C=  0.00  len=540
Ep 1006: R=652.71  C=  0.00  len=529
Ep 1007: R=650.87  C=  0.00  len=527
Ep 1008: R=456.87  C=  0.00  len=361
Ep 1009: R=453.50  C=  0.00  len=358
Ep 1010: R=452.02  C=  0.00  len=357
Ep 1011: R=873.65  C=  0.00  len=702
Ep 1012: R=523.44  C=  0.00  len=423
Ep 1013: R=450.55  C=  0.00  len=356
Ep 1014: R=700.91  C=  0.00  len=559
Ep 1015: R=671.42  C=  0.00  len=541
Ep 1016: R=669.66  C=  0.00  len=541
Ep 1017: R=651.74  C=  0.00  len=528
Ep 1018: R=653.07  C=  0.00  len=529
Ep 1019: R=661.41  C=  0.00  len=535
Ep 1020: R=663.73  C=  0.00  len=535
Ep 1021: R=650.12  C=  0.00  len=526
Ep 1022: R=663.30  C=  0.00  len=535
Ep 1023: R=664.40  C=  0.00  len=537
Ep 1024: R=451.13  C=  0.00  len=356
Ep 1025: R=654.80  C=  0.00  len=530
Ep 1026: R=656.51  C=  0.00  len=531
Ep 1027: R=667.95  C=  0.00  len=541
Ep 1028: R=451.39  C=  0.00  len=357
Ep 1029: R=667.56  C=  0.00  len=539
Ep 1030: R=672.52  C=  0.00  len=539
Ep 1031: R=533.51  C=  0.00  len=427
Ep 1032: R=639.45  C=  0.00  len=497
Ep 1033: R=629.11  C=  0.00  len=487
Ep 1034: R=675.59  C=  0.00  len=541
Ep 1035: R=651.05  C=  0.00  len=527
Ep 1036: R=870.35  C=  0.00  len=693
Ep 1037: R=450.69  C=  0.00  len=356
Ep 1038: R=669.50  C=  0.00  len=537
Ep 1039: R=651.64  C=  0.00  len=528
Ep 1040: R=699.70  C=  0.00  len=531
Ep 1041: R=449.95  C=  0.00  len=356
Ep 1042: R=659.08  C=  0.00  len=533
Ep 1043: R=672.69  C=  0.00  len=542
Ep 1044: R=676.00  C=  0.00  len=545
Ep 1045: R=670.23  C=  0.00  len=537
Ep 1046: R=668.19  C=  0.00  len=543
Ep 1047: R=455.30  C=  0.00  len=360
Ep 1048: R=449.82  C=  0.00  len=356
Ep 1049: R=696.23  C=  0.00  len=558
Ep 1050: R=671.34  C=  0.00  len=533
Ep 1051: R=671.32  C=  0.00  len=538
Ep 1052: R=450.24  C=  0.00  len=355
Ep 1053: R=647.90  C=  0.00  len=525
Ep 1054: R=653.57  C=  0.00  len=528
Ep 1055: R=584.89  C=  0.00  len=442
Ep 1056: R=654.26  C=  0.00  len=528
Ep 1057: R=649.98  C=  0.00  len=527
Ep 1058: R=660.00  C=  0.00  len=534
Ep 1059: R=450.63  C=  0.00  len=356
Ep 1060: R=449.89  C=  0.00  len=356
Ep 1061: R=651.87  C=  0.00  len=528
Ep 1062: R=451.46  C=  0.00  len=357
Ep 1063: R=456.70  C=  0.00  len=361
Ep 1064: R=586.91  C=  0.00  len=440
Ep 1065: R=451.57  C=  0.00  len=357
Ep 1066: R=456.72  C=  0.00  len=361
Ep 1067: R=662.44  C=  0.00  len=534
Ep 1068: R=719.94  C=  0.00  len=572
Ep 1069: R=455.41  C=  0.00  len=360
Ep 1070: R=676.80  C=  0.00  len=542
Ep 1071: R=677.72  C=  0.00  len=540
Ep 1072: R=651.08  C=  0.00  len=527
Ep 1073: R=650.97  C=  0.00  len=527
Ep 1074: R=663.40  C=  0.00  len=534
Ep 1075: R=879.40  C=  0.00  len=712
Ep 1076: R=451.34  C=  0.00  len=357
Ep 1077: R=451.59  C=  0.00  len=356
Ep 1078: R=659.58  C=  0.00  len=534
Ep 1079: R=653.94  C=  0.00  len=528
Ep 1080: R=674.53  C=  0.00  len=540
Ep 1081: R=663.62  C=  0.00  len=537
Ep 1082: R=677.78  C=  0.00  len=538
Ep 1083: R=454.19  C=  0.00  len=359
Ep 1084: R=449.90  C=  0.00  len=356
Ep 1085: R=665.27  C=  0.00  len=538
Ep 1086: R=527.92  C=  0.00  len=426
Ep 1087: R=451.14  C=  0.00  len=357
Ep 1088: R=449.77  C=  0.00  len=356
Ep 1089: R=663.60  C=  0.00  len=534
Ep 1090: R=658.70  C=  0.00  len=532
Ep 1091: R=449.23  C=  0.00  len=355
Ep 1092: R=522.56  C=  0.00  len=422
Ep 1093: R=669.87  C=  0.00  len=530
Ep 1094: R=657.53  C=  0.00  len=532
Ep 1095: R=678.35  C=  0.00  len=544
Ep 1096: R=664.96  C=  0.00  len=538
Ep 1097: R=530.19  C=  0.00  len=427
Ep 1098: R=673.59  C=  0.00  len=535
Ep 1099: R=591.91  C=  0.00  len=450
Ep 1100: R=646.93  C=  0.00  len=525
Ep 1101: R=660.74  C=  0.00  len=534
Ep 1102: R=650.16  C=  0.00  len=527
Ep 1103: R=449.31  C=  0.00  len=355
Ep 1104: R=672.34  C=  0.00  len=538
Ep 1105: R=655.94  C=  0.00  len=531
Ep 1106: R=456.55  C=  0.00  len=361
Ep 1107: R=533.69  C=  0.00  len=430
Ep 1108: R=665.40  C=  0.00  len=536
Ep 1109: R=675.65  C=  0.00  len=536
Ep 1110: R=664.62  C=  0.00  len=538
Ep 1111: R=454.09  C=  0.00  len=359
Ep 1112: R=668.58  C=  0.00  len=540
Ep 1113: R=669.35  C=  0.00  len=537
Ep 1114: R=450.98  C=  0.00  len=356
Ep 1115: R=678.23  C=  0.00  len=542
Ep 1116: R=670.15  C=  0.00  len=538
Ep 1117: R=655.31  C=  0.00  len=531
Ep 1118: R=693.42  C=  0.00  len=550
Ep 1119: R=712.67  C=  0.00  len=566
Ep 1120: R=453.79  C=  0.00  len=359
Ep 1121: R=654.59  C=  0.00  len=531
Ep 1122: R=671.06  C=  0.00  len=537
Ep 1123: R=452.88  C=  0.00  len=358
Ep 1124: R=656.29  C=  0.00  len=531
Ep 1125: R=670.85  C=  0.00  len=539
Ep 1126: R=660.64  C=  0.00  len=536
Ep 1127: R=676.14  C=  0.00  len=546
Ep 1128: R=451.85  C=  0.00  len=357
Ep 1129: R=653.16  C=  0.00  len=529
Ep 1130: R=661.56  C=  0.00  len=536
Ep 1131: R=654.80  C=  0.00  len=534
Ep 1132: R=673.45  C=  0.00  len=543
Ep 1133: R=671.41  C=  0.00  len=538
Ep 1134: R=652.96  C=  0.00  len=528
Ep 1135: R=712.26  C=  0.00  len=568
Ep 1136: R=654.32  C=  0.00  len=528
Ep 1137: R=659.18  C=  0.00  len=532
Ep 1138: R=667.76  C=  0.00  len=537
Ep 1139: R=669.31  C=  0.00  len=536
Ep 1140: R=453.34  C=  0.00  len=358
Ep 1141: R=452.57  C=  0.00  len=358
Ep 1142: R=656.61  C=  0.00  len=531
Ep 1143: R=530.00  C=  0.00  len=427
Ep 1144: R=672.23  C=  0.00  len=538
Ep 1145: R=452.50  C=  0.00  len=358
Ep 1146: R=452.66  C=  0.00  len=358
Ep 1147: R=663.06  C=  0.00  len=537
Ep 1148: R=674.64  C=  0.00  len=543
Ep 1149: R=454.74  C=  0.00  len=360
Ep 1150: R=670.02  C=  0.00  len=543
Ep 1151: R=450.66  C=  0.00  len=356
Ep 1152: R=669.65  C=  0.00  len=537
Ep 1153: R=597.26  C=  0.00  len=457
Ep 1154: R=452.16  C=  0.00  len=357
Ep 1155: R=453.19  C=  0.00  len=358
Ep 1156: R=669.38  C=  0.00  len=537
Ep 1157: R=662.44  C=  0.00  len=536
Ep 1158: R=450.25  C=  0.00  len=356
Ep 1159: R=672.46  C=  0.00  len=534
Ep 1160: R=453.58  C=  0.00  len=359
Ep 1161: R=667.82  C=  0.00  len=537
Ep 1162: R=646.76  C=  0.00  len=524
Ep 1163: R=715.46  C=  0.00  len=571
Ep 1164: R=673.09  C=  0.00  len=543
Ep 1165: R=668.80  C=  0.00  len=537
Ep 1166: R=675.54  C=  0.00  len=536
Ep 1167: R=670.75  C=  0.00  len=538
Ep 1168: R=672.80  C=  0.00  len=535
Ep 1169: R=662.62  C=  0.00  len=534
Ep 1170: R=450.56  C=  0.00  len=356
Ep 1171: R=668.72  C=  0.00  len=538
Ep 1172: R=670.89  C=  0.00  len=538
Ep 1173: R=665.67  C=  0.00  len=536
Ep 1174: R=671.27  C=  0.00  len=540
Ep 1175: R=670.90  C=  0.00  len=542
Ep 1176: R=675.85  C=  0.00  len=539
Ep 1177: R=661.54  C=  0.00  len=535
Ep 1178: R=667.96  C=  0.00  len=542
Ep 1179: R=672.59  C=  0.00  len=541
Ep 1180: R=675.81  C=  0.00  len=544
Ep 1181: R=656.47  C=  0.00  len=532
Ep 1182: R=672.43  C=  0.00  len=543
Ep 1183: R=675.89  C=  0.00  len=542
Ep 1184: R=455.60  C=  0.00  len=360
Ep 1185: R=678.41  C=  0.00  len=544
Ep 1186: R=649.63  C=  0.00  len=526
Ep 1187: R=674.22  C=  0.00  len=540
Ep 1188: R=675.20  C=  0.00  len=536
Ep 1189: R=452.35  C=  0.00  len=357
Ep 1190: R=658.19  C=  0.00  len=533
Ep 1191: R=674.61  C=  0.00  len=538
Ep 1192: R=674.11  C=  0.00  len=540
Ep 1193: R=665.33  C=  0.00  len=535
Ep 1194: R=448.69  C=  0.00  len=355
Ep 1195: R=448.25  C=  0.00  len=354
Ep 1196: R=671.70  C=  0.00  len=543
Ep 1197: R=455.49  C=  0.00  len=360
Ep 1198: R=653.79  C=  0.00  len=529
Ep 1199: R=672.71  C=  0.00  len=541
Ep 1200: R=532.20  C=  0.00  len=429
Ep 1201: R=673.76  C=  0.00  len=535
Ep 1202: R=588.97  C=  0.00  len=466
Ep 1203: R=678.66  C=  0.00  len=553
Ep 1204: R=449.15  C=  0.00  len=355
Ep 1205: R=663.36  C=  0.00  len=534
Ep 1206: R=665.76  C=  0.00  len=536
Ep 1207: R=657.65  C=  0.00  len=531
Ep 1208: R=667.76  C=  0.00  len=540
Ep 1209: R=648.74  C=  0.00  len=525
Ep 1210: R=662.87  C=  0.00  len=536
Ep 1211: R=670.89  C=  0.00  len=539
Ep 1212: R=532.09  C=  0.00  len=429
Ep 1213: R=672.87  C=  0.00  len=538
Ep 1214: R=663.63  C=  0.00  len=537
Ep 1215: R=793.71  C=  0.00  len=630
Ep 1216: R=453.93  C=  0.00  len=359
Ep 1217: R=456.85  C=  0.00  len=361
Ep 1218: R=452.44  C=  0.00  len=358
Ep 1219: R=451.56  C=  0.00  len=357
Ep 1220: R=659.55  C=  0.00  len=532
Ep 1221: R=456.78  C=  0.00  len=361
Ep 1222: R=657.61  C=  0.00  len=531
Ep 1223: R=457.73  C=  0.00  len=362
Ep 1224: R=673.62  C=  0.00  len=537
Ep 1225: R=654.88  C=  0.00  len=530
Ep 1226: R=635.37  C=  0.00  len=516
Ep 1227: R=534.44  C=  0.00  len=430
Ep 1228: R=670.45  C=  0.00  len=537
Ep 1229: R=654.60  C=  0.00  len=531
Ep 1230: R=450.87  C=  0.00  len=357
Ep 1231: R=668.13  C=  0.00  len=537
Ep 1232: R=455.09  C=  0.00  len=360
Ep 1233: R=451.33  C=  0.00  len=356
Ep 1234: R=446.56  C=  0.00  len=353
Ep 1235: R=659.65  C=  0.00  len=534
Ep 1236: R=743.11  C=  0.00  len=600
Ep 1237: R=656.06  C=  0.00  len=531
Ep 1238: R=451.39  C=  0.00  len=357
Ep 1239: R=451.40  C=  0.00  len=357
Ep 1240: R=660.26  C=  0.00  len=534
Ep 1241: R=676.29  C=  0.00  len=537
Ep 1242: R=455.47  C=  0.00  len=360
Ep 1243: R=673.24  C=  0.00  len=541
Ep 1244: R=648.59  C=  0.00  len=525
Ep 1245: R=664.05  C=  0.00  len=537
Ep 1246: R=663.83  C=  0.00  len=537
Ep 1247: R=448.59  C=  0.00  len=354
Ep 1248: R=664.70  C=  0.00  len=538
Ep 1249: R=451.87  C=  0.00  len=357
Ep 1250: R=674.68  C=  0.00  len=543
Ep 1251: R=452.70  C=  0.00  len=358
Ep 1252: R=655.08  C=  0.00  len=529
Ep 1253: R=451.66  C=  0.00  len=357
Ep 1254: R=648.99  C=  0.00  len=526
Ep 1255: R=658.87  C=  0.00  len=533
Ep 1256: R=661.93  C=  0.00  len=535
Ep 1257: R=670.59  C=  0.00  len=541
Ep 1258: R=663.98  C=  0.00  len=534
Ep 1259: R=453.99  C=  0.00  len=359
Ep 1260: R=586.53  C=  0.00  len=442
Ep 1261: R=671.68  C=  0.00  len=537
Ep 1262: R=456.67  C=  0.00  len=361
Ep 1263: R=651.03  C=  0.00  len=527
Ep 1264: R=650.93  C=  0.00  len=527
Ep 1265: R=455.29  C=  0.00  len=360
Ep 1266: R=447.64  C=  0.00  len=354
Ep 1267: R=647.53  C=  0.00  len=504
Ep 1268: R=864.41  C=  0.00  len=697
Ep 1269: R=657.36  C=  0.00  len=533
Ep 1270: R=454.11  C=  0.00  len=359
Ep 1271: R=664.21  C=  0.00  len=537
Ep 1272: R=680.91  C=  0.00  len=545
Ep 1273: R=447.70  C=  0.00  len=353
Ep 1274: R=453.35  C=  0.00  len=359
Ep 1275: R=670.65  C=  0.00  len=538
Ep 1276: R=589.20  C=  0.00  len=446
Ep 1277: R=672.61  C=  0.00  len=539
Ep 1278: R=667.77  C=  0.00  len=539
Ep 1279: R=453.25  C=  0.00  len=359
Ep 1280: R=637.78  C=  0.00  len=495
Ep 1281: R=452.36  C=  0.00  len=358
Ep 1282: R=455.12  C=  0.00  len=360
Ep 1283: R=605.49  C=  0.00  len=463
Ep 1284: R=672.44  C=  0.00  len=549
Ep 1285: R=452.72  C=  0.00  len=358
Ep 1286: R=677.29  C=  0.00  len=535
Ep 1287: R=448.84  C=  0.00  len=355
Ep 1288: R=651.79  C=  0.00  len=528
Ep 1289: R=674.75  C=  0.00  len=545
Ep 1290: R=669.54  C=  0.00  len=539
Ep 1291: R=666.54  C=  0.00  len=536
Ep 1292: R=453.67  C=  0.00  len=359
Ep 1293: R=673.62  C=  0.00  len=539
Ep 1294: R=661.37  C=  0.00  len=535
Ep 1295: R=672.77  C=  0.00  len=542
Ep 1296: R=673.21  C=  0.00  len=539
Ep 1297: R=667.16  C=  0.00  len=537
Ep 1298: R=647.38  C=  0.00  len=525
Ep 1299: R=456.19  C=  0.00  len=361
Ep 1300: R=669.62  C=  0.00  len=535
Ep 1301: R=880.84  C=  0.00  len=711
Ep 1302: R=455.53  C=  0.00  len=360
Ep 1303: R=450.82  C=  0.00  len=356
Ep 1304: R=647.30  C=  0.00  len=525
Ep 1305: R=664.08  C=  0.00  len=536
Ep 1306: R=648.68  C=  0.00  len=525
Ep 1307: R=669.48  C=  0.00  len=541
Ep 1308: R=669.94  C=  0.00  len=538
Ep 1309: R=1000.09  C=  0.00  len=804
Ep 1310: R=456.39  C=  0.00  len=361
Ep 1311: R=659.37  C=  0.00  len=518
Ep 1312: R=652.54  C=  0.00  len=528
Ep 1313: R=449.00  C=  0.00  len=354
Ep 1314: R=660.55  C=  0.00  len=538
Ep 1315: R=671.01  C=  0.00  len=533
Ep 1316: R=455.44  C=  0.00  len=360
Ep 1317: R=449.36  C=  0.00  len=355
Ep 1318: R=670.53  C=  0.00  len=540
Ep 1319: R=649.74  C=  0.00  len=527
Ep 1320: R=649.14  C=  0.00  len=526
Ep 1321: R=670.41  C=  0.00  len=530
Ep 1322: R=671.87  C=  0.00  len=539
Ep 1323: R=661.24  C=  0.00  len=537
Ep 1324: R=593.94  C=  0.00  len=452
Ep 1325: R=656.40  C=  0.00  len=532
Ep 1326: R=594.06  C=  0.00  len=452
Ep 1327: R=662.54  C=  0.00  len=536
Ep 1328: R=661.99  C=  0.00  len=536
Ep 1329: R=649.47  C=  0.00  len=526
Ep 1330: R=830.28  C=  0.00  len=653
Ep 1331: R=451.41  C=  0.00  len=357
Ep 1332: R=658.89  C=  0.00  len=533
Ep 1333: R=453.85  C=  0.00  len=359
Ep 1334: R=665.84  C=  0.00  len=539
Ep 1335: R=648.42  C=  0.00  len=525
Ep 1336: R=665.12  C=  0.00  len=538
Ep 1337: R=655.04  C=  0.00  len=528
Ep 1338: R=447.66  C=  0.00  len=353
Ep 1339: R=448.49  C=  0.00  len=355
Ep 1340: R=798.04  C=  0.00  len=633
Ep 1341: R=449.87  C=  0.00  len=356
Ep 1342: R=674.86  C=  0.00  len=536
Ep 1343: R=913.34  C=  0.00  len=725
Ep 1344: R=650.17  C=  0.00  len=526
Ep 1345: R=675.23  C=  0.00  len=540
Ep 1346: R=671.71  C=  0.00  len=537
Ep 1347: R=714.14  C=  0.00  len=570
Ep 1348: R=667.33  C=  0.00  len=540
Ep 1349: R=612.19  C=  0.00  len=469
Ep 1350: R=456.45  C=  0.00  len=361
Ep 1351: R=672.43  C=  0.00  len=539
Ep 1352: R=453.24  C=  0.00  len=359
Ep 1353: R=589.87  C=  0.00  len=446
Ep 1354: R=455.25  C=  0.00  len=360
Ep 1355: R=649.18  C=  0.00  len=526
Ep 1356: R=668.94  C=  0.00  len=540
Ep 1357: R=657.85  C=  0.00  len=532
Ep 1358: R=671.30  C=  0.00  len=538
Ep 1359: R=453.48  C=  0.00  len=359
Ep 1360: R=600.59  C=  0.00  len=481
Ep 1361: R=670.47  C=  0.00  len=538
Ep 1362: R=669.63  C=  0.00  len=538
Ep 1363: R=655.68  C=  0.00  len=530
Ep 1364: R=675.65  C=  0.00  len=542
Ep 1365: R=672.56  C=  0.00  len=538
Ep 1366: R=448.66  C=  0.00  len=354
Ep 1367: R=670.98  C=  0.00  len=539
Ep 1368: R=448.60  C=  0.00  len=354
Ep 1369: R=448.40  C=  0.00  len=354
Ep 1370: R=453.55  C=  0.00  len=359
Ep 1371: R=670.92  C=  0.00  len=539
Ep 1372: R=665.19  C=  0.00  len=538
Ep 1373: R=668.52  C=  0.00  len=541
Ep 1374: R=455.33  C=  0.00  len=360
Ep 1375: R=671.51  C=  0.00  len=534
Ep 1376: R=455.28  C=  0.00  len=360
Ep 1377: R=671.43  C=  0.00  len=543
Ep 1378: R=457.85  C=  0.00  len=362
Ep 1379: R=669.66  C=  0.00  len=537
Ep 1380: R=453.80  C=  0.00  len=359
Ep 1381: R=657.71  C=  0.00  len=530
Ep 1382: R=652.53  C=  0.00  len=527
Ep 1383: R=595.79  C=  0.00  len=455
Ep 1384: R=678.17  C=  0.00  len=541
Ep 1385: R=449.61  C=  0.00  len=355
Ep 1386: R=649.41  C=  0.00  len=526
Ep 1387: R=671.47  C=  0.00  len=540
Ep 1388: R=668.41  C=  0.00  len=543
Ep 1389: R=671.06  C=  0.00  len=539
Ep 1390: R=455.03  C=  0.00  len=360
Ep 1391: R=455.22  C=  0.00  len=360
Ep 1392: R=647.08  C=  0.00  len=524
Ep 1393: R=673.84  C=  0.00  len=544
Ep 1394: R=654.73  C=  0.00  len=531
Ep 1395: R=643.90  C=  0.00  len=500
Ep 1396: R=618.35  C=  0.00  len=477
Ep 1397: R=617.66  C=  0.00  len=476
Ep 1398: R=679.22  C=  0.00  len=540
Ep 1399: R=665.75  C=  0.00  len=538
Ep 1400: R=667.63  C=  0.00  len=537
Ep 1401: R=665.32  C=  0.00  len=538
Ep 1402: R=670.78  C=  0.00  len=537
Ep 1403: R=451.17  C=  0.00  len=356
Ep 1404: R=663.43  C=  0.00  len=535
Ep 1405: R=650.02  C=  0.00  len=526
Ep 1406: R=454.09  C=  0.00  len=359
Ep 1407: R=453.33  C=  0.00  len=359
Ep 1408: R=718.81  C=  0.00  len=570
Ep 1409: R=669.83  C=  0.00  len=542
Ep 1410: R=675.99  C=  0.00  len=536
Ep 1411: R=652.64  C=  0.00  len=529
Ep 1412: R=452.81  C=  0.00  len=357
Ep 1413: R=591.30  C=  0.00  len=450
Ep 1414: R=666.61  C=  0.00  len=538
Ep 1415: R=517.34  C=  0.00  len=418
Ep 1416: R=450.24  C=  0.00  len=356
Ep 1417: R=668.80  C=  0.00  len=540
Ep 1418: R=456.79  C=  0.00  len=361
Ep 1419: R=650.77  C=  0.00  len=527
Ep 1420: R=657.66  C=  0.00  len=530
Ep 1421: R=647.32  C=  0.00  len=504
Ep 1422: R=669.80  C=  0.00  len=541
Ep 1423: R=449.88  C=  0.00  len=355
Ep 1424: R=451.19  C=  0.00  len=357
Ep 1425: R=653.99  C=  0.00  len=530
Ep 1426: R=454.38  C=  0.00  len=359
Ep 1427: R=585.16  C=  0.00  len=439
Ep 1428: R=656.79  C=  0.00  len=531
Ep 1429: R=697.97  C=  0.00  len=560
Ep 1430: R=445.01  C=  0.00  len=351
Ep 1431: R=662.62  C=  0.00  len=536
Ep 1432: R=658.56  C=  0.00  len=531
Ep 1433: R=649.11  C=  0.00  len=526
Ep 1434: R=674.90  C=  0.00  len=538
Ep 1435: R=669.72  C=  0.00  len=542
Ep 1436: R=654.36  C=  0.00  len=530
Ep 1437: R=827.81  C=  0.00  len=657
Ep 1438: R=653.55  C=  0.00  len=529
Ep 1439: R=870.33  C=  0.00  len=701
Ep 1440: R=455.69  C=  0.00  len=360
Ep 1441: R=662.76  C=  0.00  len=536
Ep 1442: R=667.64  C=  0.00  len=540
Ep 1443: R=450.22  C=  0.00  len=356
Ep 1444: R=451.21  C=  0.00  len=356
Ep 1445: R=874.28  C=  0.00  len=704
Ep 1446: R=721.60  C=  0.00  len=575
Ep 1447: R=659.33  C=  0.00  len=534
Ep 1448: R=671.88  C=  0.00  len=541
Ep 1449: R=654.59  C=  0.00  len=530
Ep 1450: R=531.29  C=  0.00  len=428
Ep 1451: R=652.63  C=  0.00  len=529
Ep 1452: R=655.48  C=  0.00  len=531
Ep 1453: R=670.19  C=  0.00  len=537
Ep 1454: R=454.22  C=  0.00  len=359
Ep 1455: R=455.17  C=  0.00  len=360
Ep 1456: R=670.20  C=  0.00  len=542
Ep 1457: R=675.47  C=  0.00  len=542
Ep 1458: R=670.84  C=  0.00  len=541
Ep 1459: R=650.09  C=  0.00  len=527
Ep 1460: R=668.92  C=  0.00  len=538
Ep 1461: R=668.14  C=  0.00  len=536
Ep 1462: R=676.53  C=  0.00  len=539
Ep 1463: R=455.02  C=  0.00  len=360
Ep 1464: R=448.39  C=  0.00  len=355
Ep 1465: R=653.94  C=  0.00  len=530
Ep 1466: R=661.05  C=  0.00  len=538
Ep 1467: R=662.77  C=  0.00  len=537
Ep 1468: R=455.51  C=  0.00  len=360
Ep 1469: R=654.48  C=  0.00  len=530
Ep 1470: R=797.30  C=  0.00  len=634
Ep 1471: R=655.22  C=  0.00  len=530
Ep 1472: R=665.98  C=  0.00  len=536
Ep 1473: R=671.10  C=  0.00  len=538
Ep 1474: R=672.47  C=  0.00  len=531
Ep 1475: R=649.12  C=  0.00  len=526
Ep 1476: R=582.80  C=  0.00  len=436
Ep 1477: R=528.73  C=  0.00  len=422
Ep 1478: R=677.63  C= 31.00  len=498
Ep 1479: R=927.65  C=  0.00  len=751
Ep 1480: R=451.22  C=  0.00  len=357
Ep 1481: R=447.10  C=  0.00  len=353
Ep 1482: R=455.92  C=  0.00  len=361
Ep 1483: R=664.38  C=  0.00  len=535
Ep 1484: R=529.86  C=  0.00  len=427
Ep 1485: R=658.81  C=  0.00  len=535
Ep 1486: R=653.88  C=  0.00  len=529
Ep 1487: R=676.19  C=  0.00  len=545
Ep 1488: R=679.34  C=  0.00  len=537
Ep 1489: R=452.91  C=  0.00  len=358
Ep 1490: R=656.84  C=  0.00  len=532
Ep 1491: R=674.63  C=  0.00  len=536
Ep 1492: R=535.24  C=  0.00  len=428
Ep 1493: R=681.75  C=  0.00  len=542
Ep 1494: R=656.43  C=  0.00  len=532
Ep 1495: R=670.91  C=  0.00  len=538
Ep 1496: R=671.90  C=  0.00  len=541
Ep 1497: R=676.05  C=  0.00  len=546
Ep 1498: R=657.77  C=  0.00  len=530
Ep 1499: R=452.70  C=  0.00  len=358
Ep 1500: R=651.40  C=  0.00  len=528
Ep 1501: R=670.62  C=  0.00  len=539
Ep 1502: R=664.68  C=  0.00  len=539
Ep 1503: R=924.67  C=  0.00  len=727
Ep 1504: R=455.34  C=  0.00  len=360
Ep 1505: R=452.07  C=  0.00  len=357
Ep 1506: R=654.88  C=  0.00  len=529
Ep 1507: R=899.91  C=  0.00  len=718
Ep 1508: R=453.75  C=  0.00  len=358
Ep 1509: R=627.15  C=  0.00  len=485
Ep 1510: R=639.25  C=  0.00  len=497
Ep 1511: R=833.00  C=  0.00  len=665
Ep 1512: R=708.28  C=  0.00  len=561
Ep 1513: R=649.94  C=  0.00  len=525
Ep 1514: R=448.67  C=  0.00  len=354
Ep 1515: R=677.39  C=  0.00  len=542
Ep 1516: R=593.59  C=  0.00  len=470
Ep 1517: R=661.75  C=  0.00  len=533
Ep 1518: R=670.51  C=  0.00  len=541
Ep 1519: R=705.00  C=  0.00  len=563
Ep 1520: R=447.22  C=  0.00  len=353
Ep 1521: R=585.36  C=  0.00  len=443
Ep 1522: R=673.10  C=  0.00  len=535
Ep 1523: R=658.74  C=  0.00  len=533
Ep 1524: R=664.83  C=  0.00  len=538
Ep 1525: R=674.54  C= 31.00  len=496
Ep 1526: R=669.38  C=  0.00  len=528
Ep 1527: R=671.63  C=  0.00  len=548
Ep 1528: R=675.95  C=  0.00  len=537
Ep 1529: R=672.38  C=  0.00  len=542
Ep 1530: R=454.03  C=  0.00  len=359
Ep 1531: R=648.09  C=  0.00  len=525
Ep 1532: R=447.69  C=  0.00  len=354
Ep 1533: R=657.39  C=  0.00  len=533
Ep 1534: R=676.70  C=  0.00  len=541
Ep 1535: R=453.81  C=  0.00  len=359
Ep 1536: R=455.53  C=  0.00  len=360
Ep 1537: R=669.30  C=  0.00  len=529
Ep 1538: R=673.15  C=  0.00  len=543
Ep 1539: R=668.65  C=  0.00  len=538
Ep 1540: R=658.83  C=  0.00  len=533
Ep 1541: R=658.27  C=  0.00  len=534
Ep 1542: R=454.66  C=  0.00  len=359
Ep 1543: R=661.48  C=  0.00  len=535
Ep 1544: R=679.09  C=  0.00  len=540
Ep 1545: R=665.35  C=  0.00  len=538
Ep 1546: R=668.31  C=  0.00  len=540
Ep 1547: R=453.44  C=  0.00  len=359
Ep 1548: R=708.59  C=  0.00  len=566
Ep 1549: R=647.15  C=  0.00  len=525
Ep 1550: R=732.88  C=  0.00  len=592
Ep 1551: R=455.17  C=  0.00  len=360
Ep 1552: R=458.05  C=  0.00  len=362
Ep 1553: R=650.70  C=  0.00  len=528
Ep 1554: R=457.70  C=  0.00  len=362
Ep 1555: R=455.22  C=  0.00  len=360
Ep 1556: R=457.72  C=  0.00  len=362
Ep 1557: R=453.68  C=  0.00  len=359
Ep 1558: R=451.36  C=  0.00  len=357
Ep 1559: R=457.57  C=  0.00  len=362
Ep 1560: R=455.52  C=  0.00  len=360
Ep 1561: R=714.54  C=  0.00  len=570
Ep 1562: R=665.16  C=  0.00  len=541
Ep 1563: R=871.28  C=  0.00  len=695
Ep 1564: R=534.37  C=  0.00  len=430
Ep 1565: R=672.56  C=  0.00  len=540
Ep 1566: R=655.54  C=  0.00  len=514
Ep 1567: R=669.84  C=  0.00  len=543
Ep 1568: R=656.55  C=  0.00  len=532
Ep 1569: R=649.27  C=  0.00  len=526
Ep 1570: R=450.14  C=  0.00  len=356
Ep 1571: R=448.94  C=  0.00  len=355
Ep 1572: R=670.71  C=  0.00  len=537
Ep 1573: R=650.81  C=  0.00  len=527
Ep 1574: R=664.43  C=  0.00  len=538
Ep 1575: R=679.32  C=  0.00  len=542
Ep 1576: R=457.87  C=  0.00  len=362
Ep 1577: R=452.21  C=  0.00  len=358
Ep 1578: R=677.80  C=  0.00  len=547
Ep 1579: R=670.04  C=  0.00  len=538
Ep 1580: R=674.03  C=  0.00  len=545
Ep 1581: R=451.58  C=  0.00  len=357
Ep 1582: R=668.98  C=  0.00  len=540
Ep 1583: R=452.35  C=  0.00  len=358
Ep 1584: R=453.28  C=  0.00  len=358
Ep 1585: R=670.13  C=  0.00  len=537
Ep 1586: R=656.28  C=  0.00  len=531
Ep 1587: R=617.48  C=  0.00  len=476
Ep 1588: R=651.96  C=  0.00  len=528
Ep 1589: R=646.99  C=  0.00  len=524
Ep 1590: R=656.64  C=  0.00  len=531
Ep 1591: R=870.32  C=  0.00  len=693
Ep 1592: R=678.70  C=  0.00  len=540
Ep 1593: R=678.69  C=  0.00  len=541
Ep 1594: R=675.48  C=  0.00  len=538
Ep 1595: R=673.11  C=  0.00  len=536
Ep 1596: R=455.12  C=  0.00  len=360
Ep 1597: R=655.96  C=  0.00  len=531
Ep 1598: R=998.13  C=  0.00  len=797
Ep 1599: R=666.91  C=  0.00  len=536
Ep 1600: R=661.96  C=  0.00  len=534
Ep 1601: R=672.51  C=  0.00  len=534
Ep 1602: R=674.16  C=  0.00  len=540
Ep 1603: R=673.03  C=  0.00  len=540
Ep 1604: R=710.75  C=  0.00  len=567
Ep 1605: R=656.55  C=  0.00  len=531
Ep 1606: R=671.17  C=  0.00  len=543
Ep 1607: R=666.69  C=  0.00  len=539
Ep 1608: R=521.69  C=  0.00  len=422
Ep 1609: R=653.65  C=  0.00  len=530
Ep 1610: R=675.66  C=  0.00  len=545
Ep 1611: R=672.68  C=  0.00  len=537
Ep 1612: R=654.89  C=  0.00  len=530
Ep 1613: R=455.42  C=  0.00  len=360
Ep 1614: R=927.90  C=  0.00  len=734
Ep 1615: R=669.73  C=  0.00  len=541
Ep 1616: R=667.68  C=  0.00  len=539
Ep 1617: R=671.89  C=  0.00  len=538
Ep 1618: R=451.04  C=  0.00  len=356
Ep 1619: R=652.05  C=  0.00  len=528
Ep 1620: R=457.97  C=  0.00  len=362
Ep 1621: R=656.10  C=  0.00  len=532
Ep 1622: R=649.05  C=  0.00  len=526
Ep 1623: R=657.24  C=  0.00  len=532
Ep 1624: R=891.83  C=  0.00  len=722
Ep 1625: R=656.03  C=  0.00  len=531
Ep 1626: R=652.09  C=  0.00  len=527
Ep 1627: R=454.18  C=  0.00  len=359
Ep 1628: R=665.02  C=  0.00  len=535
Ep 1629: R=675.43  C=  0.00  len=539
Ep 1630: R=453.48  C=  0.00  len=359
Ep 1631: R=671.28  C=  0.00  len=543
Ep 1632: R=669.25  C=  0.00  len=536
Ep 1633: R=670.41  C=  0.00  len=539
Ep 1634: R=675.53  C=  0.00  len=536
Ep 1635: R=455.44  C=  0.00  len=360
Ep 1636: R=668.54  C=  0.00  len=538
Ep 1637: R=456.74  C=  0.00  len=361
Ep 1638: R=700.12  C=  0.00  len=561
Ep 1639: R=670.67  C=  0.00  len=538
Ep 1640: R=675.70  C=  0.00  len=538
Ep 1641: R=448.95  C=  0.00  len=355
Ep 1642: R=659.59  C=  0.00  len=534
Ep 1643: R=593.03  C=  0.00  len=452
Ep 1644: R=653.60  C=  0.00  len=529
Ep 1645: R=456.61  C=  0.00  len=361
Ep 1646: R=450.49  C=  0.00  len=357
Ep 1647: R=456.32  C=  0.00  len=361
Ep 1648: R=678.77  C=  0.00  len=547
Ep 1649: R=671.42  C=  0.00  len=538
Ep 1650: R=649.04  C=  0.00  len=526
Ep 1651: R=652.51  C=  0.00  len=529
Ep 1652: R=674.58  C=  0.00  len=539
Ep 1653: R=666.77  C=  0.00  len=539
Ep 1654: R=669.51  C=  0.00  len=537
Ep 1655: R=663.53  C=  0.00  len=536
Ep 1656: R=452.89  C=  0.00  len=358
Ep 1657: R=456.81  C=  0.00  len=361
Ep 1658: R=657.44  C=  0.00  len=533
Ep 1659: R=669.22  C=  0.00  len=537
Ep 1660: R=676.56  C=  0.00  len=538
Ep 1661: R=651.26  C=  0.00  len=528
Ep 1662: R=455.24  C=  0.00  len=360
Ep 1663: R=668.76  C=  0.00  len=540
Ep 1664: R=666.45  C=  0.00  len=535
Ep 1665: R=457.67  C=  0.00  len=362
Ep 1666: R=669.34  C=  0.00  len=537
Ep 1667: R=602.46  C=  0.00  len=460
Ep 1668: R=654.83  C=  0.00  len=531
Ep 1669: R=670.57  C=  0.00  len=539
Ep 1670: R=660.41  C=  0.00  len=534
Ep 1671: R=656.57  C=  0.00  len=529
Ep 1672: R=454.00  C=  0.00  len=359
Ep 1673: R=673.67  C=  0.00  len=540
Ep 1674: R=650.07  C=  0.00  len=526
Ep 1675: R=672.71  C=  0.00  len=534
Ep 1676: R=669.50  C=  0.00  len=542
Ep 1677: R=674.21  C=  0.00  len=539
Ep 1678: R=670.34  C=  0.00  len=538
Ep 1679: R=674.39  C=  0.00  len=544
Ep 1680: R=671.28  C=  0.00  len=539
Ep 1681: R=664.16  C=  0.00  len=537
Ep 1682: R=452.99  C=  0.00  len=358
Ep 1683: R=648.61  C=  0.00  len=526
Ep 1684: R=662.84  C=  0.00  len=537
Ep 1685: R=536.11  C=  0.00  len=431
Ep 1686: R=445.86  C=  0.00  len=352
Ep 1687: R=650.66  C=  0.00  len=526
Ep 1688: R=671.18  C=  0.00  len=538
Ep 1689: R=454.96  C=  0.00  len=360
Ep 1690: R=654.40  C=  0.00  len=530
Ep 1691: R=676.08  C=  0.00  len=542
Ep 1692: R=549.36  C=  0.00  len=436
Ep 1693: R=670.00  C=  0.00  len=537
Ep 1694: R=448.53  C=  0.00  len=355
Ep 1695: R=669.67  C=  0.00  len=542
Ep 1696: R=656.75  C=  0.00  len=531
Ep 1697: R=678.54  C=  0.00  len=553
Ep 1698: R=648.76  C=  0.00  len=525
Ep 1699: R=672.89  C=  0.00  len=543
Ep 1700: R=653.15  C=  0.00  len=529
Ep 1701: R=648.05  C=  0.00  len=525
Ep 1702: R=453.57  C=  0.00  len=359
Ep 1703: R=658.93  C=  0.00  len=534
Ep 1704: R=651.59  C=  0.00  len=529
Ep 1705: R=676.99  C=  0.00  len=542
Ep 1706: R=651.87  C=  0.00  len=528
Ep 1707: R=455.23  C=  0.00  len=360
Ep 1708: R=636.91  C=  0.00  len=494
Ep 1709: R=451.14  C=  0.00  len=357
Ep 1710: R=704.20  C=  0.00  len=564
Ep 1711: R=915.52  C=  0.00  len=724
Ep 1712: R=655.55  C=  0.00  len=516
Ep 1713: R=650.58  C=  0.00  len=527
Ep 1714: R=653.29  C=  0.00  len=530
Ep 1715: R=662.91  C=  0.00  len=536
Ep 1716: R=657.21  C=  0.00  len=532
Ep 1717: R=648.87  C=  0.00  len=526
Ep 1718: R=453.09  C=  0.00  len=358
Ep 1719: R=667.66  C=  0.00  len=539
Ep 1720: R=524.45  C=  0.00  len=424
Ep 1721: R=656.70  C=  0.00  len=531
Ep 1722: R=448.62  C=  0.00  len=355
Ep 1723: R=672.89  C=  0.00  len=545
Ep 1724: R=455.19  C=  0.00  len=360
Ep 1725: R=456.90  C=  0.00  len=361
Ep 1726: R=453.22  C=  0.00  len=358
Ep 1727: R=671.72  C=  0.00  len=541
Ep 1728: R=448.37  C=  0.00  len=354
Ep 1729: R=659.86  C=  0.00  len=535
Ep 1730: R=929.70  C=  0.00  len=734
Ep 1731: R=453.30  C=  0.00  len=359
Ep 1732: R=454.85  C=  0.00  len=359
Ep 1733: R=672.69  C=  0.00  len=543
Ep 1734: R=663.87  C=  0.00  len=537
Ep 1735: R=920.82  C=  0.00  len=729
Ep 1736: R=652.16  C=  0.00  len=528
Ep 1737: R=673.43  C=  0.00  len=540
Ep 1738: R=448.27  C=  0.00  len=354
Ep 1739: R=672.81  C=  0.00  len=536
Ep 1740: R=676.70  C=  0.00  len=538
Ep 1741: R=670.17  C=  0.00  len=542
Ep 1742: R=658.25  C=  0.00  len=534
Ep 1743: R=673.43  C=  0.00  len=537
Ep 1744: R=657.80  C=  0.00  len=532
Ep 1745: R=687.34  C=  0.00  len=555
Ep 1746: R=657.33  C=  0.00  len=532
Ep 1747: R=455.08  C=  0.00  len=360
Ep 1748: R=669.48  C=  0.00  len=538
Ep 1749: R=451.37  C=  0.00  len=356
Ep 1750: R=671.37  C=  0.00  len=537
Ep 1751: R=655.78  C=  0.00  len=531
Ep 1752: R=666.25  C=  0.00  len=540
Ep 1753: R=914.02  C=  0.00  len=724
Ep 1754: R=679.10  C=  0.00  len=544
Ep 1755: R=673.49  C=  0.00  len=539
Ep 1756: R=664.35  C=  0.00  len=535
Ep 1757: R=922.47  C=  0.00  len=729
Ep 1758: R=669.88  C=  0.00  len=538
Ep 1759: R=451.39  C=  0.00  len=357
Ep 1760: R=675.79  C=  0.00  len=541
Ep 1761: R=673.00  C=  0.00  len=538
Ep 1762: R=449.24  C=  0.00  len=354
Ep 1763: R=678.35  C=  0.00  len=540
Ep 1764: R=658.66  C=  0.00  len=533
Ep 1765: R=591.18  C=  0.00  len=451
Ep 1766: R=452.81  C=  0.00  len=358
Ep 1767: R=528.67  C=  0.00  len=427
Ep 1768: R=676.40  C=  0.00  len=542
Ep 1769: R=587.40  C=  0.00  len=444
Ep 1770: R=667.27  C=  0.00  len=540
Ep 1771: R=651.14  C=  0.00  len=527
Ep 1772: R=654.38  C=  0.00  len=529
Ep 1773: R=666.56  C=  0.00  len=536
Ep 1774: R=663.71  C=  0.00  len=534
Ep 1775: R=665.62  C=  0.00  len=537
Ep 1776: R=636.93  C=  0.00  len=495
Ep 1777: R=674.17  C=  0.00  len=540
Ep 1778: R=649.05  C=  0.00  len=526
Ep 1779: R=652.14  C=  0.00  len=528
Ep 1780: R=674.03  C=  0.00  len=541
Ep 1781: R=450.60  C=  0.00  len=356
Ep 1782: R=869.53  C=  0.00  len=691
Ep 1783: R=666.31  C=  0.00  len=537
Ep 1784: R=659.36  C=  0.00  len=533
Ep 1785: R=665.67  C=  0.00  len=538
Ep 1786: R=526.58  C=  0.00  len=426
Ep 1787: R=673.27  C=  0.00  len=543
Ep 1788: R=652.27  C=  0.00  len=528
Ep 1789: R=651.78  C=  0.00  len=527
Ep 1790: R=671.67  C=  0.00  len=538
Ep 1791: R=648.59  C=  0.00  len=526
Ep 1792: R=456.99  C=  0.00  len=361
Ep 1793: R=676.19  C=  0.00  len=544
Ep 1794: R=456.66  C=  0.00  len=361
Ep 1795: R=668.24  C=  0.00  len=537
Ep 1796: R=648.49  C=  0.00  len=526
Ep 1797: R=672.30  C=  0.00  len=534
Ep 1798: R=653.56  C=  0.00  len=528
Ep 1799: R=656.37  C=  0.00  len=531
Ep 1800: R=550.70  C=  0.00  len=437
Ep 1801: R=656.72  C=  0.00  len=531
Ep 1802: R=653.58  C=  0.00  len=530
Ep 1803: R=678.81  C=  0.00  len=539
Ep 1804: R=450.92  C=  0.00  len=356
Ep 1805: R=675.40  C=  0.00  len=544
Ep 1806: R=672.05  C=  0.00  len=538
Ep 1807: R=652.78  C=  0.00  len=529
Ep 1808: R=659.43  C=  0.00  len=533
Ep 1809: R=872.61  C=  0.00  len=706
Ep 1810: R=666.71  C=  0.00  len=536
Ep 1811: R=623.50  C=  0.00  len=482
Ep 1812: R=531.51  C=  0.00  len=428
Ep 1813: R=527.07  C=  0.00  len=426
Ep 1814: R=451.73  C=  0.00  len=357
Ep 1815: R=652.06  C=  0.00  len=529
Ep 1816: R=453.67  C=  0.00  len=359
Ep 1817: R=679.91  C=  0.00  len=538
Ep 1818: R=655.52  C=  0.00  len=530
Ep 1819: R=665.84  C=  0.00  len=535
Ep 1820: R=539.25  C=  0.00  len=431
Ep 1821: R=679.48  C=  0.00  len=543
Ep 1822: R=673.54  C=  0.00  len=541
Ep 1823: R=646.43  C=  0.00  len=524
Ep 1824: R=570.15  C=  0.00  len=447
Ep 1825: R=678.88  C=  0.00  len=540
Ep 1826: R=668.66  C=  0.00  len=535
Ep 1827: R=652.32  C=  0.00  len=528
Ep 1828: R=672.24  C=  0.00  len=531
Ep 1829: R=672.65  C=  0.00  len=534
Ep 1830: R=672.16  C=  0.00  len=537
Ep 1831: R=665.49  C=  0.00  len=536
Ep 1832: R=672.27  C=  0.00  len=543
Ep 1833: R=655.43  C=  0.00  len=530
Ep 1834: R=676.74  C=  0.00  len=542
Ep 1835: R=631.46  C=  0.00  len=488
Ep 1836: R=834.38  C=  0.00  len=658
Ep 1837: R=672.14  C=  0.00  len=539
Ep 1838: R=519.33  C=  0.00  len=420
Ep 1839: R=649.48  C=  0.00  len=526
Ep 1840: R=833.26  C=  0.00  len=658
Ep 1841: R=660.23  C=  0.00  len=534
Ep 1842: R=680.25  C=  0.00  len=544
Ep 1843: R=456.57  C=  0.00  len=361
Ep 1844: R=669.79  C=  0.00  len=538
Ep 1845: R=651.19  C=  0.00  len=527
Ep 1846: R=662.28  C=  0.00  len=536
Ep 1847: R=453.57  C=  0.00  len=359
Ep 1848: R=658.95  C=  0.00  len=533
Ep 1849: R=672.69  C=  0.00  len=540
Ep 1850: R=673.74  C=  0.00  len=540
Ep 1851: R=451.19  C=  0.00  len=356
Ep 1852: R=685.47  C=  0.00  len=547
Ep 1853: R=833.82  C=  0.00  len=657
Ep 1854: R=454.22  C=  0.00  len=359
Ep 1855: R=768.66  C= 31.00  len=571
Ep 1856: R=450.14  C=  0.00  len=356
Ep 1857: R=608.53  C=  0.00  len=458
Ep 1858: R=453.46  C=  0.00  len=359
Ep 1859: R=452.33  C=  0.00  len=358
Ep 1860: R=660.94  C=  0.00  len=536
Ep 1861: R=633.26  C=  0.00  len=491
Ep 1862: R=650.35  C=  0.00  len=527
Ep 1863: R=671.98  C=  0.00  len=544
Ep 1864: R=453.37  C=  0.00  len=359
Ep 1865: R=650.19  C=  0.00  len=527
Ep 1866: R=655.99  C=  0.00  len=531
Ep 1867: R=653.20  C=  0.00  len=529
Ep 1868: R=452.15  C=  0.00  len=358
Ep 1869: R=639.44  C=  0.00  len=497
Ep 1870: R=669.91  C=  0.00  len=540
Ep 1871: R=456.96  C=  0.00  len=361
Ep 1872: R=656.99  C=  0.00  len=531
Ep 1873: R=871.41  C=  0.00  len=702
Ep 1874: R=652.08  C=  0.00  len=527
Ep 1875: R=673.99  C=  0.00  len=544
Ep 1876: R=652.55  C=  0.00  len=528
Ep 1877: R=450.26  C=  0.00  len=356
Ep 1878: R=449.71  C=  0.00  len=356
Ep 1879: R=653.25  C=  0.00  len=529
Ep 1880: R=451.60  C=  0.00  len=357
Ep 1881: R=651.35  C=  0.00  len=528
Ep 1882: R=901.74  C=  0.00  len=721
Ep 1883: R=449.81  C=  0.00  len=355
Ep 1884: R=651.70  C=  0.00  len=528
Ep 1885: R=655.71  C=  0.00  len=531
Ep 1886: R=650.47  C=  0.00  len=527
Ep 1887: R=641.88  C=  0.00  len=499
Ep 1888: R=672.64  C=  0.00  len=544
Ep 1889: R=453.66  C=  0.00  len=359
Ep 1890: R=448.44  C=  0.00  len=355
Ep 1891: R=451.28  C=  0.00  len=357
Ep 1892: R=669.81  C=  0.00  len=539
Ep 1893: R=651.43  C=  0.00  len=528
Ep 1894: R=453.92  C=  0.00  len=359
Ep 1895: R=680.00  C=  0.00  len=542
Ep 1896: R=652.83  C=  0.00  len=529
Ep 1897: R=668.69  C=  0.00  len=538
Ep 1898: R=650.09  C=  0.00  len=527
Ep 1899: R=653.71  C=  0.00  len=530
Ep 1900: R=591.68  C=  0.00  len=450
Ep 1901: R=672.44  C=  0.00  len=536
Ep 1902: R=650.55  C=  0.00  len=527
Ep 1903: R=999.25  C=  0.00  len=799
Ep 1904: R=679.78  C=  0.00  len=540
Ep 1905: R=677.31  C=  0.00  len=537
Ep 1906: R=450.44  C=  0.00  len=355
Ep 1907: R=675.73  C=  0.00  len=545
Ep 1908: R=652.74  C=  0.00  len=527
Ep 1909: R=449.67  C=  0.00  len=355
Ep 1910: R=672.86  C=  0.00  len=542
Ep 1911: R=454.11  C=  0.00  len=359
Ep 1912: R=451.21  C=  0.00  len=357
Ep 1913: R=448.82  C=  0.00  len=355
Ep 1914: R=748.34  C=  0.00  len=584
Ep 1915: R=451.14  C=  0.00  len=356
Ep 1916: R=651.37  C=  0.00  len=526
Ep 1917: R=450.48  C=  0.00  len=356
Ep 1918: R=452.61  C=  0.00  len=358
Ep 1919: R=667.67  C=  0.00  len=540
Ep 1920: R=676.97  C=  0.00  len=542
Ep 1921: R=674.24  C=  0.00  len=544
Ep 1922: R=670.82  C=  0.00  len=537
Ep 1923: R=673.87  C=  0.00  len=536
Ep 1924: R=653.13  C=  0.00  len=530
Ep 1925: R=671.47  C=  0.00  len=542
Ep 1926: R=661.68  C=  0.00  len=535
Ep 1927: R=453.27  C=  0.00  len=359
Ep 1928: R=669.51  C=  0.00  len=539
Ep 1929: R=649.43  C=  0.00  len=526
Ep 1930: R=455.24  C=  0.00  len=360
Ep 1931: R=449.55  C=  0.00  len=356
Ep 1932: R=605.40  C=  0.00  len=467
Ep 1933: R=710.60  C=  0.00  len=567
Ep 1934: R=456.55  C=  0.00  len=361
Ep 1935: R=673.98  C=  0.00  len=538
Ep 1936: R=650.97  C=  0.00  len=527
Ep 1937: R=877.90  C=  0.00  len=710
Ep 1938: R=673.80  C=  0.00  len=537
Ep 1939: R=715.92  C=  0.00  len=571
Ep 1940: R=674.50  C=  0.00  len=545
Ep 1941: R=532.49  C=  0.00  len=428
Ep 1942: R=449.16  C=  0.00  len=355
Ep 1943: R=656.86  C=  0.00  len=530
Ep 1944: R=646.36  C=  0.00  len=524
Ep 1945: R=456.48  C=  0.00  len=361
Ep 1946: R=453.89  C=  0.00  len=359
Ep 1947: R=791.31  C=  0.00  len=638
Ep 1948: R=651.67  C=  0.00  len=527
Ep 1949: R=652.79  C=  0.00  len=529
Ep 1950: R=868.37  C=  0.00  len=702
Ep 1951: R=676.12  C=  0.00  len=539
Ep 1952: R=673.23  C=  0.00  len=543
Ep 1953: R=673.54  C=  0.00  len=543
Ep 1954: R=586.20  C=  0.00  len=443
Ep 1955: R=654.30  C=  0.00  len=530
Ep 1956: R=457.81  C=  0.00  len=362
Ep 1957: R=675.39  C=  0.00  len=542
Ep 1958: R=678.24  C=  0.00  len=543
Ep 1959: R=451.62  C=  0.00  len=357
Ep 1960: R=442.04  C=  0.00  len=349
Ep 1961: R=456.65  C=  0.00  len=361
Ep 1962: R=649.96  C=  0.00  len=526
Ep 1963: R=662.88  C=  0.00  len=522
Ep 1964: R=663.93  C=  0.00  len=534
Ep 1965: R=670.28  C=  0.00  len=538
Ep 1966: R=677.25  C=  0.00  len=540
Ep 1967: R=656.76  C=  0.00  len=532
Ep 1968: R=666.94  C=  0.00  len=537
Ep 1969: R=682.07  C=  0.00  len=544
Ep 1970: R=652.94  C=  0.00  len=528
Ep 1971: R=667.18  C=  0.00  len=536
Ep 1972: R=645.72  C=  0.00  len=524
Ep 1973: R=654.48  C=  0.00  len=531
Ep 1974: R=453.42  C=  0.00  len=359
Ep 1975: R=662.82  C=  0.00  len=534
Ep 1976: R=654.89  C=  0.00  len=530
Ep 1977: R=649.15  C=  0.00  len=526
Ep 1978: R=455.55  C=  0.00  len=360
Ep 1979: R=447.10  C=  0.00  len=353
Ep 1980: R=453.38  C=  0.00  len=359
Ep 1981: R=450.79  C=  0.00  len=356
Ep 1982: R=676.44  C=  0.00  len=537
Ep 1983: R=668.42  C=  0.00  len=540
Ep 1984: R=448.83  C=  0.00  len=355
Ep 1985: R=451.17  C=  0.00  len=357
Ep 1986: R=457.98  C=  0.00  len=362
Ep 1987: R=908.33  C=  0.00  len=740
Ep 1988: R=669.76  C=  0.00  len=535
Ep 1989: R=675.18  C=  0.00  len=538
Ep 1990: R=661.91  C=  0.00  len=536
Ep 1991: R=645.54  C=  0.00  len=502
Ep 1992: R=664.53  C=  0.00  len=539
Ep 1993: R=587.53  C=  0.00  len=465
Ep 1994: R=671.63  C=  0.00  len=537
Ep 1995: R=660.35  C=  0.00  len=534
Ep 1996: R=660.21  C=  0.00  len=533
Ep 1997: R=678.75  C=  0.00  len=544
Ep 1998: R=449.04  C=  0.00  len=355
Ep 1999: R=451.92  C=  0.00  len=357

Avg Reward: 611.33 | Avg Cost: 0.07 | Normalized Cost: 0.004 | Violation > 20: 0.20%
